Archive member included because of file (symbol)

c:\Users\fx\Upwork\weather-node\output\core\core.a(HardwareSerial.cpp.o)
                              c:\Users\fx\Upwork\weather-node\output\sketch\weatherSIM808.ino.cpp.o (HardwareSerial::read())
c:\Users\fx\Upwork\weather-node\output\core\core.a(Print.cpp.o)
                              c:\Users\fx\Upwork\weather-node\output\core\core.a(HardwareSerial.cpp.o) (Print::write(void const*, unsigned long))
c:\Users\fx\Upwork\weather-node\output\core\core.a(cxxabi-compat.cpp.o)
                              c:\Users\fx\Upwork\weather-node\output\libraries\DHT_sensor_library\DHT_U.cpp.o (__cxa_pure_virtual)
c:\Users\fx\Upwork\weather-node\output\core\core.a(adc.c.o)
                              c:\Users\fx\Upwork\weather-node\output\core\wirish\boards.cpp.o (adc_set_sample_rate)
c:\Users\fx\Upwork\weather-node\output\core\core.a(adc_f1.c.o)
                              (__irq_adc)
c:\Users\fx\Upwork\weather-node\output\core\core.a(dma_f1.c.o)
                              (__irq_dma1_channel1)
c:\Users\fx\Upwork\weather-node\output\core\core.a(exc.S.o)
                              (__exc_nmi)
c:\Users\fx\Upwork\weather-node\output\core\core.a(exti.c.o)
                              (__irq_exti0)
c:\Users\fx\Upwork\weather-node\output\core\core.a(exti_f1.c.o)
                              c:\Users\fx\Upwork\weather-node\output\core\core.a(exti.c.o) (exti_select)
c:\Users\fx\Upwork\weather-node\output\core\core.a(flash.c.o)
                              c:\Users\fx\Upwork\weather-node\output\core\wirish\boards.cpp.o (flash_set_latency)
c:\Users\fx\Upwork\weather-node\output\core\core.a(gpio_f1.c.o)
                              c:\Users\fx\Upwork\weather-node\output\core\wirish\boards_setup.cpp.o (gpio_init_all)
c:\Users\fx\Upwork\weather-node\output\core\core.a(i2c_f1.c.o)
                              (__irq_i2c1_ev)
c:\Users\fx\Upwork\weather-node\output\core\core.a(nvic.c.o)
                              c:\Users\fx\Upwork\weather-node\output\core\core.a(i2c_f1.c.o) (nvic_irq_set_priority)
c:\Users\fx\Upwork\weather-node\output\core\core.a(rcc.c.o)
                              c:\Users\fx\Upwork\weather-node\output\core\wirish\boards.cpp.o (rcc_switch_sysclk)
c:\Users\fx\Upwork\weather-node\output\core\core.a(rcc_f1.c.o)
                              c:\Users\fx\Upwork\weather-node\output\core\wirish\boards.cpp.o (rcc_configure_pll)
c:\Users\fx\Upwork\weather-node\output\core\core.a(isrs.S.o)
                              (__stm32reservedexception7)
c:\Users\fx\Upwork\weather-node\output\core\core.a(vector_table.S.o)
                              (__stm32_vector_table)
c:\Users\fx\Upwork\weather-node\output\core\core.a(systick.c.o)
                              c:\Users\fx\Upwork\weather-node\output\core\wirish\boards.cpp.o (systick_init)
c:\Users\fx\Upwork\weather-node\output\core\core.a(timer.c.o)
                              c:\Users\fx\Upwork\weather-node\output\core\wirish\boards.cpp.o (timer_foreach)
c:\Users\fx\Upwork\weather-node\output\core\core.a(usart.c.o)
                              c:\Users\fx\Upwork\weather-node\output\core\core.a(HardwareSerial.cpp.o) (usart_init)
c:\Users\fx\Upwork\weather-node\output\core\core.a(usart_f1.c.o)
                              c:\Users\fx\Upwork\weather-node\output\core\core.a(HardwareSerial.cpp.o) (usart_config_gpios_async)
c:\Users\fx\Upwork\weather-node\output\core\core.a(usart_private.c.o)
                              c:\Users\fx\Upwork\weather-node\output\core\core.a(usart_f1.c.o) (_usart_clock_freq)
c:\Users\fx\Upwork\weather-node\output\core\core.a(usb.c.o)
                              (__irq_usb_lp_can_rx0)
c:\Users\fx\Upwork\weather-node\output\core\core.a(usb_cdcacm.c.o)
                              c:\Users\fx\Upwork\weather-node\output\core\core.a(usb.c.o) (User_Standard_Requests)
c:\Users\fx\Upwork\weather-node\output\core\core.a(usb_reg_map.c.o)
                              c:\Users\fx\Upwork\weather-node\output\core\core.a(usb_cdcacm.c.o) (usb_set_ep_rx_count)
c:\Users\fx\Upwork\weather-node\output\core\core.a(usb_core.c.o)
                              c:\Users\fx\Upwork\weather-node\output\core\core.a(usb_cdcacm.c.o) (Standard_GetDescriptorData)
c:\Users\fx\Upwork\weather-node\output\core\core.a(usb_init.c.o)
                              c:\Users\fx\Upwork\weather-node\output\core\core.a(usb.c.o) (pInformation)
c:\Users\fx\Upwork\weather-node\output\core\core.a(usb_mem.c.o)
                              c:\Users\fx\Upwork\weather-node\output\core\core.a(usb_core.c.o) (UserToPMABufferCopy)
c:\Users\fx\Upwork\weather-node\output\core\core.a(usb_regs.c.o)
                              c:\Users\fx\Upwork\weather-node\output\core\core.a(usb_core.c.o) (SetEPTxStatus)
c:\Users\fx\Upwork\weather-node\output\core\core.a(util.c.o)
                              c:\Users\fx\Upwork\weather-node\output\core\core.a(exc.S.o) (__error)
c:\Users\fx\Upwork\weather-node\output\core\core.a(main.cpp.o)
[...]
Memory Configuration

Name             Origin             Length             Attributes
ram              0x20000000         0x00002800         xrw
rom              0x08000000         0x00008000         xr
*default*        0x00000000         0xffffffff

Linker script and memory map

LOAD c:/users/fx/appdata/local/arduino15/packages/arduino/tools/arm-none-eabi-gcc/4.8.3-2014q1/bin/../lib/gcc/arm-none-eabi/4.8.3/armv7-m/crti.o
LOAD c:/users/fx/appdata/local/arduino15/packages/arduino/tools/arm-none-eabi-gcc/4.8.3-2014q1/bin/../lib/gcc/arm-none-eabi/4.8.3/armv7-m/crtbegin.o
LOAD c:/users/fx/appdata/local/arduino15/packages/arduino/tools/arm-none-eabi-gcc/4.8.3-2014q1/bin/../lib/gcc/arm-none-eabi/4.8.3/../../../../arm-none-eabi/lib/armv7-m/crt0.o
LOAD c:/users/fx/appdata/local/arduino15/packages/arduino/tools/arm-none-eabi-gcc/4.8.3-2014q1/bin/../lib/gcc/arm-none-eabi/4.8.3/armv7-m\libgcc.a
START GROUP
LOAD c:\Users\fx\Upwork\weather-node\output\sketch\weatherSIM808.ino.cpp.o
LOAD c:\Users\fx\Upwork\weather-node\output\libraries\DHT_sensor_library\DHT.cpp.o
LOAD c:\Users\fx\Upwork\weather-node\output\libraries\DHT_sensor_library\DHT_U.cpp.o
LOAD c:\Users\fx\Upwork\weather-node\output\libraries\Adafruit_Unified_Sensor\Adafruit_Sensor.cpp.o
LOAD c:\Users\fx\Upwork\weather-node\output\core\board.cpp.o
LOAD c:\Users\fx\Upwork\weather-node\output\core\wirish\boards.cpp.o
LOAD c:\Users\fx\Upwork\weather-node\output\core\wirish\boards_setup.cpp.o
LOAD c:\Users\fx\Upwork\weather-node\output\core\wirish\start.S.o
LOAD c:\Users\fx\Upwork\weather-node\output\core\wirish\start_c.c.o
LOAD c:\Users\fx\Upwork\weather-node\output\core\wirish\syscalls.c.o
LOAD c:\Users\fx\Upwork\weather-node\output\core\core.a
END GROUP
LOAD c:/users/fx/appdata/local/arduino15/packages/arduino/tools/arm-none-eabi-gcc/4.8.3-2014q1/bin/../lib/gcc/arm-none-eabi/4.8.3/../../../../arm-none-eabi/lib/armv7-m\libstdc++.a
LOAD c:/users/fx/appdata/local/arduino15/packages/arduino/tools/arm-none-eabi-gcc/4.8.3-2014q1/bin/../lib/gcc/arm-none-eabi/4.8.3/../../../../arm-none-eabi/lib/armv7-m\libm.a
START GROUP
LOAD c:/users/fx/appdata/local/arduino15/packages/arduino/tools/arm-none-eabi-gcc/4.8.3-2014q1/bin/../lib/gcc/arm-none-eabi/4.8.3/armv7-m\libgcc.a
LOAD c:/users/fx/appdata/local/arduino15/packages/arduino/tools/arm-none-eabi-gcc/4.8.3-2014q1/bin/../lib/gcc/arm-none-eabi/4.8.3/../../../../arm-none-eabi/lib/armv7-m\libc.a
END GROUP
LOAD c:/users/fx/appdata/local/arduino15/packages/arduino/tools/arm-none-eabi-gcc/4.8.3-2014q1/bin/../lib/gcc/arm-none-eabi/4.8.3/armv7-m/crtend.o
LOAD c:/users/fx/appdata/local/arduino15/packages/arduino/tools/arm-none-eabi-gcc/4.8.3-2014q1/bin/../lib/gcc/arm-none-eabi/4.8.3/armv7-m/crtn.o
START GROUP
LOAD c:/users/fx/appdata/local/arduino15/packages/arduino/tools/arm-none-eabi-gcc/4.8.3-2014q1/bin/../lib/gcc/arm-none-eabi/4.8.3/armv7-m\libgcc.a
LOAD c:/users/fx/appdata/local/arduino15/packages/arduino/tools/arm-none-eabi-gcc/4.8.3-2014q1/bin/../lib/gcc/arm-none-eabi/4.8.3/../../../../arm-none-eabi/lib/armv7-m\libc.a
LOAD c:/users/fx/appdata/local/arduino15/packages/arduino/tools/arm-none-eabi-gcc/4.8.3-2014q1/bin/../lib/gcc/arm-none-eabi/4.8.3/../../../../arm-none-eabi/lib/armv7-m\libm.a
END GROUP
START GROUP
LOAD c:/users/fx/appdata/local/arduino15/packages/arduino/tools/arm-none-eabi-gcc/4.8.3-2014q1/bin/../lib/gcc/arm-none-eabi/4.8.3/../../../../arm-none-eabi/lib/armv7-m\libnosys.a
END GROUP
                0x20002800                PROVIDE (__msp_init, (ORIGIN (ram) + 0x2800))
                0x08000508                PROVIDE (__exc_reset, __start__)

.text           0x08000000     0x3cf0
                0x08000000                __text_start__ = .
 *(.stm32.interrupt_vector)
 .stm32.interrupt_vector
                0x08000000       0xec c:\Users\fx\Upwork\weather-node\output\core\core.a(vector_table.S.o)
                0x08000000                __stm32_vector_table
 *(.text .text.* .gnu.linkonce.t.*)
 .text          0x080000ec       0x54 c:/users/fx/appdata/local/arduino15/packages/arduino/tools/arm-none-eabi-gcc/4.8.3-2014q1/bin/../lib/gcc/arm-none-eabi/4.8.3/armv7-m/crtbegin.o
 .text._Z5setupv
                0x08000140       0x54 c:\Users\fx\Upwork\weather-node\output\sketch\weatherSIM808.ino.cpp.o
                0x08000140                setup()
 .text.startup._GLOBAL__sub_I_dht
                0x08000194       0x10 c:\Users\fx\Upwork\weather-node\output\sketch\weatherSIM808.ino.cpp.o
 .text._Z17processingPM2Datac
                0x080001a4       0x9c c:\Users\fx\Upwork\weather-node\output\sketch\weatherSIM808.ino.cpp.o
                0x080001a4                processingPM2Data(char)
 .text._Z7readPM2v
                0x08000240       0x20 c:\Users\fx\Upwork\weather-node\output\sketch\weatherSIM808.ino.cpp.o
                0x08000240                readPM2()
 .text._Z4loopv
                0x08000260       0x2a c:\Users\fx\Upwork\weather-node\output\sketch\weatherSIM808.ino.cpp.o
                0x08000260                loop()
 .text._ZN3DHTC2Ehhh
                0x0800028a        0xc c:\Users\fx\Upwork\weather-node\output\libraries\DHT_sensor_library\DHT.cpp.o
                0x0800028a                DHT::DHT(unsigned char, unsigned char, unsigned char)
                0x0800028a                DHT::DHT(unsigned char, unsigned char, unsigned char)
 *fill*         0x08000296        0x2 
 .text._ZN3DHT5beginEh
                0x08000298       0x20 c:\Users\fx\Upwork\weather-node\output\libraries\DHT_sensor_library\DHT.cpp.o
                0x08000298                DHT::begin(unsigned char)
 .text._Z9boardInitv
                0x080002b8        0x2 c:\Users\fx\Upwork\weather-node\output\core\board.cpp.o
                0x080002b8                boardInit()
 *fill*         0x080002ba        0x2 
 .text.startup._GLOBAL__sub_I__Z9boardInitv
                0x080002bc       0x48 c:\Users\fx\Upwork\weather-node\output\core\board.cpp.o
 .text._ZL18adc_default_configP7adc_dev
                0x08000304       0x1c c:\Users\fx\Upwork\weather-node\output\core\wirish\boards.cpp.o
 .text._ZL20timer_default_configP9timer_dev
                0x08000320       0x9e c:\Users\fx\Upwork\weather-node\output\core\wirish\boards.cpp.o
 *fill*         0x080003be        0x2 
 .text._Z4initv
                0x080003c0       0xb8 c:\Users\fx\Upwork\weather-node\output\core\wirish\boards.cpp.o
                0x080003c0                init()
 .text._ZN6wirish4priv15board_reset_pllEv
                0x08000478        0x2 c:\Users\fx\Upwork\weather-node\output\core\wirish\boards_setup.cpp.o
                0x08000478                wirish::priv::board_reset_pll()
 .text._ZN6wirish4priv28board_setup_clock_prescalersEv
                0x0800047a       0x30 c:\Users\fx\Upwork\weather-node\output\core\wirish\boards_setup.cpp.o
                0x0800047a                wirish::priv::board_setup_clock_prescalers()
 .text._ZN6wirish4priv16board_setup_gpioEv
                0x080004aa        0x4 c:\Users\fx\Upwork\weather-node\output\core\wirish\boards_setup.cpp.o
                0x080004aa                wirish::priv::board_setup_gpio()
 *fill*         0x080004ae        0x2 
 .text._ZN6wirish4priv15board_setup_usbEv
                0x080004b0       0x54 c:\Users\fx\Upwork\weather-node\output\core\wirish\boards_setup.cpp.o
                0x080004b0                wirish::priv::board_setup_usb()
 .text._ZN6wirish4priv11series_initEv
                0x08000504        0x4 c:\Users\fx\Upwork\weather-node\output\core\wirish\boards_setup.cpp.o
                0x08000504                wirish::priv::series_init()
 .text          0x08000508       0x10 c:\Users\fx\Upwork\weather-node\output\core\wirish\start.S.o
                0x08000508                __start__
 .text.start_c  0x08000518       0x58 c:\Users\fx\Upwork\weather-node\output\core\wirish\start_c.c.o
                0x08000518                start_c
 .text._sbrk    0x08000570       0x44 c:\Users\fx\Upwork\weather-node\output\core\wirish\syscalls.c.o
                0x08000570                _sbrk
 .text.rb_full_count
                0x080005b4       0x22 c:\Users\fx\Upwork\weather-node\output\core\core.a(HardwareSerial.cpp.o)
 .text._ZN14HardwareSerial4readEv
                0x080005d6       0x3a c:\Users\fx\Upwork\weather-node\output\core\core.a(HardwareSerial.cpp.o)
                0x080005d6                HardwareSerial::read()
 .text._ZN14HardwareSerial9availableEv
                0x08000610        0xc c:\Users\fx\Upwork\weather-node\output\core\core.a(HardwareSerial.cpp.o)
                0x08000610                HardwareSerial::available()
 .text._ZN14HardwareSerial4peekEv
                0x0800061c       0x22 c:\Users\fx\Upwork\weather-node\output\core\core.a(HardwareSerial.cpp.o)
                0x0800061c                HardwareSerial::peek()
 .text._ZN14HardwareSerial5flushEv
                0x0800063e       0x1a c:\Users\fx\Upwork\weather-node\output\core\core.a(HardwareSerial.cpp.o)
                0x0800063e                HardwareSerial::flush()
 .text._ZN14HardwareSerial5writeEh
                0x08000658       0x1e c:\Users\fx\Upwork\weather-node\output\core\core.a(HardwareSerial.cpp.o)
                0x08000658                HardwareSerial::write(unsigned char)
 *fill*         0x08000676        0x2 
 .text._ZN14HardwareSerialC2EP9usart_devhh
                0x08000678       0x1c c:\Users\fx\Upwork\weather-node\output\core\core.a(HardwareSerial.cpp.o)
                0x08000678                HardwareSerial::HardwareSerial(usart_dev*, unsigned char, unsigned char)
                0x08000678                HardwareSerial::HardwareSerial(usart_dev*, unsigned char, unsigned char)
 .text._ZN14HardwareSerial5beginEmh
                0x08000694       0x78 c:\Users\fx\Upwork\weather-node\output\core\core.a(HardwareSerial.cpp.o)
                0x08000694                HardwareSerial::begin(unsigned long, unsigned char)
 .text._ZN14HardwareSerial5beginEm
                0x0800070c        0x6 c:\Users\fx\Upwork\weather-node\output\core\core.a(HardwareSerial.cpp.o)
                0x0800070c                HardwareSerial::begin(unsigned long)
 .text._ZN5Print5writeEPKvm
                0x08000712       0x20 c:\Users\fx\Upwork\weather-node\output\core\core.a(Print.cpp.o)
                0x08000712                Print::write(void const*, unsigned long)
 .text._ZN5Print5writeEPKc
                0x08000732       0x1e c:\Users\fx\Upwork\weather-node\output\core\core.a(Print.cpp.o)
                0x08000732                Print::write(char const*)
 .text._ZN5Print5printEc
                0x08000750        0xa c:\Users\fx\Upwork\weather-node\output\core\core.a(Print.cpp.o)
                0x08000750                Print::print(char)
 .text._ZN5Print5printEPKc
                0x0800075a        0xa c:\Users\fx\Upwork\weather-node\output\core\core.a(Print.cpp.o)
                0x0800075a                Print::print(char const*)
 .text._ZN5Print7printlnEv
                0x08000764       0x18 c:\Users\fx\Upwork\weather-node\output\core\core.a(Print.cpp.o)
                0x08000764                Print::println()
 .text._ZN5Print11printNumberEyh
                0x0800077c       0x84 c:\Users\fx\Upwork\weather-node\output\core\core.a(Print.cpp.o)
                0x0800077c                Print::printNumber(unsigned long long, unsigned char)
 .text._ZN5Print5printExi
                0x08000800       0x32 c:\Users\fx\Upwork\weather-node\output\core\core.a(Print.cpp.o)
                0x08000800                Print::print(long long, int)
 .text._ZN5Print5printEii
                0x08000832       0x12 c:\Users\fx\Upwork\weather-node\output\core\core.a(Print.cpp.o)
                0x08000832                Print::print(int, int)
 .text.adc_init
                0x08000844       0x14 c:\Users\fx\Upwork\weather-node\output\core\core.a(adc.c.o)
                0x08000844                adc_init
 .text.adc_set_extsel
                0x08000858       0x12 c:\Users\fx\Upwork\weather-node\output\core\core.a(adc.c.o)
                0x08000858                adc_set_extsel
 .text.adc_set_sample_rate
                0x0800086a       0x30 c:\Users\fx\Upwork\weather-node\output\core\core.a(adc.c.o)
                0x0800086a                adc_set_sample_rate
 *fill*         0x0800089a        0x2 
 .text.__irq_adc
                0x0800089c       0x50 c:\Users\fx\Upwork\weather-node\output\core\core.a(adc_f1.c.o)
                0x0800089c                __irq_adc
 .text.adc_calibrate
                0x080008ec       0x24 c:\Users\fx\Upwork\weather-node\output\core\core.a(adc_f1.c.o)
                0x080008ec                adc_calibrate
 .text.adc_set_prescaler
                0x08000910        0x8 c:\Users\fx\Upwork\weather-node\output\core\core.a(adc_f1.c.o)
                0x08000910                adc_set_prescaler
 .text.adc_foreach
                0x08000918       0x1c c:\Users\fx\Upwork\weather-node\output\core\core.a(adc_f1.c.o)
                0x08000918                adc_foreach
 .text.adc_enable_single_swstart
                0x08000934       0x36 c:\Users\fx\Upwork\weather-node\output\core\core.a(adc_f1.c.o)
                0x08000934                adc_enable_single_swstart
 .text.dma_irq_handler
                0x0800096a       0x1c c:\Users\fx\Upwork\weather-node\output\core\core.a(dma_f1.c.o)
 *fill*         0x08000986        0x2 
 .text.__irq_dma1_channel1
                0x08000988       0x10 c:\Users\fx\Upwork\weather-node\output\core\core.a(dma_f1.c.o)
                0x08000988                __irq_dma1_channel1
 .text.__irq_dma1_channel2
                0x08000998       0x10 c:\Users\fx\Upwork\weather-node\output\core\core.a(dma_f1.c.o)
                0x08000998                __irq_dma1_channel2
 .text.__irq_dma1_channel3
                0x080009a8       0x10 c:\Users\fx\Upwork\weather-node\output\core\core.a(dma_f1.c.o)
                0x080009a8                __irq_dma1_channel3
 .text.__irq_dma1_channel4
                0x080009b8       0x10 c:\Users\fx\Upwork\weather-node\output\core\core.a(dma_f1.c.o)
                0x080009b8                __irq_dma1_channel4
 .text.__irq_dma1_channel5
                0x080009c8       0x10 c:\Users\fx\Upwork\weather-node\output\core\core.a(dma_f1.c.o)
                0x080009c8                __irq_dma1_channel5
 .text.__irq_dma1_channel6
                0x080009d8       0x10 c:\Users\fx\Upwork\weather-node\output\core\core.a(dma_f1.c.o)
                0x080009d8                __irq_dma1_channel6
 .text.__irq_dma1_channel7
                0x080009e8       0x10 c:\Users\fx\Upwork\weather-node\output\core\core.a(dma_f1.c.o)
                0x080009e8                __irq_dma1_channel7
 *fill*         0x080009f8        0x8 
 .text          0x08000a00       0x60 c:\Users\fx\Upwork\weather-node\output\core\core.a(exc.S.o)
                0x08000a00                __exc_nmi
                0x08000a04                __exc_hardfault
                0x08000a08                __exc_memmanage
                0x08000a0c                __exc_busfault
                0x08000a10                __exc_usagefault
 .text.dispatch_single_exti
                0x08000a60       0x2c c:\Users\fx\Upwork\weather-node\output\core\core.a(exti.c.o)
                0x08000a60                dispatch_single_exti
 .text.dispatch_extis
                0x08000a8c       0x4c c:\Users\fx\Upwork\weather-node\output\core\core.a(exti.c.o)
                0x08000a8c                dispatch_extis
 .text.__irq_exti0
                0x08000ad8        0x6 c:\Users\fx\Upwork\weather-node\output\core\core.a(exti.c.o)
                0x08000ad8                __irq_exti0
 .text.__irq_exti1
                0x08000ade        0x6 c:\Users\fx\Upwork\weather-node\output\core\core.a(exti.c.o)
                0x08000ade                __irq_exti1
 .text.__irq_exti2
                0x08000ae4        0x6 c:\Users\fx\Upwork\weather-node\output\core\core.a(exti.c.o)
                0x08000ae4                __irq_exti2
 .text.__irq_exti3
                0x08000aea        0x6 c:\Users\fx\Upwork\weather-node\output\core\core.a(exti.c.o)
                0x08000aea                __irq_exti3
 .text.__irq_exti4
                0x08000af0        0x6 c:\Users\fx\Upwork\weather-node\output\core\core.a(exti.c.o)
                0x08000af0                __irq_exti4
 .text.__irq_exti9_5
                0x08000af6        0x8 c:\Users\fx\Upwork\weather-node\output\core\core.a(exti.c.o)
                0x08000af6                __irq_exti9_5
 .text.__irq_exti15_10
                0x08000afe        0x8 c:\Users\fx\Upwork\weather-node\output\core\core.a(exti.c.o)
                0x08000afe                __irq_exti15_10
 *fill*         0x08000b06        0x2 
 .text.flash_set_latency
                0x08000b08       0x14 c:\Users\fx\Upwork\weather-node\output\core\core.a(flash.c.o)
                0x08000b08                flash_set_latency
 .text.gpio_init_all
                0x08000b1c       0x30 c:\Users\fx\Upwork\weather-node\output\core\core.a(gpio_f1.c.o)
                0x08000b1c                gpio_init_all
 .text.gpio_set_mode
                0x08000b4c       0x50 c:\Users\fx\Upwork\weather-node\output\core\core.a(gpio_f1.c.o)
                0x08000b4c                gpio_set_mode
 .text.afio_init
                0x08000b9c       0x12 c:\Users\fx\Upwork\weather-node\output\core\core.a(gpio_f1.c.o)
                0x08000b9c                afio_init
 *fill*         0x08000bae        0x2 
 .text.__irq_i2c1_ev
                0x08000bb0        0xc c:\Users\fx\Upwork\weather-node\output\core\core.a(i2c_f1.c.o)
                0x08000bb0                __irq_i2c1_ev
 .text.__irq_i2c2_ev
                0x08000bbc        0xc c:\Users\fx\Upwork\weather-node\output\core\core.a(i2c_f1.c.o)
                0x08000bbc                __irq_i2c2_ev
 .text.__irq_i2c1_er
                0x08000bc8        0xc c:\Users\fx\Upwork\weather-node\output\core\core.a(i2c_f1.c.o)
                0x08000bc8                __irq_i2c1_er
 .text.__irq_i2c2_er
                0x08000bd4        0xc c:\Users\fx\Upwork\weather-node\output\core\core.a(i2c_f1.c.o)
                0x08000bd4                __irq_i2c2_er
 .text.nvic_irq_set_priority
                0x08000be0       0x28 c:\Users\fx\Upwork\weather-node\output\core\core.a(nvic.c.o)
                0x08000be0                nvic_irq_set_priority
 .text.nvic_init
                0x08000c08       0x30 c:\Users\fx\Upwork\weather-node\output\core\core.a(nvic.c.o)
                0x08000c08                nvic_init
 .text.nvic_sys_reset
                0x08000c38       0x1c c:\Users\fx\Upwork\weather-node\output\core\core.a(nvic.c.o)
                0x08000c38                nvic_sys_reset
 .text.rcc_dev_clk
                0x08000c54        0xc c:\Users\fx\Upwork\weather-node\output\core\core.a(rcc.c.o)
                0x08000c54                rcc_dev_clk
 .text.rcc_switch_sysclk
                0x08000c60       0x20 c:\Users\fx\Upwork\weather-node\output\core\core.a(rcc.c.o)
                0x08000c60                rcc_switch_sysclk
 .text.rcc_turn_on_clk
                0x08000c80       0x1a c:\Users\fx\Upwork\weather-node\output\core\core.a(rcc.c.o)
                0x08000c80                rcc_turn_on_clk
 .text.rcc_turn_off_clk
                0x08000c9a       0x1c c:\Users\fx\Upwork\weather-node\output\core\core.a(rcc.c.o)
                0x08000c9a                rcc_turn_off_clk
 .text.rcc_is_clk_ready
                0x08000cb6       0x18 c:\Users\fx\Upwork\weather-node\output\core\core.a(rcc.c.o)
                0x08000cb6                rcc_is_clk_ready
 *fill*         0x08000cce        0x2 
 .text.rcc_configure_pll
                0x08000cd0       0x18 c:\Users\fx\Upwork\weather-node\output\core\core.a(rcc_f1.c.o)
                0x08000cd0                rcc_configure_pll
 .text.rcc_clk_enable
                0x08000ce8       0x30 c:\Users\fx\Upwork\weather-node\output\core\core.a(rcc_f1.c.o)
                0x08000ce8                rcc_clk_enable
 .text.rcc_reset_dev
                0x08000d18       0x34 c:\Users\fx\Upwork\weather-node\output\core\core.a(rcc_f1.c.o)
                0x08000d18                rcc_reset_dev
 .text.rcc_set_prescaler
                0x08000d4c       0x20 c:\Users\fx\Upwork\weather-node\output\core\core.a(rcc_f1.c.o)
                0x08000d4c                rcc_set_prescaler
 .text.rcc_clk_disable
                0x08000d6c       0x30 c:\Users\fx\Upwork\weather-node\output\core\core.a(rcc_f1.c.o)
                0x08000d6c                rcc_clk_disable
 .text          0x08000d9c        0x2 c:\Users\fx\Upwork\weather-node\output\core\core.a(isrs.S.o)
                0x08000d9c                __stm32reservedexception9
                0x08000d9c                __exc_debug_monitor
                0x08000d9c                __exc_svc
                0x08000d9c                __irq_can_rx1
                0x08000d9c                __irq_spi2
                0x08000d9c                __irq_can_sce
                0x08000d9c                __irq_pvd
                0x08000d9c                __irq_tamper
                0x08000d9c                __default_handler
                0x08000d9c                __irq_wwdg
                0x08000d9c                __stm32reservedexception10
                0x08000d9c                __irq_flash
                0x08000d9c                __stm32reservedexception13
                0x08000d9c                __irq_rtc
                0x08000d9c                __irq_spi1
                0x08000d9c                __stm32reservedexception7
                0x08000d9c                __irq_usb_hp_can_tx
                0x08000d9c                __irq_rtcalarm
                0x08000d9c                __stm32reservedexception8
                0x08000d9c                __exc_pendsv
                0x08000d9c                __irq_usbwakeup
                0x08000d9c                __irq_rcc
 *fill*         0x08000d9e        0x2 
 .text.systick_init
                0x08000da0       0x10 c:\Users\fx\Upwork\weather-node\output\core\core.a(systick.c.o)
                0x08000da0                systick_init
 .text.__exc_systick
                0x08000db0       0x1c c:\Users\fx\Upwork\weather-node\output\core\core.a(systick.c.o)
                0x08000db0                __exc_systick
 .text.timer_oc_set_mode
                0x08000dcc       0x3a c:\Users\fx\Upwork\weather-node\output\core\core.a(timer.c.o)
 .text.dispatch_general
                0x08000e06       0x66 c:\Users\fx\Upwork\weather-node\output\core\core.a(timer.c.o)
 .text.timer_cc_enable
                0x08000e6c       0x1c c:\Users\fx\Upwork\weather-node\output\core\core.a(timer.c.o)
 .text.timer_foreach
                0x08000e88       0x28 c:\Users\fx\Upwork\weather-node\output\core\core.a(timer.c.o)
                0x08000e88                timer_foreach
 .text.timer_init
                0x08000eb0       0x14 c:\Users\fx\Upwork\weather-node\output\core\core.a(timer.c.o)
                0x08000eb0                timer_init
 .text.timer_has_cc_channel
                0x08000ec4       0x30 c:\Users\fx\Upwork\weather-node\output\core\core.a(timer.c.o)
                0x08000ec4                timer_has_cc_channel
 .text.timer_detach_interrupt
                0x08000ef4       0x1e c:\Users\fx\Upwork\weather-node\output\core\core.a(timer.c.o)
                0x08000ef4                timer_detach_interrupt
 .text.input_capture_mode
                0x08000f12       0x1a c:\Users\fx\Upwork\weather-node\output\core\core.a(timer.c.o)
                0x08000f12                input_capture_mode
 .text.timer_set_mode
                0x08000f2c       0x8c c:\Users\fx\Upwork\weather-node\output\core\core.a(timer.c.o)
                0x08000f2c                timer_set_mode
 .text.__irq_tim1_brk
                0x08000fb8       0x24 c:\Users\fx\Upwork\weather-node\output\core\core.a(timer.c.o)
                0x08000fb8                __irq_tim1_brk
 .text.__irq_tim1_up
                0x08000fdc       0x24 c:\Users\fx\Upwork\weather-node\output\core\core.a(timer.c.o)
                0x08000fdc                __irq_tim1_up
 .text.__irq_tim1_trg_com
                0x08001000       0x34 c:\Users\fx\Upwork\weather-node\output\core\core.a(timer.c.o)
                0x08001000                __irq_tim1_trg_com
 .text.__irq_tim1_cc
                0x08001034       0x50 c:\Users\fx\Upwork\weather-node\output\core\core.a(timer.c.o)
                0x08001034                __irq_tim1_cc
 .text.__irq_tim2
                0x08001084        0xc c:\Users\fx\Upwork\weather-node\output\core\core.a(timer.c.o)
                0x08001084                __irq_tim2
 .text.__irq_tim3
                0x08001090        0xc c:\Users\fx\Upwork\weather-node\output\core\core.a(timer.c.o)
                0x08001090                __irq_tim3
 .text.__irq_tim4
                0x0800109c        0xc c:\Users\fx\Upwork\weather-node\output\core\core.a(timer.c.o)
                0x0800109c                __irq_tim4
 .text.usart_init
                0x080010a8       0x4c c:\Users\fx\Upwork\weather-node\output\core\core.a(usart.c.o)
                0x080010a8                usart_init
 .text.usart_enable
                0x080010f4       0x14 c:\Users\fx\Upwork\weather-node\output\core\core.a(usart.c.o)
                0x080010f4                usart_enable
 .text.usart_tx
                0x08001108       0x9c c:\Users\fx\Upwork\weather-node\output\core\core.a(usart.c.o)
                0x08001108                usart_tx
 .text.usart_irq
                0x080011a4       0xc8 c:\Users\fx\Upwork\weather-node\output\core\core.a(usart_f1.c.o)
 .text.usart_config_gpios_async
                0x0800126c       0x4a c:\Users\fx\Upwork\weather-node\output\core\core.a(usart_f1.c.o)
                0x0800126c                usart_config_gpios_async
 .text.usart_set_baud_rate
                0x080012b6       0x3c c:\Users\fx\Upwork\weather-node\output\core\core.a(usart_f1.c.o)
                0x080012b6                usart_set_baud_rate
 *fill*         0x080012f2        0x2 
 .text.__irq_usart1
                0x080012f4       0x18 c:\Users\fx\Upwork\weather-node\output\core\core.a(usart_f1.c.o)
                0x080012f4                __irq_usart1
 .text.__irq_usart2
                0x0800130c       0x18 c:\Users\fx\Upwork\weather-node\output\core\core.a(usart_f1.c.o)
                0x0800130c                __irq_usart2
 .text.__irq_usart3
                0x08001324       0x18 c:\Users\fx\Upwork\weather-node\output\core\core.a(usart_f1.c.o)
                0x08001324                __irq_usart3
 .text._usart_clock_freq
                0x0800133c       0x24 c:\Users\fx\Upwork\weather-node\output\core\core.a(usart_private.c.o)
                0x0800133c                _usart_clock_freq
 .text.usb_resume
                0x08001360       0xb4 c:\Users\fx\Upwork\weather-node\output\core\core.a(usb.c.o)
 .text.usb_init_usblib
                0x08001414       0x48 c:\Users\fx\Upwork\weather-node\output\core\core.a(usb.c.o)
                0x08001414                usb_init_usblib
 .text.__irq_usb_lp_can_rx0
                0x0800145c      0x1c8 c:\Users\fx\Upwork\weather-node\output\core\core.a(usb.c.o)
                0x0800145c                __irq_usb_lp_can_rx0
 .text.usb_set_ep_rx_stat
                0x08001624       0x22 c:\Users\fx\Upwork\weather-node\output\core\core.a(usb_cdcacm.c.o)
 *fill*         0x08001646        0x2 
 .text.vcomGetSetLineCoding
                0x08001648       0x18 c:\Users\fx\Upwork\weather-node\output\core\core.a(usb_cdcacm.c.o)
 .text.usbDataSetup
                0x08001660       0x54 c:\Users\fx\Upwork\weather-node\output\core\core.a(usb_cdcacm.c.o)
 .text.usbNoDataSetup
                0x080016b4       0x50 c:\Users\fx\Upwork\weather-node\output\core\core.a(usb_cdcacm.c.o)
 .text.usbGetInterfaceSetting
                0x08001704       0x10 c:\Users\fx\Upwork\weather-node\output\core\core.a(usb_cdcacm.c.o)
 .text.usbSetConfiguration
                0x08001714       0x1c c:\Users\fx\Upwork\weather-node\output\core\core.a(usb_cdcacm.c.o)
 .text.usbSetDeviceAddress
                0x08001730       0x10 c:\Users\fx\Upwork\weather-node\output\core\core.a(usb_cdcacm.c.o)
 .text.usbGetStringDescriptor
                0x08001740       0x20 c:\Users\fx\Upwork\weather-node\output\core\core.a(usb_cdcacm.c.o)
 .text.usbGetConfigDescriptor
                0x08001760        0xc c:\Users\fx\Upwork\weather-node\output\core\core.a(usb_cdcacm.c.o)
 .text.usbGetDeviceDescriptor
                0x0800176c        0xc c:\Users\fx\Upwork\weather-node\output\core\core.a(usb_cdcacm.c.o)
 .text.usbInit  0x08001778       0x44 c:\Users\fx\Upwork\weather-node\output\core\core.a(usb_cdcacm.c.o)
 .text.vcomDataTxCb
                0x080017bc       0xa0 c:\Users\fx\Upwork\weather-node\output\core\core.a(usb_cdcacm.c.o)
 .text.usbReset
                0x0800185c      0x160 c:\Users\fx\Upwork\weather-node\output\core\core.a(usb_cdcacm.c.o)
 .text.vcomDataRxCb
                0x080019bc       0x7c c:\Users\fx\Upwork\weather-node\output\core\core.a(usb_cdcacm.c.o)
 .text.usb_cdcacm_set_hooks
                0x08001a38       0x1c c:\Users\fx\Upwork\weather-node\output\core\core.a(usb_cdcacm.c.o)
                0x08001a38                usb_cdcacm_set_hooks
 .text.usb_cdcacm_enable
                0x08001a54       0x38 c:\Users\fx\Upwork\weather-node\output\core\core.a(usb_cdcacm.c.o)
                0x08001a54                usb_cdcacm_enable
 .text.usb_cdcacm_tx
                0x08001a8c       0x60 c:\Users\fx\Upwork\weather-node\output\core\core.a(usb_cdcacm.c.o)
                0x08001a8c                usb_cdcacm_tx
 .text.usb_cdcacm_data_available
                0x08001aec       0x18 c:\Users\fx\Upwork\weather-node\output\core\core.a(usb_cdcacm.c.o)
                0x08001aec                usb_cdcacm_data_available
 .text.usb_cdcacm_peek
                0x08001b04       0x38 c:\Users\fx\Upwork\weather-node\output\core\core.a(usb_cdcacm.c.o)
                0x08001b04                usb_cdcacm_peek
 .text.usb_cdcacm_rx
                0x08001b3c       0x34 c:\Users\fx\Upwork\weather-node\output\core\core.a(usb_cdcacm.c.o)
                0x08001b3c                usb_cdcacm_rx
 .text.usb_cdcacm_peek_ex
                0x08001b70       0x40 c:\Users\fx\Upwork\weather-node\output\core\core.a(usb_cdcacm.c.o)
                0x08001b70                usb_cdcacm_peek_ex
 .text.usb_cdcacm_get_dtr
                0x08001bb0       0x10 c:\Users\fx\Upwork\weather-node\output\core\core.a(usb_cdcacm.c.o)
                0x08001bb0                usb_cdcacm_get_dtr
 .text.usb_set_ep_rx_count
                0x08001bc0       0x4c c:\Users\fx\Upwork\weather-node\output\core\core.a(usb_reg_map.c.o)
                0x08001bc0                usb_set_ep_rx_count
 .text.Standard_GetConfiguration
                0x08001c0c       0x24 c:\Users\fx\Upwork\weather-node\output\core\core.a(usb_core.c.o)
                0x08001c0c                Standard_GetConfiguration
 .text.Standard_GetInterface
                0x08001c30       0x24 c:\Users\fx\Upwork\weather-node\output\core\core.a(usb_core.c.o)
                0x08001c30                Standard_GetInterface
 .text.Standard_GetStatus
                0x08001c54       0x90 c:\Users\fx\Upwork\weather-node\output\core\core.a(usb_core.c.o)
                0x08001c54                Standard_GetStatus
 .text.DataStageIn
                0x08001ce4       0xa8 c:\Users\fx\Upwork\weather-node\output\core\core.a(usb_core.c.o)
 .text.Standard_SetConfiguration
                0x08001d8c       0x38 c:\Users\fx\Upwork\weather-node\output\core\core.a(usb_core.c.o)
                0x08001d8c                Standard_SetConfiguration
 .text.Standard_SetInterface
                0x08001dc4       0x48 c:\Users\fx\Upwork\weather-node\output\core\core.a(usb_core.c.o)
                0x08001dc4                Standard_SetInterface
 .text.Standard_ClearFeature
                0x08001e0c       0xd0 c:\Users\fx\Upwork\weather-node\output\core\core.a(usb_core.c.o)
                0x08001e0c                Standard_ClearFeature
 .text.Standard_SetEndPointFeature
                0x08001edc       0x84 c:\Users\fx\Upwork\weather-node\output\core\core.a(usb_core.c.o)
                0x08001edc                Standard_SetEndPointFeature
 .text.Standard_SetDeviceFeature
                0x08001f60       0x24 c:\Users\fx\Upwork\weather-node\output\core\core.a(usb_core.c.o)
                0x08001f60                Standard_SetDeviceFeature
 .text.Standard_GetDescriptorData
                0x08001f84       0x1c c:\Users\fx\Upwork\weather-node\output\core\core.a(usb_core.c.o)
                0x08001f84                Standard_GetDescriptorData
 .text.Post0_Process
                0x08001fa0       0x40 c:\Users\fx\Upwork\weather-node\output\core\core.a(usb_core.c.o)
                0x08001fa0                Post0_Process
 .text.Setup0_Process
                0x08001fe0      0x2d0 c:\Users\fx\Upwork\weather-node\output\core\core.a(usb_core.c.o)
                0x08001fe0                Setup0_Process
 .text.Out0_Process
                0x080022b0       0xc8 c:\Users\fx\Upwork\weather-node\output\core\core.a(usb_core.c.o)
                0x080022b0                Out0_Process
 .text.SetDeviceAddress
                0x08002378       0x38 c:\Users\fx\Upwork\weather-node\output\core\core.a(usb_core.c.o)
                0x08002378                SetDeviceAddress
 .text.In0_Process
                0x080023b0       0x5c c:\Users\fx\Upwork\weather-node\output\core\core.a(usb_core.c.o)
                0x080023b0                In0_Process
 .text.NOP_Process
                0x0800240c        0x2 c:\Users\fx\Upwork\weather-node\output\core\core.a(usb_core.c.o)
                0x0800240c                NOP_Process
 .text.UserToPMABufferCopy
                0x0800240e       0x30 c:\Users\fx\Upwork\weather-node\output\core\core.a(usb_mem.c.o)
                0x0800240e                UserToPMABufferCopy
 .text.PMAToUserBufferCopy
                0x0800243e       0x32 c:\Users\fx\Upwork\weather-node\output\core\core.a(usb_mem.c.o)
                0x0800243e                PMAToUserBufferCopy
 .text.SetEPTxStatus
                0x08002470       0x2a c:\Users\fx\Upwork\weather-node\output\core\core.a(usb_regs.c.o)
                0x08002470                SetEPTxStatus
 .text.ClearDTOG_RX
                0x0800249a       0x20 c:\Users\fx\Upwork\weather-node\output\core\core.a(usb_regs.c.o)
                0x0800249a                ClearDTOG_RX
 .text.ClearDTOG_TX
                0x080024ba       0x20 c:\Users\fx\Upwork\weather-node\output\core\core.a(usb_regs.c.o)
                0x080024ba                ClearDTOG_TX
 *fill*         0x080024da        0x2 
 .text.GetEPTxAddr
                0x080024dc       0x1c c:\Users\fx\Upwork\weather-node\output\core\core.a(usb_regs.c.o)
                0x080024dc                GetEPTxAddr
 .text.GetEPRxAddr
                0x080024f8       0x1c c:\Users\fx\Upwork\weather-node\output\core\core.a(usb_regs.c.o)
                0x080024f8                GetEPRxAddr
 .text.SetEPTxCount
                0x08002514       0x1c c:\Users\fx\Upwork\weather-node\output\core\core.a(usb_regs.c.o)
                0x08002514                SetEPTxCount
 .text.SetEPRxCount
                0x08002530       0x40 c:\Users\fx\Upwork\weather-node\output\core\core.a(usb_regs.c.o)
                0x08002530                SetEPRxCount
 .text.throb    0x08002570       0x4c c:\Users\fx\Upwork\weather-node\output\core\core.a(util.c.o)
                0x08002570                throb
 .text.__error  0x080025bc       0x14 c:\Users\fx\Upwork\weather-node\output\core\core.a(util.c.o)
                0x080025bc                __error
 .text.startup._Z7premainv
                0x080025d0        0x4 c:\Users\fx\Upwork\weather-node\output\core\core.a(main.cpp.o)
                0x080025d0                premain()
 .text.startup.main
                0x080025d4        0xc c:\Users\fx\Upwork\weather-node\output\core\core.a(main.cpp.o)
                0x080025d4                main
 .text._Z7pinModeh13WiringPinMode
                0x080025e0       0x84 c:\Users\fx\Upwork\weather-node\output\core\core.a(wirish_digital_f1.cpp.o)
                0x080025e0                pinMode(unsigned char, WiringPinMode)
 .text._ZN9USBSerial9availableEv
                0x08002664        0x4 c:\Users\fx\Upwork\weather-node\output\core\core.a(usb_serial.cpp.o)
                0x08002664                USBSerial::available()
 .text._ZN9USBSerial4peekEv
                0x08002668       0x1e c:\Users\fx\Upwork\weather-node\output\core\core.a(usb_serial.cpp.o)
                0x08002668                USBSerial::peek()
 .text._ZN9USBSerial4readEv
                0x08002686       0x1e c:\Users\fx\Upwork\weather-node\output\core\core.a(usb_serial.cpp.o)
                0x08002686                USBSerial::read()
 .text._ZL14ifaceSetupHookjPv
                0x080026a4       0x38 c:\Users\fx\Upwork\weather-node\output\core\core.a(usb_serial.cpp.o)
 .text._ZL6rxHookjPv
                0x080026dc       0x6c c:\Users\fx\Upwork\weather-node\output\core\core.a(usb_serial.cpp.o)
 .text._ZN9USBSerialC2Ev
                0x08002748       0x14 c:\Users\fx\Upwork\weather-node\output\core\core.a(usb_serial.cpp.o)
                0x08002748                USBSerial::USBSerial()
                0x08002748                USBSerial::USBSerial()
 .text._ZN9USBSerial5beginEv
                0x0800275c       0x34 c:\Users\fx\Upwork\weather-node\output\core\core.a(usb_serial.cpp.o)
                0x0800275c                USBSerial::begin()
 .text._ZN9USBSerial5beginEm
                0x08002790       0x10 c:\Users\fx\Upwork\weather-node\output\core\core.a(usb_serial.cpp.o)
                0x08002790                USBSerial::begin(unsigned long)
 .text._ZN9USBSerial5writeEPKhm
                0x080027a0       0x4c c:\Users\fx\Upwork\weather-node\output\core\core.a(usb_serial.cpp.o)
                0x080027a0                USBSerial::write(unsigned char const*, unsigned long)
 .text._ZN9USBSerial5writeEh
                0x080027ec       0x16 c:\Users\fx\Upwork\weather-node\output\core\core.a(usb_serial.cpp.o)
                0x080027ec                USBSerial::write(unsigned char)
 .text._ZN9USBSerial5writeEPKc
                0x08002802       0x1a c:\Users\fx\Upwork\weather-node\output\core\core.a(usb_serial.cpp.o)
                0x08002802                USBSerial::write(char const*)
 .text._ZN9USBSerial4readEPhm
                0x0800281c       0x1c c:\Users\fx\Upwork\weather-node\output\core\core.a(usb_serial.cpp.o)
                0x0800281c                USBSerial::read(unsigned char*, unsigned long)
 .text._ZN9USBSerial5flushEv
                0x08002838       0x1c c:\Users\fx\Upwork\weather-node\output\core\core.a(usb_serial.cpp.o)
                0x08002838                USBSerial::flush()
 .text.startup._GLOBAL__sub_I__ZN9USBSerial9_hasBegunE
                0x08002854        0xc c:\Users\fx\Upwork\weather-node\output\core\core.a(usb_serial.cpp.o)
 .text._Z12digitalWritehh
                0x08002860       0x2c c:\Users\fx\Upwork\weather-node\output\core\core.a(wirish_digital.cpp.o)
                0x08002860                digitalWrite(unsigned char, unsigned char)
 .text._ZL6microsv
                0x0800288c       0x34 c:\Users\fx\Upwork\weather-node\output\core\core.a(wirish_time.cpp.o)
 .text._Z5delaym
                0x080028c0       0x2a c:\Users\fx\Upwork\weather-node\output\core\core.a(wirish_time.cpp.o)
                0x080028c0                delay(unsigned long)
 .text.__empty  0x080028ea        0x2 c:\Users\fx\Upwork\weather-node\output\core\core.a(hooks.c.o)
                0x080028ea                yield
 .text.bkp_init
                0x080028ec       0x18 c:\Users\fx\Upwork\weather-node\output\core\core.a(bkp_f1.c.o)
                0x080028ec                bkp_init
 .text.bkp_enable_writes
                0x08002904        0xc c:\Users\fx\Upwork\weather-node\output\core\core.a(bkp_f1.c.o)
                0x08002904                bkp_enable_writes
 .text.bkp_disable_writes
                0x08002910        0xc c:\Users\fx\Upwork\weather-node\output\core\core.a(bkp_f1.c.o)
                0x08002910                bkp_disable_writes
 .text.bkp_write
                0x0800291c       0x16 c:\Users\fx\Upwork\weather-node\output\core\core.a(bkp_f1.c.o)
                0x0800291c                bkp_write
 .text.gpio_init
                0x08002932       0x14 c:\Users\fx\Upwork\weather-node\output\core\core.a(gpio.c.o)
                0x08002932                gpio_init
 .text.i2c_disable_irq
                0x08002946        0xc c:\Users\fx\Upwork\weather-node\output\core\core.a(i2c.c.o)
 *fill*         0x08002952        0x2 
 .text._i2c_irq_handler
                0x08002954      0x3d8 c:\Users\fx\Upwork\weather-node\output\core\core.a(i2c.c.o)
                0x08002954                _i2c_irq_handler
 .text._i2c_irq_error_handler
                0x08002d2c       0x74 c:\Users\fx\Upwork\weather-node\output\core\core.a(i2c.c.o)
                0x08002d2c                _i2c_irq_error_handler
 .text          0x08002da0       0x2c c:/users/fx/appdata/local/arduino15/packages/arduino/tools/arm-none-eabi-gcc/4.8.3-2014q1/bin/../lib/gcc/arm-none-eabi/4.8.3/armv7-m\libgcc.a(_aeabi_uldivmod.o)
                0x08002da0                __aeabi_uldivmod
 .text          0x08002dcc       0x60 c:/users/fx/appdata/local/arduino15/packages/arduino/tools/arm-none-eabi-gcc/4.8.3-2014q1/bin/../lib/gcc/arm-none-eabi/4.8.3/armv7-m\libgcc.a(bpabi.o)
                0x08002dcc                __gnu_ldivmod_helper
                0x08002dfc                __gnu_uldivmod_helper
 .text          0x08002e2c        0x4 c:/users/fx/appdata/local/arduino15/packages/arduino/tools/arm-none-eabi-gcc/4.8.3-2014q1/bin/../lib/gcc/arm-none-eabi/4.8.3/armv7-m\libgcc.a(_dvmd_tls.o)
                0x08002e2c                __aeabi_idiv0
                0x08002e2c                __aeabi_ldiv0
 .text          0x08002e30      0x2a0 c:/users/fx/appdata/local/arduino15/packages/arduino/tools/arm-none-eabi-gcc/4.8.3-2014q1/bin/../lib/gcc/arm-none-eabi/4.8.3/armv7-m\libgcc.a(_divdi3.o)
                0x08002e30                __divdi3
 .text          0x080030d0      0x290 c:/users/fx/appdata/local/arduino15/packages/arduino/tools/arm-none-eabi-gcc/4.8.3-2014q1/bin/../lib/gcc/arm-none-eabi/4.8.3/armv7-m\libgcc.a(_udivdi3.o)
                0x080030d0                __udivdi3
 .text.__errno  0x08003360        0xc c:/users/fx/appdata/local/arduino15/packages/arduino/tools/arm-none-eabi-gcc/4.8.3-2014q1/bin/../lib/gcc/arm-none-eabi/4.8.3/../../../../arm-none-eabi/lib/armv7-m\libc.a(lib_a-errno.o)
                0x08003360                __errno
 .text.__libc_init_array
                0x0800336c       0x50 c:/users/fx/appdata/local/arduino15/packages/arduino/tools/arm-none-eabi-gcc/4.8.3-2014q1/bin/../lib/gcc/arm-none-eabi/4.8.3/../../../../arm-none-eabi/lib/armv7-m\libc.a(lib_a-init.o)
                0x0800336c                __libc_init_array
 .text.malloc   0x080033bc       0x10 c:/users/fx/appdata/local/arduino15/packages/arduino/tools/arm-none-eabi-gcc/4.8.3-2014q1/bin/../lib/gcc/arm-none-eabi/4.8.3/../../../../arm-none-eabi/lib/armv7-m\libc.a(lib_a-malloc.o)
                0x080033bc                malloc
 .text._malloc_r
                0x080033cc      0x538 c:/users/fx/appdata/local/arduino15/packages/arduino/tools/arm-none-eabi-gcc/4.8.3-2014q1/bin/../lib/gcc/arm-none-eabi/4.8.3/../../../../arm-none-eabi/lib/armv7-m\libc.a(lib_a-mallocr.o)
                0x080033cc                _malloc_r
 .text.__malloc_lock
                0x08003904        0x4 c:/users/fx/appdata/local/arduino15/packages/arduino/tools/arm-none-eabi-gcc/4.8.3-2014q1/bin/../lib/gcc/arm-none-eabi/4.8.3/../../../../arm-none-eabi/lib/armv7-m\libc.a(lib_a-mlock.o)
                0x08003904                __malloc_lock
 .text.__malloc_unlock
                0x08003908        0x4 c:/users/fx/appdata/local/arduino15/packages/arduino/tools/arm-none-eabi-gcc/4.8.3-2014q1/bin/../lib/gcc/arm-none-eabi/4.8.3/../../../../arm-none-eabi/lib/armv7-m\libc.a(lib_a-mlock.o)
                0x08003908                __malloc_unlock
 .text._sbrk_r  0x0800390c       0x24 c:/users/fx/appdata/local/arduino15/packages/arduino/tools/arm-none-eabi-gcc/4.8.3-2014q1/bin/../lib/gcc/arm-none-eabi/4.8.3/../../../../arm-none-eabi/lib/armv7-m\libc.a(lib_a-sbrkr.o)
                0x0800390c                _sbrk_r
 .text.strlen   0x08003930       0x60 c:/users/fx/appdata/local/arduino15/packages/arduino/tools/arm-none-eabi-gcc/4.8.3-2014q1/bin/../lib/gcc/arm-none-eabi/4.8.3/../../../../arm-none-eabi/lib/armv7-m\libc.a(lib_a-strlen.o)
                0x08003930                strlen
 .text.startup.register_fini
                0x08003990       0x14 c:/users/fx/appdata/local/arduino15/packages/arduino/tools/arm-none-eabi-gcc/4.8.3-2014q1/bin/../lib/gcc/arm-none-eabi/4.8.3/../../../../arm-none-eabi/lib/armv7-m\libc.a(lib_a-__call_atexit.o)
 .text.atexit   0x080039a4        0xc c:/users/fx/appdata/local/arduino15/packages/arduino/tools/arm-none-eabi-gcc/4.8.3-2014q1/bin/../lib/gcc/arm-none-eabi/4.8.3/../../../../arm-none-eabi/lib/armv7-m\libc.a(lib_a-atexit.o)
                0x080039a4                atexit
 .text.__libc_fini_array
                0x080039b0       0x30 c:/users/fx/appdata/local/arduino15/packages/arduino/tools/arm-none-eabi-gcc/4.8.3-2014q1/bin/../lib/gcc/arm-none-eabi/4.8.3/../../../../arm-none-eabi/lib/armv7-m\libc.a(lib_a-fini.o)
                0x080039b0                __libc_fini_array
 .text._malloc_trim_r
                0x080039e0       0x9c c:/users/fx/appdata/local/arduino15/packages/arduino/tools/arm-none-eabi-gcc/4.8.3-2014q1/bin/../lib/gcc/arm-none-eabi/4.8.3/../../../../arm-none-eabi/lib/armv7-m\libc.a(lib_a-freer.o)
                0x080039e0                _malloc_trim_r
 .text._free_r  0x08003a7c      0x198 c:/users/fx/appdata/local/arduino15/packages/arduino/tools/arm-none-eabi-gcc/4.8.3-2014q1/bin/../lib/gcc/arm-none-eabi/4.8.3/../../../../arm-none-eabi/lib/armv7-m\libc.a(lib_a-freer.o)
                0x08003a7c                _free_r
 .text.__register_exitproc
                0x08003c14       0xa8 c:/users/fx/appdata/local/arduino15/packages/arduino/tools/arm-none-eabi-gcc/4.8.3-2014q1/bin/../lib/gcc/arm-none-eabi/4.8.3/../../../../arm-none-eabi/lib/armv7-m\libc.a(lib_a-__atexit.o)
                0x08003c14                __register_exitproc
 *(.plt)
 *(.gnu.warning)
 *(.glue_7t)
 .glue_7t       0x00000000        0x0 linker stubs
 *(.glue_7)
 .glue_7        0x00000000        0x0 linker stubs
 *(.vfp11_veneer)
 .vfp11_veneer  0x00000000        0x0 linker stubs
 *(.ARM.extab* .gnu.linkonce.armextab.*)
 *(.gcc_except_table)
 *(.eh_frame_hdr)
 *(.eh_frame)
 .eh_frame      0x08003cbc        0x0 c:/users/fx/appdata/local/arduino15/packages/arduino/tools/arm-none-eabi-gcc/4.8.3-2014q1/bin/../lib/gcc/arm-none-eabi/4.8.3/armv7-m/crtbegin.o
                0x08003cbc                . = ALIGN (0x4)
 *(.init)
 .init          0x08003cbc        0x4 c:/users/fx/appdata/local/arduino15/packages/arduino/tools/arm-none-eabi-gcc/4.8.3-2014q1/bin/../lib/gcc/arm-none-eabi/4.8.3/armv7-m/crti.o
                0x08003cbc                _init
 .init          0x08003cc0        0x8 c:/users/fx/appdata/local/arduino15/packages/arduino/tools/arm-none-eabi-gcc/4.8.3-2014q1/bin/../lib/gcc/arm-none-eabi/4.8.3/armv7-m/crtn.o
                0x08003cc8                . = ALIGN (0x4)
                0x08003cc8                __preinit_array_start = .
 *(.preinit_array)
                0x08003cc8                __preinit_array_end = .
                0x08003cc8                . = ALIGN (0x4)
                0x08003cc8                __init_array_start = .
 *(SORT(.init_array.*))
 .init_array.00000
                0x08003cc8        0x4 c:/users/fx/appdata/local/arduino15/packages/arduino/tools/arm-none-eabi-gcc/4.8.3-2014q1/bin/../lib/gcc/arm-none-eabi/4.8.3/../../../../arm-none-eabi/lib/armv7-m\libc.a(lib_a-__call_atexit.o)
 .init_array.00101
                0x08003ccc        0x4 c:\Users\fx\Upwork\weather-node\output\core\core.a(main.cpp.o)
 *(.init_array)
 .init_array    0x08003cd0        0x4 c:/users/fx/appdata/local/arduino15/packages/arduino/tools/arm-none-eabi-gcc/4.8.3-2014q1/bin/../lib/gcc/arm-none-eabi/4.8.3/armv7-m/crtbegin.o
 .init_array    0x08003cd4        0x4 c:\Users\fx\Upwork\weather-node\output\sketch\weatherSIM808.ino.cpp.o
 .init_array    0x08003cd8        0x4 c:\Users\fx\Upwork\weather-node\output\core\board.cpp.o
 .init_array    0x08003cdc        0x4 c:\Users\fx\Upwork\weather-node\output\core\core.a(usb_serial.cpp.o)
                0x08003ce0                __init_array_end = .
                0x08003ce0                . = ALIGN (0x4)
 *crtbegin.o(.ctors)
 *(EXCLUDE_FILE(*crtend.o) .ctors)
 *(SORT(.ctors.*))
 *crtend.o(.ctors)
                0x08003ce0                . = ALIGN (0x4)
 *(.fini)
 .fini          0x08003ce0        0x4 c:/users/fx/appdata/local/arduino15/packages/arduino/tools/arm-none-eabi-gcc/4.8.3-2014q1/bin/../lib/gcc/arm-none-eabi/4.8.3/armv7-m/crti.o
                0x08003ce0                _fini
 .fini          0x08003ce4        0x8 c:/users/fx/appdata/local/arduino15/packages/arduino/tools/arm-none-eabi-gcc/4.8.3-2014q1/bin/../lib/gcc/arm-none-eabi/4.8.3/armv7-m/crtn.o
                0x08003cec                . = ALIGN (0x4)
                0x08003cec                __fini_array_start = .
 *(.fini_array)
 .fini_array    0x08003cec        0x4 c:/users/fx/appdata/local/arduino15/packages/arduino/tools/arm-none-eabi-gcc/4.8.3-2014q1/bin/../lib/gcc/arm-none-eabi/4.8.3/armv7-m/crtbegin.o
 *(SORT(.fini_array.*))
                0x08003cf0                __fini_array_end = .
 *crtbegin.o(.dtors)
 *(EXCLUDE_FILE(*crtend.o) .dtors)
 *(SORT(.dtors.*))
 *crtend.o(.dtors)

.v4_bx          0x08003cf0        0x0
 .v4_bx         0x00000000        0x0 linker stubs

.iplt           0x08003cf0        0x0
 .iplt          0x00000000        0x0 c:/users/fx/appdata/local/arduino15/packages/arduino/tools/arm-none-eabi-gcc/4.8.3-2014q1/bin/../lib/gcc/arm-none-eabi/4.8.3/armv7-m/crtbegin.o

.text.align     0x08003cf0        0x0
                0x08003cf0                . = ALIGN (0x8)
                0x08003cf0                __text_end__ = .
                0x08003cf0                __exidx_start = .

.ARM.exidx      0x08003cf0        0x8
 *(.ARM.exidx* .gnu.linkonce.armexidx.*)
 .ARM.exidx     0x08003cf0        0x8 c:\Users\fx\Upwork\weather-node\output\core\wirish\start.S.o
 .ARM.exidx     0x08003cf8        0x0 c:/users/fx/appdata/local/arduino15/packages/arduino/tools/arm-none-eabi-gcc/4.8.3-2014q1/bin/../lib/gcc/arm-none-eabi/4.8.3/armv7-m\libgcc.a(_divdi3.o)
                                  0x8 (size before relaxing)
 .ARM.exidx     0x08003cf8        0x0 c:/users/fx/appdata/local/arduino15/packages/arduino/tools/arm-none-eabi-gcc/4.8.3-2014q1/bin/../lib/gcc/arm-none-eabi/4.8.3/armv7-m\libgcc.a(_udivdi3.o)
                                  0x8 (size before relaxing)
                0x08003cf8                __exidx_end = .

.data           0x20000000      0xca8 load address 0x08003cf8
                0x20000000                __data_start__ = .
                0x20000000        0x4 LONG 0x0
                0x20000008                . = ALIGN (0x8)
 *fill*         0x20000004        0x4 
 *(.got.plt)
 *(.got)
 *(.data .data.* .gnu.linkonce.d.*)
 .data._ZN6wirish4privL8pll_dataE
                0x20000008        0x4 c:\Users\fx\Upwork\weather-node\output\core\wirish\boards_setup.cpp.o
 .data._ZN6wirish4priv9w_adc_smpE
                0x2000000c        0x1 c:\Users\fx\Upwork\weather-node\output\core\wirish\boards_setup.cpp.o
                0x2000000c                wirish::priv::w_adc_smp
 *fill*         0x2000000d        0x1 
 .data._ZN6wirish4priv9w_adc_preE
                0x2000000e        0x2 c:\Users\fx\Upwork\weather-node\output\core\wirish\boards_setup.cpp.o
                0x2000000e                wirish::priv::w_adc_pre
 .data._ZN6wirish4priv15w_board_pll_cfgE
                0x20000010        0x8 c:\Users\fx\Upwork\weather-node\output\core\wirish\boards_setup.cpp.o
                0x20000010                wirish::priv::w_board_pll_cfg
 .data.adc2     0x20000018        0x8 c:\Users\fx\Upwork\weather-node\output\core\core.a(adc_f1.c.o)
                0x20000018                adc2
 .data.adc1     0x20000020       0x18 c:\Users\fx\Upwork\weather-node\output\core\core.a(adc_f1.c.o)
                0x20000020                adc1
 .data.ADC2     0x20000038        0x4 c:\Users\fx\Upwork\weather-node\output\core\core.a(adc_f1.c.o)
                0x20000038                ADC2
 .data.ADC1     0x2000003c        0x4 c:\Users\fx\Upwork\weather-node\output\core\core.a(adc_f1.c.o)
                0x2000003c                ADC1
 .data.dma1     0x20000040       0x40 c:\Users\fx\Upwork\weather-node\output\core\core.a(dma_f1.c.o)
 .data.DMA1     0x20000080        0x4 c:\Users\fx\Upwork\weather-node\output\core\core.a(dma_f1.c.o)
                0x20000080                DMA1
 .data.gpioa    0x20000084        0x8 c:\Users\fx\Upwork\weather-node\output\core\core.a(gpio_f1.c.o)
                0x20000084                gpioa
 .data.gpiob    0x2000008c        0x8 c:\Users\fx\Upwork\weather-node\output\core\core.a(gpio_f1.c.o)
                0x2000008c                gpiob
 .data.gpioc    0x20000094        0x8 c:\Users\fx\Upwork\weather-node\output\core\core.a(gpio_f1.c.o)
                0x20000094                gpioc
 .data.gpiod    0x2000009c        0x8 c:\Users\fx\Upwork\weather-node\output\core\core.a(gpio_f1.c.o)
                0x2000009c                gpiod
 .data.i2c1     0x200000a4       0x38 c:\Users\fx\Upwork\weather-node\output\core\core.a(i2c_f1.c.o)
 .data.i2c2     0x200000dc       0x38 c:\Users\fx\Upwork\weather-node\output\core\core.a(i2c_f1.c.o)
 .data.enable_regs.4411
                0x20000114        0xc c:\Users\fx\Upwork\weather-node\output\core\core.a(rcc_f1.c.o)
 .data.reset_regs.4415
                0x20000120        0x8 c:\Users\fx\Upwork\weather-node\output\core\core.a(rcc_f1.c.o)
 .data.enable_regs.4424
                0x20000128        0xc c:\Users\fx\Upwork\weather-node\output\core\core.a(rcc_f1.c.o)
 .data.timer3   0x20000134       0x24 c:\Users\fx\Upwork\weather-node\output\core\core.a(timer.c.o)
                0x20000134                timer3
 .data.timer4   0x20000158       0x24 c:\Users\fx\Upwork\weather-node\output\core\core.a(timer.c.o)
                0x20000158                timer4
 .data.timer1   0x2000017c       0x28 c:\Users\fx\Upwork\weather-node\output\core\core.a(timer.c.o)
                0x2000017c                timer1
 .data.timer2   0x200001a4       0x24 c:\Users\fx\Upwork\weather-node\output\core\core.a(timer.c.o)
                0x200001a4                timer2
 .data.USART1   0x200001c8        0x4 c:\Users\fx\Upwork\weather-node\output\core\core.a(usart_f1.c.o)
                0x200001c8                USART1
 .data.USART2   0x200001cc        0x4 c:\Users\fx\Upwork\weather-node\output\core\core.a(usart_f1.c.o)
                0x200001cc                USART2
 .data.USART3   0x200001d0        0x4 c:\Users\fx\Upwork\weather-node\output\core\core.a(usart_f1.c.o)
                0x200001d0                USART3
 .data.usart1   0x200001d4       0x94 c:\Users\fx\Upwork\weather-node\output\core\core.a(usart_f1.c.o)
 .data.usart2   0x20000268       0x94 c:\Users\fx\Upwork\weather-node\output\core\core.a(usart_f1.c.o)
 .data.usart3   0x200002fc       0x94 c:\Users\fx\Upwork\weather-node\output\core\core.a(usart_f1.c.o)
 .data.USBLIB   0x20000390        0x4 c:\Users\fx\Upwork\weather-node\output\core\core.a(usb.c.o)
                0x20000390                USBLIB
 .data.usblib   0x20000394       0x10 c:\Users\fx\Upwork\weather-node\output\core\core.a(usb.c.o)
 .data.Config_Descriptor
                0x200003a4        0x8 c:\Users\fx\Upwork\weather-node\output\core\core.a(usb_cdcacm.c.o)
 .data.Device_Property
                0x200003ac       0x30 c:\Users\fx\Upwork\weather-node\output\core\core.a(usb_cdcacm.c.o)
                0x200003ac                Device_Property
 .data.ep_int_in
                0x200003dc       0x1c c:\Users\fx\Upwork\weather-node\output\core\core.a(usb_cdcacm.c.o)
 .data.String_Descriptor
                0x200003f8       0x18 c:\Users\fx\Upwork\weather-node\output\core\core.a(usb_cdcacm.c.o)
 .data.ep_int_out
                0x20000410       0x1c c:\Users\fx\Upwork\weather-node\output\core\core.a(usb_cdcacm.c.o)
 .data.line_coding
                0x2000042c        0x7 c:\Users\fx\Upwork\weather-node\output\core\core.a(usb_cdcacm.c.o)
 *fill*         0x20000433        0x1 
 .data.User_Standard_Requests
                0x20000434       0x24 c:\Users\fx\Upwork\weather-node\output\core\core.a(usb_cdcacm.c.o)
                0x20000434                User_Standard_Requests
 .data.Device_Descriptor
                0x20000458        0x8 c:\Users\fx\Upwork\weather-node\output\core\core.a(usb_cdcacm.c.o)
 .data.Device_Table
                0x20000460        0x2 c:\Users\fx\Upwork\weather-node\output\core\core.a(usb_cdcacm.c.o)
                0x20000460                Device_Table
 *fill*         0x20000462        0x6 
 .data.impure_data
                0x20000468      0x428 c:/users/fx/appdata/local/arduino15/packages/arduino/tools/arm-none-eabi-gcc/4.8.3-2014q1/bin/../lib/gcc/arm-none-eabi/4.8.3/../../../../arm-none-eabi/lib/armv7-m\libc.a(lib_a-impure.o)
 .data._impure_ptr
                0x20000890        0x4 c:/users/fx/appdata/local/arduino15/packages/arduino/tools/arm-none-eabi-gcc/4.8.3-2014q1/bin/../lib/gcc/arm-none-eabi/4.8.3/../../../../arm-none-eabi/lib/armv7-m\libc.a(lib_a-impure.o)
                0x20000890                _impure_ptr
 .data.__malloc_av_
                0x20000894      0x408 c:/users/fx/appdata/local/arduino15/packages/arduino/tools/arm-none-eabi-gcc/4.8.3-2014q1/bin/../lib/gcc/arm-none-eabi/4.8.3/../../../../arm-none-eabi/lib/armv7-m\libc.a(lib_a-mallocr.o)
                0x20000894                __malloc_av_
 .data.__malloc_trim_threshold
                0x20000c9c        0x4 c:/users/fx/appdata/local/arduino15/packages/arduino/tools/arm-none-eabi-gcc/4.8.3-2014q1/bin/../lib/gcc/arm-none-eabi/4.8.3/../../../../arm-none-eabi/lib/armv7-m\libc.a(lib_a-mallocr.o)
                0x20000c9c                __malloc_trim_threshold
 .data.__malloc_sbrk_base
                0x20000ca0        0x4 c:/users/fx/appdata/local/arduino15/packages/arduino/tools/arm-none-eabi-gcc/4.8.3-2014q1/bin/../lib/gcc/arm-none-eabi/4.8.3/../../../../arm-none-eabi/lib/armv7-m\libc.a(lib_a-mallocr.o)
                0x20000ca0                __malloc_sbrk_base
                0x20000ca8                . = ALIGN (0x8)
 *fill*         0x20000ca4        0x4 
                0x20000ca8                __data_end__ = .

.jcr            0x20000ca8        0x0 load address 0x080049a0
 .jcr           0x20000ca8        0x0 c:/users/fx/appdata/local/arduino15/packages/arduino/tools/arm-none-eabi-gcc/4.8.3-2014q1/bin/../lib/gcc/arm-none-eabi/4.8.3/armv7-m/crtbegin.o

.igot.plt       0x20000ca8        0x0 load address 0x080049a0
 .igot.plt      0x00000000        0x0 c:/users/fx/appdata/local/arduino15/packages/arduino/tools/arm-none-eabi-gcc/4.8.3-2014q1/bin/../lib/gcc/arm-none-eabi/4.8.3/armv7-m/crtbegin.o

.rodata         0x080049a0      0x39c
 *(.rodata .rodata.* .gnu.linkonce.r.*)
 .rodata.str1.1
                0x080049a0       0x1f c:\Users\fx\Upwork\weather-node\output\sketch\weatherSIM808.ino.cpp.o
 *fill*         0x080049bf        0x1 
 .rodata.PIN_MAP
                0x080049c0      0x230 c:\Users\fx\Upwork\weather-node\output\core\board.cpp.o
                0x080049c0                PIN_MAP
 .rodata._ZTV14HardwareSerial
                0x08004bf0       0x28 c:\Users\fx\Upwork\weather-node\output\core\core.a(HardwareSerial.cpp.o)
                0x08004bf0                vtable for HardwareSerial
 .rodata.GPIOC  0x08004c18        0x4 c:\Users\fx\Upwork\weather-node\output\core\core.a(gpio_f1.c.o)
                0x08004c18                GPIOC
 .rodata.rcc_dev_table
                0x08004c1c       0x5c c:\Users\fx\Upwork\weather-node\output\core\core.a(rcc_f1.c.o)
                0x08004c1c                rcc_dev_table
 .rodata.masks.4420
                0x08004c78       0x14 c:\Users\fx\Upwork\weather-node\output\core\core.a(rcc_f1.c.o)
 .rodata.usbVcomDescriptor_iProduct
                0x08004c8c        0xc c:\Users\fx\Upwork\weather-node\output\core\core.a(usb_cdcacm.c.o)
 .rodata.usbVcomDescriptor_iManufacturer
                0x08004c98       0x12 c:\Users\fx\Upwork\weather-node\output\core\core.a(usb_cdcacm.c.o)
 .rodata.usbVcomDescriptor_Device
                0x08004caa       0x12 c:\Users\fx\Upwork\weather-node\output\core\core.a(usb_cdcacm.c.o)
 .rodata.usbVcomDescriptor_Config
                0x08004cbc       0x43 c:\Users\fx\Upwork\weather-node\output\core\core.a(usb_cdcacm.c.o)
 .rodata.usbVcomDescriptor_LangID
                0x08004cff        0x4 c:\Users\fx\Upwork\weather-node\output\core\core.a(usb_cdcacm.c.o)
 *fill*         0x08004d03        0x5 
 .rodata._ZTV9USBSerial
                0x08004d08       0x28 c:\Users\fx\Upwork\weather-node\output\core\core.a(usb_serial.cpp.o)
                0x08004d08                vtable for USBSerial
 .rodata.str1.4
                0x08004d30        0x4 c:/users/fx/appdata/local/arduino15/packages/arduino/tools/arm-none-eabi-gcc/4.8.3-2014q1/bin/../lib/gcc/arm-none-eabi/4.8.3/../../../../arm-none-eabi/lib/armv7-m\libc.a(lib_a-impure.o)
 .rodata._global_impure_ptr
                0x08004d34        0x4 c:/users/fx/appdata/local/arduino15/packages/arduino/tools/arm-none-eabi-gcc/4.8.3-2014q1/bin/../lib/gcc/arm-none-eabi/4.8.3/../../../../arm-none-eabi/lib/armv7-m\libc.a(lib_a-impure.o)
                0x08004d34                _global_impure_ptr
 *(.USER_FLASH)
                0x08004d38                . = ALIGN (0x4)
                0x08004d38                _lm_rom_img_cfgp = .
                0x08004d38        0x4 LONG 0x8003cf8 LOADADDR (.data)
                0x200010d0                _lm_heap_start = DEFINED (_lm_heap_start)?_lm_heap_start:_end
                0x20002800                _lm_heap_end = DEFINED (_lm_heap_end)?_lm_heap_end:__msp_init

.rel.dyn        0x08004d3c        0x0
 .rel.iplt      0x00000000        0x0 c:/users/fx/appdata/local/arduino15/packages/arduino/tools/arm-none-eabi-gcc/4.8.3-2014q1/bin/../lib/gcc/arm-none-eabi/4.8.3/armv7-m/crtbegin.o

.bss            0x20000ca8      0x428
                0x20000ca8                . = ALIGN (0x8)
                0x20000ca8                __bss_start__ = .
 *(.bss .bss.* .gnu.linkonce.b.*)
 .bss           0x20000ca8       0x1c c:/users/fx/appdata/local/arduino15/packages/arduino/tools/arm-none-eabi-gcc/4.8.3-2014q1/bin/../lib/gcc/arm-none-eabi/4.8.3/armv7-m/crtbegin.o
 .bss.pm2_i     0x20000cc4        0x4 c:\Users\fx\Upwork\weather-node\output\sketch\weatherSIM808.ino.cpp.o
                0x20000cc4                pm2_i
 .bss.pm2_buff  0x20000cc8       0x28 c:\Users\fx\Upwork\weather-node\output\sketch\weatherSIM808.ino.cpp.o
                0x20000cc8                pm2_buff
 .bss.dht       0x20000cf0       0x14 c:\Users\fx\Upwork\weather-node\output\sketch\weatherSIM808.ino.cpp.o
                0x20000cf0                dht
 .bss.Serial1   0x20000d04       0x18 c:\Users\fx\Upwork\weather-node\output\core\board.cpp.o
                0x20000d04                Serial1
 .bss.Serial2   0x20000d1c       0x18 c:\Users\fx\Upwork\weather-node\output\core\board.cpp.o
                0x20000d1c                Serial2
 .bss.Serial3   0x20000d34       0x18 c:\Users\fx\Upwork\weather-node\output\core\board.cpp.o
                0x20000d34                Serial3
 .bss.pbreak.4444
                0x20000d4c        0x4 c:\Users\fx\Upwork\weather-node\output\core\wirish\syscalls.c.o
 .bss.exti_channels
                0x20000d50       0x80 c:\Users\fx\Upwork\weather-node\output\core\core.a(exti.c.o)
                0x20000d50                exti_channels
 .bss.systick_user_callback
                0x20000dd0        0x4 c:\Users\fx\Upwork\weather-node\output\core\core.a(systick.c.o)
 .bss.usart1_wb
                0x20000dd4        0xc c:\Users\fx\Upwork\weather-node\output\core\core.a(usart_f1.c.o)
 .bss.usart1_rb
                0x20000de0        0xc c:\Users\fx\Upwork\weather-node\output\core\core.a(usart_f1.c.o)
 .bss.usart2_rb
                0x20000dec        0xc c:\Users\fx\Upwork\weather-node\output\core\core.a(usart_f1.c.o)
 .bss.usart3_rb
                0x20000df8        0xc c:\Users\fx\Upwork\weather-node\output\core\core.a(usart_f1.c.o)
 .bss.usart2_wb
                0x20000e04        0xc c:\Users\fx\Upwork\weather-node\output\core\core.a(usart_f1.c.o)
 .bss.usart3_wb
                0x20000e10        0xc c:\Users\fx\Upwork\weather-node\output\core\core.a(usart_f1.c.o)
 .bss.line_dtr_rts
                0x20000e1c        0x1 c:\Users\fx\Upwork\weather-node\output\core\core.a(usb_cdcacm.c.o)
 .bss.vcomBufferTx
                0x20000e1d      0x100 c:\Users\fx\Upwork\weather-node\output\core\core.a(usb_cdcacm.c.o)
 *fill*         0x20000f1d        0x3 
 .bss.tx_head   0x20000f20        0x4 c:\Users\fx\Upwork\weather-node\output\core\core.a(usb_cdcacm.c.o)
 .bss.rx_hook   0x20000f24        0x4 c:\Users\fx\Upwork\weather-node\output\core\core.a(usb_cdcacm.c.o)
 .bss.vcomBufferRx
                0x20000f28      0x100 c:\Users\fx\Upwork\weather-node\output\core\core.a(usb_cdcacm.c.o)
 .bss.transmitting
                0x20001028        0x1 c:\Users\fx\Upwork\weather-node\output\core\core.a(usb_cdcacm.c.o)
 *fill*         0x20001029        0x3 
 .bss.rx_tail   0x2000102c        0x4 c:\Users\fx\Upwork\weather-node\output\core\core.a(usb_cdcacm.c.o)
 .bss.iface_setup_hook
                0x20001030        0x4 c:\Users\fx\Upwork\weather-node\output\core\core.a(usb_cdcacm.c.o)
 .bss.rx_head   0x20001034        0x4 c:\Users\fx\Upwork\weather-node\output\core\core.a(usb_cdcacm.c.o)
 .bss.tx_tail   0x20001038        0x4 c:\Users\fx\Upwork\weather-node\output\core\core.a(usb_cdcacm.c.o)
 .bss.Data_Mul_MaxPacketSize
                0x2000103c        0x1 c:\Users\fx\Upwork\weather-node\output\core\core.a(usb_core.c.o)
                0x2000103c                Data_Mul_MaxPacketSize
 .bss._ZN9USBSerial9_hasBegunE
                0x2000103d        0x1 c:\Users\fx\Upwork\weather-node\output\core\core.a(usb_serial.cpp.o)
                0x2000103d                USBSerial::_hasBegun
 *fill*         0x2000103e        0x2 
 .bss.Serial    0x20001040       0x10 c:\Users\fx\Upwork\weather-node\output\core\core.a(usb_serial.cpp.o)
                0x20001040                Serial
 .bss._ZL11reset_state
                0x20001050        0x1 c:\Users\fx\Upwork\weather-node\output\core\core.a(usb_serial.cpp.o)
 .bss._ZN9USBSerial11_isBlockingE
                0x20001051        0x1 c:\Users\fx\Upwork\weather-node\output\core\core.a(usb_serial.cpp.o)
                0x20001051                USBSerial::_isBlocking
 *fill*         0x20001052        0x2 
 .bss.__malloc_max_total_mem
                0x20001054        0x4 c:/users/fx/appdata/local/arduino15/packages/arduino/tools/arm-none-eabi-gcc/4.8.3-2014q1/bin/../lib/gcc/arm-none-eabi/4.8.3/../../../../arm-none-eabi/lib/armv7-m\libc.a(lib_a-mallocr.o)
                0x20001054                __malloc_max_total_mem
 .bss.__malloc_max_sbrked_mem
                0x20001058        0x4 c:/users/fx/appdata/local/arduino15/packages/arduino/tools/arm-none-eabi-gcc/4.8.3-2014q1/bin/../lib/gcc/arm-none-eabi/4.8.3/../../../../arm-none-eabi/lib/armv7-m\libc.a(lib_a-mallocr.o)
                0x20001058                __malloc_max_sbrked_mem
 .bss.__malloc_top_pad
                0x2000105c        0x4 c:/users/fx/appdata/local/arduino15/packages/arduino/tools/arm-none-eabi-gcc/4.8.3-2014q1/bin/../lib/gcc/arm-none-eabi/4.8.3/../../../../arm-none-eabi/lib/armv7-m\libc.a(lib_a-mallocr.o)
                0x2000105c                __malloc_top_pad
 .bss.__malloc_current_mallinfo
                0x20001060       0x28 c:/users/fx/appdata/local/arduino15/packages/arduino/tools/arm-none-eabi-gcc/4.8.3-2014q1/bin/../lib/gcc/arm-none-eabi/4.8.3/../../../../arm-none-eabi/lib/armv7-m\libc.a(lib_a-mallocr.o)
                0x20001060                __malloc_current_mallinfo
 *(COMMON)
 COMMON         0x20001088        0x4 c:\Users\fx\Upwork\weather-node\output\core\core.a(systick.c.o)
                0x20001088                systick_uptime_millis
 COMMON         0x2000108c        0x6 c:\Users\fx\Upwork\weather-node\output\core\core.a(usb.c.o)
                0x2000108c                SaveRState
                0x2000108e                SaveTState
                0x20001090                ResumeS
 COMMON         0x20001092        0x2 c:\Users\fx\Upwork\weather-node\output\core\core.a(usb_core.c.o)
                0x20001092                StatusInfo
 COMMON         0x20001094       0x32 c:\Users\fx\Upwork\weather-node\output\core\core.a(usb_init.c.o)
                0x20001094                SaveState
                0x20001098                pProperty
                0x2000109c                EPindex
                0x200010a0                Device_Info
                0x200010bc                pUser_Standard_Requests
                0x200010c0                pInformation
                0x200010c4                wInterrupt_Mask
 *fill*         0x200010c6        0x2 
 COMMON         0x200010c8        0x4 c:/users/fx/appdata/local/arduino15/packages/arduino/tools/arm-none-eabi-gcc/4.8.3-2014q1/bin/../lib/gcc/arm-none-eabi/4.8.3/../../../../arm-none-eabi/lib/armv7-m\libc.a(lib_a-reent.o)
                0x200010c8                errno
                0x200010d0                . = ALIGN (0x8)
 *fill*         0x200010cc        0x4 
                0x200010d0                __bss_end__ = .
                0x200010d0                _end = __bss_end__

.stab
 *(.stab)

.stabstr
 *(.stabstr)

.debug
 *(.debug)

.line
 *(.line)

.debug_srcinfo
 *(.debug_srcinfo)

.debug_sfnames
 *(.debug_sfnames)

.debug_aranges  0x00000000     0x1158
 *(.debug_aranges)
 .debug_aranges
                0x00000000       0x50 c:\Users\fx\Upwork\weather-node\output\sketch\weatherSIM808.ino.cpp.o
 .debug_aranges
                0x00000050       0x68 c:\Users\fx\Upwork\weather-node\output\libraries\DHT_sensor_library\DHT.cpp.o
 .debug_aranges
                0x000000b8       0xa0 c:\Users\fx\Upwork\weather-node\output\libraries\DHT_sensor_library\DHT_U.cpp.o
 .debug_aranges
                0x00000158       0x20 c:\Users\fx\Upwork\weather-node\output\libraries\Adafruit_Unified_Sensor\Adafruit_Sensor.cpp.o
 .debug_aranges
                0x00000178       0x28 c:\Users\fx\Upwork\weather-node\output\core\board.cpp.o
 .debug_aranges
                0x000001a0       0x40 c:\Users\fx\Upwork\weather-node\output\core\wirish\boards.cpp.o
 .debug_aranges
                0x000001e0       0x40 c:\Users\fx\Upwork\weather-node\output\core\wirish\boards_setup.cpp.o
 .debug_aranges
                0x00000220       0x20 c:\Users\fx\Upwork\weather-node\output\core\wirish\start.S.o
 .debug_aranges
                0x00000240       0x20 c:\Users\fx\Upwork\weather-node\output\core\wirish\start_c.c.o
 .debug_aranges
                0x00000260       0x88 c:\Users\fx\Upwork\weather-node\output\core\wirish\syscalls.c.o
 .debug_aranges
                0x000002e8       0x70 c:\Users\fx\Upwork\weather-node\output\core\core.a(HardwareSerial.cpp.o)
 .debug_aranges
                0x00000358      0x110 c:\Users\fx\Upwork\weather-node\output\core\core.a(Print.cpp.o)
 .debug_aranges
                0x00000468       0x28 c:\Users\fx\Upwork\weather-node\output\core\core.a(cxxabi-compat.cpp.o)
 .debug_aranges
                0x00000490       0x38 c:\Users\fx\Upwork\weather-node\output\core\core.a(adc.c.o)
 .debug_aranges
                0x000004c8       0x58 c:\Users\fx\Upwork\weather-node\output\core\core.a(adc_f1.c.o)
 .debug_aranges
                0x00000520       0xb0 c:\Users\fx\Upwork\weather-node\output\core\core.a(dma_f1.c.o)
 .debug_aranges
                0x000005d0       0x20 c:\Users\fx\Upwork\weather-node\output\core\core.a(exc.S.o)
 .debug_aranges
                0x000005f0       0x80 c:\Users\fx\Upwork\weather-node\output\core\core.a(exti.c.o)
 .debug_aranges
                0x00000670       0x20 c:\Users\fx\Upwork\weather-node\output\core\core.a(exti_f1.c.o)
 .debug_aranges
                0x00000690       0x20 c:\Users\fx\Upwork\weather-node\output\core\core.a(flash.c.o)
 .debug_aranges
                0x000006b0       0x48 c:\Users\fx\Upwork\weather-node\output\core\core.a(gpio_f1.c.o)
 .debug_aranges
                0x000006f8       0x50 c:\Users\fx\Upwork\weather-node\output\core\core.a(i2c_f1.c.o)
 .debug_aranges
                0x00000748       0x38 c:\Users\fx\Upwork\weather-node\output\core\core.a(nvic.c.o)
 .debug_aranges
                0x00000780       0x48 c:\Users\fx\Upwork\weather-node\output\core\core.a(rcc.c.o)
 .debug_aranges
                0x000007c8       0x48 c:\Users\fx\Upwork\weather-node\output\core\core.a(rcc_f1.c.o)
 .debug_aranges
                0x00000810       0x20 c:\Users\fx\Upwork\weather-node\output\core\core.a(isrs.S.o)
 .debug_aranges
                0x00000830       0x40 c:\Users\fx\Upwork\weather-node\output\core\core.a(systick.c.o)
 .debug_aranges
                0x00000870       0xb0 c:\Users\fx\Upwork\weather-node\output\core\core.a(timer.c.o)
 .debug_aranges
                0x00000920       0x48 c:\Users\fx\Upwork\weather-node\output\core\core.a(usart.c.o)
 .debug_aranges
                0x00000968       0x50 c:\Users\fx\Upwork\weather-node\output\core\core.a(usart_f1.c.o)
 .debug_aranges
                0x000009b8       0x20 c:\Users\fx\Upwork\weather-node\output\core\core.a(usart_private.c.o)
 .debug_aranges
                0x000009d8       0x38 c:\Users\fx\Upwork\weather-node\output\core\core.a(usb.c.o)
 .debug_aranges
                0x00000a10      0x128 c:\Users\fx\Upwork\weather-node\output\core\core.a(usb_cdcacm.c.o)
 .debug_aranges
                0x00000b38       0x20 c:\Users\fx\Upwork\weather-node\output\core\core.a(usb_reg_map.c.o)
 .debug_aranges
                0x00000b58       0x98 c:\Users\fx\Upwork\weather-node\output\core\core.a(usb_core.c.o)
 .debug_aranges
                0x00000bf0       0x20 c:\Users\fx\Upwork\weather-node\output\core\core.a(usb_init.c.o)
 .debug_aranges
                0x00000c10       0x28 c:\Users\fx\Upwork\weather-node\output\core\core.a(usb_mem.c.o)
 .debug_aranges
                0x00000c38      0x1f0 c:\Users\fx\Upwork\weather-node\output\core\core.a(usb_regs.c.o)
 .debug_aranges
                0x00000e28       0x50 c:\Users\fx\Upwork\weather-node\output\core\core.a(util.c.o)
 .debug_aranges
                0x00000e78       0x28 c:\Users\fx\Upwork\weather-node\output\core\core.a(main.cpp.o)
 .debug_aranges
                0x00000ea0       0x38 c:\Users\fx\Upwork\weather-node\output\core\core.a(new.cpp.o)
 .debug_aranges
                0x00000ed8       0x20 c:\Users\fx\Upwork\weather-node\output\core\core.a(wirish_digital_f1.cpp.o)
 .debug_aranges
                0x00000ef8       0xd8 c:\Users\fx\Upwork\weather-node\output\core\core.a(usb_serial.cpp.o)
 .debug_aranges
                0x00000fd0       0x28 c:\Users\fx\Upwork\weather-node\output\core\core.a(wirish_digital.cpp.o)
 .debug_aranges
                0x00000ff8       0x30 c:\Users\fx\Upwork\weather-node\output\core\core.a(wirish_time.cpp.o)
 .debug_aranges
                0x00001028       0x20 c:\Users\fx\Upwork\weather-node\output\core\core.a(hooks.c.o)
 .debug_aranges
                0x00001048       0x40 c:\Users\fx\Upwork\weather-node\output\core\core.a(bkp_f1.c.o)
 .debug_aranges
                0x00001088       0x28 c:\Users\fx\Upwork\weather-node\output\core\core.a(dma.c.o)
 .debug_aranges
                0x000010b0       0x20 c:\Users\fx\Upwork\weather-node\output\core\core.a(gpio.c.o)
 .debug_aranges
                0x000010d0       0x88 c:\Users\fx\Upwork\weather-node\output\core\core.a(i2c.c.o)

.debug_pubnames
 *(.debug_pubnames)

.debug_info     0x00000000    0x2334c
 *(.debug_info .gnu.linkonce.wi.*)
 .debug_info    0x00000000      0xa9d c:\Users\fx\Upwork\weather-node\output\sketch\weatherSIM808.ino.cpp.o
 .debug_info    0x00000a9d      0xb60 c:\Users\fx\Upwork\weather-node\output\libraries\DHT_sensor_library\DHT.cpp.o
 .debug_info    0x000015fd     0x1270 c:\Users\fx\Upwork\weather-node\output\libraries\DHT_sensor_library\DHT_U.cpp.o
 .debug_info    0x0000286d      0x8eb c:\Users\fx\Upwork\weather-node\output\libraries\Adafruit_Unified_Sensor\Adafruit_Sensor.cpp.o
 .debug_info    0x00003158      0xf2e c:\Users\fx\Upwork\weather-node\output\core\board.cpp.o
 .debug_info    0x00004086     0x142b c:\Users\fx\Upwork\weather-node\output\core\wirish\boards.cpp.o
 .debug_info    0x000054b1     0x10c7 c:\Users\fx\Upwork\weather-node\output\core\wirish\boards_setup.cpp.o
 .debug_info    0x00006578       0xf1 c:\Users\fx\Upwork\weather-node\output\core\wirish\start.S.o
 .debug_info    0x00006669      0x14d c:\Users\fx\Upwork\weather-node\output\core\wirish\start_c.c.o
 .debug_info    0x000067b6      0x5cd c:\Users\fx\Upwork\weather-node\output\core\wirish\syscalls.c.o
 .debug_info    0x00006d83     0x29ea c:\Users\fx\Upwork\weather-node\output\core\core.a(HardwareSerial.cpp.o)
 .debug_info    0x0000976d     0x258c c:\Users\fx\Upwork\weather-node\output\core\core.a(Print.cpp.o)
 .debug_info    0x0000bcf9      0x526 c:\Users\fx\Upwork\weather-node\output\core\core.a(cxxabi-compat.cpp.o)
 .debug_info    0x0000c21f      0x79a c:\Users\fx\Upwork\weather-node\output\core\core.a(adc.c.o)
 .debug_info    0x0000c9b9      0xe4a c:\Users\fx\Upwork\weather-node\output\core\core.a(adc_f1.c.o)
 .debug_info    0x0000d803     0x18b1 c:\Users\fx\Upwork\weather-node\output\core\core.a(dma_f1.c.o)
 .debug_info    0x0000f0b4       0xe1 c:\Users\fx\Upwork\weather-node\output\core\core.a(exc.S.o)
 .debug_info    0x0000f195      0xd3c c:\Users\fx\Upwork\weather-node\output\core\core.a(exti.c.o)
 .debug_info    0x0000fed1      0x213 c:\Users\fx\Upwork\weather-node\output\core\core.a(exti_f1.c.o)
 .debug_info    0x000100e4      0x128 c:\Users\fx\Upwork\weather-node\output\core\core.a(flash.c.o)
 .debug_info    0x0001020c      0x715 c:\Users\fx\Upwork\weather-node\output\core\core.a(gpio_f1.c.o)
 .debug_info    0x00010921      0xc25 c:\Users\fx\Upwork\weather-node\output\core\core.a(i2c_f1.c.o)
 .debug_info    0x00011546      0x5a2 c:\Users\fx\Upwork\weather-node\output\core\core.a(nvic.c.o)
 .debug_info    0x00011ae8      0x556 c:\Users\fx\Upwork\weather-node\output\core\core.a(rcc.c.o)
 .debug_info    0x0001203e      0xb64 c:\Users\fx\Upwork\weather-node\output\core\core.a(rcc_f1.c.o)
 .debug_info    0x00012ba2       0xf6 c:\Users\fx\Upwork\weather-node\output\core\core.a(isrs.S.o)
 .debug_info    0x00012c98      0x182 c:\Users\fx\Upwork\weather-node\output\core\core.a(systick.c.o)
 .debug_info    0x00012e1a     0x197d c:\Users\fx\Upwork\weather-node\output\core\core.a(timer.c.o)
 .debug_info    0x00014797      0xc32 c:\Users\fx\Upwork\weather-node\output\core\core.a(usart.c.o)
 .debug_info    0x000153c9      0xb89 c:\Users\fx\Upwork\weather-node\output\core\core.a(usart_f1.c.o)
 .debug_info    0x00015f52      0x595 c:\Users\fx\Upwork\weather-node\output\core\core.a(usart_private.c.o)
 .debug_info    0x000164e7      0xd16 c:\Users\fx\Upwork\weather-node\output\core\core.a(usb.c.o)
 .debug_info    0x000171fd     0x22d2 c:\Users\fx\Upwork\weather-node\output\core\core.a(usb_cdcacm.c.o)
 .debug_info    0x000194cf      0x26c c:\Users\fx\Upwork\weather-node\output\core\core.a(usb_reg_map.c.o)
 .debug_info    0x0001973b      0xddf c:\Users\fx\Upwork\weather-node\output\core\core.a(usb_core.c.o)
 .debug_info    0x0001a51a      0x3ed c:\Users\fx\Upwork\weather-node\output\core\core.a(usb_init.c.o)
 .debug_info    0x0001a907      0x183 c:\Users\fx\Upwork\weather-node\output\core\core.a(usb_mem.c.o)
 .debug_info    0x0001aa8a      0xc88 c:\Users\fx\Upwork\weather-node\output\core\core.a(usb_regs.c.o)
 .debug_info    0x0001b712      0xad2 c:\Users\fx\Upwork\weather-node\output\core\core.a(util.c.o)
 .debug_info    0x0001c1e4       0x99 c:\Users\fx\Upwork\weather-node\output\core\core.a(main.cpp.o)
 .debug_info    0x0001c27d      0x1a1 c:\Users\fx\Upwork\weather-node\output\core\core.a(new.cpp.o)
 .debug_info    0x0001c41e      0xc8a c:\Users\fx\Upwork\weather-node\output\core\core.a(wirish_digital_f1.cpp.o)
 .debug_info    0x0001d0a8     0x2afa c:\Users\fx\Upwork\weather-node\output\core\core.a(usb_serial.cpp.o)
 .debug_info    0x0001fba2      0xb0b c:\Users\fx\Upwork\weather-node\output\core\core.a(wirish_digital.cpp.o)
 .debug_info    0x000206ad      0x2c6 c:\Users\fx\Upwork\weather-node\output\core\core.a(wirish_time.cpp.o)
 .debug_info    0x00020973       0x33 c:\Users\fx\Upwork\weather-node\output\core\core.a(hooks.c.o)
 .debug_info    0x000209a6      0x4ca c:\Users\fx\Upwork\weather-node\output\core\core.a(bkp_f1.c.o)
 .debug_info    0x00020e70      0x6f7 c:\Users\fx\Upwork\weather-node\output\core\core.a(dma.c.o)
 .debug_info    0x00021567      0x313 c:\Users\fx\Upwork\weather-node\output\core\core.a(gpio.c.o)
 .debug_info    0x0002187a     0x1ad2 c:\Users\fx\Upwork\weather-node\output\core\core.a(i2c.c.o)

.debug_abbrev   0x00000000     0x6ffa
 *(.debug_abbrev)
 .debug_abbrev  0x00000000      0x2cf c:\Users\fx\Upwork\weather-node\output\sketch\weatherSIM808.ino.cpp.o
 .debug_abbrev  0x000002cf      0x428 c:\Users\fx\Upwork\weather-node\output\libraries\DHT_sensor_library\DHT.cpp.o
 .debug_abbrev  0x000006f7      0x467 c:\Users\fx\Upwork\weather-node\output\libraries\DHT_sensor_library\DHT_U.cpp.o
 .debug_abbrev  0x00000b5e      0x2e5 c:\Users\fx\Upwork\weather-node\output\libraries\Adafruit_Unified_Sensor\Adafruit_Sensor.cpp.o
 .debug_abbrev  0x00000e43      0x1ea c:\Users\fx\Upwork\weather-node\output\core\board.cpp.o
 .debug_abbrev  0x0000102d      0x3dd c:\Users\fx\Upwork\weather-node\output\core\wirish\boards.cpp.o
 .debug_abbrev  0x0000140a      0x2af c:\Users\fx\Upwork\weather-node\output\core\wirish\boards_setup.cpp.o
 .debug_abbrev  0x000016b9       0x14 c:\Users\fx\Upwork\weather-node\output\core\wirish\start.S.o
 .debug_abbrev  0x000016cd       0xfd c:\Users\fx\Upwork\weather-node\output\core\wirish\start_c.c.o
 .debug_abbrev  0x000017ca      0x17e c:\Users\fx\Upwork\weather-node\output\core\wirish\syscalls.c.o
 .debug_abbrev  0x00001948      0x535 c:\Users\fx\Upwork\weather-node\output\core\core.a(HardwareSerial.cpp.o)
 .debug_abbrev  0x00001e7d      0x414 c:\Users\fx\Upwork\weather-node\output\core\core.a(Print.cpp.o)
 .debug_abbrev  0x00002291      0x163 c:\Users\fx\Upwork\weather-node\output\core\core.a(cxxabi-compat.cpp.o)
 .debug_abbrev  0x000023f4      0x20b c:\Users\fx\Upwork\weather-node\output\core\core.a(adc.c.o)
 .debug_abbrev  0x000025ff      0x2e6 c:\Users\fx\Upwork\weather-node\output\core\core.a(adc_f1.c.o)
 .debug_abbrev  0x000028e5      0x3e9 c:\Users\fx\Upwork\weather-node\output\core\core.a(dma_f1.c.o)
 .debug_abbrev  0x00002cce       0x14 c:\Users\fx\Upwork\weather-node\output\core\core.a(exc.S.o)
 .debug_abbrev  0x00002ce2      0x286 c:\Users\fx\Upwork\weather-node\output\core\core.a(exti.c.o)
 .debug_abbrev  0x00002f68       0xdb c:\Users\fx\Upwork\weather-node\output\core\core.a(exti_f1.c.o)
 .debug_abbrev  0x00003043       0x9f c:\Users\fx\Upwork\weather-node\output\core\core.a(flash.c.o)
 .debug_abbrev  0x000030e2      0x191 c:\Users\fx\Upwork\weather-node\output\core\core.a(gpio_f1.c.o)
 .debug_abbrev  0x00003273      0x20b c:\Users\fx\Upwork\weather-node\output\core\core.a(i2c_f1.c.o)
 .debug_abbrev  0x0000347e      0x1ac c:\Users\fx\Upwork\weather-node\output\core\core.a(nvic.c.o)
 .debug_abbrev  0x0000362a      0x17f c:\Users\fx\Upwork\weather-node\output\core\core.a(rcc.c.o)
 .debug_abbrev  0x000037a9      0x28c c:\Users\fx\Upwork\weather-node\output\core\core.a(rcc_f1.c.o)
 .debug_abbrev  0x00003a35       0x14 c:\Users\fx\Upwork\weather-node\output\core\core.a(isrs.S.o)
 .debug_abbrev  0x00003a49      0x10f c:\Users\fx\Upwork\weather-node\output\core\core.a(systick.c.o)
 .debug_abbrev  0x00003b58      0x4c8 c:\Users\fx\Upwork\weather-node\output\core\core.a(timer.c.o)
 .debug_abbrev  0x00004020      0x2ff c:\Users\fx\Upwork\weather-node\output\core\core.a(usart.c.o)
 .debug_abbrev  0x0000431f      0x2ad c:\Users\fx\Upwork\weather-node\output\core\core.a(usart_f1.c.o)
 .debug_abbrev  0x000045cc      0x144 c:\Users\fx\Upwork\weather-node\output\core\core.a(usart_private.c.o)
 .debug_abbrev  0x00004710      0x352 c:\Users\fx\Upwork\weather-node\output\core\core.a(usb.c.o)
 .debug_abbrev  0x00004a62      0x47d c:\Users\fx\Upwork\weather-node\output\core\core.a(usb_cdcacm.c.o)
 .debug_abbrev  0x00004edf      0x193 c:\Users\fx\Upwork\weather-node\output\core\core.a(usb_reg_map.c.o)
 .debug_abbrev  0x00005072      0x3a6 c:\Users\fx\Upwork\weather-node\output\core\core.a(usb_core.c.o)
 .debug_abbrev  0x00005418      0x101 c:\Users\fx\Upwork\weather-node\output\core\core.a(usb_init.c.o)
 .debug_abbrev  0x00005519       0xa6 c:\Users\fx\Upwork\weather-node\output\core\core.a(usb_mem.c.o)
 .debug_abbrev  0x000055bf      0x1f3 c:\Users\fx\Upwork\weather-node\output\core\core.a(usb_regs.c.o)
 .debug_abbrev  0x000057b2      0x2cb c:\Users\fx\Upwork\weather-node\output\core\core.a(util.c.o)
 .debug_abbrev  0x00005a7d       0x7b c:\Users\fx\Upwork\weather-node\output\core\core.a(main.cpp.o)
 .debug_abbrev  0x00005af8       0xda c:\Users\fx\Upwork\weather-node\output\core\core.a(new.cpp.o)
 .debug_abbrev  0x00005bd2      0x240 c:\Users\fx\Upwork\weather-node\output\core\core.a(wirish_digital_f1.cpp.o)
 .debug_abbrev  0x00005e12      0x635 c:\Users\fx\Upwork\weather-node\output\core\core.a(usb_serial.cpp.o)
 .debug_abbrev  0x00006447      0x17e c:\Users\fx\Upwork\weather-node\output\core\core.a(wirish_digital.cpp.o)
 .debug_abbrev  0x000065c5      0x189 c:\Users\fx\Upwork\weather-node\output\core\core.a(wirish_time.cpp.o)
 .debug_abbrev  0x0000674e       0x26 c:\Users\fx\Upwork\weather-node\output\core\core.a(hooks.c.o)
 .debug_abbrev  0x00006774      0x1c4 c:\Users\fx\Upwork\weather-node\output\core\core.a(bkp_f1.c.o)
 .debug_abbrev  0x00006938      0x182 c:\Users\fx\Upwork\weather-node\output\core\core.a(dma.c.o)
 .debug_abbrev  0x00006aba      0x113 c:\Users\fx\Upwork\weather-node\output\core\core.a(gpio.c.o)
 .debug_abbrev  0x00006bcd      0x42d c:\Users\fx\Upwork\weather-node\output\core\core.a(i2c.c.o)

.debug_line     0x00000000     0xbc92
 *(.debug_line)
 .debug_line    0x00000000      0x51b c:\Users\fx\Upwork\weather-node\output\sketch\weatherSIM808.ino.cpp.o
 .debug_line    0x0000051b      0x54d c:\Users\fx\Upwork\weather-node\output\libraries\DHT_sensor_library\DHT.cpp.o
 .debug_line    0x00000a68      0x603 c:\Users\fx\Upwork\weather-node\output\libraries\DHT_sensor_library\DHT_U.cpp.o
 .debug_line    0x0000106b      0x3ef c:\Users\fx\Upwork\weather-node\output\libraries\Adafruit_Unified_Sensor\Adafruit_Sensor.cpp.o
 .debug_line    0x0000145a      0x448 c:\Users\fx\Upwork\weather-node\output\core\board.cpp.o
 .debug_line    0x000018a2      0x4c1 c:\Users\fx\Upwork\weather-node\output\core\wirish\boards.cpp.o
 .debug_line    0x00001d63      0x4b2 c:\Users\fx\Upwork\weather-node\output\core\wirish\boards_setup.cpp.o
 .debug_line    0x00002215       0xb3 c:\Users\fx\Upwork\weather-node\output\core\wirish\start.S.o
 .debug_line    0x000022c8       0xc1 c:\Users\fx\Upwork\weather-node\output\core\wirish\start_c.c.o
 .debug_line    0x00002389      0x303 c:\Users\fx\Upwork\weather-node\output\core\wirish\syscalls.c.o
 .debug_line    0x0000268c      0x54e c:\Users\fx\Upwork\weather-node\output\core\core.a(HardwareSerial.cpp.o)
 .debug_line    0x00002bda      0x5bd c:\Users\fx\Upwork\weather-node\output\core\core.a(Print.cpp.o)
 .debug_line    0x00003197      0x262 c:\Users\fx\Upwork\weather-node\output\core\core.a(cxxabi-compat.cpp.o)
 .debug_line    0x000033f9      0x339 c:\Users\fx\Upwork\weather-node\output\core\core.a(adc.c.o)
 .debug_line    0x00003732      0x3e5 c:\Users\fx\Upwork\weather-node\output\core\core.a(adc_f1.c.o)
 .debug_line    0x00003b17      0x669 c:\Users\fx\Upwork\weather-node\output\core\core.a(dma_f1.c.o)
 .debug_line    0x00004180       0xb6 c:\Users\fx\Upwork\weather-node\output\core\core.a(exc.S.o)
 .debug_line    0x00004236      0x412 c:\Users\fx\Upwork\weather-node\output\core\core.a(exti.c.o)
 .debug_line    0x00004648      0x33a c:\Users\fx\Upwork\weather-node\output\core\core.a(exti_f1.c.o)
 .debug_line    0x00004982      0x2bb c:\Users\fx\Upwork\weather-node\output\core\core.a(flash.c.o)
 .debug_line    0x00004c3d      0x364 c:\Users\fx\Upwork\weather-node\output\core\core.a(gpio_f1.c.o)
 .debug_line    0x00004fa1      0x447 c:\Users\fx\Upwork\weather-node\output\core\core.a(i2c_f1.c.o)
 .debug_line    0x000053e8      0x323 c:\Users\fx\Upwork\weather-node\output\core\core.a(nvic.c.o)
 .debug_line    0x0000570b      0x3bb c:\Users\fx\Upwork\weather-node\output\core\core.a(rcc.c.o)
 .debug_line    0x00005ac6      0x408 c:\Users\fx\Upwork\weather-node\output\core\core.a(rcc_f1.c.o)
 .debug_line    0x00005ece       0xb3 c:\Users\fx\Upwork\weather-node\output\core\core.a(isrs.S.o)
 .debug_line    0x00005f81      0x28e c:\Users\fx\Upwork\weather-node\output\core\core.a(systick.c.o)
 .debug_line    0x0000620f      0x61b c:\Users\fx\Upwork\weather-node\output\core\core.a(timer.c.o)
 .debug_line    0x0000682a      0x451 c:\Users\fx\Upwork\weather-node\output\core\core.a(usart.c.o)
 .debug_line    0x00006c7b      0x458 c:\Users\fx\Upwork\weather-node\output\core\core.a(usart_f1.c.o)
 .debug_line    0x000070d3      0x2f7 c:\Users\fx\Upwork\weather-node\output\core\core.a(usart_private.c.o)
 .debug_line    0x000073ca      0x52d c:\Users\fx\Upwork\weather-node\output\core\core.a(usb.c.o)
 .debug_line    0x000078f7      0x93b c:\Users\fx\Upwork\weather-node\output\core\core.a(usb_cdcacm.c.o)
 .debug_line    0x00008232      0x2ee c:\Users\fx\Upwork\weather-node\output\core\core.a(usb_reg_map.c.o)
 .debug_line    0x00008520      0x42f c:\Users\fx\Upwork\weather-node\output\core\core.a(usb_core.c.o)
 .debug_line    0x0000894f      0x144 c:\Users\fx\Upwork\weather-node\output\core\core.a(usb_init.c.o)
 .debug_line    0x00008a93      0x17e c:\Users\fx\Upwork\weather-node\output\core\core.a(usb_mem.c.o)
 .debug_line    0x00008c11      0x5a8 c:\Users\fx\Upwork\weather-node\output\core\core.a(usb_regs.c.o)
 .debug_line    0x000091b9      0x3bf c:\Users\fx\Upwork\weather-node\output\core\core.a(util.c.o)
 .debug_line    0x00009578       0xae c:\Users\fx\Upwork\weather-node\output\core\core.a(main.cpp.o)
 .debug_line    0x00009626      0x1ce c:\Users\fx\Upwork\weather-node\output\core\core.a(new.cpp.o)
 .debug_line    0x000097f4      0x3e8 c:\Users\fx\Upwork\weather-node\output\core\core.a(wirish_digital_f1.cpp.o)
 .debug_line    0x00009bdc      0x6be c:\Users\fx\Upwork\weather-node\output\core\core.a(usb_serial.cpp.o)
 .debug_line    0x0000a29a      0x36d c:\Users\fx\Upwork\weather-node\output\core\core.a(wirish_digital.cpp.o)
 .debug_line    0x0000a607      0x351 c:\Users\fx\Upwork\weather-node\output\core\core.a(wirish_time.cpp.o)
 .debug_line    0x0000a958       0x97 c:\Users\fx\Upwork\weather-node\output\core\core.a(hooks.c.o)
 .debug_line    0x0000a9ef      0x335 c:\Users\fx\Upwork\weather-node\output\core\core.a(bkp_f1.c.o)
 .debug_line    0x0000ad24      0x384 c:\Users\fx\Upwork\weather-node\output\core\core.a(dma.c.o)
 .debug_line    0x0000b0a8      0x2e0 c:\Users\fx\Upwork\weather-node\output\core\core.a(gpio.c.o)
 .debug_line    0x0000b388      0x90a c:\Users\fx\Upwork\weather-node\output\core\core.a(i2c.c.o)

.debug_frame    0x00000000     0x29c0
 *(.debug_frame)
 .debug_frame   0x00000000       0xbc c:\Users\fx\Upwork\weather-node\output\sketch\weatherSIM808.ino.cpp.o
 .debug_frame   0x000000bc      0x128 c:\Users\fx\Upwork\weather-node\output\libraries\DHT_sensor_library\DHT.cpp.o
 .debug_frame   0x000001e4      0x18c c:\Users\fx\Upwork\weather-node\output\libraries\DHT_sensor_library\DHT_U.cpp.o
 .debug_frame   0x00000370       0x2c c:\Users\fx\Upwork\weather-node\output\libraries\Adafruit_Unified_Sensor\Adafruit_Sensor.cpp.o
 .debug_frame   0x0000039c       0x38 c:\Users\fx\Upwork\weather-node\output\core\board.cpp.o
 .debug_frame   0x000003d4       0x84 c:\Users\fx\Upwork\weather-node\output\core\wirish\boards.cpp.o
 .debug_frame   0x00000458       0x74 c:\Users\fx\Upwork\weather-node\output\core\wirish\boards_setup.cpp.o
 .debug_frame   0x000004cc       0x28 c:\Users\fx\Upwork\weather-node\output\core\wirish\start_c.c.o
 .debug_frame   0x000004f4      0x130 c:\Users\fx\Upwork\weather-node\output\core\wirish\syscalls.c.o
 .debug_frame   0x00000624      0x10c c:\Users\fx\Upwork\weather-node\output\core\core.a(HardwareSerial.cpp.o)
 .debug_frame   0x00000730      0x378 c:\Users\fx\Upwork\weather-node\output\core\core.a(Print.cpp.o)
 .debug_frame   0x00000aa8       0x38 c:\Users\fx\Upwork\weather-node\output\core\core.a(cxxabi-compat.cpp.o)
 .debug_frame   0x00000ae0       0x64 c:\Users\fx\Upwork\weather-node\output\core\core.a(adc.c.o)
 .debug_frame   0x00000b44       0xb4 c:\Users\fx\Upwork\weather-node\output\core\core.a(adc_f1.c.o)
 .debug_frame   0x00000bf8      0x190 c:\Users\fx\Upwork\weather-node\output\core\core.a(dma_f1.c.o)
 .debug_frame   0x00000d88      0x11c c:\Users\fx\Upwork\weather-node\output\core\core.a(exti.c.o)
 .debug_frame   0x00000ea4       0x20 c:\Users\fx\Upwork\weather-node\output\core\core.a(exti_f1.c.o)
 .debug_frame   0x00000ec4       0x20 c:\Users\fx\Upwork\weather-node\output\core\core.a(flash.c.o)
 .debug_frame   0x00000ee4       0x8c c:\Users\fx\Upwork\weather-node\output\core\core.a(gpio_f1.c.o)
 .debug_frame   0x00000f70       0x94 c:\Users\fx\Upwork\weather-node\output\core\core.a(i2c_f1.c.o)
 .debug_frame   0x00001004       0x5c c:\Users\fx\Upwork\weather-node\output\core\core.a(nvic.c.o)
 .debug_frame   0x00001060       0x70 c:\Users\fx\Upwork\weather-node\output\core\core.a(rcc.c.o)
 .debug_frame   0x000010d0       0x98 c:\Users\fx\Upwork\weather-node\output\core\core.a(rcc_f1.c.o)
 .debug_frame   0x00001168       0x68 c:\Users\fx\Upwork\weather-node\output\core\core.a(systick.c.o)
 .debug_frame   0x000011d0      0x1c0 c:\Users\fx\Upwork\weather-node\output\core\core.a(timer.c.o)