Archive member included because of file (symbol)

/home/fx/Upwork/weather-node/output/core/core.a(HardwareSerial.cpp.o)
                              /home/fx/Upwork/weather-node/output/sketch/weatherSIM808.ino.cpp.o (HardwareSerial::read())
/home/fx/Upwork/weather-node/output/core/core.a(Print.cpp.o)
                              /home/fx/Upwork/weather-node/output/core/core.a(HardwareSerial.cpp.o) (Print::write(void const*, unsigned long))
/home/fx/Upwork/weather-node/output/core/core.a(cxxabi-compat.cpp.o)
                              /home/fx/Upwork/weather-node/output/libraries/DHT_sensor_library/DHT_U.cpp.o (__cxa_pure_virtual)
/home/fx/Upwork/weather-node/output/core/core.a(adc.c.o)
                              /home/fx/Upwork/weather-node/output/core/wirish/boards.cpp.o (adc_set_sample_rate)
/home/fx/Upwork/weather-node/output/core/core.a(adc_f1.c.o)
                              (__irq_adc)
/home/fx/Upwork/weather-node/output/core/core.a(dma_f1.c.o)
                              (__irq_dma1_channel1)
/home/fx/Upwork/weather-node/output/core/core.a(exc.S.o)
                              (__exc_nmi)
/home/fx/Upwork/weather-node/output/core/core.a(exti.c.o)
                              (__irq_exti0)
/home/fx/Upwork/weather-node/output/core/core.a(exti_f1.c.o)
                              /home/fx/Upwork/weather-node/output/core/core.a(exti.c.o) (exti_select)
/home/fx/Upwork/weather-node/output/core/core.a(flash.c.o)
                              /home/fx/Upwork/weather-node/output/core/wirish/boards.cpp.o (flash_set_latency)
/home/fx/Upwork/weather-node/output/core/core.a(gpio_f1.c.o)
                              /home/fx/Upwork/weather-node/output/core/wirish/boards_setup.cpp.o (gpio_init_all)
/home/fx/Upwork/weather-node/output/core/core.a(i2c_f1.c.o)
                              (__irq_i2c1_ev)
/home/fx/Upwork/weather-node/output/core/core.a(nvic.c.o)
                              /home/fx/Upwork/weather-node/output/core/core.a(i2c_f1.c.o) (nvic_irq_set_priority)
/home/fx/Upwork/weather-node/output/core/core.a(rcc.c.o)
                              /home/fx/Upwork/weather-node/output/core/wirish/boards.cpp.o (rcc_switch_sysclk)
/home/fx/Upwork/weather-node/output/core/core.a(rcc_f1.c.o)
                              /home/fx/Upwork/weather-node/output/core/wirish/boards.cpp.o (rcc_configure_pll)
/home/fx/Upwork/weather-node/output/core/core.a(isrs.S.o)
                              (__stm32reservedexception7)
/home/fx/Upwork/weather-node/output/core/core.a(vector_table.S.o)
                              (__stm32_vector_table)
/home/fx/Upwork/weather-node/output/core/core.a(systick.c.o)
                              /home/fx/Upwork/weather-node/output/core/wirish/boards.cpp.o (systick_init)
/home/fx/Upwork/weather-node/output/core/core.a(timer.c.o)
                              /home/fx/Upwork/weather-node/output/core/wirish/boards.cpp.o (timer_foreach)
/home/fx/Upwork/weather-node/output/core/core.a(usart.c.o)
                              /home/fx/Upwork/weather-node/output/core/core.a(HardwareSerial.cpp.o) (usart_init)
/home/fx/Upwork/weather-node/output/core/core.a(usart_f1.c.o)
                              /home/fx/Upwork/weather-node/output/core/core.a(HardwareSerial.cpp.o) (usart_config_gpios_async)
/home/fx/Upwork/weather-node/output/core/core.a(usart_private.c.o)
                              /home/fx/Upwork/weather-node/output/core/core.a(usart_f1.c.o) (_usart_clock_freq)
/home/fx/Upwork/weather-node/output/core/core.a(usb.c.o)
                              (__irq_usb_lp_can_rx0)
/home/fx/Upwork/weather-node/output/core/core.a(usb_cdcacm.c.o)
                              /home/fx/Upwork/weather-node/output/core/core.a(usb.c.o) (User_Standard_Requests)
/home/fx/Upwork/weather-node/output/core/core.a(usb_reg_map.c.o)
                              /home/fx/Upwork/weather-node/output/core/core.a(usb_cdcacm.c.o) (usb_set_ep_rx_count)
/home/fx/Upwork/weather-node/output/core/core.a(usb_core.c.o)
                              /home/fx/Upwork/weather-node/output/core/core.a(usb_cdcacm.c.o) (Standard_GetDescriptorData)
/home/fx/Upwork/weather-node/output/core/core.a(usb_init.c.o)
                              /home/fx/Upwork/weather-node/output/core/core.a(usb.c.o) (pInformation)
/home/fx/Upwork/weather-node/output/core/core.a(usb_mem.c.o)
                              /home/fx/Upwork/weather-node/output/core/core.a(usb_core.c.o) (UserToPMABufferCopy)
/home/fx/Upwork/weather-node/output/core/core.a(usb_regs.c.o)
                              /home/fx/Upwork/weather-node/output/core/core.a(usb_core.c.o) (SetEPTxStatus)
/home/fx/Upwork/weather-node/output/core/core.a(util.c.o)
                              /home/fx/Upwork/weather-node/output/core/core.a(exc.S.o) (__error)
/home/fx/Upwork/weather-node/output/core/core.a(main.cpp.o)
                              (main)
/home/fx/Upwork/weather-node/output/core/core.a(new.cpp.o)
[...]
Memory Configuration

Name             Origin             Length             Attributes
ram              0x0000000020000000 0x0000000000005000 xrw
rom              0x0000000008000000 0x0000000000010000 xr
*default*        0x0000000000000000 0xffffffffffffffff

Linker script and memory map

LOAD /home/fx/.arduino15/packages/arduino/tools/arm-none-eabi-gcc/4.8.3-2014q1/bin/../lib/gcc/arm-none-eabi/4.8.3/armv7-m/crti.o
LOAD /home/fx/.arduino15/packages/arduino/tools/arm-none-eabi-gcc/4.8.3-2014q1/bin/../lib/gcc/arm-none-eabi/4.8.3/armv7-m/crtbegin.o
LOAD /home/fx/.arduino15/packages/arduino/tools/arm-none-eabi-gcc/4.8.3-2014q1/bin/../lib/gcc/arm-none-eabi/4.8.3/../../../../arm-none-eabi/lib/armv7-m/crt0.o
LOAD /home/fx/.arduino15/packages/arduino/tools/arm-none-eabi-gcc/4.8.3-2014q1/bin/../lib/gcc/arm-none-eabi/4.8.3/armv7-m/libgcc.a
START GROUP
LOAD /home/fx/Upwork/weather-node/output/sketch/weatherSIM808.ino.cpp.o
LOAD /home/fx/Upwork/weather-node/output/libraries/FreeRTOS821/MapleFreeRTOS821.cpp.o
LOAD /home/fx/Upwork/weather-node/output/libraries/FreeRTOS821/utility/croutine.c.o
LOAD /home/fx/Upwork/weather-node/output/libraries/FreeRTOS821/utility/event_groups.c.o
LOAD /home/fx/Upwork/weather-node/output/libraries/FreeRTOS821/utility/heap_1.c.o
LOAD /home/fx/Upwork/weather-node/output/libraries/FreeRTOS821/utility/list.c.o
LOAD /home/fx/Upwork/weather-node/output/libraries/FreeRTOS821/utility/port.c.o
LOAD /home/fx/Upwork/weather-node/output/libraries/FreeRTOS821/utility/queue.c.o
LOAD /home/fx/Upwork/weather-node/output/libraries/FreeRTOS821/utility/tasks.c.o
LOAD /home/fx/Upwork/weather-node/output/libraries/FreeRTOS821/utility/timers.c.o
LOAD /home/fx/Upwork/weather-node/output/libraries/DHT_sensor_library/DHT.cpp.o
LOAD /home/fx/Upwork/weather-node/output/libraries/DHT_sensor_library/DHT_U.cpp.o
LOAD /home/fx/Upwork/weather-node/output/libraries/Adafruit_Unified_Sensor/Adafruit_Sensor.cpp.o
LOAD /home/fx/Upwork/weather-node/output/core/board.cpp.o
LOAD /home/fx/Upwork/weather-node/output/core/wirish/boards.cpp.o
LOAD /home/fx/Upwork/weather-node/output/core/wirish/boards_setup.cpp.o
LOAD /home/fx/Upwork/weather-node/output/core/wirish/start.S.o
LOAD /home/fx/Upwork/weather-node/output/core/wirish/start_c.c.o
LOAD /home/fx/Upwork/weather-node/output/core/wirish/syscalls.c.o
LOAD /home/fx/Upwork/weather-node/output/core/core.a
END GROUP
LOAD /home/fx/.arduino15/packages/arduino/tools/arm-none-eabi-gcc/4.8.3-2014q1/bin/../lib/gcc/arm-none-eabi/4.8.3/../../../../arm-none-eabi/lib/armv7-m/libstdc++.a
LOAD /home/fx/.arduino15/packages/arduino/tools/arm-none-eabi-gcc/4.8.3-2014q1/bin/../lib/gcc/arm-none-eabi/4.8.3/../../../../arm-none-eabi/lib/armv7-m/libm.a
START GROUP
LOAD /home/fx/.arduino15/packages/arduino/tools/arm-none-eabi-gcc/4.8.3-2014q1/bin/../lib/gcc/arm-none-eabi/4.8.3/armv7-m/libgcc.a
LOAD /home/fx/.arduino15/packages/arduino/tools/arm-none-eabi-gcc/4.8.3-2014q1/bin/../lib/gcc/arm-none-eabi/4.8.3/../../../../arm-none-eabi/lib/armv7-m/libc.a
END GROUP
LOAD /home/fx/.arduino15/packages/arduino/tools/arm-none-eabi-gcc/4.8.3-2014q1/bin/../lib/gcc/arm-none-eabi/4.8.3/armv7-m/crtend.o
LOAD /home/fx/.arduino15/packages/arduino/tools/arm-none-eabi-gcc/4.8.3-2014q1/bin/../lib/gcc/arm-none-eabi/4.8.3/armv7-m/crtn.o
START GROUP
LOAD /home/fx/.arduino15/packages/arduino/tools/arm-none-eabi-gcc/4.8.3-2014q1/bin/../lib/gcc/arm-none-eabi/4.8.3/armv7-m/libgcc.a
LOAD /home/fx/.arduino15/packages/arduino/tools/arm-none-eabi-gcc/4.8.3-2014q1/bin/../lib/gcc/arm-none-eabi/4.8.3/../../../../arm-none-eabi/lib/armv7-m/libc.a
LOAD /home/fx/.arduino15/packages/arduino/tools/arm-none-eabi-gcc/4.8.3-2014q1/bin/../lib/gcc/arm-none-eabi/4.8.3/../../../../arm-none-eabi/lib/armv7-m/libm.a
END GROUP
START GROUP
LOAD /home/fx/.arduino15/packages/arduino/tools/arm-none-eabi-gcc/4.8.3-2014q1/bin/../lib/gcc/arm-none-eabi/4.8.3/../../../../arm-none-eabi/lib/armv7-m/libnosys.a
END GROUP
                0x0000000020005000                PROVIDE (__msp_init, (ORIGIN (ram) + 0x5000))
                0x0000000008001528                PROVIDE (__exc_reset, __start__)

.text           0x0000000008000000     0x8db8
                0x0000000008000000                __text_start__ = .
 *(.stm32.interrupt_vector)
 .stm32.interrupt_vector
                0x0000000008000000       0xec /home/fx/Upwork/weather-node/output/core/core.a(vector_table.S.o)
                0x0000000008000000                __stm32_vector_table
 *(.text .text.* .gnu.linkonce.t.*)
 .text          0x00000000080000ec       0x54 /home/fx/.arduino15/packages/arduino/tools/arm-none-eabi-gcc/4.8.3-2014q1/bin/../lib/gcc/arm-none-eabi/4.8.3/armv7-m/crtbegin.o
 .text._Z11readTempHumv
                0x0000000008000140       0x2c /home/fx/Upwork/weather-node/output/sketch/weatherSIM808.ino.cpp.o
                0x0000000008000140                readTempHum()
 .text._Z17processingPM1Datac
                0x000000000800016c       0x68 /home/fx/Upwork/weather-node/output/sketch/weatherSIM808.ino.cpp.o
                0x000000000800016c                processingPM1Data(char)
 .text._Z17processingPM2Datac
                0x00000000080001d4       0x64 /home/fx/Upwork/weather-node/output/sketch/weatherSIM808.ino.cpp.o
                0x00000000080001d4                processingPM2Data(char)
 .text._Z9buildJSONv
                0x0000000008000238       0xa4 /home/fx/Upwork/weather-node/output/sketch/weatherSIM808.ino.cpp.o
                0x0000000008000238                buildJSON()
 .text._Z6mPowerv
                0x00000000080002dc       0x30 /home/fx/Upwork/weather-node/output/sketch/weatherSIM808.ino.cpp.o
                0x00000000080002dc                mPower()
 .text._Z5blinkv
                0x000000000800030c       0x26 /home/fx/Upwork/weather-node/output/sketch/weatherSIM808.ino.cpp.o
                0x000000000800030c                blink()
 *fill*         0x0000000008000332        0x2 
 .text._Z7procCGRv
                0x0000000008000334       0x28 /home/fx/Upwork/weather-node/output/sketch/weatherSIM808.ino.cpp.o
                0x0000000008000334                procCGR()
 .text._Z7procCGNv
                0x000000000800035c       0x74 /home/fx/Upwork/weather-node/output/sketch/weatherSIM808.ino.cpp.o
                0x000000000800035c                procCGN()
 .text._Z6waitOki
                0x00000000080003d0       0x48 /home/fx/Upwork/weather-node/output/sketch/weatherSIM808.ino.cpp.o
                0x00000000080003d0                waitOk(int)
 .text._Z11sendCommandPKci
                0x0000000008000418       0x38 /home/fx/Upwork/weather-node/output/sketch/weatherSIM808.ino.cpp.o
                0x0000000008000418                sendCommand(char const*, int)
 .text._Z10sim808Initv
                0x0000000008000450       0x28 /home/fx/Upwork/weather-node/output/sketch/weatherSIM808.ino.cpp.o
                0x0000000008000450                sim808Init()
 .text._ZL10task_modemPv
                0x0000000008000478      0x158 /home/fx/Upwork/weather-node/output/sketch/weatherSIM808.ino.cpp.o
 .text._Z5setupv
                0x00000000080005d0       0xc8 /home/fx/Upwork/weather-node/output/sketch/weatherSIM808.ino.cpp.o
                0x00000000080005d0                setup()
 .text._Z4loopv
                0x0000000008000698        0x2 /home/fx/Upwork/weather-node/output/sketch/weatherSIM808.ino.cpp.o
                0x0000000008000698                loop()
 *fill*         0x000000000800069a        0x2 
 .text.startup._GLOBAL__sub_I_dht
                0x000000000800069c       0x10 /home/fx/Upwork/weather-node/output/sketch/weatherSIM808.ino.cpp.o
 .text._Z7readPM1v
                0x00000000080006ac       0x20 /home/fx/Upwork/weather-node/output/sketch/weatherSIM808.ino.cpp.o
                0x00000000080006ac                readPM1()
 .text._Z7readPM2v
                0x00000000080006cc       0x20 /home/fx/Upwork/weather-node/output/sketch/weatherSIM808.ino.cpp.o
                0x00000000080006cc                readPM2()
 .text._ZL12task_sensorsPv
                0x00000000080006ec       0x14 /home/fx/Upwork/weather-node/output/sketch/weatherSIM808.ino.cpp.o
 .text._ZL14task_readModemPv
                0x0000000008000700       0xf8 /home/fx/Upwork/weather-node/output/sketch/weatherSIM808.ino.cpp.o
 .text.vApplicationStackOverflowHook
                0x00000000080007f8        0x2 /home/fx/Upwork/weather-node/output/libraries/FreeRTOS821/MapleFreeRTOS821.cpp.o
                0x00000000080007f8                vApplicationStackOverflowHook
 *fill*         0x00000000080007fa        0x2 
 .text.pvPortMalloc
                0x00000000080007fc       0x50 /home/fx/Upwork/weather-node/output/libraries/FreeRTOS821/utility/heap_1.c.o
                0x00000000080007fc                pvPortMalloc
 .text.vPortFree
                0x000000000800084c        0x2 /home/fx/Upwork/weather-node/output/libraries/FreeRTOS821/utility/heap_1.c.o
                0x000000000800084c                vPortFree
 .text.vListInitialise
                0x000000000800084e       0x16 /home/fx/Upwork/weather-node/output/libraries/FreeRTOS821/utility/list.c.o
                0x000000000800084e                vListInitialise
 .text.vListInitialiseItem
                0x0000000008000864        0x6 /home/fx/Upwork/weather-node/output/libraries/FreeRTOS821/utility/list.c.o
                0x0000000008000864                vListInitialiseItem
 .text.vListInsertEnd
                0x000000000800086a       0x18 /home/fx/Upwork/weather-node/output/libraries/FreeRTOS821/utility/list.c.o
                0x000000000800086a                vListInsertEnd
 .text.vListInsert
                0x0000000008000882       0x30 /home/fx/Upwork/weather-node/output/libraries/FreeRTOS821/utility/list.c.o
                0x0000000008000882                vListInsert
 .text.uxListRemove
                0x00000000080008b2       0x20 /home/fx/Upwork/weather-node/output/libraries/FreeRTOS821/utility/list.c.o
                0x00000000080008b2                uxListRemove
 *fill*         0x00000000080008d2        0x2 
 .text.prvPortStartFirstTask
                0x00000000080008d4       0x20 /home/fx/Upwork/weather-node/output/libraries/FreeRTOS821/utility/port.c.o
 .text.pxPortInitialiseStack
                0x00000000080008f4       0x1c /home/fx/Upwork/weather-node/output/libraries/FreeRTOS821/utility/port.c.o
                0x00000000080008f4                pxPortInitialiseStack
 .text.__exc_svc
                0x0000000008000910       0x28 /home/fx/Upwork/weather-node/output/libraries/FreeRTOS821/utility/port.c.o
                0x0000000008000910                __exc_svc
 .text.vPortYield
                0x0000000008000938       0x18 /home/fx/Upwork/weather-node/output/libraries/FreeRTOS821/utility/port.c.o
                0x0000000008000938                vPortYield
 .text.ulPortSetInterruptMask
                0x0000000008000950       0x10 /home/fx/Upwork/weather-node/output/libraries/FreeRTOS821/utility/port.c.o
                0x0000000008000950                ulPortSetInterruptMask
 .text.prvTaskExitError
                0x0000000008000960        0x8 /home/fx/Upwork/weather-node/output/libraries/FreeRTOS821/utility/port.c.o
 .text.xPortStartScheduler
                0x0000000008000968       0x38 /home/fx/Upwork/weather-node/output/libraries/FreeRTOS821/utility/port.c.o
                0x0000000008000968                xPortStartScheduler
 .text.vPortEnterCritical
                0x00000000080009a0       0x1c /home/fx/Upwork/weather-node/output/libraries/FreeRTOS821/utility/port.c.o
                0x00000000080009a0                vPortEnterCritical
 .text.vPortClearInterruptMask
                0x00000000080009bc        0x6 /home/fx/Upwork/weather-node/output/libraries/FreeRTOS821/utility/port.c.o
                0x00000000080009bc                vPortClearInterruptMask
 *fill*         0x00000000080009c2        0x2 
 .text.vPortExitCritical
                0x00000000080009c4       0x14 /home/fx/Upwork/weather-node/output/libraries/FreeRTOS821/utility/port.c.o
                0x00000000080009c4                vPortExitCritical
 .text.xPortSysTickHandler
                0x00000000080009d8       0x24 /home/fx/Upwork/weather-node/output/libraries/FreeRTOS821/utility/port.c.o
                0x00000000080009d8                xPortSysTickHandler
 .text.__exc_pendsv
                0x00000000080009fc       0x48 /home/fx/Upwork/weather-node/output/libraries/FreeRTOS821/utility/port.c.o
                0x00000000080009fc                __exc_pendsv
 .text.prvResetNextTaskUnblockTime
                0x0000000008000a44       0x24 /home/fx/Upwork/weather-node/output/libraries/FreeRTOS821/utility/tasks.c.o
 .text.prvAddCurrentTaskToDelayedList
                0x0000000008000a68       0x50 /home/fx/Upwork/weather-node/output/libraries/FreeRTOS821/utility/tasks.c.o
 .text.xTaskGenericCreate
                0x0000000008000ab8      0x1a4 /home/fx/Upwork/weather-node/output/libraries/FreeRTOS821/utility/tasks.c.o
                0x0000000008000ab8                xTaskGenericCreate
 .text.vTaskStartScheduler
                0x0000000008000c5c       0x4c /home/fx/Upwork/weather-node/output/libraries/FreeRTOS821/utility/tasks.c.o
                0x0000000008000c5c                vTaskStartScheduler
 .text.vTaskSuspendAll
                0x0000000008000ca8       0x10 /home/fx/Upwork/weather-node/output/libraries/FreeRTOS821/utility/tasks.c.o
                0x0000000008000ca8                vTaskSuspendAll
 .text.xTaskIncrementTick
                0x0000000008000cb8       0xfc /home/fx/Upwork/weather-node/output/libraries/FreeRTOS821/utility/tasks.c.o
                0x0000000008000cb8                xTaskIncrementTick
 .text.xTaskResumeAll
                0x0000000008000db4       0xc0 /home/fx/Upwork/weather-node/output/libraries/FreeRTOS821/utility/tasks.c.o
                0x0000000008000db4                xTaskResumeAll
 .text.vTaskDelay
                0x0000000008000e74       0x54 /home/fx/Upwork/weather-node/output/libraries/FreeRTOS821/utility/tasks.c.o
                0x0000000008000e74                vTaskDelay
 .text.prvIdleTask
                0x0000000008000ec8       0x64 /home/fx/Upwork/weather-node/output/libraries/FreeRTOS821/utility/tasks.c.o
 .text.vTaskSwitchContext
                0x0000000008000f2c       0x8c /home/fx/Upwork/weather-node/output/libraries/FreeRTOS821/utility/tasks.c.o
                0x0000000008000f2c                vTaskSwitchContext
 .text._ZN3DHTC2Ehhh
                0x0000000008000fb8        0xc /home/fx/Upwork/weather-node/output/libraries/DHT_sensor_library/DHT.cpp.o
                0x0000000008000fb8                DHT::DHT(unsigned char, unsigned char, unsigned char)
                0x0000000008000fb8                DHT::DHT(unsigned char, unsigned char, unsigned char)
 .text._ZN3DHT5beginEh
                0x0000000008000fc4       0x20 /home/fx/Upwork/weather-node/output/libraries/DHT_sensor_library/DHT.cpp.o
                0x0000000008000fc4                DHT::begin(unsigned char)
 .text._ZN3DHT11expectPulseEb
                0x0000000008000fe4       0x28 /home/fx/Upwork/weather-node/output/libraries/DHT_sensor_library/DHT.cpp.o
                0x0000000008000fe4                DHT::expectPulse(bool)
 .text._ZN3DHT4readEb
                0x000000000800100c      0x11c /home/fx/Upwork/weather-node/output/libraries/DHT_sensor_library/DHT.cpp.o
                0x000000000800100c                DHT::read(bool)
 .text._ZN3DHT15readTemperatureEbb
                0x0000000008001128      0x130 /home/fx/Upwork/weather-node/output/libraries/DHT_sensor_library/DHT.cpp.o
                0x0000000008001128                DHT::readTemperature(bool, bool)
 .text._ZN3DHT12readHumidityEb
                0x0000000008001258       0x80 /home/fx/Upwork/weather-node/output/libraries/DHT_sensor_library/DHT.cpp.o
                0x0000000008001258                DHT::readHumidity(bool)
 .text._Z9boardInitv
                0x00000000080012d8        0x2 /home/fx/Upwork/weather-node/output/core/board.cpp.o
                0x00000000080012d8                boardInit()
 *fill*         0x00000000080012da        0x2 
 .text.startup._GLOBAL__sub_I__Z9boardInitv
                0x00000000080012dc       0x48 /home/fx/Upwork/weather-node/output/core/board.cpp.o
 .text._ZL18adc_default_configP7adc_dev
                0x0000000008001324       0x1c /home/fx/Upwork/weather-node/output/core/wirish/boards.cpp.o
 .text._ZL20timer_default_configP9timer_dev
                0x0000000008001340       0x9e /home/fx/Upwork/weather-node/output/core/wirish/boards.cpp.o
 *fill*         0x00000000080013de        0x2 
 .text._Z4initv
                0x00000000080013e0       0xb8 /home/fx/Upwork/weather-node/output/core/wirish/boards.cpp.o
                0x00000000080013e0                init()
 .text._ZN6wirish4priv15board_reset_pllEv
                0x0000000008001498        0x2 /home/fx/Upwork/weather-node/output/core/wirish/boards_setup.cpp.o
                0x0000000008001498                wirish::priv::board_reset_pll()
 .text._ZN6wirish4priv28board_setup_clock_prescalersEv
                0x000000000800149a       0x30 /home/fx/Upwork/weather-node/output/core/wirish/boards_setup.cpp.o
                0x000000000800149a                wirish::priv::board_setup_clock_prescalers()
 .text._ZN6wirish4priv16board_setup_gpioEv
                0x00000000080014ca        0x4 /home/fx/Upwork/weather-node/output/core/wirish/boards_setup.cpp.o
                0x00000000080014ca                wirish::priv::board_setup_gpio()
 *fill*         0x00000000080014ce        0x2 
 .text._ZN6wirish4priv15board_setup_usbEv
                0x00000000080014d0       0x54 /home/fx/Upwork/weather-node/output/core/wirish/boards_setup.cpp.o
                0x00000000080014d0                wirish::priv::board_setup_usb()
 .text._ZN6wirish4priv11series_initEv
                0x0000000008001524        0x4 /home/fx/Upwork/weather-node/output/core/wirish/boards_setup.cpp.o
                0x0000000008001524                wirish::priv::series_init()
 .text          0x0000000008001528       0x10 /home/fx/Upwork/weather-node/output/core/wirish/start.S.o
                0x0000000008001528                __start__
 .text.start_c  0x0000000008001538       0x58 /home/fx/Upwork/weather-node/output/core/wirish/start_c.c.o
                0x0000000008001538                start_c
 .text._sbrk    0x0000000008001590       0x44 /home/fx/Upwork/weather-node/output/core/wirish/syscalls.c.o
                0x0000000008001590                _sbrk
 .text.rb_full_count
                0x00000000080015d4       0x22 /home/fx/Upwork/weather-node/output/core/core.a(HardwareSerial.cpp.o)
 .text._ZN14HardwareSerial4readEv
                0x00000000080015f6       0x3a /home/fx/Upwork/weather-node/output/core/core.a(HardwareSerial.cpp.o)
                0x00000000080015f6                HardwareSerial::read()
 .text._ZN14HardwareSerial9availableEv
                0x0000000008001630        0xc /home/fx/Upwork/weather-node/output/core/core.a(HardwareSerial.cpp.o)
                0x0000000008001630                HardwareSerial::available()
 .text._ZN14HardwareSerial4peekEv
                0x000000000800163c       0x22 /home/fx/Upwork/weather-node/output/core/core.a(HardwareSerial.cpp.o)
                0x000000000800163c                HardwareSerial::peek()
 .text._ZN14HardwareSerial5flushEv
                0x000000000800165e       0x1a /home/fx/Upwork/weather-node/output/core/core.a(HardwareSerial.cpp.o)
                0x000000000800165e                HardwareSerial::flush()
 .text._ZN14HardwareSerial5writeEh
                0x0000000008001678       0x1e /home/fx/Upwork/weather-node/output/core/core.a(HardwareSerial.cpp.o)
                0x0000000008001678                HardwareSerial::write(unsigned char)
 *fill*         0x0000000008001696        0x2 
 .text._ZN14HardwareSerialC2EP9usart_devhh
                0x0000000008001698       0x1c /home/fx/Upwork/weather-node/output/core/core.a(HardwareSerial.cpp.o)
                0x0000000008001698                HardwareSerial::HardwareSerial(usart_dev*, unsigned char, unsigned char)
                0x0000000008001698                HardwareSerial::HardwareSerial(usart_dev*, unsigned char, unsigned char)
 .text._ZN14HardwareSerial5beginEmh
                0x00000000080016b4       0x78 /home/fx/Upwork/weather-node/output/core/core.a(HardwareSerial.cpp.o)
                0x00000000080016b4                HardwareSerial::begin(unsigned long, unsigned char)
 .text._ZN14HardwareSerial5beginEm
                0x000000000800172c        0x6 /home/fx/Upwork/weather-node/output/core/core.a(HardwareSerial.cpp.o)
                0x000000000800172c                HardwareSerial::begin(unsigned long)
 .text._ZN5Print5writeEPKvm
                0x0000000008001732       0x20 /home/fx/Upwork/weather-node/output/core/core.a(Print.cpp.o)
                0x0000000008001732                Print::write(void const*, unsigned long)
 .text._ZN5Print5writeEPKc
                0x0000000008001752       0x1e /home/fx/Upwork/weather-node/output/core/core.a(Print.cpp.o)
                0x0000000008001752                Print::write(char const*)
 .text._ZN5Print5printEc
                0x0000000008001770        0xa /home/fx/Upwork/weather-node/output/core/core.a(Print.cpp.o)
                0x0000000008001770                Print::print(char)
 .text._ZN5Print5printEPKc
                0x000000000800177a        0xa /home/fx/Upwork/weather-node/output/core/core.a(Print.cpp.o)
                0x000000000800177a                Print::print(char const*)
 .text._ZN5Print7printlnEv
                0x0000000008001784       0x18 /home/fx/Upwork/weather-node/output/core/core.a(Print.cpp.o)
                0x0000000008001784                Print::println()
 .text._ZN5Print7printlnEPKc
                0x000000000800179c       0x14 /home/fx/Upwork/weather-node/output/core/core.a(Print.cpp.o)
                0x000000000800179c                Print::println(char const*)
 .text.adc_init
                0x00000000080017b0       0x14 /home/fx/Upwork/weather-node/output/core/core.a(adc.c.o)
                0x00000000080017b0                adc_init
 .text.adc_set_extsel
                0x00000000080017c4       0x12 /home/fx/Upwork/weather-node/output/core/core.a(adc.c.o)
                0x00000000080017c4                adc_set_extsel
 .text.adc_set_sample_rate
                0x00000000080017d6       0x30 /home/fx/Upwork/weather-node/output/core/core.a(adc.c.o)
                0x00000000080017d6                adc_set_sample_rate
 *fill*         0x0000000008001806        0x2 
 .text.__irq_adc
                0x0000000008001808       0x50 /home/fx/Upwork/weather-node/output/core/core.a(adc_f1.c.o)
                0x0000000008001808                __irq_adc
 .text.adc_calibrate
                0x0000000008001858       0x24 /home/fx/Upwork/weather-node/output/core/core.a(adc_f1.c.o)
                0x0000000008001858                adc_calibrate
 .text.adc_set_prescaler
                0x000000000800187c        0x8 /home/fx/Upwork/weather-node/output/core/core.a(adc_f1.c.o)
                0x000000000800187c                adc_set_prescaler
 .text.adc_foreach
                0x0000000008001884       0x1c /home/fx/Upwork/weather-node/output/core/core.a(adc_f1.c.o)
                0x0000000008001884                adc_foreach
 .text.adc_enable_single_swstart
                0x00000000080018a0       0x36 /home/fx/Upwork/weather-node/output/core/core.a(adc_f1.c.o)
                0x00000000080018a0                adc_enable_single_swstart
 .text.dma_irq_handler
                0x00000000080018d6       0x1c /home/fx/Upwork/weather-node/output/core/core.a(dma_f1.c.o)
 *fill*         0x00000000080018f2        0x2 
 .text.__irq_dma1_channel1
                0x00000000080018f4       0x10 /home/fx/Upwork/weather-node/output/core/core.a(dma_f1.c.o)
                0x00000000080018f4                __irq_dma1_channel1
 .text.__irq_dma1_channel2
                0x0000000008001904       0x10 /home/fx/Upwork/weather-node/output/core/core.a(dma_f1.c.o)
                0x0000000008001904                __irq_dma1_channel2
 .text.__irq_dma1_channel3
                0x0000000008001914       0x10 /home/fx/Upwork/weather-node/output/core/core.a(dma_f1.c.o)
                0x0000000008001914                __irq_dma1_channel3
 .text.__irq_dma1_channel4
                0x0000000008001924       0x10 /home/fx/Upwork/weather-node/output/core/core.a(dma_f1.c.o)
                0x0000000008001924                __irq_dma1_channel4
 .text.__irq_dma1_channel5
                0x0000000008001934       0x10 /home/fx/Upwork/weather-node/output/core/core.a(dma_f1.c.o)
                0x0000000008001934                __irq_dma1_channel5
 .text.__irq_dma1_channel6
                0x0000000008001944       0x10 /home/fx/Upwork/weather-node/output/core/core.a(dma_f1.c.o)
                0x0000000008001944                __irq_dma1_channel6
 .text.__irq_dma1_channel7
                0x0000000008001954       0x10 /home/fx/Upwork/weather-node/output/core/core.a(dma_f1.c.o)
                0x0000000008001954                __irq_dma1_channel7
 *fill*         0x0000000008001964        0xc 
 .text          0x0000000008001970       0x60 /home/fx/Upwork/weather-node/output/core/core.a(exc.S.o)
                0x0000000008001970                __exc_nmi
                0x0000000008001974                __exc_hardfault
                0x0000000008001978                __exc_memmanage
                0x000000000800197c                __exc_busfault
                0x0000000008001980                __exc_usagefault
 .text.dispatch_single_exti
                0x00000000080019d0       0x2c /home/fx/Upwork/weather-node/output/core/core.a(exti.c.o)
                0x00000000080019d0                dispatch_single_exti
 .text.dispatch_extis
                0x00000000080019fc       0x4c /home/fx/Upwork/weather-node/output/core/core.a(exti.c.o)
                0x00000000080019fc                dispatch_extis
 .text.__irq_exti0
                0x0000000008001a48        0x6 /home/fx/Upwork/weather-node/output/core/core.a(exti.c.o)
                0x0000000008001a48                __irq_exti0
 .text.__irq_exti1
                0x0000000008001a4e        0x6 /home/fx/Upwork/weather-node/output/core/core.a(exti.c.o)
                0x0000000008001a4e                __irq_exti1
 .text.__irq_exti2
                0x0000000008001a54        0x6 /home/fx/Upwork/weather-node/output/core/core.a(exti.c.o)
                0x0000000008001a54                __irq_exti2
 .text.__irq_exti3
                0x0000000008001a5a        0x6 /home/fx/Upwork/weather-node/output/core/core.a(exti.c.o)
                0x0000000008001a5a                __irq_exti3
 .text.__irq_exti4
                0x0000000008001a60        0x6 /home/fx/Upwork/weather-node/output/core/core.a(exti.c.o)
                0x0000000008001a60                __irq_exti4
 .text.__irq_exti9_5
                0x0000000008001a66        0x8 /home/fx/Upwork/weather-node/output/core/core.a(exti.c.o)
                0x0000000008001a66                __irq_exti9_5
 .text.__irq_exti15_10
                0x0000000008001a6e        0x8 /home/fx/Upwork/weather-node/output/core/core.a(exti.c.o)
                0x0000000008001a6e                __irq_exti15_10
 *fill*         0x0000000008001a76        0x2 
 .text.flash_set_latency
                0x0000000008001a78       0x14 /home/fx/Upwork/weather-node/output/core/core.a(flash.c.o)
                0x0000000008001a78                flash_set_latency
 .text.gpio_init_all
                0x0000000008001a8c       0x30 /home/fx/Upwork/weather-node/output/core/core.a(gpio_f1.c.o)
                0x0000000008001a8c                gpio_init_all
 .text.gpio_set_mode
                0x0000000008001abc       0x50 /home/fx/Upwork/weather-node/output/core/core.a(gpio_f1.c.o)
                0x0000000008001abc                gpio_set_mode
 .text.afio_init
                0x0000000008001b0c       0x12 /home/fx/Upwork/weather-node/output/core/core.a(gpio_f1.c.o)
                0x0000000008001b0c                afio_init
 *fill*         0x0000000008001b1e        0x2 
 .text.__irq_i2c1_ev
                0x0000000008001b20        0xc /home/fx/Upwork/weather-node/output/core/core.a(i2c_f1.c.o)
                0x0000000008001b20                __irq_i2c1_ev
 .text.__irq_i2c2_ev
                0x0000000008001b2c        0xc /home/fx/Upwork/weather-node/output/core/core.a(i2c_f1.c.o)
                0x0000000008001b2c                __irq_i2c2_ev
 .text.__irq_i2c1_er
                0x0000000008001b38        0xc /home/fx/Upwork/weather-node/output/core/core.a(i2c_f1.c.o)
                0x0000000008001b38                __irq_i2c1_er
 .text.__irq_i2c2_er
                0x0000000008001b44        0xc /home/fx/Upwork/weather-node/output/core/core.a(i2c_f1.c.o)
                0x0000000008001b44                __irq_i2c2_er
 .text.nvic_irq_set_priority
                0x0000000008001b50       0x28 /home/fx/Upwork/weather-node/output/core/core.a(nvic.c.o)
                0x0000000008001b50                nvic_irq_set_priority
 .text.nvic_init
                0x0000000008001b78       0x30 /home/fx/Upwork/weather-node/output/core/core.a(nvic.c.o)
                0x0000000008001b78                nvic_init
 .text.nvic_sys_reset
                0x0000000008001ba8       0x1c /home/fx/Upwork/weather-node/output/core/core.a(nvic.c.o)
                0x0000000008001ba8                nvic_sys_reset
 .text.rcc_dev_clk
                0x0000000008001bc4        0xc /home/fx/Upwork/weather-node/output/core/core.a(rcc.c.o)
                0x0000000008001bc4                rcc_dev_clk
 .text.rcc_switch_sysclk
                0x0000000008001bd0       0x20 /home/fx/Upwork/weather-node/output/core/core.a(rcc.c.o)
                0x0000000008001bd0                rcc_switch_sysclk
 .text.rcc_turn_on_clk
                0x0000000008001bf0       0x1a /home/fx/Upwork/weather-node/output/core/core.a(rcc.c.o)
                0x0000000008001bf0                rcc_turn_on_clk
 .text.rcc_turn_off_clk
                0x0000000008001c0a       0x1c /home/fx/Upwork/weather-node/output/core/core.a(rcc.c.o)
                0x0000000008001c0a                rcc_turn_off_clk
 .text.rcc_is_clk_on
                0x0000000008001c26       0x1e /home/fx/Upwork/weather-node/output/core/core.a(rcc.c.o)
                0x0000000008001c26                rcc_is_clk_on
 .text.rcc_is_clk_ready
                0x0000000008001c44       0x18 /home/fx/Upwork/weather-node/output/core/core.a(rcc.c.o)
                0x0000000008001c44                rcc_is_clk_ready
 .text.rcc_configure_pll
                0x0000000008001c5c       0x38 /home/fx/Upwork/weather-node/output/core/core.a(rcc_f1.c.o)
                0x0000000008001c5c                rcc_configure_pll
 .text.rcc_clk_enable
                0x0000000008001c94       0x30 /home/fx/Upwork/weather-node/output/core/core.a(rcc_f1.c.o)
                0x0000000008001c94                rcc_clk_enable
 .text.rcc_reset_dev
                0x0000000008001cc4       0x34 /home/fx/Upwork/weather-node/output/core/core.a(rcc_f1.c.o)
                0x0000000008001cc4                rcc_reset_dev
 .text.rcc_set_prescaler
                0x0000000008001cf8       0x20 /home/fx/Upwork/weather-node/output/core/core.a(rcc_f1.c.o)
                0x0000000008001cf8                rcc_set_prescaler
 .text.rcc_clk_disable
                0x0000000008001d18       0x30 /home/fx/Upwork/weather-node/output/core/core.a(rcc_f1.c.o)
                0x0000000008001d18                rcc_clk_disable
 .text          0x0000000008001d48        0x2 /home/fx/Upwork/weather-node/output/core/core.a(isrs.S.o)
                0x0000000008001d48                __stm32reservedexception9
                0x0000000008001d48                __exc_debug_monitor
                0x0000000008001d48                __irq_can_rx1
                0x0000000008001d48                __irq_spi2
                0x0000000008001d48                __irq_can_sce
                0x0000000008001d48                __irq_pvd
                0x0000000008001d48                __irq_tamper
                0x0000000008001d48                __default_handler
                0x0000000008001d48                __irq_wwdg
                0x0000000008001d48                __stm32reservedexception10
                0x0000000008001d48                __irq_flash
                0x0000000008001d48                __stm32reservedexception13
                0x0000000008001d48                __irq_rtc
                0x0000000008001d48                __irq_spi1
                0x0000000008001d48                __stm32reservedexception7
                0x0000000008001d48                __irq_usb_hp_can_tx
                0x0000000008001d48                __irq_rtcalarm
                0x0000000008001d48                __stm32reservedexception8
                0x0000000008001d48                __irq_usbwakeup
                0x0000000008001d48                __irq_rcc
 *fill*         0x0000000008001d4a        0x2 
 .text.systick_init
                0x0000000008001d4c       0x10 /home/fx/Upwork/weather-node/output/core/core.a(systick.c.o)
                0x0000000008001d4c                systick_init
 .text.systick_attach_callback
                0x0000000008001d5c        0xc /home/fx/Upwork/weather-node/output/core/core.a(systick.c.o)
                0x0000000008001d5c                systick_attach_callback
 .text.__exc_systick
                0x0000000008001d68       0x1c /home/fx/Upwork/weather-node/output/core/core.a(systick.c.o)
                0x0000000008001d68                __exc_systick
 .text.timer_oc_set_mode
                0x0000000008001d84       0x3a /home/fx/Upwork/weather-node/output/core/core.a(timer.c.o)
 .text.dispatch_general
                0x0000000008001dbe       0x66 /home/fx/Upwork/weather-node/output/core/core.a(timer.c.o)
 .text.timer_cc_enable
                0x0000000008001e24       0x1c /home/fx/Upwork/weather-node/output/core/core.a(timer.c.o)
 .text.timer_foreach
                0x0000000008001e40       0x28 /home/fx/Upwork/weather-node/output/core/core.a(timer.c.o)
                0x0000000008001e40                timer_foreach
 .text.timer_init
                0x0000000008001e68       0x14 /home/fx/Upwork/weather-node/output/core/core.a(timer.c.o)
                0x0000000008001e68                timer_init
 .text.timer_has_cc_channel
                0x0000000008001e7c       0x50 /home/fx/Upwork/weather-node/output/core/core.a(timer.c.o)
                0x0000000008001e7c                timer_has_cc_channel
 .text.timer_detach_interrupt
                0x0000000008001ecc       0x1e /home/fx/Upwork/weather-node/output/core/core.a(timer.c.o)
                0x0000000008001ecc                timer_detach_interrupt
 .text.input_capture_mode
                0x0000000008001eea       0x1a /home/fx/Upwork/weather-node/output/core/core.a(timer.c.o)
                0x0000000008001eea                input_capture_mode
 .text.timer_set_mode
                0x0000000008001f04       0xcc /home/fx/Upwork/weather-node/output/core/core.a(timer.c.o)
                0x0000000008001f04                timer_set_mode
 .text.__irq_tim1_brk
                0x0000000008001fd0       0x24 /home/fx/Upwork/weather-node/output/core/core.a(timer.c.o)
                0x0000000008001fd0                __irq_tim1_brk
 .text.__irq_tim1_up
                0x0000000008001ff4       0x24 /home/fx/Upwork/weather-node/output/core/core.a(timer.c.o)
                0x0000000008001ff4                __irq_tim1_up
 .text.__irq_tim1_trg_com
                0x0000000008002018       0x34 /home/fx/Upwork/weather-node/output/core/core.a(timer.c.o)
                0x0000000008002018                __irq_tim1_trg_com
 .text.__irq_tim1_cc
                0x000000000800204c       0x50 /home/fx/Upwork/weather-node/output/core/core.a(timer.c.o)
                0x000000000800204c                __irq_tim1_cc
 .text.__irq_tim2
                0x000000000800209c        0xc /home/fx/Upwork/weather-node/output/core/core.a(timer.c.o)
                0x000000000800209c                __irq_tim2
 .text.__irq_tim3
                0x00000000080020a8        0xc /home/fx/Upwork/weather-node/output/core/core.a(timer.c.o)
                0x00000000080020a8                __irq_tim3
 .text.__irq_tim4
                0x00000000080020b4        0xc /home/fx/Upwork/weather-node/output/core/core.a(timer.c.o)
                0x00000000080020b4                __irq_tim4
 .text.usart_init
                0x00000000080020c0       0x4c /home/fx/Upwork/weather-node/output/core/core.a(usart.c.o)
                0x00000000080020c0                usart_init
 .text.usart_enable
                0x000000000800210c       0x14 /home/fx/Upwork/weather-node/output/core/core.a(usart.c.o)
                0x000000000800210c                usart_enable
 .text.usart_tx
                0x0000000008002120       0x9c /home/fx/Upwork/weather-node/output/core/core.a(usart.c.o)
                0x0000000008002120                usart_tx
 .text.usart_putudec
                0x00000000080021bc       0x44 /home/fx/Upwork/weather-node/output/core/core.a(usart.c.o)
                0x00000000080021bc                usart_putudec
 .text.usart_irq
                0x0000000008002200       0xc8 /home/fx/Upwork/weather-node/output/core/core.a(usart_f1.c.o)
 .text.usart_config_gpios_async
                0x00000000080022c8       0x4a /home/fx/Upwork/weather-node/output/core/core.a(usart_f1.c.o)
                0x00000000080022c8                usart_config_gpios_async
 *fill*         0x0000000008002312        0x2 
 .text.usart_set_baud_rate
                0x0000000008002314       0x54 /home/fx/Upwork/weather-node/output/core/core.a(usart_f1.c.o)
                0x0000000008002314                usart_set_baud_rate
 .text.__irq_usart1
                0x0000000008002368       0x18 /home/fx/Upwork/weather-node/output/core/core.a(usart_f1.c.o)
                0x0000000008002368                __irq_usart1
 .text.__irq_usart2
                0x0000000008002380       0x18 /home/fx/Upwork/weather-node/output/core/core.a(usart_f1.c.o)
                0x0000000008002380                __irq_usart2
 .text.__irq_usart3
                0x0000000008002398       0x18 /home/fx/Upwork/weather-node/output/core/core.a(usart_f1.c.o)
                0x0000000008002398                __irq_usart3
 .text._usart_clock_freq
                0x00000000080023b0       0x24 /home/fx/Upwork/weather-node/output/core/core.a(usart_private.c.o)
                0x00000000080023b0                _usart_clock_freq
 .text.usb_resume
                0x00000000080023d4       0xb4 /home/fx/Upwork/weather-node/output/core/core.a(usb.c.o)
 .text.usb_init_usblib
                0x0000000008002488       0x48 /home/fx/Upwork/weather-node/output/core/core.a(usb.c.o)
                0x0000000008002488                usb_init_usblib
 .text.__irq_usb_lp_can_rx0
                0x00000000080024d0      0x1f0 /home/fx/Upwork/weather-node/output/core/core.a(usb.c.o)
                0x00000000080024d0                __irq_usb_lp_can_rx0
 .text.usb_set_ep_rx_stat
                0x00000000080026c0       0x22 /home/fx/Upwork/weather-node/output/core/core.a(usb_cdcacm.c.o)
 *fill*         0x00000000080026e2        0x2 
 .text.vcomGetSetLineCoding
                0x00000000080026e4       0x18 /home/fx/Upwork/weather-node/output/core/core.a(usb_cdcacm.c.o)
 .text.usbDataSetup
                0x00000000080026fc       0x54 /home/fx/Upwork/weather-node/output/core/core.a(usb_cdcacm.c.o)
 .text.usbNoDataSetup
                0x0000000008002750       0x50 /home/fx/Upwork/weather-node/output/core/core.a(usb_cdcacm.c.o)
 .text.usbGetInterfaceSetting
                0x00000000080027a0       0x10 /home/fx/Upwork/weather-node/output/core/core.a(usb_cdcacm.c.o)
 .text.usbSetConfiguration
                0x00000000080027b0       0x1c /home/fx/Upwork/weather-node/output/core/core.a(usb_cdcacm.c.o)
 .text.usbSetDeviceAddress
                0x00000000080027cc       0x10 /home/fx/Upwork/weather-node/output/core/core.a(usb_cdcacm.c.o)
 .text.usbGetStringDescriptor
                0x00000000080027dc       0x20 /home/fx/Upwork/weather-node/output/core/core.a(usb_cdcacm.c.o)
 .text.usbGetConfigDescriptor
                0x00000000080027fc        0xc /home/fx/Upwork/weather-node/output/core/core.a(usb_cdcacm.c.o)
 .text.usbGetDeviceDescriptor
                0x0000000008002808        0xc /home/fx/Upwork/weather-node/output/core/core.a(usb_cdcacm.c.o)
 .text.usbInit  0x0000000008002814       0x44 /home/fx/Upwork/weather-node/output/core/core.a(usb_cdcacm.c.o)
 .text.vcomDataTxCb
                0x0000000008002858       0xa0 /home/fx/Upwork/weather-node/output/core/core.a(usb_cdcacm.c.o)
 .text.usbReset
                0x00000000080028f8      0x160 /home/fx/Upwork/weather-node/output/core/core.a(usb_cdcacm.c.o)
 .text.vcomDataRxCb
                0x0000000008002a58       0x7c /home/fx/Upwork/weather-node/output/core/core.a(usb_cdcacm.c.o)
 .text.usb_cdcacm_set_hooks
                0x0000000008002ad4       0x1c /home/fx/Upwork/weather-node/output/core/core.a(usb_cdcacm.c.o)
                0x0000000008002ad4                usb_cdcacm_set_hooks
 .text.usb_cdcacm_enable
                0x0000000008002af0       0x38 /home/fx/Upwork/weather-node/output/core/core.a(usb_cdcacm.c.o)
                0x0000000008002af0                usb_cdcacm_enable
 .text.usb_cdcacm_tx
                0x0000000008002b28       0x60 /home/fx/Upwork/weather-node/output/core/core.a(usb_cdcacm.c.o)
                0x0000000008002b28                usb_cdcacm_tx
 .text.usb_cdcacm_data_available
                0x0000000008002b88       0x18 /home/fx/Upwork/weather-node/output/core/core.a(usb_cdcacm.c.o)
                0x0000000008002b88                usb_cdcacm_data_available
 .text.usb_cdcacm_peek
                0x0000000008002ba0       0x38 /home/fx/Upwork/weather-node/output/core/core.a(usb_cdcacm.c.o)
                0x0000000008002ba0                usb_cdcacm_peek
 .text.usb_cdcacm_rx
                0x0000000008002bd8       0x34 /home/fx/Upwork/weather-node/output/core/core.a(usb_cdcacm.c.o)
                0x0000000008002bd8                usb_cdcacm_rx
 .text.usb_cdcacm_peek_ex
                0x0000000008002c0c       0x3c /home/fx/Upwork/weather-node/output/core/core.a(usb_cdcacm.c.o)
                0x0000000008002c0c                usb_cdcacm_peek_ex
 .text.usb_cdcacm_get_dtr
                0x0000000008002c48       0x10 /home/fx/Upwork/weather-node/output/core/core.a(usb_cdcacm.c.o)
                0x0000000008002c48                usb_cdcacm_get_dtr
 .text.usb_set_ep_rx_count
                0x0000000008002c58       0x4c /home/fx/Upwork/weather-node/output/core/core.a(usb_reg_map.c.o)
                0x0000000008002c58                usb_set_ep_rx_count
 .text.Standard_GetConfiguration
                0x0000000008002ca4       0x24 /home/fx/Upwork/weather-node/output/core/core.a(usb_core.c.o)
                0x0000000008002ca4                Standard_GetConfiguration
 .text.Standard_GetInterface
                0x0000000008002cc8       0x24 /home/fx/Upwork/weather-node/output/core/core.a(usb_core.c.o)
                0x0000000008002cc8                Standard_GetInterface
 .text.Standard_GetStatus
                0x0000000008002cec       0x90 /home/fx/Upwork/weather-node/output/core/core.a(usb_core.c.o)
                0x0000000008002cec                Standard_GetStatus
 .text.DataStageIn
                0x0000000008002d7c       0xa8 /home/fx/Upwork/weather-node/output/core/core.a(usb_core.c.o)
 .text.Standard_SetConfiguration
                0x0000000008002e24       0x38 /home/fx/Upwork/weather-node/output/core/core.a(usb_core.c.o)
                0x0000000008002e24                Standard_SetConfiguration
 .text.Standard_SetInterface
                0x0000000008002e5c       0x48 /home/fx/Upwork/weather-node/output/core/core.a(usb_core.c.o)
                0x0000000008002e5c                Standard_SetInterface
 .text.Standard_ClearFeature
                0x0000000008002ea4       0xd0 /home/fx/Upwork/weather-node/output/core/core.a(usb_core.c.o)
                0x0000000008002ea4                Standard_ClearFeature
 .text.Standard_SetEndPointFeature
                0x0000000008002f74       0x84 /home/fx/Upwork/weather-node/output/core/core.a(usb_core.c.o)
                0x0000000008002f74                Standard_SetEndPointFeature
 .text.Standard_SetDeviceFeature
                0x0000000008002ff8       0x24 /home/fx/Upwork/weather-node/output/core/core.a(usb_core.c.o)
                0x0000000008002ff8                Standard_SetDeviceFeature
 .text.Standard_GetDescriptorData
                0x000000000800301c       0x1c /home/fx/Upwork/weather-node/output/core/core.a(usb_core.c.o)
                0x000000000800301c                Standard_GetDescriptorData
 .text.Post0_Process
                0x0000000008003038       0x40 /home/fx/Upwork/weather-node/output/core/core.a(usb_core.c.o)
                0x0000000008003038                Post0_Process
 .text.Setup0_Process
                0x0000000008003078      0x2d0 /home/fx/Upwork/weather-node/output/core/core.a(usb_core.c.o)
                0x0000000008003078                Setup0_Process
 .text.Out0_Process
                0x0000000008003348       0xc8 /home/fx/Upwork/weather-node/output/core/core.a(usb_core.c.o)
                0x0000000008003348                Out0_Process
 .text.SetDeviceAddress
                0x0000000008003410       0x38 /home/fx/Upwork/weather-node/output/core/core.a(usb_core.c.o)
                0x0000000008003410                SetDeviceAddress
 .text.In0_Process
                0x0000000008003448       0x5c /home/fx/Upwork/weather-node/output/core/core.a(usb_core.c.o)
                0x0000000008003448                In0_Process
 .text.NOP_Process
                0x00000000080034a4        0x2 /home/fx/Upwork/weather-node/output/core/core.a(usb_core.c.o)
                0x00000000080034a4                NOP_Process
 .text.UserToPMABufferCopy
                0x00000000080034a6       0x30 /home/fx/Upwork/weather-node/output/core/core.a(usb_mem.c.o)
                0x00000000080034a6                UserToPMABufferCopy
 .text.PMAToUserBufferCopy
                0x00000000080034d6       0x32 /home/fx/Upwork/weather-node/output/core/core.a(usb_mem.c.o)
                0x00000000080034d6                PMAToUserBufferCopy
 .text.SetEPTxStatus
                0x0000000008003508       0x2a /home/fx/Upwork/weather-node/output/core/core.a(usb_regs.c.o)
                0x0000000008003508                SetEPTxStatus
 .text.ClearDTOG_RX
                0x0000000008003532       0x20 /home/fx/Upwork/weather-node/output/core/core.a(usb_regs.c.o)
                0x0000000008003532                ClearDTOG_RX
 .text.ClearDTOG_TX
                0x0000000008003552       0x20 /home/fx/Upwork/weather-node/output/core/core.a(usb_regs.c.o)
                0x0000000008003552                ClearDTOG_TX
 *fill*         0x0000000008003572        0x2 
 .text.GetEPTxAddr
                0x0000000008003574       0x1c /home/fx/Upwork/weather-node/output/core/core.a(usb_regs.c.o)
                0x0000000008003574                GetEPTxAddr
 .text.GetEPRxAddr
                0x0000000008003590       0x1c /home/fx/Upwork/weather-node/output/core/core.a(usb_regs.c.o)
                0x0000000008003590                GetEPRxAddr
 .text.SetEPTxCount
                0x00000000080035ac       0x1c /home/fx/Upwork/weather-node/output/core/core.a(usb_regs.c.o)
                0x00000000080035ac                SetEPTxCount
 .text.SetEPRxCount
                0x00000000080035c8       0x40 /home/fx/Upwork/weather-node/output/core/core.a(usb_regs.c.o)
                0x00000000080035c8                SetEPRxCount
 .text.usart_putc
                0x0000000008003608       0x1c /home/fx/Upwork/weather-node/output/core/core.a(util.c.o)
 .text.usart_putstr
                0x0000000008003624       0x16 /home/fx/Upwork/weather-node/output/core/core.a(util.c.o)
 *fill*         0x000000000800363a        0x2 
 .text.throb    0x000000000800363c       0x4c /home/fx/Upwork/weather-node/output/core/core.a(util.c.o)
                0x000000000800363c                throb
 .text.__error  0x0000000008003688       0x14 /home/fx/Upwork/weather-node/output/core/core.a(util.c.o)
                0x0000000008003688                __error
 .text._fail    0x000000000800369c       0x64 /home/fx/Upwork/weather-node/output/core/core.a(util.c.o)
                0x000000000800369c                _fail
 .text.startup._Z7premainv
                0x0000000008003700        0x4 /home/fx/Upwork/weather-node/output/core/core.a(main.cpp.o)
                0x0000000008003700                premain()
 .text.startup.main
                0x0000000008003704        0xc /home/fx/Upwork/weather-node/output/core/core.a(main.cpp.o)
                0x0000000008003704                main
 .text._Z7pinModeh13WiringPinMode
                0x0000000008003710       0x9c /home/fx/Upwork/weather-node/output/core/core.a(wirish_digital_f1.cpp.o)
                0x0000000008003710                pinMode(unsigned char, WiringPinMode)
 .text._ZN9USBSerial9availableEv
                0x00000000080037ac        0x4 /home/fx/Upwork/weather-node/output/core/core.a(usb_serial.cpp.o)
                0x00000000080037ac                USBSerial::available()
 .text._ZN9USBSerial4peekEv
                0x00000000080037b0       0x1e /home/fx/Upwork/weather-node/output/core/core.a(usb_serial.cpp.o)
                0x00000000080037b0                USBSerial::peek()
 .text._ZN9USBSerial4readEv
                0x00000000080037ce       0x1e /home/fx/Upwork/weather-node/output/core/core.a(usb_serial.cpp.o)
                0x00000000080037ce                USBSerial::read()
 .text._ZL14ifaceSetupHookjPv
                0x00000000080037ec       0x38 /home/fx/Upwork/weather-node/output/core/core.a(usb_serial.cpp.o)
 .text._ZL6rxHookjPv
                0x0000000008003824       0x80 /home/fx/Upwork/weather-node/output/core/core.a(usb_serial.cpp.o)
 .text._ZN9USBSerialC2Ev
                0x00000000080038a4       0x14 /home/fx/Upwork/weather-node/output/core/core.a(usb_serial.cpp.o)
                0x00000000080038a4                USBSerial::USBSerial()
                0x00000000080038a4                USBSerial::USBSerial()
 .text._ZN9USBSerial5beginEv
                0x00000000080038b8       0x34 /home/fx/Upwork/weather-node/output/core/core.a(usb_serial.cpp.o)
                0x00000000080038b8                USBSerial::begin()
 .text._ZN9USBSerial5beginEm
                0x00000000080038ec       0x10 /home/fx/Upwork/weather-node/output/core/core.a(usb_serial.cpp.o)
                0x00000000080038ec                USBSerial::begin(unsigned long)
 .text._ZN9USBSerial5writeEPKhm
                0x00000000080038fc       0x4c /home/fx/Upwork/weather-node/output/core/core.a(usb_serial.cpp.o)
                0x00000000080038fc                USBSerial::write(unsigned char const*, unsigned long)
 .text._ZN9USBSerial5writeEh
                0x0000000008003948       0x16 /home/fx/Upwork/weather-node/output/core/core.a(usb_serial.cpp.o)
                0x0000000008003948                USBSerial::write(unsigned char)
 .text._ZN9USBSerial5writeEPKc
                0x000000000800395e       0x1a /home/fx/Upwork/weather-node/output/core/core.a(usb_serial.cpp.o)
                0x000000000800395e                USBSerial::write(char const*)
 .text._ZN9USBSerial4readEPhm
                0x0000000008003978       0x1c /home/fx/Upwork/weather-node/output/core/core.a(usb_serial.cpp.o)
                0x0000000008003978                USBSerial::read(unsigned char*, unsigned long)
 .text._ZN9USBSerial5flushEv
                0x0000000008003994       0x1c /home/fx/Upwork/weather-node/output/core/core.a(usb_serial.cpp.o)
                0x0000000008003994                USBSerial::flush()
 .text.startup._GLOBAL__sub_I__ZN9USBSerial9_hasBegunE
                0x00000000080039b0        0xc /home/fx/Upwork/weather-node/output/core/core.a(usb_serial.cpp.o)
 .text._Z11digitalReadh
                0x00000000080039bc       0x2c /home/fx/Upwork/weather-node/output/core/core.a(wirish_digital.cpp.o)
                0x00000000080039bc                digitalRead(unsigned char)
 .text._Z12digitalWritehh
                0x00000000080039e8       0x2c /home/fx/Upwork/weather-node/output/core/core.a(wirish_digital.cpp.o)
                0x00000000080039e8                digitalWrite(unsigned char, unsigned char)
 .text._ZL6microsv
                0x0000000008003a14       0x34 /home/fx/Upwork/weather-node/output/core/core.a(wirish_time.cpp.o)
 .text._Z5delaym
                0x0000000008003a48       0x2a /home/fx/Upwork/weather-node/output/core/core.a(wirish_time.cpp.o)
                0x0000000008003a48                delay(unsigned long)
 .text._Z17delayMicrosecondsm
                0x0000000008003a72        0xe /home/fx/Upwork/weather-node/output/core/core.a(wirish_time.cpp.o)
                0x0000000008003a72                delayMicroseconds(unsigned long)
 .text.__empty  0x0000000008003a80        0x2 /home/fx/Upwork/weather-node/output/core/core.a(hooks.c.o)
                0x0000000008003a80                yield
 .text.bkp_init
                0x0000000008003a82       0x18 /home/fx/Upwork/weather-node/output/core/core.a(bkp_f1.c.o)
                0x0000000008003a82                bkp_init
 *fill*         0x0000000008003a9a        0x2 
 .text.bkp_enable_writes
                0x0000000008003a9c        0xc /home/fx/Upwork/weather-node/output/core/core.a(bkp_f1.c.o)
                0x0000000008003a9c                bkp_enable_writes
 .text.bkp_disable_writes
                0x0000000008003aa8        0xc /home/fx/Upwork/weather-node/output/core/core.a(bkp_f1.c.o)
                0x0000000008003aa8                bkp_disable_writes
 .text.bkp_write
                0x0000000008003ab4       0x28 /home/fx/Upwork/weather-node/output/core/core.a(bkp_f1.c.o)
                0x0000000008003ab4                bkp_write
 .text.gpio_init
                0x0000000008003adc       0x14 /home/fx/Upwork/weather-node/output/core/core.a(gpio.c.o)
                0x0000000008003adc                gpio_init
 .text.i2c_disable_irq
                0x0000000008003af0        0xc /home/fx/Upwork/weather-node/output/core/core.a(i2c.c.o)
 .text._i2c_irq_handler
                0x0000000008003afc      0x3d8 /home/fx/Upwork/weather-node/output/core/core.a(i2c.c.o)
                0x0000000008003afc                _i2c_irq_handler
 .text._i2c_irq_error_handler
                0x0000000008003ed4       0x74 /home/fx/Upwork/weather-node/output/core/core.a(i2c.c.o)
                0x0000000008003ed4                _i2c_irq_error_handler
 .text.__fpclassifyd
                0x0000000008003f48       0x50 /home/fx/.arduino15/packages/arduino/tools/arm-none-eabi-gcc/4.8.3-2014q1/bin/../lib/gcc/arm-none-eabi/4.8.3/../../../../arm-none-eabi/lib/armv7-m/libm.a(lib_a-s_fpclassify.o)
                0x0000000008003f48                __fpclassifyd
 .text          0x0000000008003f98      0x370 /home/fx/.arduino15/packages/arduino/tools/arm-none-eabi-gcc/4.8.3-2014q1/bin/../lib/gcc/arm-none-eabi/4.8.3/armv7-m/libgcc.a(_arm_addsubdf3.o)
                0x0000000008003f98                __aeabi_drsub
                0x0000000008003fa0                __aeabi_dsub
                0x0000000008003fa0                __subdf3
                0x0000000008003fa4                __adddf3
                0x0000000008003fa4                __aeabi_dadd
                0x000000000800421c                __aeabi_ui2d
                0x000000000800421c                __floatunsidf
                0x000000000800423c                __floatsidf
                0x000000000800423c                __aeabi_i2d
                0x0000000008004260                __extendsfdf2
                0x0000000008004260                __aeabi_f2d
                0x000000000800429c                __aeabi_ul2d
                0x000000000800429c                __floatundidf
                0x00000000080042ac                __floatdidf
                0x00000000080042ac                __aeabi_l2d
 .text          0x0000000008004308      0x424 /home/fx/.arduino15/packages/arduino/tools/arm-none-eabi-gcc/4.8.3-2014q1/bin/../lib/gcc/arm-none-eabi/4.8.3/armv7-m/libgcc.a(_arm_muldivdf3.o)
                0x0000000008004308                __aeabi_dmul
                0x0000000008004308                __muldf3
                0x000000000800455c                __aeabi_ddiv
                0x000000000800455c                __divdf3
 .text          0x000000000800472c      0x110 /home/fx/.arduino15/packages/arduino/tools/arm-none-eabi-gcc/4.8.3-2014q1/bin/../lib/gcc/arm-none-eabi/4.8.3/armv7-m/libgcc.a(_arm_cmpdf2.o)
                0x000000000800472c                __gtdf2
                0x000000000800472c                __gedf2
                0x0000000008004734                __ltdf2
                0x0000000008004734                __ledf2
                0x000000000800473c                __cmpdf2
                0x000000000800473c                __eqdf2
                0x000000000800473c                __nedf2
                0x00000000080047b8                __aeabi_cdrcmple
                0x00000000080047c8                __aeabi_cdcmple
                0x00000000080047c8                __aeabi_cdcmpeq
                0x00000000080047d8                __aeabi_dcmpeq
                0x00000000080047ec                __aeabi_dcmplt
                0x0000000008004800                __aeabi_dcmple
                0x0000000008004814                __aeabi_dcmpge
                0x0000000008004828                __aeabi_dcmpgt
 .text          0x000000000800483c       0x50 /home/fx/.arduino15/packages/arduino/tools/arm-none-eabi-gcc/4.8.3-2014q1/bin/../lib/gcc/arm-none-eabi/4.8.3/armv7-m/libgcc.a(_arm_fixdfsi.o)
                0x000000000800483c                __fixdfsi
                0x000000000800483c                __aeabi_d2iz
 .text          0x000000000800488c       0xa0 /home/fx/.arduino15/packages/arduino/tools/arm-none-eabi-gcc/4.8.3-2014q1/bin/../lib/gcc/arm-none-eabi/4.8.3/armv7-m/libgcc.a(_arm_truncdfsf2.o)
                0x000000000800488c                __aeabi_d2f
                0x000000000800488c                __truncdfsf2
 .text          0x000000000800492c      0x21c /home/fx/.arduino15/packages/arduino/tools/arm-none-eabi-gcc/4.8.3-2014q1/bin/../lib/gcc/arm-none-eabi/4.8.3/armv7-m/libgcc.a(_arm_addsubsf3.o)
                0x000000000800492c                __aeabi_frsub
                0x0000000008004934                __subsf3
                0x0000000008004934                __aeabi_fsub
                0x0000000008004938                __aeabi_fadd
                0x0000000008004938                __addsf3
                0x0000000008004a98                __aeabi_ui2f
                0x0000000008004a98                __floatunsisf
                0x0000000008004aa0                __aeabi_i2f
                0x0000000008004aa0                __floatsisf
                0x0000000008004abc                __floatundisf
                0x0000000008004abc                __aeabi_ul2f
                0x0000000008004acc                __floatdisf
                0x0000000008004acc                __aeabi_l2f
 .text          0x0000000008004b48       0x2c /home/fx/.arduino15/packages/arduino/tools/arm-none-eabi-gcc/4.8.3-2014q1/bin/../lib/gcc/arm-none-eabi/4.8.3/armv7-m/libgcc.a(_aeabi_uldivmod.o)
                0x0000000008004b48                __aeabi_uldivmod
 .text          0x0000000008004b74       0x60 /home/fx/.arduino15/packages/arduino/tools/arm-none-eabi-gcc/4.8.3-2014q1/bin/../lib/gcc/arm-none-eabi/4.8.3/armv7-m/libgcc.a(bpabi.o)
                0x0000000008004b74                __gnu_ldivmod_helper
                0x0000000008004ba4                __gnu_uldivmod_helper
 .text          0x0000000008004bd4        0x4 /home/fx/.arduino15/packages/arduino/tools/arm-none-eabi-gcc/4.8.3-2014q1/bin/../lib/gcc/arm-none-eabi/4.8.3/armv7-m/libgcc.a(_dvmd_tls.o)
                0x0000000008004bd4                __aeabi_ldiv0
                0x0000000008004bd4                __aeabi_idiv0
 .text          0x0000000008004bd8      0x2a0 /home/fx/.arduino15/packages/arduino/tools/arm-none-eabi-gcc/4.8.3-2014q1/bin/../lib/gcc/arm-none-eabi/4.8.3/armv7-m/libgcc.a(_divdi3.o)
                0x0000000008004bd8                __divdi3
 .text          0x0000000008004e78      0x290 /home/fx/.arduino15/packages/arduino/tools/arm-none-eabi-gcc/4.8.3-2014q1/bin/../lib/gcc/arm-none-eabi/4.8.3/armv7-m/libgcc.a(_udivdi3.o)
                0x0000000008004e78                __udivdi3
 .text.__errno  0x0000000008005108        0xc /home/fx/.arduino15/packages/arduino/tools/arm-none-eabi-gcc/4.8.3-2014q1/bin/../lib/gcc/arm-none-eabi/4.8.3/../../../../arm-none-eabi/lib/armv7-m/libc.a(lib_a-errno.o)
                0x0000000008005108                __errno
 .text.__libc_init_array
                0x0000000008005114       0x50 /home/fx/.arduino15/packages/arduino/tools/arm-none-eabi-gcc/4.8.3-2014q1/bin/../lib/gcc/arm-none-eabi/4.8.3/../../../../arm-none-eabi/lib/armv7-m/libc.a(lib_a-init.o)
                0x0000000008005114                __libc_init_array
 .text.malloc   0x0000000008005164       0x10 /home/fx/.arduino15/packages/arduino/tools/arm-none-eabi-gcc/4.8.3-2014q1/bin/../lib/gcc/arm-none-eabi/4.8.3/../../../../arm-none-eabi/lib/armv7-m/libc.a(lib_a-malloc.o)
                0x0000000008005164                malloc
 .text._malloc_r
                0x0000000008005174      0x538 /home/fx/.arduino15/packages/arduino/tools/arm-none-eabi-gcc/4.8.3-2014q1/bin/../lib/gcc/arm-none-eabi/4.8.3/../../../../arm-none-eabi/lib/armv7-m/libc.a(lib_a-mallocr.o)
                0x0000000008005174                _malloc_r
 .text.memchr   0x00000000080056ac       0x94 /home/fx/.arduino15/packages/arduino/tools/arm-none-eabi-gcc/4.8.3-2014q1/bin/../lib/gcc/arm-none-eabi/4.8.3/../../../../arm-none-eabi/lib/armv7-m/libc.a(lib_a-memchr-stub.o)
                0x00000000080056ac                memchr
 .text.memcmp   0x0000000008005740       0x68 /home/fx/.arduino15/packages/arduino/tools/arm-none-eabi-gcc/4.8.3-2014q1/bin/../lib/gcc/arm-none-eabi/4.8.3/../../../../arm-none-eabi/lib/armv7-m/libc.a(lib_a-memcmp.o)
                0x0000000008005740                memcmp
 .text          0x00000000080057a8       0xec /home/fx/.arduino15/packages/arduino/tools/arm-none-eabi-gcc/4.8.3-2014q1/bin/../lib/gcc/arm-none-eabi/4.8.3/../../../../arm-none-eabi/lib/armv7-m/libc.a(lib_a-memcpy.o)
                0x00000000080057a8                memcpy
 .text.memset   0x0000000008005894       0x94 /home/fx/.arduino15/packages/arduino/tools/arm-none-eabi-gcc/4.8.3-2014q1/bin/../lib/gcc/arm-none-eabi/4.8.3/../../../../arm-none-eabi/lib/armv7-m/libc.a(lib_a-memset.o)
                0x0000000008005894                memset
 .text.__malloc_lock
                0x0000000008005928        0x4 /home/fx/.arduino15/packages/arduino/tools/arm-none-eabi-gcc/4.8.3-2014q1/bin/../lib/gcc/arm-none-eabi/4.8.3/../../../../arm-none-eabi/lib/armv7-m/libc.a(lib_a-mlock.o)
                0x0000000008005928                __malloc_lock
 .text.__malloc_unlock
                0x000000000800592c        0x4 /home/fx/.arduino15/packages/arduino/tools/arm-none-eabi-gcc/4.8.3-2014q1/bin/../lib/gcc/arm-none-eabi/4.8.3/../../../../arm-none-eabi/lib/armv7-m/libc.a(lib_a-mlock.o)
                0x000000000800592c                __malloc_unlock
 .text._sbrk_r  0x0000000008005930       0x24 /home/fx/.arduino15/packages/arduino/tools/arm-none-eabi-gcc/4.8.3-2014q1/bin/../lib/gcc/arm-none-eabi/4.8.3/../../../../arm-none-eabi/lib/armv7-m/libc.a(lib_a-sbrkr.o)
                0x0000000008005930                _sbrk_r
 .text.sprintf  0x0000000008005954       0x4c /home/fx/.arduino15/packages/arduino/tools/arm-none-eabi-gcc/4.8.3-2014q1/bin/../lib/gcc/arm-none-eabi/4.8.3/../../../../arm-none-eabi/lib/armv7-m/libc.a(lib_a-sprintf.o)
                0x0000000008005954                sprintf
 .text.strlen   0x00000000080059a0       0x60 /home/fx/.arduino15/packages/arduino/tools/arm-none-eabi-gcc/4.8.3-2014q1/bin/../lib/gcc/arm-none-eabi/4.8.3/../../../../arm-none-eabi/lib/armv7-m/libc.a(lib_a-strlen.o)
                0x00000000080059a0                strlen
 .text._svfprintf_r
                0x0000000008005a00     0x14e0 /home/fx/.arduino15/packages/arduino/tools/arm-none-eabi-gcc/4.8.3-2014q1/bin/../lib/gcc/arm-none-eabi/4.8.3/../../../../arm-none-eabi/lib/armv7-m/libc.a(lib_a-svfprintf.o)
                0x0000000008005a00                _svfprintf_r
 .text.startup.register_fini
                0x0000000008006ee0       0x14 /home/fx/.arduino15/packages/arduino/tools/arm-none-eabi-gcc/4.8.3-2014q1/bin/../lib/gcc/arm-none-eabi/4.8.3/../../../../arm-none-eabi/lib/armv7-m/libc.a(lib_a-__call_atexit.o)
 .text.atexit   0x0000000008006ef4        0xc /home/fx/.arduino15/packages/arduino/tools/arm-none-eabi-gcc/4.8.3-2014q1/bin/../lib/gcc/arm-none-eabi/4.8.3/../../../../arm-none-eabi/lib/armv7-m/libc.a(lib_a-atexit.o)
                0x0000000008006ef4                atexit
 .text.quorem   0x0000000008006f00      0x134 /home/fx/.arduino15/packages/arduino/tools/arm-none-eabi-gcc/4.8.3-2014q1/bin/../lib/gcc/arm-none-eabi/4.8.3/../../../../arm-none-eabi/lib/armv7-m/libc.a(lib_a-dtoa.o)
 *fill*         0x0000000008007034        0x4 
 .text._dtoa_r  0x0000000008007038      0xe38 /home/fx/.arduino15/packages/arduino/tools/arm-none-eabi-gcc/4.8.3-2014q1/bin/../lib/gcc/arm-none-eabi/4.8.3/../../../../arm-none-eabi/lib/armv7-m/libc.a(lib_a-dtoa.o)
                0x0000000008007038                _dtoa_r
 .text.__libc_fini_array
                0x0000000008007e70       0x30 /home/fx/.arduino15/packages/arduino/tools/arm-none-eabi-gcc/4.8.3-2014q1/bin/../lib/gcc/arm-none-eabi/4.8.3/../../../../arm-none-eabi/lib/armv7-m/libc.a(lib_a-fini.o)
                0x0000000008007e70                __libc_fini_array
 .text._malloc_trim_r
                0x0000000008007ea0       0x9c /home/fx/.arduino15/packages/arduino/tools/arm-none-eabi-gcc/4.8.3-2014q1/bin/../lib/gcc/arm-none-eabi/4.8.3/../../../../arm-none-eabi/lib/armv7-m/libc.a(lib_a-freer.o)
                0x0000000008007ea0                _malloc_trim_r
 .text._free_r  0x0000000008007f3c      0x198 /home/fx/.arduino15/packages/arduino/tools/arm-none-eabi-gcc/4.8.3-2014q1/bin/../lib/gcc/arm-none-eabi/4.8.3/../../../../arm-none-eabi/lib/armv7-m/libc.a(lib_a-freer.o)
                0x0000000008007f3c                _free_r
 .text._localeconv_r
                0x00000000080080d4        0x8 /home/fx/.arduino15/packages/arduino/tools/arm-none-eabi-gcc/4.8.3-2014q1/bin/../lib/gcc/arm-none-eabi/4.8.3/../../../../arm-none-eabi/lib/armv7-m/libc.a(lib_a-locale.o)
                0x00000000080080d4                _localeconv_r
 .text._Balloc  0x00000000080080dc       0x4c /home/fx/.arduino15/packages/arduino/tools/arm-none-eabi-gcc/4.8.3-2014q1/bin/../lib/gcc/arm-none-eabi/4.8.3/../../../../arm-none-eabi/lib/armv7-m/libc.a(lib_a-mprec.o)
                0x00000000080080dc                _Balloc
 .text._Bfree   0x0000000008008128       0x14 /home/fx/.arduino15/packages/arduino/tools/arm-none-eabi-gcc/4.8.3-2014q1/bin/../lib/gcc/arm-none-eabi/4.8.3/../../../../arm-none-eabi/lib/armv7-m/libc.a(lib_a-mprec.o)
                0x0000000008008128                _Bfree
 .text.__multadd
                0x000000000800813c       0x94 /home/fx/.arduino15/packages/arduino/tools/arm-none-eabi-gcc/4.8.3-2014q1/bin/../lib/gcc/arm-none-eabi/4.8.3/../../../../arm-none-eabi/lib/armv7-m/libc.a(lib_a-mprec.o)
                0x000000000800813c                __multadd
 .text.__hi0bits
                0x00000000080081d0       0x40 /home/fx/.arduino15/packages/arduino/tools/arm-none-eabi-gcc/4.8.3-2014q1/bin/../lib/gcc/arm-none-eabi/4.8.3/../../../../arm-none-eabi/lib/armv7-m/libc.a(lib_a-mprec.o)
                0x00000000080081d0                __hi0bits
 .text.__lo0bits
                0x0000000008008210       0x5c /home/fx/.arduino15/packages/arduino/tools/arm-none-eabi-gcc/4.8.3-2014q1/bin/../lib/gcc/arm-none-eabi/4.8.3/../../../../arm-none-eabi/lib/armv7-m/libc.a(lib_a-mprec.o)
                0x0000000008008210                __lo0bits
 .text.__i2b    0x000000000800826c       0x14 /home/fx/.arduino15/packages/arduino/tools/arm-none-eabi-gcc/4.8.3-2014q1/bin/../lib/gcc/arm-none-eabi/4.8.3/../../../../arm-none-eabi/lib/armv7-m/libc.a(lib_a-mprec.o)
                0x000000000800826c                __i2b
 .text.__multiply
                0x0000000008008280      0x13c /home/fx/.arduino15/packages/arduino/tools/arm-none-eabi-gcc/4.8.3-2014q1/bin/../lib/gcc/arm-none-eabi/4.8.3/../../../../arm-none-eabi/lib/armv7-m/libc.a(lib_a-mprec.o)
                0x0000000008008280                __multiply
 .text.__pow5mult
                0x00000000080083bc       0x9c /home/fx/.arduino15/packages/arduino/tools/arm-none-eabi-gcc/4.8.3-2014q1/bin/../lib/gcc/arm-none-eabi/4.8.3/../../../../arm-none-eabi/lib/armv7-m/libc.a(lib_a-mprec.o)
                0x00000000080083bc                __pow5mult
 .text.__lshift
                0x0000000008008458       0xbc /home/fx/.arduino15/packages/arduino/tools/arm-none-eabi-gcc/4.8.3-2014q1/bin/../lib/gcc/arm-none-eabi/4.8.3/../../../../arm-none-eabi/lib/armv7-m/libc.a(lib_a-mprec.o)
                0x0000000008008458                __lshift
 .text.__mcmp   0x0000000008008514       0x48 /home/fx/.arduino15/packages/arduino/tools/arm-none-eabi-gcc/4.8.3-2014q1/bin/../lib/gcc/arm-none-eabi/4.8.3/../../../../arm-none-eabi/lib/armv7-m/libc.a(lib_a-mprec.o)
                0x0000000008008514                __mcmp
 .text.__mdiff  0x000000000800855c       0xd8 /home/fx/.arduino15/packages/arduino/tools/arm-none-eabi-gcc/4.8.3-2014q1/bin/../lib/gcc/arm-none-eabi/4.8.3/../../../../arm-none-eabi/lib/armv7-m/libc.a(lib_a-mprec.o)
                0x000000000800855c                __mdiff
 .text.__d2b    0x0000000008008634       0xbc /home/fx/.arduino15/packages/arduino/tools/arm-none-eabi-gcc/4.8.3-2014q1/bin/../lib/gcc/arm-none-eabi/4.8.3/../../../../arm-none-eabi/lib/armv7-m/libc.a(lib_a-mprec.o)
                0x0000000008008634                __d2b
 .text.__ssprint_r
                0x00000000080086f0      0x100 /home/fx/.arduino15/packages/arduino/tools/arm-none-eabi-gcc/4.8.3-2014q1/bin/../lib/gcc/arm-none-eabi/4.8.3/../../../../arm-none-eabi/lib/armv7-m/libc.a(lib_a-svfiprintf.o)
                0x00000000080086f0                __ssprint_r
 .text.__register_exitproc
                0x00000000080087f0       0xa8 /home/fx/.arduino15/packages/arduino/tools/arm-none-eabi-gcc/4.8.3-2014q1/bin/../lib/gcc/arm-none-eabi/4.8.3/../../../../arm-none-eabi/lib/armv7-m/libc.a(lib_a-__atexit.o)
                0x00000000080087f0                __register_exitproc
 .text._calloc_r
                0x0000000008008898       0x60 /home/fx/.arduino15/packages/arduino/tools/arm-none-eabi-gcc/4.8.3-2014q1/bin/../lib/gcc/arm-none-eabi/4.8.3/../../../../arm-none-eabi/lib/armv7-m/libc.a(lib_a-callocr.o)
                0x0000000008008898                _calloc_r
 .text.memmove  0x00000000080088f8       0xcc /home/fx/.arduino15/packages/arduino/tools/arm-none-eabi-gcc/4.8.3-2014q1/bin/../lib/gcc/arm-none-eabi/4.8.3/../../../../arm-none-eabi/lib/armv7-m/libc.a(lib_a-memmove.o)
                0x00000000080088f8                memmove
 .text._realloc_r
                0x00000000080089c4      0x3c0 /home/fx/.arduino15/packages/arduino/tools/arm-none-eabi-gcc/4.8.3-2014q1/bin/../lib/gcc/arm-none-eabi/4.8.3/../../../../arm-none-eabi/lib/armv7-m/libc.a(lib_a-reallocr.o)
                0x00000000080089c4                _realloc_r
 *(.plt)
 *(.gnu.warning)
 *(.glue_7t)
 .glue_7t       0x0000000000000000        0x0 linker stubs
 *(.glue_7)
 .glue_7        0x0000000000000000        0x0 linker stubs
 *(.vfp11_veneer)
 .vfp11_veneer  0x0000000000000000        0x0 linker stubs
 *(.ARM.extab* .gnu.linkonce.armextab.*)
 *(.gcc_except_table)
 *(.eh_frame_hdr)
 *(.eh_frame)
 .eh_frame      0x0000000008008d84        0x0 /home/fx/.arduino15/packages/arduino/tools/arm-none-eabi-gcc/4.8.3-2014q1/bin/../lib/gcc/arm-none-eabi/4.8.3/armv7-m/crtbegin.o
                0x0000000008008d84                . = ALIGN (0x4)
 *(.init)
 .init          0x0000000008008d84        0x4 /home/fx/.arduino15/packages/arduino/tools/arm-none-eabi-gcc/4.8.3-2014q1/bin/../lib/gcc/arm-none-eabi/4.8.3/armv7-m/crti.o
                0x0000000008008d84                _init
 .init          0x0000000008008d88        0x8 /home/fx/.arduino15/packages/arduino/tools/arm-none-eabi-gcc/4.8.3-2014q1/bin/../lib/gcc/arm-none-eabi/4.8.3/armv7-m/crtn.o
                0x0000000008008d90                . = ALIGN (0x4)
                0x0000000008008d90                __preinit_array_start = .
 *(.preinit_array)
                0x0000000008008d90                __preinit_array_end = .
                0x0000000008008d90                . = ALIGN (0x4)
                0x0000000008008d90                __init_array_start = .
 *(SORT(.init_array.*))
 .init_array.00000
                0x0000000008008d90        0x4 /home/fx/.arduino15/packages/arduino/tools/arm-none-eabi-gcc/4.8.3-2014q1/bin/../lib/gcc/arm-none-eabi/4.8.3/../../../../arm-none-eabi/lib/armv7-m/libc.a(lib_a-__call_atexit.o)
 .init_array.00101
                0x0000000008008d94        0x4 /home/fx/Upwork/weather-node/output/core/core.a(main.cpp.o)
 *(.init_array)
 .init_array    0x0000000008008d98        0x4 /home/fx/.arduino15/packages/arduino/tools/arm-none-eabi-gcc/4.8.3-2014q1/bin/../lib/gcc/arm-none-eabi/4.8.3/armv7-m/crtbegin.o
 .init_array    0x0000000008008d9c        0x4 /home/fx/Upwork/weather-node/output/sketch/weatherSIM808.ino.cpp.o
 .init_array    0x0000000008008da0        0x4 /home/fx/Upwork/weather-node/output/core/board.cpp.o
 .init_array    0x0000000008008da4        0x4 /home/fx/Upwork/weather-node/output/core/core.a(usb_serial.cpp.o)
                0x0000000008008da8                __init_array_end = .
                0x0000000008008da8                . = ALIGN (0x4)
 *crtbegin.o(.ctors)
 *(EXCLUDE_FILE(*crtend.o) .ctors)
 *(SORT(.ctors.*))
 *crtend.o(.ctors)
                0x0000000008008da8                . = ALIGN (0x4)
 *(.fini)
 .fini          0x0000000008008da8        0x4 /home/fx/.arduino15/packages/arduino/tools/arm-none-eabi-gcc/4.8.3-2014q1/bin/../lib/gcc/arm-none-eabi/4.8.3/armv7-m/crti.o
                0x0000000008008da8                _fini
 .fini          0x0000000008008dac        0x8 /home/fx/.arduino15/packages/arduino/tools/arm-none-eabi-gcc/4.8.3-2014q1/bin/../lib/gcc/arm-none-eabi/4.8.3/armv7-m/crtn.o
                0x0000000008008db4                . = ALIGN (0x4)
                0x0000000008008db4                __fini_array_start = .
 *(.fini_array)
 .fini_array    0x0000000008008db4        0x4 /home/fx/.arduino15/packages/arduino/tools/arm-none-eabi-gcc/4.8.3-2014q1/bin/../lib/gcc/arm-none-eabi/4.8.3/armv7-m/crtbegin.o
 *(SORT(.fini_array.*))
                0x0000000008008db8                __fini_array_end = .
 *crtbegin.o(.dtors)
 *(EXCLUDE_FILE(*crtend.o) .dtors)
 *(SORT(.dtors.*))
 *crtend.o(.dtors)

.v4_bx          0x0000000008008db8        0x0
 .v4_bx         0x0000000000000000        0x0 linker stubs

.iplt           0x0000000008008db8        0x0
 .iplt          0x0000000000000000        0x0 /home/fx/.arduino15/packages/arduino/tools/arm-none-eabi-gcc/4.8.3-2014q1/bin/../lib/gcc/arm-none-eabi/4.8.3/armv7-m/crtbegin.o

.text.align     0x0000000008008db8        0x0
                0x0000000008008db8                . = ALIGN (0x8)
                0x0000000008008db8                __text_end__ = .
                0x0000000008008db8                __exidx_start = .

.ARM.exidx      0x0000000008008db8        0x8
 *(.ARM.exidx* .gnu.linkonce.armexidx.*)
 .ARM.exidx     0x0000000008008db8        0x8 /home/fx/Upwork/weather-node/output/core/wirish/start.S.o
 .ARM.exidx     0x0000000008008dc0        0x0 /home/fx/.arduino15/packages/arduino/tools/arm-none-eabi-gcc/4.8.3-2014q1/bin/../lib/gcc/arm-none-eabi/4.8.3/armv7-m/libgcc.a(_divdi3.o)
                                          0x8 (size before relaxing)
 .ARM.exidx     0x0000000008008dc0        0x0 /home/fx/.arduino15/packages/arduino/tools/arm-none-eabi-gcc/4.8.3-2014q1/bin/../lib/gcc/arm-none-eabi/4.8.3/armv7-m/libgcc.a(_udivdi3.o)
                                          0x8 (size before relaxing)
                0x0000000008008dc0                __exidx_end = .

.data           0x0000000020000000      0xd10 load address 0x0000000008008dc0
                0x0000000020000000                __data_start__ = .
                0x0000000020000000        0x4 LONG 0x0
                0x0000000020000008                . = ALIGN (0x8)
 *fill*         0x0000000020000004        0x4 
 *(.got.plt)
 *(.got)
 *(.data .data.* .gnu.linkonce.d.*)
 .data.timestamp
                0x0000000020000008       0x13 /home/fx/Upwork/weather-node/output/sketch/weatherSIM808.ino.cpp.o
                0x0000000020000008                timestamp
 .data.longitude
                0x000000002000001b        0xb /home/fx/Upwork/weather-node/output/sketch/weatherSIM808.ino.cpp.o
                0x000000002000001b                longitude
 .data.latitude
                0x0000000020000026        0xb /home/fx/Upwork/weather-node/output/sketch/weatherSIM808.ino.cpp.o
                0x0000000020000026                latitude
 *fill*         0x0000000020000031        0x3 
 .data.uxCriticalNesting
                0x0000000020000034        0x4 /home/fx/Upwork/weather-node/output/libraries/FreeRTOS821/utility/port.c.o
 .data.xNextTaskUnblockTime
                0x0000000020000038        0x4 /home/fx/Upwork/weather-node/output/libraries/FreeRTOS821/utility/tasks.c.o
 .data._ZN6wirish4privL8pll_dataE
                0x000000002000003c        0x4 /home/fx/Upwork/weather-node/output/core/wirish/boards_setup.cpp.o
 .data._ZN6wirish4priv9w_adc_smpE
                0x0000000020000040        0x1 /home/fx/Upwork/weather-node/output/core/wirish/boards_setup.cpp.o
                0x0000000020000040                wirish::priv::w_adc_smp
 *fill*         0x0000000020000041        0x1 
 .data._ZN6wirish4priv9w_adc_preE
                0x0000000020000042        0x2 /home/fx/Upwork/weather-node/output/core/wirish/boards_setup.cpp.o
                0x0000000020000042                wirish::priv::w_adc_pre
 .data._ZN6wirish4priv15w_board_pll_cfgE
                0x0000000020000044        0x8 /home/fx/Upwork/weather-node/output/core/wirish/boards_setup.cpp.o
                0x0000000020000044                wirish::priv::w_board_pll_cfg
 .data.adc2     0x000000002000004c        0x8 /home/fx/Upwork/weather-node/output/core/core.a(adc_f1.c.o)
                0x000000002000004c                adc2
 .data.adc1     0x0000000020000054       0x18 /home/fx/Upwork/weather-node/output/core/core.a(adc_f1.c.o)
                0x0000000020000054                adc1
 .data.ADC2     0x000000002000006c        0x4 /home/fx/Upwork/weather-node/output/core/core.a(adc_f1.c.o)
                0x000000002000006c                ADC2
 .data.ADC1     0x0000000020000070        0x4 /home/fx/Upwork/weather-node/output/core/core.a(adc_f1.c.o)
                0x0000000020000070                ADC1
 .data.dma1     0x0000000020000074       0x40 /home/fx/Upwork/weather-node/output/core/core.a(dma_f1.c.o)
 .data.DMA1     0x00000000200000b4        0x4 /home/fx/Upwork/weather-node/output/core/core.a(dma_f1.c.o)
                0x00000000200000b4                DMA1
 .data.gpioa    0x00000000200000b8        0x8 /home/fx/Upwork/weather-node/output/core/core.a(gpio_f1.c.o)
                0x00000000200000b8                gpioa
 .data.gpiob    0x00000000200000c0        0x8 /home/fx/Upwork/weather-node/output/core/core.a(gpio_f1.c.o)
                0x00000000200000c0                gpiob
 .data.gpioc    0x00000000200000c8        0x8 /home/fx/Upwork/weather-node/output/core/core.a(gpio_f1.c.o)
                0x00000000200000c8                gpioc
 .data.gpiod    0x00000000200000d0        0x8 /home/fx/Upwork/weather-node/output/core/core.a(gpio_f1.c.o)
                0x00000000200000d0                gpiod
 .data.i2c1     0x00000000200000d8       0x38 /home/fx/Upwork/weather-node/output/core/core.a(i2c_f1.c.o)
 .data.i2c2     0x0000000020000110       0x38 /home/fx/Upwork/weather-node/output/core/core.a(i2c_f1.c.o)
 .data.enable_regs.4411
                0x0000000020000148        0xc /home/fx/Upwork/weather-node/output/core/core.a(rcc_f1.c.o)
 .data.reset_regs.4415
                0x0000000020000154        0x8 /home/fx/Upwork/weather-node/output/core/core.a(rcc_f1.c.o)
 .data.enable_regs.4424
                0x000000002000015c        0xc /home/fx/Upwork/weather-node/output/core/core.a(rcc_f1.c.o)
 .data.timer3   0x0000000020000168       0x24 /home/fx/Upwork/weather-node/output/core/core.a(timer.c.o)
                0x0000000020000168                timer3
 .data.timer4   0x000000002000018c       0x24 /home/fx/Upwork/weather-node/output/core/core.a(timer.c.o)
                0x000000002000018c                timer4
 .data.timer1   0x00000000200001b0       0x28 /home/fx/Upwork/weather-node/output/core/core.a(timer.c.o)
                0x00000000200001b0                timer1
 .data.timer2   0x00000000200001d8       0x24 /home/fx/Upwork/weather-node/output/core/core.a(timer.c.o)
                0x00000000200001d8                timer2
 .data.USART1   0x00000000200001fc        0x4 /home/fx/Upwork/weather-node/output/core/core.a(usart_f1.c.o)
                0x00000000200001fc                USART1
 .data.USART2   0x0000000020000200        0x4 /home/fx/Upwork/weather-node/output/core/core.a(usart_f1.c.o)
                0x0000000020000200                USART2
 .data.USART3   0x0000000020000204        0x4 /home/fx/Upwork/weather-node/output/core/core.a(usart_f1.c.o)
                0x0000000020000204                USART3
 .data.usart1   0x0000000020000208       0x94 /home/fx/Upwork/weather-node/output/core/core.a(usart_f1.c.o)
 .data.usart2   0x000000002000029c       0x94 /home/fx/Upwork/weather-node/output/core/core.a(usart_f1.c.o)
 .data.usart3   0x0000000020000330       0x94 /home/fx/Upwork/weather-node/output/core/core.a(usart_f1.c.o)
 .data.USBLIB   0x00000000200003c4        0x4 /home/fx/Upwork/weather-node/output/core/core.a(usb.c.o)
                0x00000000200003c4                USBLIB
 .data.usblib   0x00000000200003c8       0x10 /home/fx/Upwork/weather-node/output/core/core.a(usb.c.o)
 .data.Config_Descriptor
                0x00000000200003d8        0x8 /home/fx/Upwork/weather-node/output/core/core.a(usb_cdcacm.c.o)
 .data.Device_Property
                0x00000000200003e0       0x30 /home/fx/Upwork/weather-node/output/core/core.a(usb_cdcacm.c.o)
                0x00000000200003e0                Device_Property
 .data.ep_int_in
                0x0000000020000410       0x1c /home/fx/Upwork/weather-node/output/core/core.a(usb_cdcacm.c.o)
 .data.String_Descriptor
                0x000000002000042c       0x18 /home/fx/Upwork/weather-node/output/core/core.a(usb_cdcacm.c.o)
 .data.ep_int_out
                0x0000000020000444       0x1c /home/fx/Upwork/weather-node/output/core/core.a(usb_cdcacm.c.o)
 .data.line_coding
                0x0000000020000460        0x7 /home/fx/Upwork/weather-node/output/core/core.a(usb_cdcacm.c.o)
 *fill*         0x0000000020000467        0x1 
 .data.User_Standard_Requests
                0x0000000020000468       0x24 /home/fx/Upwork/weather-node/output/core/core.a(usb_cdcacm.c.o)
                0x0000000020000468                User_Standard_Requests
 .data.Device_Descriptor
                0x000000002000048c        0x8 /home/fx/Upwork/weather-node/output/core/core.a(usb_cdcacm.c.o)
 .data.Device_Table
                0x0000000020000494        0x2 /home/fx/Upwork/weather-node/output/core/core.a(usb_cdcacm.c.o)
                0x0000000020000494                Device_Table
 *fill*         0x0000000020000496        0x2 
 .data.impure_data
                0x0000000020000498      0x428 /home/fx/.arduino15/packages/arduino/tools/arm-none-eabi-gcc/4.8.3-2014q1/bin/../lib/gcc/arm-none-eabi/4.8.3/../../../../arm-none-eabi/lib/armv7-m/libc.a(lib_a-impure.o)
 .data._impure_ptr
                0x00000000200008c0        0x4 /home/fx/.arduino15/packages/arduino/tools/arm-none-eabi-gcc/4.8.3-2014q1/bin/../lib/gcc/arm-none-eabi/4.8.3/../../../../arm-none-eabi/lib/armv7-m/libc.a(lib_a-impure.o)
                0x00000000200008c0                _impure_ptr
 .data.__malloc_av_
                0x00000000200008c4      0x408 /home/fx/.arduino15/packages/arduino/tools/arm-none-eabi-gcc/4.8.3-2014q1/bin/../lib/gcc/arm-none-eabi/4.8.3/../../../../arm-none-eabi/lib/armv7-m/libc.a(lib_a-mallocr.o)
                0x00000000200008c4                __malloc_av_
 .data.__malloc_trim_threshold
                0x0000000020000ccc        0x4 /home/fx/.arduino15/packages/arduino/tools/arm-none-eabi-gcc/4.8.3-2014q1/bin/../lib/gcc/arm-none-eabi/4.8.3/../../../../arm-none-eabi/lib/armv7-m/libc.a(lib_a-mallocr.o)
                0x0000000020000ccc                __malloc_trim_threshold
 .data.__malloc_sbrk_base
                0x0000000020000cd0        0x4 /home/fx/.arduino15/packages/arduino/tools/arm-none-eabi-gcc/4.8.3-2014q1/bin/../lib/gcc/arm-none-eabi/4.8.3/../../../../arm-none-eabi/lib/armv7-m/libc.a(lib_a-mallocr.o)
                0x0000000020000cd0                __malloc_sbrk_base
 .data.lconv    0x0000000020000cd4       0x38 /home/fx/.arduino15/packages/arduino/tools/arm-none-eabi-gcc/4.8.3-2014q1/bin/../lib/gcc/arm-none-eabi/4.8.3/../../../../arm-none-eabi/lib/armv7-m/libc.a(lib_a-locale.o)
                0x0000000020000d10                . = ALIGN (0x8)
 *fill*         0x0000000020000d0c        0x4 
                0x0000000020000d10                __data_end__ = .

.jcr            0x0000000020000d10        0x0 load address 0x0000000008009ad0
 .jcr           0x0000000020000d10        0x0 /home/fx/.arduino15/packages/arduino/tools/arm-none-eabi-gcc/4.8.3-2014q1/bin/../lib/gcc/arm-none-eabi/4.8.3/armv7-m/crtbegin.o

.igot.plt       0x0000000020000d10        0x0 load address 0x0000000008009ad0
 .igot.plt      0x0000000000000000        0x0 /home/fx/.arduino15/packages/arduino/tools/arm-none-eabi-gcc/4.8.3-2014q1/bin/../lib/gcc/arm-none-eabi/4.8.3/armv7-m/crtbegin.o

.rodata         0x0000000008009ad0      0xb20
 *(.rodata .rodata.* .gnu.linkonce.r.*)
 .rodata._ZL13key_pm2_value
                0x0000000008009ad0        0x4 /home/fx/Upwork/weather-node/output/sketch/weatherSIM808.ino.cpp.o
 .rodata._ZL12key_humidity
                0x0000000008009ad4        0x9 /home/fx/Upwork/weather-node/output/sketch/weatherSIM808.ino.cpp.o
 .rodata._ZL13key_timestamp
                0x0000000008009add        0xa /home/fx/Upwork/weather-node/output/sketch/weatherSIM808.ino.cpp.o
 .rodata._ZL12key_latitude
                0x0000000008009ae7        0x9 /home/fx/Upwork/weather-node/output/sketch/weatherSIM808.ino.cpp.o
 .rodata._ZL15key_temperature
                0x0000000008009af0        0xc /home/fx/Upwork/weather-node/output/sketch/weatherSIM808.ino.cpp.o
 .rodata.str1.1
                0x0000000008009afc      0x20e /home/fx/Upwork/weather-node/output/sketch/weatherSIM808.ino.cpp.o
                                        0x213 (size before relaxing)
 .rodata._ZL13key_longitude
                0x0000000008009d0a        0xa /home/fx/Upwork/weather-node/output/sketch/weatherSIM808.ino.cpp.o
 .rodata._ZL13key_pm1_value
                0x0000000008009d14        0x4 /home/fx/Upwork/weather-node/output/sketch/weatherSIM808.ino.cpp.o
 .rodata.ucExpectedStackBytes.5340
                0x0000000008009d18       0x14 /home/fx/Upwork/weather-node/output/libraries/FreeRTOS821/utility/tasks.c.o
 .rodata.str1.1
                0x0000000008009d2c        0x5 /home/fx/Upwork/weather-node/output/libraries/FreeRTOS821/utility/tasks.c.o
 *fill*         0x0000000008009d31        0x3 
 .rodata.PIN_MAP
                0x0000000008009d34      0x230 /home/fx/Upwork/weather-node/output/core/board.cpp.o
                0x0000000008009d34                PIN_MAP
 *fill*         0x0000000008009f64        0x4 
 .rodata._ZTV14HardwareSerial
                0x0000000008009f68       0x28 /home/fx/Upwork/weather-node/output/core/core.a(HardwareSerial.cpp.o)
                0x0000000008009f68                vtable for HardwareSerial
 .rodata.GPIOC  0x0000000008009f90        0x4 /home/fx/Upwork/weather-node/output/core/core.a(gpio_f1.c.o)
                0x0000000008009f90                GPIOC
 .rodata.str1.1
                0x0000000008009f94       0xb6 /home/fx/Upwork/weather-node/output/core/core.a(rcc_f1.c.o)
 .rodata.rcc_dev_table
                0x000000000800a04a       0x5c /home/fx/Upwork/weather-node/output/core/core.a(rcc_f1.c.o)
                0x000000000800a04a                rcc_dev_table
 *fill*         0x000000000800a0a6        0x2 
 .rodata.masks.4420
                0x000000000800a0a8       0x14 /home/fx/Upwork/weather-node/output/core/core.a(rcc_f1.c.o)
 .rodata.str1.1
                0x000000000800a0bc       0xb7 /home/fx/Upwork/weather-node/output/core/core.a(timer.c.o)
 .rodata.str1.1
                0x000000000800a173       0x6e /home/fx/Upwork/weather-node/output/core/core.a(usart_f1.c.o)
 .rodata.str1.1
                0x000000000800a1e1       0x7d /home/fx/Upwork/weather-node/output/core/core.a(usb.c.o)
 .rodata.usbVcomDescriptor_iProduct
                0x000000000800a25e        0xc /home/fx/Upwork/weather-node/output/core/core.a(usb_cdcacm.c.o)
 .rodata.usbVcomDescriptor_iManufacturer
                0x000000000800a26a       0x12 /home/fx/Upwork/weather-node/output/core/core.a(usb_cdcacm.c.o)
 .rodata.usbVcomDescriptor_Device
                0x000000000800a27c       0x12 /home/fx/Upwork/weather-node/output/core/core.a(usb_cdcacm.c.o)
 .rodata.usbVcomDescriptor_Config
                0x000000000800a28e       0x43 /home/fx/Upwork/weather-node/output/core/core.a(usb_cdcacm.c.o)
 .rodata.usbVcomDescriptor_LangID
                0x000000000800a2d1        0x4 /home/fx/Upwork/weather-node/output/core/core.a(usb_cdcacm.c.o)
 .rodata.str1.1
                0x000000000800a2d5       0x3f /home/fx/Upwork/weather-node/output/core/core.a(util.c.o)
                                         0x42 (size before relaxing)
 .rodata.str1.1
                0x000000000800a314       0x6c /home/fx/Upwork/weather-node/output/core/core.a(wirish_digital_f1.cpp.o)
                                         0x6e (size before relaxing)
 .rodata.str1.1
                0x000000000800a380       0x5d /home/fx/Upwork/weather-node/output/core/core.a(usb_serial.cpp.o)
                                         0x5f (size before relaxing)
 *fill*         0x000000000800a3dd        0x3 
 .rodata._ZTV9USBSerial
                0x000000000800a3e0       0x28 /home/fx/Upwork/weather-node/output/core/core.a(usb_serial.cpp.o)
                0x000000000800a3e0                vtable for USBSerial
 .rodata.str1.1
                0x000000000800a408       0x60 /home/fx/Upwork/weather-node/output/core/core.a(bkp_f1.c.o)
                                         0x62 (size before relaxing)
 .rodata.str1.4
                0x000000000800a468        0x2 /home/fx/.arduino15/packages/arduino/tools/arm-none-eabi-gcc/4.8.3-2014q1/bin/../lib/gcc/arm-none-eabi/4.8.3/../../../../arm-none-eabi/lib/armv7-m/libc.a(lib_a-impure.o)
                                          0x4 (size before relaxing)
 *fill*         0x000000000800a46a        0x2 
 .rodata._global_impure_ptr
                0x000000000800a46c        0x4 /home/fx/.arduino15/packages/arduino/tools/arm-none-eabi-gcc/4.8.3-2014q1/bin/../lib/gcc/arm-none-eabi/4.8.3/../../../../arm-none-eabi/lib/armv7-m/libc.a(lib_a-impure.o)
                0x000000000800a46c                _global_impure_ptr
 .rodata.zeroes.6760
                0x000000000800a470       0x10 /home/fx/.arduino15/packages/arduino/tools/arm-none-eabi-gcc/4.8.3-2014q1/bin/../lib/gcc/arm-none-eabi/4.8.3/../../../../arm-none-eabi/lib/armv7-m/libc.a(lib_a-svfprintf.o)
 .rodata.str1.4
                0x000000000800a480       0x42 /home/fx/.arduino15/packages/arduino/tools/arm-none-eabi-gcc/4.8.3-2014q1/bin/../lib/gcc/arm-none-eabi/4.8.3/../../../../arm-none-eabi/lib/armv7-m/libc.a(lib_a-svfprintf.o)
                                         0x44 (size before relaxing)
 *fill*         0x000000000800a4c2        0x2 
 .rodata.blanks.6759
                0x000000000800a4c4       0x10 /home/fx/.arduino15/packages/arduino/tools/arm-none-eabi-gcc/4.8.3-2014q1/bin/../lib/gcc/arm-none-eabi/4.8.3/../../../../arm-none-eabi/lib/armv7-m/libc.a(lib_a-svfprintf.o)
 .rodata.str1.4
                0x000000000800a4d4       0x10 /home/fx/.arduino15/packages/arduino/tools/arm-none-eabi-gcc/4.8.3-2014q1/bin/../lib/gcc/arm-none-eabi/4.8.3/../../../../arm-none-eabi/lib/armv7-m/libc.a(lib_a-dtoa.o)
                                         0x14 (size before relaxing)
 .rodata.str1.4
                0x000000000800a4e4        0xc /home/fx/.arduino15/packages/arduino/tools/arm-none-eabi-gcc/4.8.3-2014q1/bin/../lib/gcc/arm-none-eabi/4.8.3/../../../../arm-none-eabi/lib/armv7-m/libc.a(lib_a-locale.o)
                                         0x14 (size before relaxing)
 .rodata.__mprec_tens
                0x000000000800a4f0       0xc8 /home/fx/.arduino15/packages/arduino/tools/arm-none-eabi-gcc/4.8.3-2014q1/bin/../lib/gcc/arm-none-eabi/4.8.3/../../../../arm-none-eabi/lib/armv7-m/libc.a(lib_a-mprec.o)
                0x000000000800a4f0                __mprec_tens
 .rodata.__mprec_bigtens
                0x000000000800a5b8       0x28 /home/fx/.arduino15/packages/arduino/tools/arm-none-eabi-gcc/4.8.3-2014q1/bin/../lib/gcc/arm-none-eabi/4.8.3/../../../../arm-none-eabi/lib/armv7-m/libc.a(lib_a-mprec.o)
                0x000000000800a5b8                __mprec_bigtens
 .rodata.p05.5266
                0x000000000800a5e0        0xc /home/fx/.arduino15/packages/arduino/tools/arm-none-eabi-gcc/4.8.3-2014q1/bin/../lib/gcc/arm-none-eabi/4.8.3/../../../../arm-none-eabi/lib/armv7-m/libc.a(lib_a-mprec.o)
 *(.USER_FLASH)
                0x000000000800a5ec                . = ALIGN (0x4)
                0x000000000800a5ec                _lm_rom_img_cfgp = .
                0x000000000800a5ec        0x4 LONG 0x8008dc0 LOADADDR (.data)