Archive member included because of file (symbol)

c:\Users\fx\Upwork\weather-node\output\core\core.a(HardwareSerial.cpp.o)
                              c:\Users\fx\Upwork\weather-node\output\sketch\weatherSIM808.ino.cpp.o (HardwareSerial::read())
c:\Users\fx\Upwork\weather-node\output\core\core.a(Print.cpp.o)
                              c:\Users\fx\Upwork\weather-node\output\core\core.a(HardwareSerial.cpp.o) (Print::write(void const*, unsigned long))
c:\Users\fx\Upwork\weather-node\output\core\core.a(cxxabi-compat.cpp.o)
                              c:\Users\fx\Upwork\weather-node\output\libraries\DHT_sensor_library\DHT_U.cpp.o (__cxa_pure_virtual)
c:\Users\fx\Upwork\weather-node\output\core\core.a(adc.c.o)
                              c:\Users\fx\Upwork\weather-node\output\core\wirish\boards.cpp.o (adc_set_sample_rate)
c:\Users\fx\Upwork\weather-node\output\core\core.a(adc_f1.c.o)
                              (__irq_adc)
c:\Users\fx\Upwork\weather-node\output\core\core.a(dma_f1.c.o)
                              (__irq_dma1_channel1)
c:\Users\fx\Upwork\weather-node\output\core\core.a(exc.S.o)
                              (__exc_nmi)
c:\Users\fx\Upwork\weather-node\output\core\core.a(exti.c.o)
                              (__irq_exti0)
c:\Users\fx\Upwork\weather-node\output\core\core.a(exti_f1.c.o)
                              c:\Users\fx\Upwork\weather-node\output\core\core.a(exti.c.o) (exti_select)
c:\Users\fx\Upwork\weather-node\output\core\core.a(flash.c.o)
                              c:\Users\fx\Upwork\weather-node\output\core\wirish\boards.cpp.o (flash_set_latency)
c:\Users\fx\Upwork\weather-node\output\core\core.a(gpio_f1.c.o)
                              c:\Users\fx\Upwork\weather-node\output\core\wirish\boards_setup.cpp.o (gpio_init_all)
c:\Users\fx\Upwork\weather-node\output\core\core.a(i2c_f1.c.o)
                              (__irq_i2c1_ev)
c:\Users\fx\Upwork\weather-node\output\core\core.a(nvic.c.o)
                              c:\Users\fx\Upwork\weather-node\output\core\core.a(i2c_f1.c.o) (nvic_irq_set_priority)
c:\Users\fx\Upwork\weather-node\output\core\core.a(rcc.c.o)
                              c:\Users\fx\Upwork\weather-node\output\core\wirish\boards.cpp.o (rcc_switch_sysclk)
c:\Users\fx\Upwork\weather-node\output\core\core.a(rcc_f1.c.o)
                              c:\Users\fx\Upwork\weather-node\output\core\wirish\boards.cpp.o (rcc_configure_pll)
c:\Users\fx\Upwork\weather-node\output\core\core.a(isrs.S.o)
                              (__stm32reservedexception7)
c:\Users\fx\Upwork\weather-node\output\core\core.a(vector_table.S.o)
                              (__stm32_vector_table)
c:\Users\fx\Upwork\weather-node\output\core\core.a(systick.c.o)
                              c:\Users\fx\Upwork\weather-node\output\core\wirish\boards.cpp.o (systick_init)
c:\Users\fx\Upwork\weather-node\output\core\core.a(timer.c.o)
                              c:\Users\fx\Upwork\weather-node\output\core\wirish\boards.cpp.o (timer_foreach)
c:\Users\fx\Upwork\weather-node\output\core\core.a(usart.c.o)
                              c:\Users\fx\Upwork\weather-node\output\core\core.a(HardwareSerial.cpp.o) (usart_init)
c:\Users\fx\Upwork\weather-node\output\core\core.a(usart_f1.c.o)
                              c:\Users\fx\Upwork\weather-node\output\core\core.a(HardwareSerial.cpp.o) (usart_config_gpios_async)
c:\Users\fx\Upwork\weather-node\output\core\core.a(usart_private.c.o)
                              c:\Users\fx\Upwork\weather-node\output\core\core.a(usart_f1.c.o) (_usart_clock_freq)
c:\Users\fx\Upwork\weather-node\output\core\core.a(usb.c.o)
                              (__irq_usb_lp_can_rx0)
c:\Users\fx\Upwork\weather-node\output\core\core.a(usb_cdcacm.c.o)
                              c:\Users\fx\Upwork\weather-node\output\core\core.a(usb.c.o) (User_Standard_Requests)
c:\Users\fx\Upwork\weather-node\output\core\core.a(usb_reg_map.c.o)
                              c:\Users\fx\Upwork\weather-node\output\core\core.a(usb_cdcacm.c.o) (usb_set_ep_rx_count)
c:\Users\fx\Upwork\weather-node\output\core\core.a(usb_core.c.o)
                              c:\Users\fx\Upwork\weather-node\output\core\core.a(usb_cdcacm.c.o) (Standard_GetDescriptorData)
c:\Users\fx\Upwork\weather-node\output\core\core.a(usb_init.c.o)
                              c:\Users\fx\Upwork\weather-node\output\core\core.a(usb.c.o) (pInformation)
c:\Users\fx\Upwork\weather-node\output\core\core.a(usb_mem.c.o)
                              c:\Users\fx\Upwork\weather-node\output\core\core.a(usb_core.c.o) (UserToPMABufferCopy)
c:\Users\fx\Upwork\weather-node\output\core\core.a(usb_regs.c.o)
                              c:\Users\fx\Upwork\weather-node\output\core\core.a(usb_core.c.o) (SetEPTxStatus)
c:\Users\fx\Upwork\weather-node\output\core\core.a(util.c.o)
                              c:\Users\fx\Upwork\weather-node\output\core\core.a(exc.S.o) (__error)
c:\Users\fx\Upwork\weather-node\output\core\core.a(main.cpp.o)
[...]
Memory Configuration

Name             Origin             Length             Attributes
ram              0x20000000         0x00002800         xrw
rom              0x08000000         0x00008000         xr
*default*        0x00000000         0xffffffff

Linker script and memory map

LOAD c:/users/fx/appdata/local/arduino15/packages/arduino/tools/arm-none-eabi-gcc/4.8.3-2014q1/bin/../lib/gcc/arm-none-eabi/4.8.3/armv7-m/crti.o
LOAD c:/users/fx/appdata/local/arduino15/packages/arduino/tools/arm-none-eabi-gcc/4.8.3-2014q1/bin/../lib/gcc/arm-none-eabi/4.8.3/armv7-m/crtbegin.o
LOAD c:/users/fx/appdata/local/arduino15/packages/arduino/tools/arm-none-eabi-gcc/4.8.3-2014q1/bin/../lib/gcc/arm-none-eabi/4.8.3/../../../../arm-none-eabi/lib/armv7-m/crt0.o
LOAD c:/users/fx/appdata/local/arduino15/packages/arduino/tools/arm-none-eabi-gcc/4.8.3-2014q1/bin/../lib/gcc/arm-none-eabi/4.8.3/armv7-m\libgcc.a
START GROUP
LOAD c:\Users\fx\Upwork\weather-node\output\sketch\weatherSIM808.ino.cpp.o
LOAD c:\Users\fx\Upwork\weather-node\output\libraries\DHT_sensor_library\DHT.cpp.o
LOAD c:\Users\fx\Upwork\weather-node\output\libraries\DHT_sensor_library\DHT_U.cpp.o
LOAD c:\Users\fx\Upwork\weather-node\output\libraries\Adafruit_Unified_Sensor\Adafruit_Sensor.cpp.o
LOAD c:\Users\fx\Upwork\weather-node\output\core\board.cpp.o
LOAD c:\Users\fx\Upwork\weather-node\output\core\wirish\boards.cpp.o
LOAD c:\Users\fx\Upwork\weather-node\output\core\wirish\boards_setup.cpp.o
LOAD c:\Users\fx\Upwork\weather-node\output\core\wirish\start.S.o
LOAD c:\Users\fx\Upwork\weather-node\output\core\wirish\start_c.c.o
LOAD c:\Users\fx\Upwork\weather-node\output\core\wirish\syscalls.c.o
LOAD c:\Users\fx\Upwork\weather-node\output\core\core.a
END GROUP
LOAD c:/users/fx/appdata/local/arduino15/packages/arduino/tools/arm-none-eabi-gcc/4.8.3-2014q1/bin/../lib/gcc/arm-none-eabi/4.8.3/../../../../arm-none-eabi/lib/armv7-m\libstdc++.a
LOAD c:/users/fx/appdata/local/arduino15/packages/arduino/tools/arm-none-eabi-gcc/4.8.3-2014q1/bin/../lib/gcc/arm-none-eabi/4.8.3/../../../../arm-none-eabi/lib/armv7-m\libm.a
START GROUP
LOAD c:/users/fx/appdata/local/arduino15/packages/arduino/tools/arm-none-eabi-gcc/4.8.3-2014q1/bin/../lib/gcc/arm-none-eabi/4.8.3/armv7-m\libgcc.a
LOAD c:/users/fx/appdata/local/arduino15/packages/arduino/tools/arm-none-eabi-gcc/4.8.3-2014q1/bin/../lib/gcc/arm-none-eabi/4.8.3/../../../../arm-none-eabi/lib/armv7-m\libc.a
END GROUP
LOAD c:/users/fx/appdata/local/arduino15/packages/arduino/tools/arm-none-eabi-gcc/4.8.3-2014q1/bin/../lib/gcc/arm-none-eabi/4.8.3/armv7-m/crtend.o
LOAD c:/users/fx/appdata/local/arduino15/packages/arduino/tools/arm-none-eabi-gcc/4.8.3-2014q1/bin/../lib/gcc/arm-none-eabi/4.8.3/armv7-m/crtn.o
START GROUP
LOAD c:/users/fx/appdata/local/arduino15/packages/arduino/tools/arm-none-eabi-gcc/4.8.3-2014q1/bin/../lib/gcc/arm-none-eabi/4.8.3/armv7-m\libgcc.a
LOAD c:/users/fx/appdata/local/arduino15/packages/arduino/tools/arm-none-eabi-gcc/4.8.3-2014q1/bin/../lib/gcc/arm-none-eabi/4.8.3/../../../../arm-none-eabi/lib/armv7-m\libc.a
LOAD c:/users/fx/appdata/local/arduino15/packages/arduino/tools/arm-none-eabi-gcc/4.8.3-2014q1/bin/../lib/gcc/arm-none-eabi/4.8.3/../../../../arm-none-eabi/lib/armv7-m\libm.a
END GROUP
START GROUP
LOAD c:/users/fx/appdata/local/arduino15/packages/arduino/tools/arm-none-eabi-gcc/4.8.3-2014q1/bin/../lib/gcc/arm-none-eabi/4.8.3/../../../../arm-none-eabi/lib/armv7-m\libnosys.a
END GROUP
                0x20002800                PROVIDE (__msp_init, (ORIGIN (ram) + 0x2800))
                0x080008c8                PROVIDE (__exc_reset, __start__)

.text           0x08000000     0x7ef0
                0x08000000                __text_start__ = .
 *(.stm32.interrupt_vector)
 .stm32.interrupt_vector
                0x08000000       0xec c:\Users\fx\Upwork\weather-node\output\core\core.a(vector_table.S.o)
                0x08000000                __stm32_vector_table
 *(.text .text.* .gnu.linkonce.t.*)
 .text          0x080000ec       0x54 c:/users/fx/appdata/local/arduino15/packages/arduino/tools/arm-none-eabi-gcc/4.8.3-2014q1/bin/../lib/gcc/arm-none-eabi/4.8.3/armv7-m/crtbegin.o
 .text._Z11readTempHumv
                0x08000140       0x2c c:\Users\fx\Upwork\weather-node\output\sketch\weatherSIM808.ino.cpp.o
                0x08000140                readTempHum()
 .text._Z17processingPM2Datac
                0x0800016c       0x74 c:\Users\fx\Upwork\weather-node\output\sketch\weatherSIM808.ino.cpp.o
                0x0800016c                processingPM2Data(char)
 .text._Z17processingPM1Datac
                0x080001e0       0x6c c:\Users\fx\Upwork\weather-node\output\sketch\weatherSIM808.ino.cpp.o
                0x080001e0                processingPM1Data(char)
 .text._Z11createFramev
                0x0800024c       0x14 c:\Users\fx\Upwork\weather-node\output\sketch\weatherSIM808.ino.cpp.o
                0x0800024c                createFrame()
 .text._Z5blinkv
                0x08000260       0x26 c:\Users\fx\Upwork\weather-node\output\sketch\weatherSIM808.ino.cpp.o
                0x08000260                blink()
 *fill*         0x08000286        0x2 
 .text._Z5setupv
                0x08000288       0x54 c:\Users\fx\Upwork\weather-node\output\sketch\weatherSIM808.ino.cpp.o
                0x08000288                setup()
 .text.startup._GLOBAL__sub_I_dht
                0x080002dc       0x10 c:\Users\fx\Upwork\weather-node\output\sketch\weatherSIM808.ino.cpp.o
 .text._Z7readPM2v
                0x080002ec       0x20 c:\Users\fx\Upwork\weather-node\output\sketch\weatherSIM808.ino.cpp.o
                0x080002ec                readPM2()
 .text._Z7readPM1v
                0x0800030c       0x20 c:\Users\fx\Upwork\weather-node\output\sketch\weatherSIM808.ino.cpp.o
                0x0800030c                readPM1()
 .text._Z4loopv
                0x0800032c       0x2c c:\Users\fx\Upwork\weather-node\output\sketch\weatherSIM808.ino.cpp.o
                0x0800032c                loop()
 .text._ZN3DHTC2Ehhh
                0x08000358        0xc c:\Users\fx\Upwork\weather-node\output\libraries\DHT_sensor_library\DHT.cpp.o
                0x08000358                DHT::DHT(unsigned char, unsigned char, unsigned char)
                0x08000358                DHT::DHT(unsigned char, unsigned char, unsigned char)
 .text._ZN3DHT5beginEh
                0x08000364       0x20 c:\Users\fx\Upwork\weather-node\output\libraries\DHT_sensor_library\DHT.cpp.o
                0x08000364                DHT::begin(unsigned char)
 .text._ZN3DHT11expectPulseEb
                0x08000384       0x28 c:\Users\fx\Upwork\weather-node\output\libraries\DHT_sensor_library\DHT.cpp.o
                0x08000384                DHT::expectPulse(bool)
 .text._ZN3DHT4readEb
                0x080003ac      0x11c c:\Users\fx\Upwork\weather-node\output\libraries\DHT_sensor_library\DHT.cpp.o
                0x080003ac                DHT::read(bool)
 .text._ZN3DHT15readTemperatureEbb
                0x080004c8      0x130 c:\Users\fx\Upwork\weather-node\output\libraries\DHT_sensor_library\DHT.cpp.o
                0x080004c8                DHT::readTemperature(bool, bool)
 .text._ZN3DHT12readHumidityEb
                0x080005f8       0x80 c:\Users\fx\Upwork\weather-node\output\libraries\DHT_sensor_library\DHT.cpp.o
                0x080005f8                DHT::readHumidity(bool)
 .text._Z9boardInitv
                0x08000678        0x2 c:\Users\fx\Upwork\weather-node\output\core\board.cpp.o
                0x08000678                boardInit()
 *fill*         0x0800067a        0x2 
 .text.startup._GLOBAL__sub_I__Z9boardInitv
                0x0800067c       0x48 c:\Users\fx\Upwork\weather-node\output\core\board.cpp.o
 .text._ZL18adc_default_configP7adc_dev
                0x080006c4       0x1c c:\Users\fx\Upwork\weather-node\output\core\wirish\boards.cpp.o
 .text._ZL20timer_default_configP9timer_dev
                0x080006e0       0x9e c:\Users\fx\Upwork\weather-node\output\core\wirish\boards.cpp.o
 *fill*         0x0800077e        0x2 
 .text._Z4initv
                0x08000780       0xb8 c:\Users\fx\Upwork\weather-node\output\core\wirish\boards.cpp.o
                0x08000780                init()
 .text._ZN6wirish4priv15board_reset_pllEv
                0x08000838        0x2 c:\Users\fx\Upwork\weather-node\output\core\wirish\boards_setup.cpp.o
                0x08000838                wirish::priv::board_reset_pll()
 .text._ZN6wirish4priv28board_setup_clock_prescalersEv
                0x0800083a       0x30 c:\Users\fx\Upwork\weather-node\output\core\wirish\boards_setup.cpp.o
                0x0800083a                wirish::priv::board_setup_clock_prescalers()
 .text._ZN6wirish4priv16board_setup_gpioEv
                0x0800086a        0x4 c:\Users\fx\Upwork\weather-node\output\core\wirish\boards_setup.cpp.o
                0x0800086a                wirish::priv::board_setup_gpio()
 *fill*         0x0800086e        0x2 
 .text._ZN6wirish4priv15board_setup_usbEv
                0x08000870       0x54 c:\Users\fx\Upwork\weather-node\output\core\wirish\boards_setup.cpp.o
                0x08000870                wirish::priv::board_setup_usb()
 .text._ZN6wirish4priv11series_initEv
                0x080008c4        0x4 c:\Users\fx\Upwork\weather-node\output\core\wirish\boards_setup.cpp.o
                0x080008c4                wirish::priv::series_init()
 .text          0x080008c8       0x10 c:\Users\fx\Upwork\weather-node\output\core\wirish\start.S.o
                0x080008c8                __start__
 .text.start_c  0x080008d8       0x58 c:\Users\fx\Upwork\weather-node\output\core\wirish\start_c.c.o
                0x080008d8                start_c
 .text._sbrk    0x08000930       0x44 c:\Users\fx\Upwork\weather-node\output\core\wirish\syscalls.c.o
                0x08000930                _sbrk
 .text.rb_full_count
                0x08000974       0x22 c:\Users\fx\Upwork\weather-node\output\core\core.a(HardwareSerial.cpp.o)
 .text._ZN14HardwareSerial4readEv
                0x08000996       0x3a c:\Users\fx\Upwork\weather-node\output\core\core.a(HardwareSerial.cpp.o)
                0x08000996                HardwareSerial::read()
 .text._ZN14HardwareSerial9availableEv
                0x080009d0        0xc c:\Users\fx\Upwork\weather-node\output\core\core.a(HardwareSerial.cpp.o)
                0x080009d0                HardwareSerial::available()
 .text._ZN14HardwareSerial4peekEv
                0x080009dc       0x22 c:\Users\fx\Upwork\weather-node\output\core\core.a(HardwareSerial.cpp.o)
                0x080009dc                HardwareSerial::peek()
 .text._ZN14HardwareSerial5flushEv
                0x080009fe       0x1a c:\Users\fx\Upwork\weather-node\output\core\core.a(HardwareSerial.cpp.o)
                0x080009fe                HardwareSerial::flush()
 .text._ZN14HardwareSerial5writeEh
                0x08000a18       0x1e c:\Users\fx\Upwork\weather-node\output\core\core.a(HardwareSerial.cpp.o)
                0x08000a18                HardwareSerial::write(unsigned char)
 *fill*         0x08000a36        0x2 
 .text._ZN14HardwareSerialC2EP9usart_devhh
                0x08000a38       0x1c c:\Users\fx\Upwork\weather-node\output\core\core.a(HardwareSerial.cpp.o)
                0x08000a38                HardwareSerial::HardwareSerial(usart_dev*, unsigned char, unsigned char)
                0x08000a38                HardwareSerial::HardwareSerial(usart_dev*, unsigned char, unsigned char)
 .text._ZN14HardwareSerial5beginEmh
                0x08000a54       0x78 c:\Users\fx\Upwork\weather-node\output\core\core.a(HardwareSerial.cpp.o)
                0x08000a54                HardwareSerial::begin(unsigned long, unsigned char)
 .text._ZN14HardwareSerial5beginEm
                0x08000acc        0x6 c:\Users\fx\Upwork\weather-node\output\core\core.a(HardwareSerial.cpp.o)
                0x08000acc                HardwareSerial::begin(unsigned long)
 .text._ZN5Print5writeEPKvm
                0x08000ad2       0x20 c:\Users\fx\Upwork\weather-node\output\core\core.a(Print.cpp.o)
                0x08000ad2                Print::write(void const*, unsigned long)
 .text._ZN5Print5writeEPKc
                0x08000af2       0x1e c:\Users\fx\Upwork\weather-node\output\core\core.a(Print.cpp.o)
                0x08000af2                Print::write(char const*)
 .text._ZN5Print5printEc
                0x08000b10        0xa c:\Users\fx\Upwork\weather-node\output\core\core.a(Print.cpp.o)
                0x08000b10                Print::print(char)
 .text._ZN5Print5printEPKc
                0x08000b1a        0xa c:\Users\fx\Upwork\weather-node\output\core\core.a(Print.cpp.o)
                0x08000b1a                Print::print(char const*)
 .text._ZN5Print7printlnEv
                0x08000b24       0x18 c:\Users\fx\Upwork\weather-node\output\core\core.a(Print.cpp.o)
                0x08000b24                Print::println()
 .text._ZN5Print7printlnEPKc
                0x08000b3c       0x14 c:\Users\fx\Upwork\weather-node\output\core\core.a(Print.cpp.o)
                0x08000b3c                Print::println(char const*)
 .text.adc_init
                0x08000b50       0x14 c:\Users\fx\Upwork\weather-node\output\core\core.a(adc.c.o)
                0x08000b50                adc_init
 .text.adc_set_extsel
                0x08000b64       0x12 c:\Users\fx\Upwork\weather-node\output\core\core.a(adc.c.o)
                0x08000b64                adc_set_extsel
 .text.adc_set_sample_rate
                0x08000b76       0x30 c:\Users\fx\Upwork\weather-node\output\core\core.a(adc.c.o)
                0x08000b76                adc_set_sample_rate
 *fill*         0x08000ba6        0x2 
 .text.__irq_adc
                0x08000ba8       0x50 c:\Users\fx\Upwork\weather-node\output\core\core.a(adc_f1.c.o)
                0x08000ba8                __irq_adc
 .text.adc_calibrate
                0x08000bf8       0x24 c:\Users\fx\Upwork\weather-node\output\core\core.a(adc_f1.c.o)
                0x08000bf8                adc_calibrate
 .text.adc_set_prescaler
                0x08000c1c        0x8 c:\Users\fx\Upwork\weather-node\output\core\core.a(adc_f1.c.o)
                0x08000c1c                adc_set_prescaler
 .text.adc_foreach
                0x08000c24       0x1c c:\Users\fx\Upwork\weather-node\output\core\core.a(adc_f1.c.o)
                0x08000c24                adc_foreach
 .text.adc_enable_single_swstart
                0x08000c40       0x36 c:\Users\fx\Upwork\weather-node\output\core\core.a(adc_f1.c.o)
                0x08000c40                adc_enable_single_swstart
 .text.dma_irq_handler
                0x08000c76       0x1c c:\Users\fx\Upwork\weather-node\output\core\core.a(dma_f1.c.o)
 *fill*         0x08000c92        0x2 
 .text.__irq_dma1_channel1
                0x08000c94       0x10 c:\Users\fx\Upwork\weather-node\output\core\core.a(dma_f1.c.o)
                0x08000c94                __irq_dma1_channel1
 .text.__irq_dma1_channel2
                0x08000ca4       0x10 c:\Users\fx\Upwork\weather-node\output\core\core.a(dma_f1.c.o)
                0x08000ca4                __irq_dma1_channel2
 .text.__irq_dma1_channel3
                0x08000cb4       0x10 c:\Users\fx\Upwork\weather-node\output\core\core.a(dma_f1.c.o)
                0x08000cb4                __irq_dma1_channel3
 .text.__irq_dma1_channel4
                0x08000cc4       0x10 c:\Users\fx\Upwork\weather-node\output\core\core.a(dma_f1.c.o)
                0x08000cc4                __irq_dma1_channel4
 .text.__irq_dma1_channel5
                0x08000cd4       0x10 c:\Users\fx\Upwork\weather-node\output\core\core.a(dma_f1.c.o)
                0x08000cd4                __irq_dma1_channel5
 .text.__irq_dma1_channel6
                0x08000ce4       0x10 c:\Users\fx\Upwork\weather-node\output\core\core.a(dma_f1.c.o)
                0x08000ce4                __irq_dma1_channel6
 .text.__irq_dma1_channel7
                0x08000cf4       0x10 c:\Users\fx\Upwork\weather-node\output\core\core.a(dma_f1.c.o)
                0x08000cf4                __irq_dma1_channel7
 *fill*         0x08000d04        0xc 
 .text          0x08000d10       0x60 c:\Users\fx\Upwork\weather-node\output\core\core.a(exc.S.o)
                0x08000d10                __exc_nmi
                0x08000d14                __exc_hardfault
                0x08000d18                __exc_memmanage
                0x08000d1c                __exc_busfault
                0x08000d20                __exc_usagefault
 .text.dispatch_single_exti
                0x08000d70       0x2c c:\Users\fx\Upwork\weather-node\output\core\core.a(exti.c.o)
                0x08000d70                dispatch_single_exti
 .text.dispatch_extis
                0x08000d9c       0x4c c:\Users\fx\Upwork\weather-node\output\core\core.a(exti.c.o)
                0x08000d9c                dispatch_extis
 .text.__irq_exti0
                0x08000de8        0x6 c:\Users\fx\Upwork\weather-node\output\core\core.a(exti.c.o)
                0x08000de8                __irq_exti0
 .text.__irq_exti1
                0x08000dee        0x6 c:\Users\fx\Upwork\weather-node\output\core\core.a(exti.c.o)
                0x08000dee                __irq_exti1
 .text.__irq_exti2
                0x08000df4        0x6 c:\Users\fx\Upwork\weather-node\output\core\core.a(exti.c.o)
                0x08000df4                __irq_exti2
 .text.__irq_exti3
                0x08000dfa        0x6 c:\Users\fx\Upwork\weather-node\output\core\core.a(exti.c.o)
                0x08000dfa                __irq_exti3
 .text.__irq_exti4
                0x08000e00        0x6 c:\Users\fx\Upwork\weather-node\output\core\core.a(exti.c.o)
                0x08000e00                __irq_exti4
 .text.__irq_exti9_5
                0x08000e06        0x8 c:\Users\fx\Upwork\weather-node\output\core\core.a(exti.c.o)
                0x08000e06                __irq_exti9_5
 .text.__irq_exti15_10
                0x08000e0e        0x8 c:\Users\fx\Upwork\weather-node\output\core\core.a(exti.c.o)
                0x08000e0e                __irq_exti15_10
 *fill*         0x08000e16        0x2 
 .text.flash_set_latency
                0x08000e18       0x14 c:\Users\fx\Upwork\weather-node\output\core\core.a(flash.c.o)
                0x08000e18                flash_set_latency
 .text.gpio_init_all
                0x08000e2c       0x30 c:\Users\fx\Upwork\weather-node\output\core\core.a(gpio_f1.c.o)
                0x08000e2c                gpio_init_all
 .text.gpio_set_mode
                0x08000e5c       0x50 c:\Users\fx\Upwork\weather-node\output\core\core.a(gpio_f1.c.o)
                0x08000e5c                gpio_set_mode
 .text.afio_init
                0x08000eac       0x12 c:\Users\fx\Upwork\weather-node\output\core\core.a(gpio_f1.c.o)
                0x08000eac                afio_init
 *fill*         0x08000ebe        0x2 
 .text.__irq_i2c1_ev
                0x08000ec0        0xc c:\Users\fx\Upwork\weather-node\output\core\core.a(i2c_f1.c.o)
                0x08000ec0                __irq_i2c1_ev
 .text.__irq_i2c2_ev
                0x08000ecc        0xc c:\Users\fx\Upwork\weather-node\output\core\core.a(i2c_f1.c.o)
                0x08000ecc                __irq_i2c2_ev
 .text.__irq_i2c1_er
                0x08000ed8        0xc c:\Users\fx\Upwork\weather-node\output\core\core.a(i2c_f1.c.o)
                0x08000ed8                __irq_i2c1_er
 .text.__irq_i2c2_er
                0x08000ee4        0xc c:\Users\fx\Upwork\weather-node\output\core\core.a(i2c_f1.c.o)
                0x08000ee4                __irq_i2c2_er
 .text.nvic_irq_set_priority
                0x08000ef0       0x28 c:\Users\fx\Upwork\weather-node\output\core\core.a(nvic.c.o)
                0x08000ef0                nvic_irq_set_priority
 .text.nvic_init
                0x08000f18       0x30 c:\Users\fx\Upwork\weather-node\output\core\core.a(nvic.c.o)
                0x08000f18                nvic_init
 .text.nvic_sys_reset
                0x08000f48       0x1c c:\Users\fx\Upwork\weather-node\output\core\core.a(nvic.c.o)
                0x08000f48                nvic_sys_reset
 .text.rcc_dev_clk
                0x08000f64        0xc c:\Users\fx\Upwork\weather-node\output\core\core.a(rcc.c.o)
                0x08000f64                rcc_dev_clk
 .text.rcc_switch_sysclk
                0x08000f70       0x20 c:\Users\fx\Upwork\weather-node\output\core\core.a(rcc.c.o)
                0x08000f70                rcc_switch_sysclk
 .text.rcc_turn_on_clk
                0x08000f90       0x1a c:\Users\fx\Upwork\weather-node\output\core\core.a(rcc.c.o)
                0x08000f90                rcc_turn_on_clk
 .text.rcc_turn_off_clk
                0x08000faa       0x1c c:\Users\fx\Upwork\weather-node\output\core\core.a(rcc.c.o)
                0x08000faa                rcc_turn_off_clk
 .text.rcc_is_clk_ready
                0x08000fc6       0x18 c:\Users\fx\Upwork\weather-node\output\core\core.a(rcc.c.o)
                0x08000fc6                rcc_is_clk_ready
 *fill*         0x08000fde        0x2 
 .text.rcc_configure_pll
                0x08000fe0       0x18 c:\Users\fx\Upwork\weather-node\output\core\core.a(rcc_f1.c.o)
                0x08000fe0                rcc_configure_pll
 .text.rcc_clk_enable
                0x08000ff8       0x30 c:\Users\fx\Upwork\weather-node\output\core\core.a(rcc_f1.c.o)
                0x08000ff8                rcc_clk_enable
 .text.rcc_reset_dev
                0x08001028       0x34 c:\Users\fx\Upwork\weather-node\output\core\core.a(rcc_f1.c.o)
                0x08001028                rcc_reset_dev
 .text.rcc_set_prescaler
                0x0800105c       0x20 c:\Users\fx\Upwork\weather-node\output\core\core.a(rcc_f1.c.o)
                0x0800105c                rcc_set_prescaler
 .text.rcc_clk_disable
                0x0800107c       0x30 c:\Users\fx\Upwork\weather-node\output\core\core.a(rcc_f1.c.o)
                0x0800107c                rcc_clk_disable
 .text          0x080010ac        0x2 c:\Users\fx\Upwork\weather-node\output\core\core.a(isrs.S.o)
                0x080010ac                __stm32reservedexception9
                0x080010ac                __exc_debug_monitor
                0x080010ac                __exc_svc
                0x080010ac                __irq_can_rx1
                0x080010ac                __irq_spi2
                0x080010ac                __irq_can_sce
                0x080010ac                __irq_pvd
                0x080010ac                __irq_tamper
                0x080010ac                __default_handler
                0x080010ac                __irq_wwdg
                0x080010ac                __stm32reservedexception10
                0x080010ac                __irq_flash
                0x080010ac                __stm32reservedexception13
                0x080010ac                __irq_rtc
                0x080010ac                __irq_spi1
                0x080010ac                __stm32reservedexception7
                0x080010ac                __irq_usb_hp_can_tx
                0x080010ac                __irq_rtcalarm
                0x080010ac                __stm32reservedexception8
                0x080010ac                __exc_pendsv
                0x080010ac                __irq_usbwakeup
                0x080010ac                __irq_rcc
 *fill*         0x080010ae        0x2 
 .text.systick_init
                0x080010b0       0x10 c:\Users\fx\Upwork\weather-node\output\core\core.a(systick.c.o)
                0x080010b0                systick_init
 .text.__exc_systick
                0x080010c0       0x1c c:\Users\fx\Upwork\weather-node\output\core\core.a(systick.c.o)
                0x080010c0                __exc_systick
 .text.timer_oc_set_mode
                0x080010dc       0x3a c:\Users\fx\Upwork\weather-node\output\core\core.a(timer.c.o)
 .text.dispatch_general
                0x08001116       0x66 c:\Users\fx\Upwork\weather-node\output\core\core.a(timer.c.o)
 .text.timer_cc_enable
                0x0800117c       0x1c c:\Users\fx\Upwork\weather-node\output\core\core.a(timer.c.o)
 .text.timer_foreach
                0x08001198       0x28 c:\Users\fx\Upwork\weather-node\output\core\core.a(timer.c.o)
                0x08001198                timer_foreach
 .text.timer_init
                0x080011c0       0x14 c:\Users\fx\Upwork\weather-node\output\core\core.a(timer.c.o)
                0x080011c0                timer_init
 .text.timer_has_cc_channel
                0x080011d4       0x30 c:\Users\fx\Upwork\weather-node\output\core\core.a(timer.c.o)
                0x080011d4                timer_has_cc_channel
 .text.timer_detach_interrupt
                0x08001204       0x1e c:\Users\fx\Upwork\weather-node\output\core\core.a(timer.c.o)
                0x08001204                timer_detach_interrupt
 .text.input_capture_mode
                0x08001222       0x1a c:\Users\fx\Upwork\weather-node\output\core\core.a(timer.c.o)
                0x08001222                input_capture_mode
 .text.timer_set_mode
                0x0800123c       0x8c c:\Users\fx\Upwork\weather-node\output\core\core.a(timer.c.o)
                0x0800123c                timer_set_mode
 .text.__irq_tim1_brk
                0x080012c8       0x24 c:\Users\fx\Upwork\weather-node\output\core\core.a(timer.c.o)
                0x080012c8                __irq_tim1_brk
 .text.__irq_tim1_up
                0x080012ec       0x24 c:\Users\fx\Upwork\weather-node\output\core\core.a(timer.c.o)
                0x080012ec                __irq_tim1_up
 .text.__irq_tim1_trg_com
                0x08001310       0x34 c:\Users\fx\Upwork\weather-node\output\core\core.a(timer.c.o)
                0x08001310                __irq_tim1_trg_com
 .text.__irq_tim1_cc
                0x08001344       0x50 c:\Users\fx\Upwork\weather-node\output\core\core.a(timer.c.o)
                0x08001344                __irq_tim1_cc
 .text.__irq_tim2
                0x08001394        0xc c:\Users\fx\Upwork\weather-node\output\core\core.a(timer.c.o)
                0x08001394                __irq_tim2
 .text.__irq_tim3
                0x080013a0        0xc c:\Users\fx\Upwork\weather-node\output\core\core.a(timer.c.o)
                0x080013a0                __irq_tim3
 .text.__irq_tim4
                0x080013ac        0xc c:\Users\fx\Upwork\weather-node\output\core\core.a(timer.c.o)
                0x080013ac                __irq_tim4
 .text.usart_init
                0x080013b8       0x4c c:\Users\fx\Upwork\weather-node\output\core\core.a(usart.c.o)
                0x080013b8                usart_init
 .text.usart_enable
                0x08001404       0x14 c:\Users\fx\Upwork\weather-node\output\core\core.a(usart.c.o)
                0x08001404                usart_enable
 .text.usart_tx
                0x08001418       0x9c c:\Users\fx\Upwork\weather-node\output\core\core.a(usart.c.o)
                0x08001418                usart_tx
 .text.usart_irq
                0x080014b4       0xc8 c:\Users\fx\Upwork\weather-node\output\core\core.a(usart_f1.c.o)
 .text.usart_config_gpios_async
                0x0800157c       0x4a c:\Users\fx\Upwork\weather-node\output\core\core.a(usart_f1.c.o)
                0x0800157c                usart_config_gpios_async
 .text.usart_set_baud_rate
                0x080015c6       0x3c c:\Users\fx\Upwork\weather-node\output\core\core.a(usart_f1.c.o)
                0x080015c6                usart_set_baud_rate
 *fill*         0x08001602        0x2 
 .text.__irq_usart1
                0x08001604       0x18 c:\Users\fx\Upwork\weather-node\output\core\core.a(usart_f1.c.o)
                0x08001604                __irq_usart1
 .text.__irq_usart2
                0x0800161c       0x18 c:\Users\fx\Upwork\weather-node\output\core\core.a(usart_f1.c.o)
                0x0800161c                __irq_usart2
 .text.__irq_usart3
                0x08001634       0x18 c:\Users\fx\Upwork\weather-node\output\core\core.a(usart_f1.c.o)
                0x08001634                __irq_usart3
 .text._usart_clock_freq
                0x0800164c       0x24 c:\Users\fx\Upwork\weather-node\output\core\core.a(usart_private.c.o)
                0x0800164c                _usart_clock_freq
 .text.usb_resume
                0x08001670       0xb4 c:\Users\fx\Upwork\weather-node\output\core\core.a(usb.c.o)
 .text.usb_init_usblib
                0x08001724       0x48 c:\Users\fx\Upwork\weather-node\output\core\core.a(usb.c.o)
                0x08001724                usb_init_usblib
 .text.__irq_usb_lp_can_rx0
                0x0800176c      0x1c8 c:\Users\fx\Upwork\weather-node\output\core\core.a(usb.c.o)
                0x0800176c                __irq_usb_lp_can_rx0
 .text.usb_set_ep_rx_stat
                0x08001934       0x22 c:\Users\fx\Upwork\weather-node\output\core\core.a(usb_cdcacm.c.o)
 *fill*         0x08001956        0x2 
 .text.vcomGetSetLineCoding
                0x08001958       0x18 c:\Users\fx\Upwork\weather-node\output\core\core.a(usb_cdcacm.c.o)
 .text.usbDataSetup
                0x08001970       0x54 c:\Users\fx\Upwork\weather-node\output\core\core.a(usb_cdcacm.c.o)
 .text.usbNoDataSetup
                0x080019c4       0x50 c:\Users\fx\Upwork\weather-node\output\core\core.a(usb_cdcacm.c.o)
 .text.usbGetInterfaceSetting
                0x08001a14       0x10 c:\Users\fx\Upwork\weather-node\output\core\core.a(usb_cdcacm.c.o)
 .text.usbSetConfiguration
                0x08001a24       0x1c c:\Users\fx\Upwork\weather-node\output\core\core.a(usb_cdcacm.c.o)
 .text.usbSetDeviceAddress
                0x08001a40       0x10 c:\Users\fx\Upwork\weather-node\output\core\core.a(usb_cdcacm.c.o)
 .text.usbGetStringDescriptor
                0x08001a50       0x20 c:\Users\fx\Upwork\weather-node\output\core\core.a(usb_cdcacm.c.o)
 .text.usbGetConfigDescriptor
                0x08001a70        0xc c:\Users\fx\Upwork\weather-node\output\core\core.a(usb_cdcacm.c.o)
 .text.usbGetDeviceDescriptor
                0x08001a7c        0xc c:\Users\fx\Upwork\weather-node\output\core\core.a(usb_cdcacm.c.o)
 .text.usbInit  0x08001a88       0x44 c:\Users\fx\Upwork\weather-node\output\core\core.a(usb_cdcacm.c.o)
 .text.vcomDataTxCb
                0x08001acc       0xa0 c:\Users\fx\Upwork\weather-node\output\core\core.a(usb_cdcacm.c.o)
 .text.usbReset
                0x08001b6c      0x160 c:\Users\fx\Upwork\weather-node\output\core\core.a(usb_cdcacm.c.o)
 .text.vcomDataRxCb
                0x08001ccc       0x7c c:\Users\fx\Upwork\weather-node\output\core\core.a(usb_cdcacm.c.o)
 .text.usb_cdcacm_set_hooks
                0x08001d48       0x1c c:\Users\fx\Upwork\weather-node\output\core\core.a(usb_cdcacm.c.o)
                0x08001d48                usb_cdcacm_set_hooks
 .text.usb_cdcacm_enable
                0x08001d64       0x38 c:\Users\fx\Upwork\weather-node\output\core\core.a(usb_cdcacm.c.o)
                0x08001d64                usb_cdcacm_enable
 .text.usb_cdcacm_tx
                0x08001d9c       0x60 c:\Users\fx\Upwork\weather-node\output\core\core.a(usb_cdcacm.c.o)
                0x08001d9c                usb_cdcacm_tx
 .text.usb_cdcacm_data_available
                0x08001dfc       0x18 c:\Users\fx\Upwork\weather-node\output\core\core.a(usb_cdcacm.c.o)
                0x08001dfc                usb_cdcacm_data_available
 .text.usb_cdcacm_peek
                0x08001e14       0x38 c:\Users\fx\Upwork\weather-node\output\core\core.a(usb_cdcacm.c.o)
                0x08001e14                usb_cdcacm_peek
 .text.usb_cdcacm_rx
                0x08001e4c       0x34 c:\Users\fx\Upwork\weather-node\output\core\core.a(usb_cdcacm.c.o)
                0x08001e4c                usb_cdcacm_rx
 .text.usb_cdcacm_peek_ex
                0x08001e80       0x40 c:\Users\fx\Upwork\weather-node\output\core\core.a(usb_cdcacm.c.o)
                0x08001e80                usb_cdcacm_peek_ex
 .text.usb_cdcacm_get_dtr
                0x08001ec0       0x10 c:\Users\fx\Upwork\weather-node\output\core\core.a(usb_cdcacm.c.o)
                0x08001ec0                usb_cdcacm_get_dtr
 .text.usb_set_ep_rx_count
                0x08001ed0       0x4c c:\Users\fx\Upwork\weather-node\output\core\core.a(usb_reg_map.c.o)
                0x08001ed0                usb_set_ep_rx_count
 .text.Standard_GetConfiguration
                0x08001f1c       0x24 c:\Users\fx\Upwork\weather-node\output\core\core.a(usb_core.c.o)
                0x08001f1c                Standard_GetConfiguration
 .text.Standard_GetInterface
                0x08001f40       0x24 c:\Users\fx\Upwork\weather-node\output\core\core.a(usb_core.c.o)
                0x08001f40                Standard_GetInterface
 .text.Standard_GetStatus
                0x08001f64       0x90 c:\Users\fx\Upwork\weather-node\output\core\core.a(usb_core.c.o)
                0x08001f64                Standard_GetStatus
 .text.DataStageIn
                0x08001ff4       0xa8 c:\Users\fx\Upwork\weather-node\output\core\core.a(usb_core.c.o)
 .text.Standard_SetConfiguration
                0x0800209c       0x38 c:\Users\fx\Upwork\weather-node\output\core\core.a(usb_core.c.o)
                0x0800209c                Standard_SetConfiguration
 .text.Standard_SetInterface
                0x080020d4       0x48 c:\Users\fx\Upwork\weather-node\output\core\core.a(usb_core.c.o)
                0x080020d4                Standard_SetInterface
 .text.Standard_ClearFeature
                0x0800211c       0xd0 c:\Users\fx\Upwork\weather-node\output\core\core.a(usb_core.c.o)
                0x0800211c                Standard_ClearFeature
 .text.Standard_SetEndPointFeature
                0x080021ec       0x84 c:\Users\fx\Upwork\weather-node\output\core\core.a(usb_core.c.o)
                0x080021ec                Standard_SetEndPointFeature
 .text.Standard_SetDeviceFeature
                0x08002270       0x24 c:\Users\fx\Upwork\weather-node\output\core\core.a(usb_core.c.o)
                0x08002270                Standard_SetDeviceFeature
 .text.Standard_GetDescriptorData
                0x08002294       0x1c c:\Users\fx\Upwork\weather-node\output\core\core.a(usb_core.c.o)
                0x08002294                Standard_GetDescriptorData
 .text.Post0_Process
                0x080022b0       0x40 c:\Users\fx\Upwork\weather-node\output\core\core.a(usb_core.c.o)
                0x080022b0                Post0_Process
 .text.Setup0_Process
                0x080022f0      0x2d0 c:\Users\fx\Upwork\weather-node\output\core\core.a(usb_core.c.o)
                0x080022f0                Setup0_Process
 .text.Out0_Process
                0x080025c0       0xc8 c:\Users\fx\Upwork\weather-node\output\core\core.a(usb_core.c.o)
                0x080025c0                Out0_Process
 .text.SetDeviceAddress
                0x08002688       0x38 c:\Users\fx\Upwork\weather-node\output\core\core.a(usb_core.c.o)
                0x08002688                SetDeviceAddress
 .text.In0_Process
                0x080026c0       0x5c c:\Users\fx\Upwork\weather-node\output\core\core.a(usb_core.c.o)
                0x080026c0                In0_Process
 .text.NOP_Process
                0x0800271c        0x2 c:\Users\fx\Upwork\weather-node\output\core\core.a(usb_core.c.o)
                0x0800271c                NOP_Process
 .text.UserToPMABufferCopy
                0x0800271e       0x30 c:\Users\fx\Upwork\weather-node\output\core\core.a(usb_mem.c.o)
                0x0800271e                UserToPMABufferCopy
 .text.PMAToUserBufferCopy
                0x0800274e       0x32 c:\Users\fx\Upwork\weather-node\output\core\core.a(usb_mem.c.o)
                0x0800274e                PMAToUserBufferCopy
 .text.SetEPTxStatus
                0x08002780       0x2a c:\Users\fx\Upwork\weather-node\output\core\core.a(usb_regs.c.o)
                0x08002780                SetEPTxStatus
 .text.ClearDTOG_RX
                0x080027aa       0x20 c:\Users\fx\Upwork\weather-node\output\core\core.a(usb_regs.c.o)
                0x080027aa                ClearDTOG_RX
 .text.ClearDTOG_TX
                0x080027ca       0x20 c:\Users\fx\Upwork\weather-node\output\core\core.a(usb_regs.c.o)
                0x080027ca                ClearDTOG_TX
 *fill*         0x080027ea        0x2 
 .text.GetEPTxAddr
                0x080027ec       0x1c c:\Users\fx\Upwork\weather-node\output\core\core.a(usb_regs.c.o)
                0x080027ec                GetEPTxAddr
 .text.GetEPRxAddr
                0x08002808       0x1c c:\Users\fx\Upwork\weather-node\output\core\core.a(usb_regs.c.o)
                0x08002808                GetEPRxAddr
 .text.SetEPTxCount
                0x08002824       0x1c c:\Users\fx\Upwork\weather-node\output\core\core.a(usb_regs.c.o)
                0x08002824                SetEPTxCount
 .text.SetEPRxCount
                0x08002840       0x40 c:\Users\fx\Upwork\weather-node\output\core\core.a(usb_regs.c.o)
                0x08002840                SetEPRxCount
 .text.throb    0x08002880       0x4c c:\Users\fx\Upwork\weather-node\output\core\core.a(util.c.o)
                0x08002880                throb
 .text.__error  0x080028cc       0x14 c:\Users\fx\Upwork\weather-node\output\core\core.a(util.c.o)
                0x080028cc                __error
 .text.startup._Z7premainv
                0x080028e0        0x4 c:\Users\fx\Upwork\weather-node\output\core\core.a(main.cpp.o)
                0x080028e0                premain()
 .text.startup.main
                0x080028e4        0xc c:\Users\fx\Upwork\weather-node\output\core\core.a(main.cpp.o)
                0x080028e4                main
 .text._Z7pinModeh13WiringPinMode
                0x080028f0       0x84 c:\Users\fx\Upwork\weather-node\output\core\core.a(wirish_digital_f1.cpp.o)
                0x080028f0                pinMode(unsigned char, WiringPinMode)
 .text._ZN9USBSerial9availableEv
                0x08002974        0x4 c:\Users\fx\Upwork\weather-node\output\core\core.a(usb_serial.cpp.o)
                0x08002974                USBSerial::available()
 .text._ZN9USBSerial4peekEv
                0x08002978       0x1e c:\Users\fx\Upwork\weather-node\output\core\core.a(usb_serial.cpp.o)
                0x08002978                USBSerial::peek()
 .text._ZN9USBSerial4readEv
                0x08002996       0x1e c:\Users\fx\Upwork\weather-node\output\core\core.a(usb_serial.cpp.o)
                0x08002996                USBSerial::read()
 .text._ZL14ifaceSetupHookjPv
                0x080029b4       0x38 c:\Users\fx\Upwork\weather-node\output\core\core.a(usb_serial.cpp.o)
 .text._ZL6rxHookjPv
                0x080029ec       0x6c c:\Users\fx\Upwork\weather-node\output\core\core.a(usb_serial.cpp.o)
 .text._ZN9USBSerialC2Ev
                0x08002a58       0x14 c:\Users\fx\Upwork\weather-node\output\core\core.a(usb_serial.cpp.o)
                0x08002a58                USBSerial::USBSerial()
                0x08002a58                USBSerial::USBSerial()
 .text._ZN9USBSerial5beginEv
                0x08002a6c       0x34 c:\Users\fx\Upwork\weather-node\output\core\core.a(usb_serial.cpp.o)
                0x08002a6c                USBSerial::begin()
 .text._ZN9USBSerial5beginEm
                0x08002aa0       0x10 c:\Users\fx\Upwork\weather-node\output\core\core.a(usb_serial.cpp.o)
                0x08002aa0                USBSerial::begin(unsigned long)
 .text._ZN9USBSerial5writeEPKhm
                0x08002ab0       0x4c c:\Users\fx\Upwork\weather-node\output\core\core.a(usb_serial.cpp.o)
                0x08002ab0                USBSerial::write(unsigned char const*, unsigned long)
 .text._ZN9USBSerial5writeEh
                0x08002afc       0x16 c:\Users\fx\Upwork\weather-node\output\core\core.a(usb_serial.cpp.o)
                0x08002afc                USBSerial::write(unsigned char)
 .text._ZN9USBSerial5writeEPKc
                0x08002b12       0x1a c:\Users\fx\Upwork\weather-node\output\core\core.a(usb_serial.cpp.o)
                0x08002b12                USBSerial::write(char const*)
 .text._ZN9USBSerial4readEPhm
                0x08002b2c       0x1c c:\Users\fx\Upwork\weather-node\output\core\core.a(usb_serial.cpp.o)
                0x08002b2c                USBSerial::read(unsigned char*, unsigned long)
 .text._ZN9USBSerial5flushEv
                0x08002b48       0x1c c:\Users\fx\Upwork\weather-node\output\core\core.a(usb_serial.cpp.o)
                0x08002b48                USBSerial::flush()
 .text.startup._GLOBAL__sub_I__ZN9USBSerial9_hasBegunE
                0x08002b64        0xc c:\Users\fx\Upwork\weather-node\output\core\core.a(usb_serial.cpp.o)
 .text._Z11digitalReadh
                0x08002b70       0x2c c:\Users\fx\Upwork\weather-node\output\core\core.a(wirish_digital.cpp.o)
                0x08002b70                digitalRead(unsigned char)
 .text._Z12digitalWritehh
                0x08002b9c       0x2c c:\Users\fx\Upwork\weather-node\output\core\core.a(wirish_digital.cpp.o)
                0x08002b9c                digitalWrite(unsigned char, unsigned char)
 .text._ZL6microsv
                0x08002bc8       0x34 c:\Users\fx\Upwork\weather-node\output\core\core.a(wirish_time.cpp.o)
 .text._Z5delaym
                0x08002bfc       0x2a c:\Users\fx\Upwork\weather-node\output\core\core.a(wirish_time.cpp.o)
                0x08002bfc                delay(unsigned long)
 .text._Z17delayMicrosecondsm
                0x08002c26        0xe c:\Users\fx\Upwork\weather-node\output\core\core.a(wirish_time.cpp.o)
                0x08002c26                delayMicroseconds(unsigned long)
 .text.__empty  0x08002c34        0x2 c:\Users\fx\Upwork\weather-node\output\core\core.a(hooks.c.o)
                0x08002c34                yield
 .text.bkp_init
                0x08002c36       0x18 c:\Users\fx\Upwork\weather-node\output\core\core.a(bkp_f1.c.o)
                0x08002c36                bkp_init
 *fill*         0x08002c4e        0x2 
 .text.bkp_enable_writes
                0x08002c50        0xc c:\Users\fx\Upwork\weather-node\output\core\core.a(bkp_f1.c.o)
                0x08002c50                bkp_enable_writes
 .text.bkp_disable_writes
                0x08002c5c        0xc c:\Users\fx\Upwork\weather-node\output\core\core.a(bkp_f1.c.o)
                0x08002c5c                bkp_disable_writes
 .text.bkp_write
                0x08002c68       0x16 c:\Users\fx\Upwork\weather-node\output\core\core.a(bkp_f1.c.o)
                0x08002c68                bkp_write
 .text.gpio_init
                0x08002c7e       0x14 c:\Users\fx\Upwork\weather-node\output\core\core.a(gpio.c.o)
                0x08002c7e                gpio_init
 .text.i2c_disable_irq
                0x08002c92        0xc c:\Users\fx\Upwork\weather-node\output\core\core.a(i2c.c.o)
 *fill*         0x08002c9e        0x2 
 .text._i2c_irq_handler
                0x08002ca0      0x3d8 c:\Users\fx\Upwork\weather-node\output\core\core.a(i2c.c.o)
                0x08002ca0                _i2c_irq_handler
 .text._i2c_irq_error_handler
                0x08003078       0x74 c:\Users\fx\Upwork\weather-node\output\core\core.a(i2c.c.o)
                0x08003078                _i2c_irq_error_handler
 .text.__fpclassifyd
                0x080030ec       0x50 c:/users/fx/appdata/local/arduino15/packages/arduino/tools/arm-none-eabi-gcc/4.8.3-2014q1/bin/../lib/gcc/arm-none-eabi/4.8.3/../../../../arm-none-eabi/lib/armv7-m\libm.a(lib_a-s_fpclassify.o)
                0x080030ec                __fpclassifyd
 .text          0x0800313c      0x370 c:/users/fx/appdata/local/arduino15/packages/arduino/tools/arm-none-eabi-gcc/4.8.3-2014q1/bin/../lib/gcc/arm-none-eabi/4.8.3/armv7-m\libgcc.a(_arm_addsubdf3.o)
                0x0800313c                __aeabi_drsub
                0x08003144                __aeabi_dsub
                0x08003144                __subdf3
                0x08003148                __aeabi_dadd
                0x08003148                __adddf3
                0x080033c0                __floatunsidf
                0x080033c0                __aeabi_ui2d
                0x080033e0                __floatsidf
                0x080033e0                __aeabi_i2d
                0x08003404                __aeabi_f2d
                0x08003404                __extendsfdf2
                0x08003440                __floatundidf
                0x08003440                __aeabi_ul2d
                0x08003450                __floatdidf
                0x08003450                __aeabi_l2d
 .text          0x080034ac      0x424 c:/users/fx/appdata/local/arduino15/packages/arduino/tools/arm-none-eabi-gcc/4.8.3-2014q1/bin/../lib/gcc/arm-none-eabi/4.8.3/armv7-m\libgcc.a(_arm_muldivdf3.o)
                0x080034ac                __aeabi_dmul
                0x080034ac                __muldf3
                0x08003700                __divdf3
                0x08003700                __aeabi_ddiv
 .text          0x080038d0      0x110 c:/users/fx/appdata/local/arduino15/packages/arduino/tools/arm-none-eabi-gcc/4.8.3-2014q1/bin/../lib/gcc/arm-none-eabi/4.8.3/armv7-m\libgcc.a(_arm_cmpdf2.o)
                0x080038d0                __gtdf2
                0x080038d0                __gedf2
                0x080038d8                __ltdf2
                0x080038d8                __ledf2
                0x080038e0                __nedf2
                0x080038e0                __eqdf2
                0x080038e0                __cmpdf2
                0x0800395c                __aeabi_cdrcmple
                0x0800396c                __aeabi_cdcmpeq
                0x0800396c                __aeabi_cdcmple
                0x0800397c                __aeabi_dcmpeq
                0x08003990                __aeabi_dcmplt
                0x080039a4                __aeabi_dcmple
                0x080039b8                __aeabi_dcmpge
                0x080039cc                __aeabi_dcmpgt
 .text          0x080039e0       0x50 c:/users/fx/appdata/local/arduino15/packages/arduino/tools/arm-none-eabi-gcc/4.8.3-2014q1/bin/../lib/gcc/arm-none-eabi/4.8.3/armv7-m\libgcc.a(_arm_fixdfsi.o)
                0x080039e0                __aeabi_d2iz
                0x080039e0                __fixdfsi
 .text          0x08003a30       0xa0 c:/users/fx/appdata/local/arduino15/packages/arduino/tools/arm-none-eabi-gcc/4.8.3-2014q1/bin/../lib/gcc/arm-none-eabi/4.8.3/armv7-m\libgcc.a(_arm_truncdfsf2.o)
                0x08003a30                __truncdfsf2
                0x08003a30                __aeabi_d2f
 .text          0x08003ad0      0x21c c:/users/fx/appdata/local/arduino15/packages/arduino/tools/arm-none-eabi-gcc/4.8.3-2014q1/bin/../lib/gcc/arm-none-eabi/4.8.3/armv7-m\libgcc.a(_arm_addsubsf3.o)
                0x08003ad0                __aeabi_frsub
                0x08003ad8                __subsf3
                0x08003ad8                __aeabi_fsub
                0x08003adc                __aeabi_fadd
                0x08003adc                __addsf3
                0x08003c3c                __aeabi_ui2f
                0x08003c3c                __floatunsisf
                0x08003c44                __aeabi_i2f
                0x08003c44                __floatsisf
                0x08003c60                __aeabi_ul2f
                0x08003c60                __floatundisf
                0x08003c70                __aeabi_l2f
                0x08003c70                __floatdisf
 .text          0x08003cec       0x2c c:/users/fx/appdata/local/arduino15/packages/arduino/tools/arm-none-eabi-gcc/4.8.3-2014q1/bin/../lib/gcc/arm-none-eabi/4.8.3/armv7-m\libgcc.a(_aeabi_uldivmod.o)
                0x08003cec                __aeabi_uldivmod
 .text          0x08003d18       0x60 c:/users/fx/appdata/local/arduino15/packages/arduino/tools/arm-none-eabi-gcc/4.8.3-2014q1/bin/../lib/gcc/arm-none-eabi/4.8.3/armv7-m\libgcc.a(bpabi.o)
                0x08003d18                __gnu_ldivmod_helper
                0x08003d48                __gnu_uldivmod_helper
 .text          0x08003d78        0x4 c:/users/fx/appdata/local/arduino15/packages/arduino/tools/arm-none-eabi-gcc/4.8.3-2014q1/bin/../lib/gcc/arm-none-eabi/4.8.3/armv7-m\libgcc.a(_dvmd_tls.o)
                0x08003d78                __aeabi_idiv0
                0x08003d78                __aeabi_ldiv0
 .text          0x08003d7c      0x2a0 c:/users/fx/appdata/local/arduino15/packages/arduino/tools/arm-none-eabi-gcc/4.8.3-2014q1/bin/../lib/gcc/arm-none-eabi/4.8.3/armv7-m\libgcc.a(_divdi3.o)
                0x08003d7c                __divdi3
 .text          0x0800401c      0x290 c:/users/fx/appdata/local/arduino15/packages/arduino/tools/arm-none-eabi-gcc/4.8.3-2014q1/bin/../lib/gcc/arm-none-eabi/4.8.3/armv7-m\libgcc.a(_udivdi3.o)
                0x0800401c                __udivdi3
 .text.__errno  0x080042ac        0xc c:/users/fx/appdata/local/arduino15/packages/arduino/tools/arm-none-eabi-gcc/4.8.3-2014q1/bin/../lib/gcc/arm-none-eabi/4.8.3/../../../../arm-none-eabi/lib/armv7-m\libc.a(lib_a-errno.o)
                0x080042ac                __errno
 .text.__libc_init_array
                0x080042b8       0x50 c:/users/fx/appdata/local/arduino15/packages/arduino/tools/arm-none-eabi-gcc/4.8.3-2014q1/bin/../lib/gcc/arm-none-eabi/4.8.3/../../../../arm-none-eabi/lib/armv7-m\libc.a(lib_a-init.o)
                0x080042b8                __libc_init_array
 .text.malloc   0x08004308       0x10 c:/users/fx/appdata/local/arduino15/packages/arduino/tools/arm-none-eabi-gcc/4.8.3-2014q1/bin/../lib/gcc/arm-none-eabi/4.8.3/../../../../arm-none-eabi/lib/armv7-m\libc.a(lib_a-malloc.o)
                0x08004308                malloc
 .text._malloc_r
                0x08004318      0x538 c:/users/fx/appdata/local/arduino15/packages/arduino/tools/arm-none-eabi-gcc/4.8.3-2014q1/bin/../lib/gcc/arm-none-eabi/4.8.3/../../../../arm-none-eabi/lib/armv7-m\libc.a(lib_a-mallocr.o)
                0x08004318                _malloc_r
 .text.memset   0x08004850       0x94 c:/users/fx/appdata/local/arduino15/packages/arduino/tools/arm-none-eabi-gcc/4.8.3-2014q1/bin/../lib/gcc/arm-none-eabi/4.8.3/../../../../arm-none-eabi/lib/armv7-m\libc.a(lib_a-memset.o)
                0x08004850                memset
 .text.__malloc_lock
                0x080048e4        0x4 c:/users/fx/appdata/local/arduino15/packages/arduino/tools/arm-none-eabi-gcc/4.8.3-2014q1/bin/../lib/gcc/arm-none-eabi/4.8.3/../../../../arm-none-eabi/lib/armv7-m\libc.a(lib_a-mlock.o)
                0x080048e4                __malloc_lock
 .text.__malloc_unlock
                0x080048e8        0x4 c:/users/fx/appdata/local/arduino15/packages/arduino/tools/arm-none-eabi-gcc/4.8.3-2014q1/bin/../lib/gcc/arm-none-eabi/4.8.3/../../../../arm-none-eabi/lib/armv7-m\libc.a(lib_a-mlock.o)
                0x080048e8                __malloc_unlock
 .text._sbrk_r  0x080048ec       0x24 c:/users/fx/appdata/local/arduino15/packages/arduino/tools/arm-none-eabi-gcc/4.8.3-2014q1/bin/../lib/gcc/arm-none-eabi/4.8.3/../../../../arm-none-eabi/lib/armv7-m\libc.a(lib_a-sbrkr.o)
                0x080048ec                _sbrk_r
 .text.sprintf  0x08004910       0x4c c:/users/fx/appdata/local/arduino15/packages/arduino/tools/arm-none-eabi-gcc/4.8.3-2014q1/bin/../lib/gcc/arm-none-eabi/4.8.3/../../../../arm-none-eabi/lib/armv7-m\libc.a(lib_a-sprintf.o)
                0x08004910                sprintf
 .text.strlen   0x0800495c       0x60 c:/users/fx/appdata/local/arduino15/packages/arduino/tools/arm-none-eabi-gcc/4.8.3-2014q1/bin/../lib/gcc/arm-none-eabi/4.8.3/../../../../arm-none-eabi/lib/armv7-m\libc.a(lib_a-strlen.o)
                0x0800495c                strlen
 .text._svfprintf_r
                0x080049bc     0x14e0 c:/users/fx/appdata/local/arduino15/packages/arduino/tools/arm-none-eabi-gcc/4.8.3-2014q1/bin/../lib/gcc/arm-none-eabi/4.8.3/../../../../arm-none-eabi/lib/armv7-m\libc.a(lib_a-svfprintf.o)
                0x080049bc                _svfprintf_r
 .text.startup.register_fini
                0x08005e9c       0x14 c:/users/fx/appdata/local/arduino15/packages/arduino/tools/arm-none-eabi-gcc/4.8.3-2014q1/bin/../lib/gcc/arm-none-eabi/4.8.3/../../../../arm-none-eabi/lib/armv7-m\libc.a(lib_a-__call_atexit.o)
 .text.atexit   0x08005eb0        0xc c:/users/fx/appdata/local/arduino15/packages/arduino/tools/arm-none-eabi-gcc/4.8.3-2014q1/bin/../lib/gcc/arm-none-eabi/4.8.3/../../../../arm-none-eabi/lib/armv7-m\libc.a(lib_a-atexit.o)
                0x08005eb0                atexit
 .text.quorem   0x08005ebc      0x134 c:/users/fx/appdata/local/arduino15/packages/arduino/tools/arm-none-eabi-gcc/4.8.3-2014q1/bin/../lib/gcc/arm-none-eabi/4.8.3/../../../../arm-none-eabi/lib/armv7-m\libc.a(lib_a-dtoa.o)
 .text._dtoa_r  0x08005ff0      0xe38 c:/users/fx/appdata/local/arduino15/packages/arduino/tools/arm-none-eabi-gcc/4.8.3-2014q1/bin/../lib/gcc/arm-none-eabi/4.8.3/../../../../arm-none-eabi/lib/armv7-m\libc.a(lib_a-dtoa.o)
                0x08005ff0                _dtoa_r
 .text.__libc_fini_array
                0x08006e28       0x30 c:/users/fx/appdata/local/arduino15/packages/arduino/tools/arm-none-eabi-gcc/4.8.3-2014q1/bin/../lib/gcc/arm-none-eabi/4.8.3/../../../../arm-none-eabi/lib/armv7-m\libc.a(lib_a-fini.o)
                0x08006e28                __libc_fini_array
 .text._malloc_trim_r
                0x08006e58       0x9c c:/users/fx/appdata/local/arduino15/packages/arduino/tools/arm-none-eabi-gcc/4.8.3-2014q1/bin/../lib/gcc/arm-none-eabi/4.8.3/../../../../arm-none-eabi/lib/armv7-m\libc.a(lib_a-freer.o)
                0x08006e58                _malloc_trim_r
 .text._free_r  0x08006ef4      0x198 c:/users/fx/appdata/local/arduino15/packages/arduino/tools/arm-none-eabi-gcc/4.8.3-2014q1/bin/../lib/gcc/arm-none-eabi/4.8.3/../../../../arm-none-eabi/lib/armv7-m\libc.a(lib_a-freer.o)
                0x08006ef4                _free_r
 .text._localeconv_r
                0x0800708c        0x8 c:/users/fx/appdata/local/arduino15/packages/arduino/tools/arm-none-eabi-gcc/4.8.3-2014q1/bin/../lib/gcc/arm-none-eabi/4.8.3/../../../../arm-none-eabi/lib/armv7-m\libc.a(lib_a-locale.o)
                0x0800708c                _localeconv_r
 .text.memchr   0x08007094       0x94 c:/users/fx/appdata/local/arduino15/packages/arduino/tools/arm-none-eabi-gcc/4.8.3-2014q1/bin/../lib/gcc/arm-none-eabi/4.8.3/../../../../arm-none-eabi/lib/armv7-m\libc.a(lib_a-memchr-stub.o)
                0x08007094                memchr
 .text          0x08007128       0xec c:/users/fx/appdata/local/arduino15/packages/arduino/tools/arm-none-eabi-gcc/4.8.3-2014q1/bin/../lib/gcc/arm-none-eabi/4.8.3/../../../../arm-none-eabi/lib/armv7-m\libc.a(lib_a-memcpy.o)
                0x08007128                memcpy
 .text._Balloc  0x08007214       0x4c c:/users/fx/appdata/local/arduino15/packages/arduino/tools/arm-none-eabi-gcc/4.8.3-2014q1/bin/../lib/gcc/arm-none-eabi/4.8.3/../../../../arm-none-eabi/lib/armv7-m\libc.a(lib_a-mprec.o)
                0x08007214                _Balloc
 .text._Bfree   0x08007260       0x14 c:/users/fx/appdata/local/arduino15/packages/arduino/tools/arm-none-eabi-gcc/4.8.3-2014q1/bin/../lib/gcc/arm-none-eabi/4.8.3/../../../../arm-none-eabi/lib/armv7-m\libc.a(lib_a-mprec.o)
                0x08007260                _Bfree
 .text.__multadd
                0x08007274       0x94 c:/users/fx/appdata/local/arduino15/packages/arduino/tools/arm-none-eabi-gcc/4.8.3-2014q1/bin/../lib/gcc/arm-none-eabi/4.8.3/../../../../arm-none-eabi/lib/armv7-m\libc.a(lib_a-mprec.o)
                0x08007274                __multadd
 .text.__hi0bits
                0x08007308       0x40 c:/users/fx/appdata/local/arduino15/packages/arduino/tools/arm-none-eabi-gcc/4.8.3-2014q1/bin/../lib/gcc/arm-none-eabi/4.8.3/../../../../arm-none-eabi/lib/armv7-m\libc.a(lib_a-mprec.o)
                0x08007308                __hi0bits
 .text.__lo0bits
                0x08007348       0x5c c:/users/fx/appdata/local/arduino15/packages/arduino/tools/arm-none-eabi-gcc/4.8.3-2014q1/bin/../lib/gcc/arm-none-eabi/4.8.3/../../../../arm-none-eabi/lib/armv7-m\libc.a(lib_a-mprec.o)
                0x08007348                __lo0bits
 .text.__i2b    0x080073a4       0x14 c:/users/fx/appdata/local/arduino15/packages/arduino/tools/arm-none-eabi-gcc/4.8.3-2014q1/bin/../lib/gcc/arm-none-eabi/4.8.3/../../../../arm-none-eabi/lib/armv7-m\libc.a(lib_a-mprec.o)
                0x080073a4                __i2b
 .text.__multiply
                0x080073b8      0x13c c:/users/fx/appdata/local/arduino15/packages/arduino/tools/arm-none-eabi-gcc/4.8.3-2014q1/bin/../lib/gcc/arm-none-eabi/4.8.3/../../../../arm-none-eabi/lib/armv7-m\libc.a(lib_a-mprec.o)
                0x080073b8                __multiply
 .text.__pow5mult
                0x080074f4       0x9c c:/users/fx/appdata/local/arduino15/packages/arduino/tools/arm-none-eabi-gcc/4.8.3-2014q1/bin/../lib/gcc/arm-none-eabi/4.8.3/../../../../arm-none-eabi/lib/armv7-m\libc.a(lib_a-mprec.o)
                0x080074f4                __pow5mult
 .text.__lshift
                0x08007590       0xbc c:/users/fx/appdata/local/arduino15/packages/arduino/tools/arm-none-eabi-gcc/4.8.3-2014q1/bin/../lib/gcc/arm-none-eabi/4.8.3/../../../../arm-none-eabi/lib/armv7-m\libc.a(lib_a-mprec.o)
                0x08007590                __lshift
 .text.__mcmp   0x0800764c       0x48 c:/users/fx/appdata/local/arduino15/packages/arduino/tools/arm-none-eabi-gcc/4.8.3-2014q1/bin/../lib/gcc/arm-none-eabi/4.8.3/../../../../arm-none-eabi/lib/armv7-m\libc.a(lib_a-mprec.o)
                0x0800764c                __mcmp
 .text.__mdiff  0x08007694       0xd8 c:/users/fx/appdata/local/arduino15/packages/arduino/tools/arm-none-eabi-gcc/4.8.3-2014q1/bin/../lib/gcc/arm-none-eabi/4.8.3/../../../../arm-none-eabi/lib/armv7-m\libc.a(lib_a-mprec.o)
                0x08007694                __mdiff
 .text.__d2b    0x0800776c       0xbc c:/users/fx/appdata/local/arduino15/packages/arduino/tools/arm-none-eabi-gcc/4.8.3-2014q1/bin/../lib/gcc/arm-none-eabi/4.8.3/../../../../arm-none-eabi/lib/armv7-m\libc.a(lib_a-mprec.o)
                0x0800776c                __d2b
 .text.__ssprint_r
                0x08007828      0x100 c:/users/fx/appdata/local/arduino15/packages/arduino/tools/arm-none-eabi-gcc/4.8.3-2014q1/bin/../lib/gcc/arm-none-eabi/4.8.3/../../../../arm-none-eabi/lib/armv7-m\libc.a(lib_a-svfiprintf.o)
                0x08007828                __ssprint_r
 .text.__register_exitproc
                0x08007928       0xa8 c:/users/fx/appdata/local/arduino15/packages/arduino/tools/arm-none-eabi-gcc/4.8.3-2014q1/bin/../lib/gcc/arm-none-eabi/4.8.3/../../../../arm-none-eabi/lib/armv7-m\libc.a(lib_a-__atexit.o)
                0x08007928                __register_exitproc
 .text._calloc_r
                0x080079d0       0x60 c:/users/fx/appdata/local/arduino15/packages/arduino/tools/arm-none-eabi-gcc/4.8.3-2014q1/bin/../lib/gcc/arm-none-eabi/4.8.3/../../../../arm-none-eabi/lib/armv7-m\libc.a(lib_a-callocr.o)
                0x080079d0                _calloc_r
 .text.memmove  0x08007a30       0xcc c:/users/fx/appdata/local/arduino15/packages/arduino/tools/arm-none-eabi-gcc/4.8.3-2014q1/bin/../lib/gcc/arm-none-eabi/4.8.3/../../../../arm-none-eabi/lib/armv7-m\libc.a(lib_a-memmove.o)
                0x08007a30                memmove
 .text._realloc_r
                0x08007afc      0x3c0 c:/users/fx/appdata/local/arduino15/packages/arduino/tools/arm-none-eabi-gcc/4.8.3-2014q1/bin/../lib/gcc/arm-none-eabi/4.8.3/../../../../arm-none-eabi/lib/armv7-m\libc.a(lib_a-reallocr.o)
                0x08007afc                _realloc_r
 *(.plt)
 *(.gnu.warning)
 *(.glue_7t)
 .glue_7t       0x00000000        0x0 linker stubs
 *(.glue_7)
 .glue_7        0x00000000        0x0 linker stubs
 *(.vfp11_veneer)
 .vfp11_veneer  0x00000000        0x0 linker stubs
 *(.ARM.extab* .gnu.linkonce.armextab.*)
 *(.gcc_except_table)
 *(.eh_frame_hdr)
 *(.eh_frame)
 .eh_frame      0x08007ebc        0x0 c:/users/fx/appdata/local/arduino15/packages/arduino/tools/arm-none-eabi-gcc/4.8.3-2014q1/bin/../lib/gcc/arm-none-eabi/4.8.3/armv7-m/crtbegin.o
                0x08007ebc                . = ALIGN (0x4)
 *(.init)
 .init          0x08007ebc        0x4 c:/users/fx/appdata/local/arduino15/packages/arduino/tools/arm-none-eabi-gcc/4.8.3-2014q1/bin/../lib/gcc/arm-none-eabi/4.8.3/armv7-m/crti.o
                0x08007ebc                _init
 .init          0x08007ec0        0x8 c:/users/fx/appdata/local/arduino15/packages/arduino/tools/arm-none-eabi-gcc/4.8.3-2014q1/bin/../lib/gcc/arm-none-eabi/4.8.3/armv7-m/crtn.o
                0x08007ec8                . = ALIGN (0x4)
                0x08007ec8                __preinit_array_start = .
 *(.preinit_array)
                0x08007ec8                __preinit_array_end = .
                0x08007ec8                . = ALIGN (0x4)
                0x08007ec8                __init_array_start = .
 *(SORT(.init_array.*))
 .init_array.00000
                0x08007ec8        0x4 c:/users/fx/appdata/local/arduino15/packages/arduino/tools/arm-none-eabi-gcc/4.8.3-2014q1/bin/../lib/gcc/arm-none-eabi/4.8.3/../../../../arm-none-eabi/lib/armv7-m\libc.a(lib_a-__call_atexit.o)
 .init_array.00101
                0x08007ecc        0x4 c:\Users\fx\Upwork\weather-node\output\core\core.a(main.cpp.o)
 *(.init_array)
 .init_array    0x08007ed0        0x4 c:/users/fx/appdata/local/arduino15/packages/arduino/tools/arm-none-eabi-gcc/4.8.3-2014q1/bin/../lib/gcc/arm-none-eabi/4.8.3/armv7-m/crtbegin.o
 .init_array    0x08007ed4        0x4 c:\Users\fx\Upwork\weather-node\output\sketch\weatherSIM808.ino.cpp.o
 .init_array    0x08007ed8        0x4 c:\Users\fx\Upwork\weather-node\output\core\board.cpp.o
 .init_array    0x08007edc        0x4 c:\Users\fx\Upwork\weather-node\output\core\core.a(usb_serial.cpp.o)
                0x08007ee0                __init_array_end = .
                0x08007ee0                . = ALIGN (0x4)
 *crtbegin.o(.ctors)
 *(EXCLUDE_FILE(*crtend.o) .ctors)
 *(SORT(.ctors.*))
 *crtend.o(.ctors)
                0x08007ee0                . = ALIGN (0x4)
 *(.fini)
 .fini          0x08007ee0        0x4 c:/users/fx/appdata/local/arduino15/packages/arduino/tools/arm-none-eabi-gcc/4.8.3-2014q1/bin/../lib/gcc/arm-none-eabi/4.8.3/armv7-m/crti.o
                0x08007ee0                _fini
 .fini          0x08007ee4        0x8 c:/users/fx/appdata/local/arduino15/packages/arduino/tools/arm-none-eabi-gcc/4.8.3-2014q1/bin/../lib/gcc/arm-none-eabi/4.8.3/armv7-m/crtn.o
                0x08007eec                . = ALIGN (0x4)
                0x08007eec                __fini_array_start = .
 *(.fini_array)
 .fini_array    0x08007eec        0x4 c:/users/fx/appdata/local/arduino15/packages/arduino/tools/arm-none-eabi-gcc/4.8.3-2014q1/bin/../lib/gcc/arm-none-eabi/4.8.3/armv7-m/crtbegin.o
 *(SORT(.fini_array.*))
                0x08007ef0                __fini_array_end = .
 *crtbegin.o(.dtors)
 *(EXCLUDE_FILE(*crtend.o) .dtors)
 *(SORT(.dtors.*))
 *crtend.o(.dtors)

.v4_bx          0x08007ef0        0x0
 .v4_bx         0x00000000        0x0 linker stubs

.iplt           0x08007ef0        0x0
 .iplt          0x00000000        0x0 c:/users/fx/appdata/local/arduino15/packages/arduino/tools/arm-none-eabi-gcc/4.8.3-2014q1/bin/../lib/gcc/arm-none-eabi/4.8.3/armv7-m/crtbegin.o

.text.align     0x08007ef0        0x0
                0x08007ef0                . = ALIGN (0x8)
                0x08007ef0                __text_end__ = .
                0x08007ef0                __exidx_start = .

.ARM.exidx      0x08007ef0        0x8
 *(.ARM.exidx* .gnu.linkonce.armexidx.*)
 .ARM.exidx     0x08007ef0        0x8 c:\Users\fx\Upwork\weather-node\output\core\wirish\start.S.o
 .ARM.exidx     0x08007ef8        0x0 c:/users/fx/appdata/local/arduino15/packages/arduino/tools/arm-none-eabi-gcc/4.8.3-2014q1/bin/../lib/gcc/arm-none-eabi/4.8.3/armv7-m\libgcc.a(_divdi3.o)
                                  0x8 (size before relaxing)
 .ARM.exidx     0x08007ef8        0x0 c:/users/fx/appdata/local/arduino15/packages/arduino/tools/arm-none-eabi-gcc/4.8.3-2014q1/bin/../lib/gcc/arm-none-eabi/4.8.3/armv7-m\libgcc.a(_udivdi3.o)
                                  0x8 (size before relaxing)
                0x08007ef8                __exidx_end = .

.data           0x20000000      0xce0 load address 0x08007ef8
                0x20000000                __data_start__ = .
                0x20000000        0x4 LONG 0x0
                0x20000008                . = ALIGN (0x8)
 *fill*         0x20000004        0x4 
 *(.got.plt)
 *(.got)
 *(.data .data.* .gnu.linkonce.d.*)
 .data._ZN6wirish4privL8pll_dataE
                0x20000008        0x4 c:\Users\fx\Upwork\weather-node\output\core\wirish\boards_setup.cpp.o
 .data._ZN6wirish4priv9w_adc_smpE
                0x2000000c        0x1 c:\Users\fx\Upwork\weather-node\output\core\wirish\boards_setup.cpp.o
                0x2000000c                wirish::priv::w_adc_smp
 *fill*         0x2000000d        0x1 
 .data._ZN6wirish4priv9w_adc_preE
                0x2000000e        0x2 c:\Users\fx\Upwork\weather-node\output\core\wirish\boards_setup.cpp.o
                0x2000000e                wirish::priv::w_adc_pre
 .data._ZN6wirish4priv15w_board_pll_cfgE
                0x20000010        0x8 c:\Users\fx\Upwork\weather-node\output\core\wirish\boards_setup.cpp.o
                0x20000010                wirish::priv::w_board_pll_cfg
 .data.adc2     0x20000018        0x8 c:\Users\fx\Upwork\weather-node\output\core\core.a(adc_f1.c.o)
                0x20000018                adc2
 .data.adc1     0x20000020       0x18 c:\Users\fx\Upwork\weather-node\output\core\core.a(adc_f1.c.o)
                0x20000020                adc1
 .data.ADC2     0x20000038        0x4 c:\Users\fx\Upwork\weather-node\output\core\core.a(adc_f1.c.o)
                0x20000038                ADC2
 .data.ADC1     0x2000003c        0x4 c:\Users\fx\Upwork\weather-node\output\core\core.a(adc_f1.c.o)
                0x2000003c                ADC1
 .data.dma1     0x20000040       0x40 c:\Users\fx\Upwork\weather-node\output\core\core.a(dma_f1.c.o)
 .data.DMA1     0x20000080        0x4 c:\Users\fx\Upwork\weather-node\output\core\core.a(dma_f1.c.o)
                0x20000080                DMA1
 .data.gpioa    0x20000084        0x8 c:\Users\fx\Upwork\weather-node\output\core\core.a(gpio_f1.c.o)
                0x20000084                gpioa
 .data.gpiob    0x2000008c        0x8 c:\Users\fx\Upwork\weather-node\output\core\core.a(gpio_f1.c.o)
                0x2000008c                gpiob
 .data.gpioc    0x20000094        0x8 c:\Users\fx\Upwork\weather-node\output\core\core.a(gpio_f1.c.o)
                0x20000094                gpioc
 .data.gpiod    0x2000009c        0x8 c:\Users\fx\Upwork\weather-node\output\core\core.a(gpio_f1.c.o)
                0x2000009c                gpiod
 .data.i2c1     0x200000a4       0x38 c:\Users\fx\Upwork\weather-node\output\core\core.a(i2c_f1.c.o)
 .data.i2c2     0x200000dc       0x38 c:\Users\fx\Upwork\weather-node\output\core\core.a(i2c_f1.c.o)
 .data.enable_regs.4411
                0x20000114        0xc c:\Users\fx\Upwork\weather-node\output\core\core.a(rcc_f1.c.o)
 .data.reset_regs.4415
                0x20000120        0x8 c:\Users\fx\Upwork\weather-node\output\core\core.a(rcc_f1.c.o)
 .data.enable_regs.4424
                0x20000128        0xc c:\Users\fx\Upwork\weather-node\output\core\core.a(rcc_f1.c.o)
 .data.timer3   0x20000134       0x24 c:\Users\fx\Upwork\weather-node\output\core\core.a(timer.c.o)
                0x20000134                timer3
 .data.timer4   0x20000158       0x24 c:\Users\fx\Upwork\weather-node\output\core\core.a(timer.c.o)
                0x20000158                timer4
 .data.timer1   0x2000017c       0x28 c:\Users\fx\Upwork\weather-node\output\core\core.a(timer.c.o)
                0x2000017c                timer1
 .data.timer2   0x200001a4       0x24 c:\Users\fx\Upwork\weather-node\output\core\core.a(timer.c.o)
                0x200001a4                timer2
 .data.USART1   0x200001c8        0x4 c:\Users\fx\Upwork\weather-node\output\core\core.a(usart_f1.c.o)
                0x200001c8                USART1
 .data.USART2   0x200001cc        0x4 c:\Users\fx\Upwork\weather-node\output\core\core.a(usart_f1.c.o)
                0x200001cc                USART2
 .data.USART3   0x200001d0        0x4 c:\Users\fx\Upwork\weather-node\output\core\core.a(usart_f1.c.o)
                0x200001d0                USART3
 .data.usart1   0x200001d4       0x94 c:\Users\fx\Upwork\weather-node\output\core\core.a(usart_f1.c.o)
 .data.usart2   0x20000268       0x94 c:\Users\fx\Upwork\weather-node\output\core\core.a(usart_f1.c.o)
 .data.usart3   0x200002fc       0x94 c:\Users\fx\Upwork\weather-node\output\core\core.a(usart_f1.c.o)
 .data.USBLIB   0x20000390        0x4 c:\Users\fx\Upwork\weather-node\output\core\core.a(usb.c.o)
                0x20000390                USBLIB
 .data.usblib   0x20000394       0x10 c:\Users\fx\Upwork\weather-node\output\core\core.a(usb.c.o)
 .data.Config_Descriptor
                0x200003a4        0x8 c:\Users\fx\Upwork\weather-node\output\core\core.a(usb_cdcacm.c.o)
 .data.Device_Property
                0x200003ac       0x30 c:\Users\fx\Upwork\weather-node\output\core\core.a(usb_cdcacm.c.o)
                0x200003ac                Device_Property
 .data.ep_int_in
                0x200003dc       0x1c c:\Users\fx\Upwork\weather-node\output\core\core.a(usb_cdcacm.c.o)
 .data.String_Descriptor
                0x200003f8       0x18 c:\Users\fx\Upwork\weather-node\output\core\core.a(usb_cdcacm.c.o)
 .data.ep_int_out
                0x20000410       0x1c c:\Users\fx\Upwork\weather-node\output\core\core.a(usb_cdcacm.c.o)
 .data.line_coding
                0x2000042c        0x7 c:\Users\fx\Upwork\weather-node\output\core\core.a(usb_cdcacm.c.o)
 *fill*         0x20000433        0x1 
 .data.User_Standard_Requests
                0x20000434       0x24 c:\Users\fx\Upwork\weather-node\output\core\core.a(usb_cdcacm.c.o)
                0x20000434                User_Standard_Requests
 .data.Device_Descriptor
                0x20000458        0x8 c:\Users\fx\Upwork\weather-node\output\core\core.a(usb_cdcacm.c.o)
 .data.Device_Table
                0x20000460        0x2 c:\Users\fx\Upwork\weather-node\output\core\core.a(usb_cdcacm.c.o)
                0x20000460                Device_Table
 *fill*         0x20000462        0x6 
 .data.impure_data
                0x20000468      0x428 c:/users/fx/appdata/local/arduino15/packages/arduino/tools/arm-none-eabi-gcc/4.8.3-2014q1/bin/../lib/gcc/arm-none-eabi/4.8.3/../../../../arm-none-eabi/lib/armv7-m\libc.a(lib_a-impure.o)
 .data._impure_ptr
                0x20000890        0x4 c:/users/fx/appdata/local/arduino15/packages/arduino/tools/arm-none-eabi-gcc/4.8.3-2014q1/bin/../lib/gcc/arm-none-eabi/4.8.3/../../../../arm-none-eabi/lib/armv7-m\libc.a(lib_a-impure.o)
                0x20000890                _impure_ptr
 .data.__malloc_av_
                0x20000894      0x408 c:/users/fx/appdata/local/arduino15/packages/arduino/tools/arm-none-eabi-gcc/4.8.3-2014q1/bin/../lib/gcc/arm-none-eabi/4.8.3/../../../../arm-none-eabi/lib/armv7-m\libc.a(lib_a-mallocr.o)
                0x20000894                __malloc_av_
 .data.__malloc_trim_threshold
                0x20000c9c        0x4 c:/users/fx/appdata/local/arduino15/packages/arduino/tools/arm-none-eabi-gcc/4.8.3-2014q1/bin/../lib/gcc/arm-none-eabi/4.8.3/../../../../arm-none-eabi/lib/armv7-m\libc.a(lib_a-mallocr.o)
                0x20000c9c                __malloc_trim_threshold
 .data.__malloc_sbrk_base
                0x20000ca0        0x4 c:/users/fx/appdata/local/arduino15/packages/arduino/tools/arm-none-eabi-gcc/4.8.3-2014q1/bin/../lib/gcc/arm-none-eabi/4.8.3/../../../../arm-none-eabi/lib/armv7-m\libc.a(lib_a-mallocr.o)
                0x20000ca0                __malloc_sbrk_base
 .data.lconv    0x20000ca4       0x38 c:/users/fx/appdata/local/arduino15/packages/arduino/tools/arm-none-eabi-gcc/4.8.3-2014q1/bin/../lib/gcc/arm-none-eabi/4.8.3/../../../../arm-none-eabi/lib/armv7-m\libc.a(lib_a-locale.o)
                0x20000ce0                . = ALIGN (0x8)
 *fill*         0x20000cdc        0x4 
                0x20000ce0                __data_end__ = .

.jcr            0x20000ce0        0x0 load address 0x08008bd8
 .jcr           0x20000ce0        0x0 c:/users/fx/appdata/local/arduino15/packages/arduino/tools/arm-none-eabi-gcc/4.8.3-2014q1/bin/../lib/gcc/arm-none-eabi/4.8.3/armv7-m/crtbegin.o

.igot.plt       0x20000ce0        0x0 load address 0x08008bd8
 .igot.plt      0x00000000        0x0 c:/users/fx/appdata/local/arduino15/packages/arduino/tools/arm-none-eabi-gcc/4.8.3-2014q1/bin/../lib/gcc/arm-none-eabi/4.8.3/armv7-m/crtbegin.o

.rodata         0x08008bd8      0x550
 *(.rodata .rodata.* .gnu.linkonce.r.*)
 .rodata.str1.1
                0x08008bd8       0x57 c:\Users\fx\Upwork\weather-node\output\sketch\weatherSIM808.ino.cpp.o
                                 0x5a (size before relaxing)
 *fill*         0x08008c2f        0x1 
 .rodata.PIN_MAP
                0x08008c30      0x230 c:\Users\fx\Upwork\weather-node\output\core\board.cpp.o
                0x08008c30                PIN_MAP
 .rodata._ZTV14HardwareSerial
                0x08008e60       0x28 c:\Users\fx\Upwork\weather-node\output\core\core.a(HardwareSerial.cpp.o)
                0x08008e60                vtable for HardwareSerial
 .rodata.GPIOC  0x08008e88        0x4 c:\Users\fx\Upwork\weather-node\output\core\core.a(gpio_f1.c.o)
                0x08008e88                GPIOC
 .rodata.rcc_dev_table
                0x08008e8c       0x5c c:\Users\fx\Upwork\weather-node\output\core\core.a(rcc_f1.c.o)
                0x08008e8c                rcc_dev_table
 .rodata.masks.4420
                0x08008ee8       0x14 c:\Users\fx\Upwork\weather-node\output\core\core.a(rcc_f1.c.o)
 .rodata.usbVcomDescriptor_iProduct
                0x08008efc        0xc c:\Users\fx\Upwork\weather-node\output\core\core.a(usb_cdcacm.c.o)
 .rodata.usbVcomDescriptor_iManufacturer
                0x08008f08       0x12 c:\Users\fx\Upwork\weather-node\output\core\core.a(usb_cdcacm.c.o)
 .rodata.usbVcomDescriptor_Device
                0x08008f1a       0x12 c:\Users\fx\Upwork\weather-node\output\core\core.a(usb_cdcacm.c.o)
 .rodata.usbVcomDescriptor_Config
                0x08008f2c       0x43 c:\Users\fx\Upwork\weather-node\output\core\core.a(usb_cdcacm.c.o)
 .rodata.usbVcomDescriptor_LangID
                0x08008f6f        0x4 c:\Users\fx\Upwork\weather-node\output\core\core.a(usb_cdcacm.c.o)
 *fill*         0x08008f73        0x5 
 .rodata._ZTV9USBSerial
                0x08008f78       0x28 c:\Users\fx\Upwork\weather-node\output\core\core.a(usb_serial.cpp.o)
                0x08008f78                vtable for USBSerial
 .rodata.str1.4
                0x08008fa0        0x2 c:/users/fx/appdata/local/arduino15/packages/arduino/tools/arm-none-eabi-gcc/4.8.3-2014q1/bin/../lib/gcc/arm-none-eabi/4.8.3/../../../../arm-none-eabi/lib/armv7-m\libc.a(lib_a-impure.o)
                                  0x4 (size before relaxing)
 *fill*         0x08008fa2        0x2 
 .rodata._global_impure_ptr
                0x08008fa4        0x4 c:/users/fx/appdata/local/arduino15/packages/arduino/tools/arm-none-eabi-gcc/4.8.3-2014q1/bin/../lib/gcc/arm-none-eabi/4.8.3/../../../../arm-none-eabi/lib/armv7-m\libc.a(lib_a-impure.o)
                0x08008fa4                _global_impure_ptr
 .rodata.zeroes.6760
                0x08008fa8       0x10 c:/users/fx/appdata/local/arduino15/packages/arduino/tools/arm-none-eabi-gcc/4.8.3-2014q1/bin/../lib/gcc/arm-none-eabi/4.8.3/../../../../arm-none-eabi/lib/armv7-m\libc.a(lib_a-svfprintf.o)
 .rodata.str1.4
                0x08008fb8       0x42 c:/users/fx/appdata/local/arduino15/packages/arduino/tools/arm-none-eabi-gcc/4.8.3-2014q1/bin/../lib/gcc/arm-none-eabi/4.8.3/../../../../arm-none-eabi/lib/armv7-m\libc.a(lib_a-svfprintf.o)
                                 0x44 (size before relaxing)
 *fill*         0x08008ffa        0x2 
 .rodata.blanks.6759
                0x08008ffc       0x10 c:/users/fx/appdata/local/arduino15/packages/arduino/tools/arm-none-eabi-gcc/4.8.3-2014q1/bin/../lib/gcc/arm-none-eabi/4.8.3/../../../../arm-none-eabi/lib/armv7-m\libc.a(lib_a-svfprintf.o)
 .rodata.str1.4
                0x0800900c       0x10 c:/users/fx/appdata/local/arduino15/packages/arduino/tools/arm-none-eabi-gcc/4.8.3-2014q1/bin/../lib/gcc/arm-none-eabi/4.8.3/../../../../arm-none-eabi/lib/armv7-m\libc.a(lib_a-dtoa.o)
                                 0x14 (size before relaxing)
 .rodata.str1.4
                0x0800901c        0xc c:/users/fx/appdata/local/arduino15/packages/arduino/tools/arm-none-eabi-gcc/4.8.3-2014q1/bin/../lib/gcc/arm-none-eabi/4.8.3/../../../../arm-none-eabi/lib/armv7-m\libc.a(lib_a-locale.o)
                                 0x14 (size before relaxing)
 .rodata.__mprec_tens
                0x08009028       0xc8 c:/users/fx/appdata/local/arduino15/packages/arduino/tools/arm-none-eabi-gcc/4.8.3-2014q1/bin/../lib/gcc/arm-none-eabi/4.8.3/../../../../arm-none-eabi/lib/armv7-m\libc.a(lib_a-mprec.o)
                0x08009028                __mprec_tens
 .rodata.__mprec_bigtens
                0x080090f0       0x28 c:/users/fx/appdata/local/arduino15/packages/arduino/tools/arm-none-eabi-gcc/4.8.3-2014q1/bin/../lib/gcc/arm-none-eabi/4.8.3/../../../../arm-none-eabi/lib/armv7-m\libc.a(lib_a-mprec.o)
                0x080090f0                __mprec_bigtens
 .rodata.p05.5266
                0x08009118        0xc c:/users/fx/appdata/local/arduino15/packages/arduino/tools/arm-none-eabi-gcc/4.8.3-2014q1/bin/../lib/gcc/arm-none-eabi/4.8.3/../../../../arm-none-eabi/lib/armv7-m\libc.a(lib_a-mprec.o)
 *(.USER_FLASH)
                0x08009124                . = ALIGN (0x4)
                0x08009124                _lm_rom_img_cfgp = .
                0x08009124        0x4 LONG 0x8007ef8 LOADADDR (.data)
                0x20001258                _lm_heap_start = DEFINED (_lm_heap_start)?_lm_heap_start:_end
                0x20002800                _lm_heap_end = DEFINED (_lm_heap_end)?_lm_heap_end:__msp_init

.rel.dyn        0x08009128        0x0
 .rel.iplt      0x00000000        0x0 c:/users/fx/appdata/local/arduino15/packages/arduino/tools/arm-none-eabi-gcc/4.8.3-2014q1/bin/../lib/gcc/arm-none-eabi/4.8.3/armv7-m/crtbegin.o

.bss            0x20000ce0      0x578
                0x20000ce0                . = ALIGN (0x8)
                0x20000ce0                __bss_start__ = .
 *(.bss .bss.* .gnu.linkonce.b.*)
 .bss           0x20000ce0       0x1c c:/users/fx/appdata/local/arduino15/packages/arduino/tools/arm-none-eabi-gcc/4.8.3-2014q1/bin/../lib/gcc/arm-none-eabi/4.8.3/armv7-m/crtbegin.o
 .bss.pm2_value
                0x20000cfc        0x4 c:\Users\fx\Upwork\weather-node\output\sketch\weatherSIM808.ino.cpp.o
                0x20000cfc                pm2_value
 .bss.temperature
                0x20000d00        0x4 c:\Users\fx\Upwork\weather-node\output\sketch\weatherSIM808.ino.cpp.o
                0x20000d00                temperature
 .bss.pm2_i     0x20000d04        0x4 c:\Users\fx\Upwork\weather-node\output\sketch\weatherSIM808.ino.cpp.o
                0x20000d04                pm2_i
 .bss.post_buffer
                0x20000d08      0x12c c:\Users\fx\Upwork\weather-node\output\sketch\weatherSIM808.ino.cpp.o
                0x20000d08                post_buffer
 .bss.humidity  0x20000e34        0x4 c:\Users\fx\Upwork\weather-node\output\sketch\weatherSIM808.ino.cpp.o
                0x20000e34                humidity
 .bss.pm1_i     0x20000e38        0x4 c:\Users\fx\Upwork\weather-node\output\sketch\weatherSIM808.ino.cpp.o
                0x20000e38                pm1_i
 .bss.pm2_buff  0x20000e3c       0x28 c:\Users\fx\Upwork\weather-node\output\sketch\weatherSIM808.ino.cpp.o
                0x20000e3c                pm2_buff
 .bss.pm1_value
                0x20000e64        0x4 c:\Users\fx\Upwork\weather-node\output\sketch\weatherSIM808.ino.cpp.o
                0x20000e64                pm1_value
 .bss.dht       0x20000e68       0x14 c:\Users\fx\Upwork\weather-node\output\sketch\weatherSIM808.ino.cpp.o
                0x20000e68                dht
 .bss.pm1_buff  0x20000e7c        0xf c:\Users\fx\Upwork\weather-node\output\sketch\weatherSIM808.ino.cpp.o
                0x20000e7c                pm1_buff
 .bss.pm2_ok    0x20000e8b        0x1 c:\Users\fx\Upwork\weather-node\output\sketch\weatherSIM808.ino.cpp.o
                0x20000e8b                pm2_ok
 .bss.pm1_ok    0x20000e8c        0x1 c:\Users\fx\Upwork\weather-node\output\sketch\weatherSIM808.ino.cpp.o
                0x20000e8c                pm1_ok
 *fill*         0x20000e8d        0x3 
 .bss.Serial1   0x20000e90       0x18 c:\Users\fx\Upwork\weather-node\output\core\board.cpp.o
                0x20000e90                Serial1
 .bss.Serial2   0x20000ea8       0x18 c:\Users\fx\Upwork\weather-node\output\core\board.cpp.o
                0x20000ea8                Serial2
 .bss.Serial3   0x20000ec0       0x18 c:\Users\fx\Upwork\weather-node\output\core\board.cpp.o
                0x20000ec0                Serial3
 .bss.pbreak.4444
                0x20000ed8        0x4 c:\Users\fx\Upwork\weather-node\output\core\wirish\syscalls.c.o
 .bss.exti_channels
                0x20000edc       0x80 c:\Users\fx\Upwork\weather-node\output\core\core.a(exti.c.o)
                0x20000edc                exti_channels
 .bss.systick_user_callback
                0x20000f5c        0x4 c:\Users\fx\Upwork\weather-node\output\core\core.a(systick.c.o)
 .bss.usart1_wb
                0x20000f60        0xc c:\Users\fx\Upwork\weather-node\output\core\core.a(usart_f1.c.o)
 .bss.usart1_rb
                0x20000f6c        0xc c:\Users\fx\Upwork\weather-node\output\core\core.a(usart_f1.c.o)
 .bss.usart2_rb
                0x20000f78        0xc c:\Users\fx\Upwork\weather-node\output\core\core.a(usart_f1.c.o)
 .bss.usart3_rb
                0x20000f84        0xc c:\Users\fx\Upwork\weather-node\output\core\core.a(usart_f1.c.o)
 .bss.usart2_wb
                0x20000f90        0xc c:\Users\fx\Upwork\weather-node\output\core\core.a(usart_f1.c.o)
 .bss.usart3_wb
                0x20000f9c        0xc c:\Users\fx\Upwork\weather-node\output\core\core.a(usart_f1.c.o)
 .bss.line_dtr_rts
                0x20000fa8        0x1 c:\Users\fx\Upwork\weather-node\output\core\core.a(usb_cdcacm.c.o)
 .bss.vcomBufferTx
                0x20000fa9      0x100 c:\Users\fx\Upwork\weather-node\output\core\core.a(usb_cdcacm.c.o)
 *fill*         0x200010a9        0x3 
 .bss.tx_head   0x200010ac        0x4 c:\Users\fx\Upwork\weather-node\output\core\core.a(usb_cdcacm.c.o)
 .bss.rx_hook   0x200010b0        0x4 c:\Users\fx\Upwork\weather-node\output\core\core.a(usb_cdcacm.c.o)
 .bss.vcomBufferRx
                0x200010b4      0x100 c:\Users\fx\Upwork\weather-node\output\core\core.a(usb_cdcacm.c.o)
 .bss.transmitting
                0x200011b4        0x1 c:\Users\fx\Upwork\weather-node\output\core\core.a(usb_cdcacm.c.o)
 *fill*         0x200011b5        0x3 
 .bss.rx_tail   0x200011b8        0x4 c:\Users\fx\Upwork\weather-node\output\core\core.a(usb_cdcacm.c.o)
 .bss.iface_setup_hook
                0x200011bc        0x4 c:\Users\fx\Upwork\weather-node\output\core\core.a(usb_cdcacm.c.o)
 .bss.rx_head   0x200011c0        0x4 c:\Users\fx\Upwork\weather-node\output\core\core.a(usb_cdcacm.c.o)
 .bss.tx_tail   0x200011c4        0x4 c:\Users\fx\Upwork\weather-node\output\core\core.a(usb_cdcacm.c.o)
 .bss.Data_Mul_MaxPacketSize
                0x200011c8        0x1 c:\Users\fx\Upwork\weather-node\output\core\core.a(usb_core.c.o)
                0x200011c8                Data_Mul_MaxPacketSize
 .bss._ZN9USBSerial9_hasBegunE
                0x200011c9        0x1 c:\Users\fx\Upwork\weather-node\output\core\core.a(usb_serial.cpp.o)
                0x200011c9                USBSerial::_hasBegun
 *fill*         0x200011ca        0x2 
 .bss.Serial    0x200011cc       0x10 c:\Users\fx\Upwork\weather-node\output\core\core.a(usb_serial.cpp.o)
                0x200011cc                Serial
 .bss._ZL11reset_state
                0x200011dc        0x1 c:\Users\fx\Upwork\weather-node\output\core\core.a(usb_serial.cpp.o)
 .bss._ZN9USBSerial11_isBlockingE
                0x200011dd        0x1 c:\Users\fx\Upwork\weather-node\output\core\core.a(usb_serial.cpp.o)
                0x200011dd                USBSerial::_isBlocking
 *fill*         0x200011de        0x2 
 .bss.__malloc_max_total_mem
                0x200011e0        0x4 c:/users/fx/appdata/local/arduino15/packages/arduino/tools/arm-none-eabi-gcc/4.8.3-2014q1/bin/../lib/gcc/arm-none-eabi/4.8.3/../../../../arm-none-eabi/lib/armv7-m\libc.a(lib_a-mallocr.o)
                0x200011e0                __malloc_max_total_mem
 .bss.__malloc_max_sbrked_mem
                0x200011e4        0x4 c:/users/fx/appdata/local/arduino15/packages/arduino/tools/arm-none-eabi-gcc/4.8.3-2014q1/bin/../lib/gcc/arm-none-eabi/4.8.3/../../../../arm-none-eabi/lib/armv7-m\libc.a(lib_a-mallocr.o)
                0x200011e4                __malloc_max_sbrked_mem
 .bss.__malloc_top_pad
                0x200011e8        0x4 c:/users/fx/appdata/local/arduino15/packages/arduino/tools/arm-none-eabi-gcc/4.8.3-2014q1/bin/../lib/gcc/arm-none-eabi/4.8.3/../../../../arm-none-eabi/lib/armv7-m\libc.a(lib_a-mallocr.o)
                0x200011e8                __malloc_top_pad
 .bss.__malloc_current_mallinfo
                0x200011ec       0x28 c:/users/fx/appdata/local/arduino15/packages/arduino/tools/arm-none-eabi-gcc/4.8.3-2014q1/bin/../lib/gcc/arm-none-eabi/4.8.3/../../../../arm-none-eabi/lib/armv7-m\libc.a(lib_a-mallocr.o)
                0x200011ec                __malloc_current_mallinfo
 *(COMMON)
 COMMON         0x20001214        0x4 c:\Users\fx\Upwork\weather-node\output\core\core.a(systick.c.o)
                0x20001214                systick_uptime_millis
 COMMON         0x20001218        0x6 c:\Users\fx\Upwork\weather-node\output\core\core.a(usb.c.o)
                0x20001218                SaveRState
                0x2000121a                SaveTState
                0x2000121c                ResumeS
 COMMON         0x2000121e        0x2 c:\Users\fx\Upwork\weather-node\output\core\core.a(usb_core.c.o)
                0x2000121e                StatusInfo
 COMMON         0x20001220       0x32 c:\Users\fx\Upwork\weather-node\output\core\core.a(usb_init.c.o)
                0x20001220                SaveState
                0x20001224                pProperty
                0x20001228                EPindex
                0x2000122c                Device_Info
                0x20001248                pUser_Standard_Requests
                0x2000124c                pInformation
                0x20001250                wInterrupt_Mask
 *fill*         0x20001252        0x2 
 COMMON         0x20001254        0x4 c:/users/fx/appdata/local/arduino15/packages/arduino/tools/arm-none-eabi-gcc/4.8.3-2014q1/bin/../lib/gcc/arm-none-eabi/4.8.3/../../../../arm-none-eabi/lib/armv7-m\libc.a(lib_a-reent.o)
                0x20001254                errno
                0x20001258                . = ALIGN (0x8)
                0x20001258                __bss_end__ = .
                0x20001258                _end = __bss_end__

.stab
 *(.stab)

.stabstr
 *(.stabstr)

.debug
 *(.debug)

.line
 *(.line)

.debug_srcinfo
 *(.debug_srcinfo)

.debug_sfnames
 *(.debug_sfnames)

.debug_aranges  0x00000000     0x1188
 *(.debug_aranges)
 .debug_aranges
                0x00000000       0x80 c:\Users\fx\Upwork\weather-node\output\sketch\weatherSIM808.ino.cpp.o
 .debug_aranges
                0x00000080       0x68 c:\Users\fx\Upwork\weather-node\output\libraries\DHT_sensor_library\DHT.cpp.o
 .debug_aranges
                0x000000e8       0xa0 c:\Users\fx\Upwork\weather-node\output\libraries\DHT_sensor_library\DHT_U.cpp.o
 .debug_aranges
                0x00000188       0x20 c:\Users\fx\Upwork\weather-node\output\libraries\Adafruit_Unified_Sensor\Adafruit_Sensor.cpp.o
 .debug_aranges
                0x000001a8       0x28 c:\Users\fx\Upwork\weather-node\output\core\board.cpp.o
 .debug_aranges
                0x000001d0       0x40 c:\Users\fx\Upwork\weather-node\output\core\wirish\boards.cpp.o
 .debug_aranges
                0x00000210       0x40 c:\Users\fx\Upwork\weather-node\output\core\wirish\boards_setup.cpp.o
 .debug_aranges
                0x00000250       0x20 c:\Users\fx\Upwork\weather-node\output\core\wirish\start.S.o
 .debug_aranges
                0x00000270       0x20 c:\Users\fx\Upwork\weather-node\output\core\wirish\start_c.c.o
 .debug_aranges
                0x00000290       0x88 c:\Users\fx\Upwork\weather-node\output\core\wirish\syscalls.c.o
 .debug_aranges
                0x00000318       0x70 c:\Users\fx\Upwork\weather-node\output\core\core.a(HardwareSerial.cpp.o)
 .debug_aranges
                0x00000388      0x110 c:\Users\fx\Upwork\weather-node\output\core\core.a(Print.cpp.o)
 .debug_aranges
                0x00000498       0x28 c:\Users\fx\Upwork\weather-node\output\core\core.a(cxxabi-compat.cpp.o)
 .debug_aranges
                0x000004c0       0x38 c:\Users\fx\Upwork\weather-node\output\core\core.a(adc.c.o)
 .debug_aranges
                0x000004f8       0x58 c:\Users\fx\Upwork\weather-node\output\core\core.a(adc_f1.c.o)
 .debug_aranges
                0x00000550       0xb0 c:\Users\fx\Upwork\weather-node\output\core\core.a(dma_f1.c.o)
 .debug_aranges
                0x00000600       0x20 c:\Users\fx\Upwork\weather-node\output\core\core.a(exc.S.o)
 .debug_aranges
                0x00000620       0x80 c:\Users\fx\Upwork\weather-node\output\core\core.a(exti.c.o)
 .debug_aranges
                0x000006a0       0x20 c:\Users\fx\Upwork\weather-node\output\core\core.a(exti_f1.c.o)
 .debug_aranges
                0x000006c0       0x20 c:\Users\fx\Upwork\weather-node\output\core\core.a(flash.c.o)
 .debug_aranges
                0x000006e0       0x48 c:\Users\fx\Upwork\weather-node\output\core\core.a(gpio_f1.c.o)
 .debug_aranges
                0x00000728       0x50 c:\Users\fx\Upwork\weather-node\output\core\core.a(i2c_f1.c.o)
 .debug_aranges
                0x00000778       0x38 c:\Users\fx\Upwork\weather-node\output\core\core.a(nvic.c.o)
 .debug_aranges
                0x000007b0       0x48 c:\Users\fx\Upwork\weather-node\output\core\core.a(rcc.c.o)
 .debug_aranges
                0x000007f8       0x48 c:\Users\fx\Upwork\weather-node\output\core\core.a(rcc_f1.c.o)
 .debug_aranges
                0x00000840       0x20 c:\Users\fx\Upwork\weather-node\output\core\core.a(isrs.S.o)
 .debug_aranges
                0x00000860       0x40 c:\Users\fx\Upwork\weather-node\output\core\core.a(systick.c.o)
 .debug_aranges
                0x000008a0       0xb0 c:\Users\fx\Upwork\weather-node\output\core\core.a(timer.c.o)
 .debug_aranges
                0x00000950       0x48 c:\Users\fx\Upwork\weather-node\output\core\core.a(usart.c.o)
 .debug_aranges
                0x00000998       0x50 c:\Users\fx\Upwork\weather-node\output\core\core.a(usart_f1.c.o)
 .debug_aranges
                0x000009e8       0x20 c:\Users\fx\Upwork\weather-node\output\core\core.a(usart_private.c.o)
 .debug_aranges
                0x00000a08       0x38 c:\Users\fx\Upwork\weather-node\output\core\core.a(usb.c.o)
 .debug_aranges
                0x00000a40      0x128 c:\Users\fx\Upwork\weather-node\output\core\core.a(usb_cdcacm.c.o)
 .debug_aranges
                0x00000b68       0x20 c:\Users\fx\Upwork\weather-node\output\core\core.a(usb_reg_map.c.o)
 .debug_aranges
                0x00000b88       0x98 c:\Users\fx\Upwork\weather-node\output\core\core.a(usb_core.c.o)
 .debug_aranges
                0x00000c20       0x20 c:\Users\fx\Upwork\weather-node\output\core\core.a(usb_init.c.o)
 .debug_aranges
                0x00000c40       0x28 c:\Users\fx\Upwork\weather-node\output\core\core.a(usb_mem.c.o)
 .debug_aranges
                0x00000c68      0x1f0 c:\Users\fx\Upwork\weather-node\output\core\core.a(usb_regs.c.o)
 .debug_aranges
                0x00000e58       0x50 c:\Users\fx\Upwork\weather-node\output\core\core.a(util.c.o)
 .debug_aranges
                0x00000ea8       0x28 c:\Users\fx\Upwork\weather-node\output\core\core.a(main.cpp.o)
 .debug_aranges
                0x00000ed0       0x38 c:\Users\fx\Upwork\weather-node\output\core\core.a(new.cpp.o)
 .debug_aranges
                0x00000f08       0x20 c:\Users\fx\Upwork\weather-node\output\core\core.a(wirish_digital_f1.cpp.o)
 .debug_aranges
                0x00000f28       0xd8 c:\Users\fx\Upwork\weather-node\output\core\core.a(usb_serial.cpp.o)
 .debug_aranges
                0x00001000       0x28 c:\Users\fx\Upwork\weather-node\output\core\core.a(wirish_digital.cpp.o)
 .debug_aranges
                0x00001028       0x30 c:\Users\fx\Upwork\weather-node\output\core\core.a(wirish_time.cpp.o)
 .debug_aranges
                0x00001058       0x20 c:\Users\fx\Upwork\weather-node\output\core\core.a(hooks.c.o)
 .debug_aranges
                0x00001078       0x40 c:\Users\fx\Upwork\weather-node\output\core\core.a(bkp_f1.c.o)
 .debug_aranges
                0x000010b8       0x28 c:\Users\fx\Upwork\weather-node\output\core\core.a(dma.c.o)
 .debug_aranges
                0x000010e0       0x20 c:\Users\fx\Upwork\weather-node\output\core\core.a(gpio.c.o)
 .debug_aranges
                0x00001100       0x88 c:\Users\fx\Upwork\weather-node\output\core\core.a(i2c.c.o)

.debug_pubnames
 *(.debug_pubnames)

.debug_info     0x00000000    0x23752
 *(.debug_info .gnu.linkonce.wi.*)
 .debug_info    0x00000000      0xea3 c:\Users\fx\Upwork\weather-node\output\sketch\weatherSIM808.ino.cpp.o
 .debug_info    0x00000ea3      0xb60 c:\Users\fx\Upwork\weather-node\output\libraries\DHT_sensor_library\DHT.cpp.o
 .debug_info    0x00001a03     0x1270 c:\Users\fx\Upwork\weather-node\output\libraries\DHT_sensor_library\DHT_U.cpp.o
 .debug_info    0x00002c73      0x8eb c:\Users\fx\Upwork\weather-node\output\libraries\Adafruit_Unified_Sensor\Adafruit_Sensor.cpp.o
 .debug_info    0x0000355e      0xf2e c:\Users\fx\Upwork\weather-node\output\core\board.cpp.o
 .debug_info    0x0000448c     0x142b c:\Users\fx\Upwork\weather-node\output\core\wirish\boards.cpp.o
 .debug_info    0x000058b7     0x10c7 c:\Users\fx\Upwork\weather-node\output\core\wirish\boards_setup.cpp.o
 .debug_info    0x0000697e       0xf1 c:\Users\fx\Upwork\weather-node\output\core\wirish\start.S.o
 .debug_info    0x00006a6f      0x14d c:\Users\fx\Upwork\weather-node\output\core\wirish\start_c.c.o
 .debug_info    0x00006bbc      0x5cd c:\Users\fx\Upwork\weather-node\output\core\wirish\syscalls.c.o
 .debug_info    0x00007189     0x29ea c:\Users\fx\Upwork\weather-node\output\core\core.a(HardwareSerial.cpp.o)
 .debug_info    0x00009b73     0x258c c:\Users\fx\Upwork\weather-node\output\core\core.a(Print.cpp.o)