Archive member included because of file (symbol)

c:\Users\fx\Upwork\weather-node\output\core\core.a(HardwareSerial.cpp.o)
                              c:\Users\fx\Upwork\weather-node\output\sketch\weatherSIM808.ino.cpp.o (HardwareSerial::read())
c:\Users\fx\Upwork\weather-node\output\core\core.a(Print.cpp.o)
                              c:\Users\fx\Upwork\weather-node\output\core\core.a(HardwareSerial.cpp.o) (Print::write(void const*, unsigned long))
c:\Users\fx\Upwork\weather-node\output\core\core.a(cxxabi-compat.cpp.o)
                              c:\Users\fx\Upwork\weather-node\output\libraries\DHT_sensor_library\DHT_U.cpp.o (__cxa_pure_virtual)
c:\Users\fx\Upwork\weather-node\output\core\core.a(adc.c.o)
                              c:\Users\fx\Upwork\weather-node\output\core\wirish\boards.cpp.o (adc_set_sample_rate)
c:\Users\fx\Upwork\weather-node\output\core\core.a(adc_f1.c.o)
                              (__irq_adc)
c:\Users\fx\Upwork\weather-node\output\core\core.a(dma_f1.c.o)
                              (__irq_dma1_channel1)
c:\Users\fx\Upwork\weather-node\output\core\core.a(exc.S.o)
                              (__exc_nmi)
c:\Users\fx\Upwork\weather-node\output\core\core.a(exti.c.o)
                              (__irq_exti0)
c:\Users\fx\Upwork\weather-node\output\core\core.a(exti_f1.c.o)
                              c:\Users\fx\Upwork\weather-node\output\core\core.a(exti.c.o) (exti_select)
c:\Users\fx\Upwork\weather-node\output\core\core.a(flash.c.o)
                              c:\Users\fx\Upwork\weather-node\output\core\wirish\boards.cpp.o (flash_set_latency)
c:\Users\fx\Upwork\weather-node\output\core\core.a(gpio_f1.c.o)
                              c:\Users\fx\Upwork\weather-node\output\core\wirish\boards_setup.cpp.o (gpio_init_all)
c:\Users\fx\Upwork\weather-node\output\core\core.a(i2c_f1.c.o)
                              (__irq_i2c1_ev)
c:\Users\fx\Upwork\weather-node\output\core\core.a(nvic.c.o)
                              c:\Users\fx\Upwork\weather-node\output\core\core.a(i2c_f1.c.o) (nvic_irq_set_priority)
c:\Users\fx\Upwork\weather-node\output\core\core.a(rcc.c.o)
                              c:\Users\fx\Upwork\weather-node\output\core\wirish\boards.cpp.o (rcc_switch_sysclk)
c:\Users\fx\Upwork\weather-node\output\core\core.a(rcc_f1.c.o)
                              c:\Users\fx\Upwork\weather-node\output\core\wirish\boards.cpp.o (rcc_configure_pll)
c:\Users\fx\Upwork\weather-node\output\core\core.a(isrs.S.o)
                              (__stm32reservedexception7)
c:\Users\fx\Upwork\weather-node\output\core\core.a(vector_table.S.o)
                              (__stm32_vector_table)
c:\Users\fx\Upwork\weather-node\output\core\core.a(systick.c.o)
                              c:\Users\fx\Upwork\weather-node\output\core\wirish\boards.cpp.o (systick_init)
c:\Users\fx\Upwork\weather-node\output\core\core.a(timer.c.o)
                              c:\Users\fx\Upwork\weather-node\output\core\wirish\boards.cpp.o (timer_foreach)
c:\Users\fx\Upwork\weather-node\output\core\core.a(usart.c.o)
                              c:\Users\fx\Upwork\weather-node\output\core\core.a(HardwareSerial.cpp.o) (usart_init)
c:\Users\fx\Upwork\weather-node\output\core\core.a(usart_f1.c.o)
                              c:\Users\fx\Upwork\weather-node\output\core\core.a(HardwareSerial.cpp.o) (usart_config_gpios_async)
c:\Users\fx\Upwork\weather-node\output\core\core.a(usart_private.c.o)
                              c:\Users\fx\Upwork\weather-node\output\core\core.a(usart_f1.c.o) (_usart_clock_freq)
c:\Users\fx\Upwork\weather-node\output\core\core.a(usb.c.o)
                              (__irq_usb_lp_can_rx0)
c:\Users\fx\Upwork\weather-node\output\core\core.a(usb_cdcacm.c.o)
                              c:\Users\fx\Upwork\weather-node\output\core\core.a(usb.c.o) (User_Standard_Requests)
c:\Users\fx\Upwork\weather-node\output\core\core.a(usb_reg_map.c.o)
                              c:\Users\fx\Upwork\weather-node\output\core\core.a(usb_cdcacm.c.o) (usb_set_ep_rx_count)
c:\Users\fx\Upwork\weather-node\output\core\core.a(usb_core.c.o)
                              c:\Users\fx\Upwork\weather-node\output\core\core.a(usb_cdcacm.c.o) (Standard_GetDescriptorData)
c:\Users\fx\Upwork\weather-node\output\core\core.a(usb_init.c.o)
                              c:\Users\fx\Upwork\weather-node\output\core\core.a(usb.c.o) (pInformation)
c:\Users\fx\Upwork\weather-node\output\core\core.a(usb_mem.c.o)
                              c:\Users\fx\Upwork\weather-node\output\core\core.a(usb_core.c.o) (UserToPMABufferCopy)
c:\Users\fx\Upwork\weather-node\output\core\core.a(usb_regs.c.o)
                              c:\Users\fx\Upwork\weather-node\output\core\core.a(usb_core.c.o) (SetEPTxStatus)
c:\Users\fx\Upwork\weather-node\output\core\core.a(util.c.o)
                              c:\Users\fx\Upwork\weather-node\output\core\core.a(exc.S.o) (__error)
c:\Users\fx\Upwork\weather-node\output\core\core.a(main.cpp.o)
[...]
Memory Configuration

Name             Origin             Length             Attributes
ram              0x20000000         0x00005000         xrw
rom              0x08000000         0x00010000         xr
*default*        0x00000000         0xffffffff

Linker script and memory map

LOAD c:/users/fx/appdata/local/arduino15/packages/arduino/tools/arm-none-eabi-gcc/4.8.3-2014q1/bin/../lib/gcc/arm-none-eabi/4.8.3/armv7-m/crti.o
LOAD c:/users/fx/appdata/local/arduino15/packages/arduino/tools/arm-none-eabi-gcc/4.8.3-2014q1/bin/../lib/gcc/arm-none-eabi/4.8.3/armv7-m/crtbegin.o
LOAD c:/users/fx/appdata/local/arduino15/packages/arduino/tools/arm-none-eabi-gcc/4.8.3-2014q1/bin/../lib/gcc/arm-none-eabi/4.8.3/../../../../arm-none-eabi/lib/armv7-m/crt0.o
LOAD c:/users/fx/appdata/local/arduino15/packages/arduino/tools/arm-none-eabi-gcc/4.8.3-2014q1/bin/../lib/gcc/arm-none-eabi/4.8.3/armv7-m\libgcc.a
START GROUP
LOAD c:\Users\fx\Upwork\weather-node\output\sketch\weatherSIM808.ino.cpp.o
LOAD c:\Users\fx\Upwork\weather-node\output\libraries\DHT_sensor_library\DHT.cpp.o
LOAD c:\Users\fx\Upwork\weather-node\output\libraries\DHT_sensor_library\DHT_U.cpp.o
LOAD c:\Users\fx\Upwork\weather-node\output\libraries\Adafruit_Unified_Sensor\Adafruit_Sensor.cpp.o
LOAD c:\Users\fx\Upwork\weather-node\output\core\board.cpp.o
LOAD c:\Users\fx\Upwork\weather-node\output\core\wirish\boards.cpp.o
LOAD c:\Users\fx\Upwork\weather-node\output\core\wirish\boards_setup.cpp.o
LOAD c:\Users\fx\Upwork\weather-node\output\core\wirish\start.S.o
LOAD c:\Users\fx\Upwork\weather-node\output\core\wirish\start_c.c.o
LOAD c:\Users\fx\Upwork\weather-node\output\core\wirish\syscalls.c.o
LOAD c:\Users\fx\Upwork\weather-node\output\core\core.a
END GROUP
LOAD c:/users/fx/appdata/local/arduino15/packages/arduino/tools/arm-none-eabi-gcc/4.8.3-2014q1/bin/../lib/gcc/arm-none-eabi/4.8.3/../../../../arm-none-eabi/lib/armv7-m\libstdc++.a
LOAD c:/users/fx/appdata/local/arduino15/packages/arduino/tools/arm-none-eabi-gcc/4.8.3-2014q1/bin/../lib/gcc/arm-none-eabi/4.8.3/../../../../arm-none-eabi/lib/armv7-m\libm.a
START GROUP
LOAD c:/users/fx/appdata/local/arduino15/packages/arduino/tools/arm-none-eabi-gcc/4.8.3-2014q1/bin/../lib/gcc/arm-none-eabi/4.8.3/armv7-m\libgcc.a
LOAD c:/users/fx/appdata/local/arduino15/packages/arduino/tools/arm-none-eabi-gcc/4.8.3-2014q1/bin/../lib/gcc/arm-none-eabi/4.8.3/../../../../arm-none-eabi/lib/armv7-m\libc.a
END GROUP
LOAD c:/users/fx/appdata/local/arduino15/packages/arduino/tools/arm-none-eabi-gcc/4.8.3-2014q1/bin/../lib/gcc/arm-none-eabi/4.8.3/armv7-m/crtend.o
LOAD c:/users/fx/appdata/local/arduino15/packages/arduino/tools/arm-none-eabi-gcc/4.8.3-2014q1/bin/../lib/gcc/arm-none-eabi/4.8.3/armv7-m/crtn.o
START GROUP
LOAD c:/users/fx/appdata/local/arduino15/packages/arduino/tools/arm-none-eabi-gcc/4.8.3-2014q1/bin/../lib/gcc/arm-none-eabi/4.8.3/armv7-m\libgcc.a
LOAD c:/users/fx/appdata/local/arduino15/packages/arduino/tools/arm-none-eabi-gcc/4.8.3-2014q1/bin/../lib/gcc/arm-none-eabi/4.8.3/../../../../arm-none-eabi/lib/armv7-m\libc.a
LOAD c:/users/fx/appdata/local/arduino15/packages/arduino/tools/arm-none-eabi-gcc/4.8.3-2014q1/bin/../lib/gcc/arm-none-eabi/4.8.3/../../../../arm-none-eabi/lib/armv7-m\libm.a
END GROUP
START GROUP
LOAD c:/users/fx/appdata/local/arduino15/packages/arduino/tools/arm-none-eabi-gcc/4.8.3-2014q1/bin/../lib/gcc/arm-none-eabi/4.8.3/../../../../arm-none-eabi/lib/armv7-m\libnosys.a
END GROUP
                0x20005000                PROVIDE (__msp_init, (ORIGIN (ram) + 0x5000))
                0x08000990                PROVIDE (__exc_reset, __start__)

.text           0x08000000     0x8030
                0x08000000                __text_start__ = .
 *(.stm32.interrupt_vector)
 .stm32.interrupt_vector
                0x08000000       0xec c:\Users\fx\Upwork\weather-node\output\core\core.a(vector_table.S.o)
                0x08000000                __stm32_vector_table
 *(.text .text.* .gnu.linkonce.t.*)
 .text          0x080000ec       0x54 c:/users/fx/appdata/local/arduino15/packages/arduino/tools/arm-none-eabi-gcc/4.8.3-2014q1/bin/../lib/gcc/arm-none-eabi/4.8.3/armv7-m/crtbegin.o
 .text._Z11readTempHumv
                0x08000140       0x2c c:\Users\fx\Upwork\weather-node\output\sketch\weatherSIM808.ino.cpp.o
                0x08000140                readTempHum()
 .text._Z17processingPM1Datac
                0x0800016c       0x78 c:\Users\fx\Upwork\weather-node\output\sketch\weatherSIM808.ino.cpp.o
                0x0800016c                processingPM1Data(char)
 .text._Z17processingPM2Datac
                0x080001e4       0x74 c:\Users\fx\Upwork\weather-node\output\sketch\weatherSIM808.ino.cpp.o
                0x080001e4                processingPM2Data(char)
 .text._Z9sendFrameP6Stream
                0x08000258       0xb4 c:\Users\fx\Upwork\weather-node\output\sketch\weatherSIM808.ino.cpp.o
                0x08000258                sendFrame(Stream*)
 .text._Z5blinkv
                0x0800030c       0x26 c:\Users\fx\Upwork\weather-node\output\sketch\weatherSIM808.ino.cpp.o
                0x0800030c                blink()
 *fill*         0x08000332        0x2 
 .text._Z5setupv
                0x08000334       0x54 c:\Users\fx\Upwork\weather-node\output\sketch\weatherSIM808.ino.cpp.o
                0x08000334                setup()
 .text.startup._GLOBAL__sub_I_dht
                0x08000388       0x10 c:\Users\fx\Upwork\weather-node\output\sketch\weatherSIM808.ino.cpp.o
 .text._Z7readPM2v
                0x08000398       0x20 c:\Users\fx\Upwork\weather-node\output\sketch\weatherSIM808.ino.cpp.o
                0x08000398                readPM2()
 .text._Z7readPM1v
                0x080003b8       0x20 c:\Users\fx\Upwork\weather-node\output\sketch\weatherSIM808.ino.cpp.o
                0x080003b8                readPM1()
 .text._Z4loopv
                0x080003d8       0x48 c:\Users\fx\Upwork\weather-node\output\sketch\weatherSIM808.ino.cpp.o
                0x080003d8                loop()
 .text._ZN3DHTC2Ehhh
                0x08000420        0xc c:\Users\fx\Upwork\weather-node\output\libraries\DHT_sensor_library\DHT.cpp.o
                0x08000420                DHT::DHT(unsigned char, unsigned char, unsigned char)
                0x08000420                DHT::DHT(unsigned char, unsigned char, unsigned char)
 .text._ZN3DHT5beginEh
                0x0800042c       0x20 c:\Users\fx\Upwork\weather-node\output\libraries\DHT_sensor_library\DHT.cpp.o
                0x0800042c                DHT::begin(unsigned char)
 .text._ZN3DHT11expectPulseEb
                0x0800044c       0x28 c:\Users\fx\Upwork\weather-node\output\libraries\DHT_sensor_library\DHT.cpp.o
                0x0800044c                DHT::expectPulse(bool)
 .text._ZN3DHT4readEb
                0x08000474      0x11c c:\Users\fx\Upwork\weather-node\output\libraries\DHT_sensor_library\DHT.cpp.o
                0x08000474                DHT::read(bool)
 .text._ZN3DHT15readTemperatureEbb
                0x08000590      0x130 c:\Users\fx\Upwork\weather-node\output\libraries\DHT_sensor_library\DHT.cpp.o
                0x08000590                DHT::readTemperature(bool, bool)
 .text._ZN3DHT12readHumidityEb
                0x080006c0       0x80 c:\Users\fx\Upwork\weather-node\output\libraries\DHT_sensor_library\DHT.cpp.o
                0x080006c0                DHT::readHumidity(bool)
 .text._Z9boardInitv
                0x08000740        0x2 c:\Users\fx\Upwork\weather-node\output\core\board.cpp.o
                0x08000740                boardInit()
 *fill*         0x08000742        0x2 
 .text.startup._GLOBAL__sub_I__Z9boardInitv
                0x08000744       0x48 c:\Users\fx\Upwork\weather-node\output\core\board.cpp.o
 .text._ZL18adc_default_configP7adc_dev
                0x0800078c       0x1c c:\Users\fx\Upwork\weather-node\output\core\wirish\boards.cpp.o
 .text._ZL20timer_default_configP9timer_dev
                0x080007a8       0x9e c:\Users\fx\Upwork\weather-node\output\core\wirish\boards.cpp.o
 *fill*         0x08000846        0x2 
 .text._Z4initv
                0x08000848       0xb8 c:\Users\fx\Upwork\weather-node\output\core\wirish\boards.cpp.o
                0x08000848                init()
 .text._ZN6wirish4priv15board_reset_pllEv
                0x08000900        0x2 c:\Users\fx\Upwork\weather-node\output\core\wirish\boards_setup.cpp.o
                0x08000900                wirish::priv::board_reset_pll()
 .text._ZN6wirish4priv28board_setup_clock_prescalersEv
                0x08000902       0x30 c:\Users\fx\Upwork\weather-node\output\core\wirish\boards_setup.cpp.o
                0x08000902                wirish::priv::board_setup_clock_prescalers()
 .text._ZN6wirish4priv16board_setup_gpioEv
                0x08000932        0x4 c:\Users\fx\Upwork\weather-node\output\core\wirish\boards_setup.cpp.o
                0x08000932                wirish::priv::board_setup_gpio()
 *fill*         0x08000936        0x2 
 .text._ZN6wirish4priv15board_setup_usbEv
                0x08000938       0x54 c:\Users\fx\Upwork\weather-node\output\core\wirish\boards_setup.cpp.o
                0x08000938                wirish::priv::board_setup_usb()
 .text._ZN6wirish4priv11series_initEv
                0x0800098c        0x4 c:\Users\fx\Upwork\weather-node\output\core\wirish\boards_setup.cpp.o
                0x0800098c                wirish::priv::series_init()
 .text          0x08000990       0x10 c:\Users\fx\Upwork\weather-node\output\core\wirish\start.S.o
                0x08000990                __start__
 .text.start_c  0x080009a0       0x58 c:\Users\fx\Upwork\weather-node\output\core\wirish\start_c.c.o
                0x080009a0                start_c
 .text._sbrk    0x080009f8       0x44 c:\Users\fx\Upwork\weather-node\output\core\wirish\syscalls.c.o
                0x080009f8                _sbrk
 .text.rb_full_count
                0x08000a3c       0x22 c:\Users\fx\Upwork\weather-node\output\core\core.a(HardwareSerial.cpp.o)
 .text._ZN14HardwareSerial4readEv
                0x08000a5e       0x3a c:\Users\fx\Upwork\weather-node\output\core\core.a(HardwareSerial.cpp.o)
                0x08000a5e                HardwareSerial::read()
 .text._ZN14HardwareSerial9availableEv
                0x08000a98        0xc c:\Users\fx\Upwork\weather-node\output\core\core.a(HardwareSerial.cpp.o)
                0x08000a98                HardwareSerial::available()
 .text._ZN14HardwareSerial4peekEv
                0x08000aa4       0x22 c:\Users\fx\Upwork\weather-node\output\core\core.a(HardwareSerial.cpp.o)
                0x08000aa4                HardwareSerial::peek()
 .text._ZN14HardwareSerial5flushEv
                0x08000ac6       0x1a c:\Users\fx\Upwork\weather-node\output\core\core.a(HardwareSerial.cpp.o)
                0x08000ac6                HardwareSerial::flush()
 .text._ZN14HardwareSerial5writeEh
                0x08000ae0       0x1e c:\Users\fx\Upwork\weather-node\output\core\core.a(HardwareSerial.cpp.o)
                0x08000ae0                HardwareSerial::write(unsigned char)
 *fill*         0x08000afe        0x2 
 .text._ZN14HardwareSerialC2EP9usart_devhh
                0x08000b00       0x1c c:\Users\fx\Upwork\weather-node\output\core\core.a(HardwareSerial.cpp.o)
                0x08000b00                HardwareSerial::HardwareSerial(usart_dev*, unsigned char, unsigned char)
                0x08000b00                HardwareSerial::HardwareSerial(usart_dev*, unsigned char, unsigned char)
 .text._ZN14HardwareSerial5beginEmh
                0x08000b1c       0x78 c:\Users\fx\Upwork\weather-node\output\core\core.a(HardwareSerial.cpp.o)
                0x08000b1c                HardwareSerial::begin(unsigned long, unsigned char)
 .text._ZN14HardwareSerial5beginEm
                0x08000b94        0x6 c:\Users\fx\Upwork\weather-node\output\core\core.a(HardwareSerial.cpp.o)
                0x08000b94                HardwareSerial::begin(unsigned long)
 .text._ZN5Print5writeEPKvm
                0x08000b9a       0x20 c:\Users\fx\Upwork\weather-node\output\core\core.a(Print.cpp.o)
                0x08000b9a                Print::write(void const*, unsigned long)
 .text._ZN5Print5writeEPKc
                0x08000bba       0x1e c:\Users\fx\Upwork\weather-node\output\core\core.a(Print.cpp.o)
                0x08000bba                Print::write(char const*)
 .text._ZN5Print5printEc
                0x08000bd8        0xa c:\Users\fx\Upwork\weather-node\output\core\core.a(Print.cpp.o)
                0x08000bd8                Print::print(char)
 .text._ZN5Print5printEPKc
                0x08000be2        0xa c:\Users\fx\Upwork\weather-node\output\core\core.a(Print.cpp.o)
                0x08000be2                Print::print(char const*)
 .text._ZN5Print7printlnEv
                0x08000bec       0x18 c:\Users\fx\Upwork\weather-node\output\core\core.a(Print.cpp.o)
                0x08000bec                Print::println()
 .text._ZN5Print11printNumberEyh
                0x08000c04       0x84 c:\Users\fx\Upwork\weather-node\output\core\core.a(Print.cpp.o)
                0x08000c04                Print::printNumber(unsigned long long, unsigned char)
 .text._ZN5Print5printEji
                0x08000c88       0x14 c:\Users\fx\Upwork\weather-node\output\core\core.a(Print.cpp.o)
                0x08000c88                Print::print(unsigned int, int)
 .text.adc_init
                0x08000c9c       0x14 c:\Users\fx\Upwork\weather-node\output\core\core.a(adc.c.o)
                0x08000c9c                adc_init
 .text.adc_set_extsel
                0x08000cb0       0x12 c:\Users\fx\Upwork\weather-node\output\core\core.a(adc.c.o)
                0x08000cb0                adc_set_extsel
 .text.adc_set_sample_rate
                0x08000cc2       0x30 c:\Users\fx\Upwork\weather-node\output\core\core.a(adc.c.o)
                0x08000cc2                adc_set_sample_rate
 *fill*         0x08000cf2        0x2 
 .text.__irq_adc
                0x08000cf4       0x50 c:\Users\fx\Upwork\weather-node\output\core\core.a(adc_f1.c.o)
                0x08000cf4                __irq_adc
 .text.adc_calibrate
                0x08000d44       0x24 c:\Users\fx\Upwork\weather-node\output\core\core.a(adc_f1.c.o)
                0x08000d44                adc_calibrate
 .text.adc_set_prescaler
                0x08000d68        0x8 c:\Users\fx\Upwork\weather-node\output\core\core.a(adc_f1.c.o)
                0x08000d68                adc_set_prescaler
 .text.adc_foreach
                0x08000d70       0x1c c:\Users\fx\Upwork\weather-node\output\core\core.a(adc_f1.c.o)
                0x08000d70                adc_foreach
 .text.adc_enable_single_swstart
                0x08000d8c       0x36 c:\Users\fx\Upwork\weather-node\output\core\core.a(adc_f1.c.o)
                0x08000d8c                adc_enable_single_swstart
 .text.dma_irq_handler
                0x08000dc2       0x1c c:\Users\fx\Upwork\weather-node\output\core\core.a(dma_f1.c.o)
 *fill*         0x08000dde        0x2 
 .text.__irq_dma1_channel1
                0x08000de0       0x10 c:\Users\fx\Upwork\weather-node\output\core\core.a(dma_f1.c.o)
                0x08000de0                __irq_dma1_channel1
 .text.__irq_dma1_channel2
                0x08000df0       0x10 c:\Users\fx\Upwork\weather-node\output\core\core.a(dma_f1.c.o)
                0x08000df0                __irq_dma1_channel2
 .text.__irq_dma1_channel3
                0x08000e00       0x10 c:\Users\fx\Upwork\weather-node\output\core\core.a(dma_f1.c.o)
                0x08000e00                __irq_dma1_channel3
 .text.__irq_dma1_channel4
                0x08000e10       0x10 c:\Users\fx\Upwork\weather-node\output\core\core.a(dma_f1.c.o)
                0x08000e10                __irq_dma1_channel4
 .text.__irq_dma1_channel5
                0x08000e20       0x10 c:\Users\fx\Upwork\weather-node\output\core\core.a(dma_f1.c.o)
                0x08000e20                __irq_dma1_channel5
 .text.__irq_dma1_channel6
                0x08000e30       0x10 c:\Users\fx\Upwork\weather-node\output\core\core.a(dma_f1.c.o)
                0x08000e30                __irq_dma1_channel6
 .text.__irq_dma1_channel7
                0x08000e40       0x10 c:\Users\fx\Upwork\weather-node\output\core\core.a(dma_f1.c.o)
                0x08000e40                __irq_dma1_channel7
 .text          0x08000e50       0x60 c:\Users\fx\Upwork\weather-node\output\core\core.a(exc.S.o)
                0x08000e50                __exc_nmi
                0x08000e54                __exc_hardfault
                0x08000e58                __exc_memmanage
                0x08000e5c                __exc_busfault
                0x08000e60                __exc_usagefault
 .text.dispatch_single_exti
                0x08000eb0       0x2c c:\Users\fx\Upwork\weather-node\output\core\core.a(exti.c.o)
                0x08000eb0                dispatch_single_exti
 .text.dispatch_extis
                0x08000edc       0x4c c:\Users\fx\Upwork\weather-node\output\core\core.a(exti.c.o)
                0x08000edc                dispatch_extis
 .text.__irq_exti0
                0x08000f28        0x6 c:\Users\fx\Upwork\weather-node\output\core\core.a(exti.c.o)
                0x08000f28                __irq_exti0
 .text.__irq_exti1
                0x08000f2e        0x6 c:\Users\fx\Upwork\weather-node\output\core\core.a(exti.c.o)
                0x08000f2e                __irq_exti1
 .text.__irq_exti2
                0x08000f34        0x6 c:\Users\fx\Upwork\weather-node\output\core\core.a(exti.c.o)
                0x08000f34                __irq_exti2
 .text.__irq_exti3
                0x08000f3a        0x6 c:\Users\fx\Upwork\weather-node\output\core\core.a(exti.c.o)
                0x08000f3a                __irq_exti3
 .text.__irq_exti4
                0x08000f40        0x6 c:\Users\fx\Upwork\weather-node\output\core\core.a(exti.c.o)
                0x08000f40                __irq_exti4
 .text.__irq_exti9_5
                0x08000f46        0x8 c:\Users\fx\Upwork\weather-node\output\core\core.a(exti.c.o)
                0x08000f46                __irq_exti9_5
 .text.__irq_exti15_10
                0x08000f4e        0x8 c:\Users\fx\Upwork\weather-node\output\core\core.a(exti.c.o)
                0x08000f4e                __irq_exti15_10
 *fill*         0x08000f56        0x2 
 .text.flash_set_latency
                0x08000f58       0x14 c:\Users\fx\Upwork\weather-node\output\core\core.a(flash.c.o)
                0x08000f58                flash_set_latency
 .text.gpio_init_all
                0x08000f6c       0x30 c:\Users\fx\Upwork\weather-node\output\core\core.a(gpio_f1.c.o)
                0x08000f6c                gpio_init_all
 .text.gpio_set_mode
                0x08000f9c       0x50 c:\Users\fx\Upwork\weather-node\output\core\core.a(gpio_f1.c.o)
                0x08000f9c                gpio_set_mode
 .text.afio_init
                0x08000fec       0x12 c:\Users\fx\Upwork\weather-node\output\core\core.a(gpio_f1.c.o)
                0x08000fec                afio_init
 *fill*         0x08000ffe        0x2 
 .text.__irq_i2c1_ev
                0x08001000        0xc c:\Users\fx\Upwork\weather-node\output\core\core.a(i2c_f1.c.o)
                0x08001000                __irq_i2c1_ev
 .text.__irq_i2c2_ev
                0x0800100c        0xc c:\Users\fx\Upwork\weather-node\output\core\core.a(i2c_f1.c.o)
                0x0800100c                __irq_i2c2_ev
 .text.__irq_i2c1_er
                0x08001018        0xc c:\Users\fx\Upwork\weather-node\output\core\core.a(i2c_f1.c.o)
                0x08001018                __irq_i2c1_er
 .text.__irq_i2c2_er
                0x08001024        0xc c:\Users\fx\Upwork\weather-node\output\core\core.a(i2c_f1.c.o)
                0x08001024                __irq_i2c2_er
 .text.nvic_irq_set_priority
                0x08001030       0x28 c:\Users\fx\Upwork\weather-node\output\core\core.a(nvic.c.o)
                0x08001030                nvic_irq_set_priority
 .text.nvic_init
                0x08001058       0x30 c:\Users\fx\Upwork\weather-node\output\core\core.a(nvic.c.o)
                0x08001058                nvic_init
 .text.nvic_sys_reset
                0x08001088       0x1c c:\Users\fx\Upwork\weather-node\output\core\core.a(nvic.c.o)
                0x08001088                nvic_sys_reset
 .text.rcc_dev_clk
                0x080010a4        0xc c:\Users\fx\Upwork\weather-node\output\core\core.a(rcc.c.o)
                0x080010a4                rcc_dev_clk
 .text.rcc_switch_sysclk
                0x080010b0       0x20 c:\Users\fx\Upwork\weather-node\output\core\core.a(rcc.c.o)
                0x080010b0                rcc_switch_sysclk
 .text.rcc_turn_on_clk
                0x080010d0       0x1a c:\Users\fx\Upwork\weather-node\output\core\core.a(rcc.c.o)
                0x080010d0                rcc_turn_on_clk
 .text.rcc_turn_off_clk
                0x080010ea       0x1c c:\Users\fx\Upwork\weather-node\output\core\core.a(rcc.c.o)
                0x080010ea                rcc_turn_off_clk
 .text.rcc_is_clk_ready
                0x08001106       0x18 c:\Users\fx\Upwork\weather-node\output\core\core.a(rcc.c.o)
                0x08001106                rcc_is_clk_ready
 *fill*         0x0800111e        0x2 
 .text.rcc_configure_pll
                0x08001120       0x18 c:\Users\fx\Upwork\weather-node\output\core\core.a(rcc_f1.c.o)
                0x08001120                rcc_configure_pll
 .text.rcc_clk_enable
                0x08001138       0x30 c:\Users\fx\Upwork\weather-node\output\core\core.a(rcc_f1.c.o)
                0x08001138                rcc_clk_enable
 .text.rcc_reset_dev
                0x08001168       0x34 c:\Users\fx\Upwork\weather-node\output\core\core.a(rcc_f1.c.o)
                0x08001168                rcc_reset_dev
 .text.rcc_set_prescaler
                0x0800119c       0x20 c:\Users\fx\Upwork\weather-node\output\core\core.a(rcc_f1.c.o)
                0x0800119c                rcc_set_prescaler
 .text.rcc_clk_disable
                0x080011bc       0x30 c:\Users\fx\Upwork\weather-node\output\core\core.a(rcc_f1.c.o)
                0x080011bc                rcc_clk_disable
 .text          0x080011ec        0x2 c:\Users\fx\Upwork\weather-node\output\core\core.a(isrs.S.o)
                0x080011ec                __stm32reservedexception9
                0x080011ec                __exc_debug_monitor
                0x080011ec                __exc_svc
                0x080011ec                __irq_can_rx1
                0x080011ec                __irq_spi2
                0x080011ec                __irq_can_sce
                0x080011ec                __irq_pvd
                0x080011ec                __irq_tamper
                0x080011ec                __default_handler
                0x080011ec                __irq_wwdg
                0x080011ec                __stm32reservedexception10
                0x080011ec                __irq_flash
                0x080011ec                __stm32reservedexception13
                0x080011ec                __irq_rtc
                0x080011ec                __irq_spi1
                0x080011ec                __stm32reservedexception7
                0x080011ec                __irq_usb_hp_can_tx
                0x080011ec                __irq_rtcalarm
                0x080011ec                __stm32reservedexception8
                0x080011ec                __exc_pendsv
                0x080011ec                __irq_usbwakeup
                0x080011ec                __irq_rcc
 *fill*         0x080011ee        0x2 
 .text.systick_init
                0x080011f0       0x10 c:\Users\fx\Upwork\weather-node\output\core\core.a(systick.c.o)
                0x080011f0                systick_init
 .text.__exc_systick
                0x08001200       0x1c c:\Users\fx\Upwork\weather-node\output\core\core.a(systick.c.o)
                0x08001200                __exc_systick
 .text.timer_oc_set_mode
                0x0800121c       0x3a c:\Users\fx\Upwork\weather-node\output\core\core.a(timer.c.o)
 .text.dispatch_general
                0x08001256       0x66 c:\Users\fx\Upwork\weather-node\output\core\core.a(timer.c.o)
 .text.timer_cc_enable
                0x080012bc       0x1c c:\Users\fx\Upwork\weather-node\output\core\core.a(timer.c.o)
 .text.timer_foreach
                0x080012d8       0x28 c:\Users\fx\Upwork\weather-node\output\core\core.a(timer.c.o)
                0x080012d8                timer_foreach
 .text.timer_init
                0x08001300       0x14 c:\Users\fx\Upwork\weather-node\output\core\core.a(timer.c.o)
                0x08001300                timer_init
 .text.timer_has_cc_channel
                0x08001314       0x30 c:\Users\fx\Upwork\weather-node\output\core\core.a(timer.c.o)
                0x08001314                timer_has_cc_channel
 .text.timer_detach_interrupt
                0x08001344       0x1e c:\Users\fx\Upwork\weather-node\output\core\core.a(timer.c.o)
                0x08001344                timer_detach_interrupt
 .text.input_capture_mode
                0x08001362       0x1a c:\Users\fx\Upwork\weather-node\output\core\core.a(timer.c.o)
                0x08001362                input_capture_mode
 .text.timer_set_mode
                0x0800137c       0x8c c:\Users\fx\Upwork\weather-node\output\core\core.a(timer.c.o)
                0x0800137c                timer_set_mode
 .text.__irq_tim1_brk
                0x08001408       0x24 c:\Users\fx\Upwork\weather-node\output\core\core.a(timer.c.o)
                0x08001408                __irq_tim1_brk
 .text.__irq_tim1_up
                0x0800142c       0x24 c:\Users\fx\Upwork\weather-node\output\core\core.a(timer.c.o)
                0x0800142c                __irq_tim1_up
 .text.__irq_tim1_trg_com
                0x08001450       0x34 c:\Users\fx\Upwork\weather-node\output\core\core.a(timer.c.o)
                0x08001450                __irq_tim1_trg_com
 .text.__irq_tim1_cc
                0x08001484       0x50 c:\Users\fx\Upwork\weather-node\output\core\core.a(timer.c.o)
                0x08001484                __irq_tim1_cc
 .text.__irq_tim2
                0x080014d4        0xc c:\Users\fx\Upwork\weather-node\output\core\core.a(timer.c.o)
                0x080014d4                __irq_tim2
 .text.__irq_tim3
                0x080014e0        0xc c:\Users\fx\Upwork\weather-node\output\core\core.a(timer.c.o)
                0x080014e0                __irq_tim3
 .text.__irq_tim4
                0x080014ec        0xc c:\Users\fx\Upwork\weather-node\output\core\core.a(timer.c.o)
                0x080014ec                __irq_tim4
 .text.usart_init
                0x080014f8       0x4c c:\Users\fx\Upwork\weather-node\output\core\core.a(usart.c.o)
                0x080014f8                usart_init
 .text.usart_enable
                0x08001544       0x14 c:\Users\fx\Upwork\weather-node\output\core\core.a(usart.c.o)
                0x08001544                usart_enable
 .text.usart_tx
                0x08001558       0x9c c:\Users\fx\Upwork\weather-node\output\core\core.a(usart.c.o)
                0x08001558                usart_tx
 .text.usart_irq
                0x080015f4       0xc8 c:\Users\fx\Upwork\weather-node\output\core\core.a(usart_f1.c.o)
 .text.usart_config_gpios_async
                0x080016bc       0x4a c:\Users\fx\Upwork\weather-node\output\core\core.a(usart_f1.c.o)
                0x080016bc                usart_config_gpios_async
 .text.usart_set_baud_rate
                0x08001706       0x3c c:\Users\fx\Upwork\weather-node\output\core\core.a(usart_f1.c.o)
                0x08001706                usart_set_baud_rate
 *fill*         0x08001742        0x2 
 .text.__irq_usart1
                0x08001744       0x18 c:\Users\fx\Upwork\weather-node\output\core\core.a(usart_f1.c.o)
                0x08001744                __irq_usart1
 .text.__irq_usart2
                0x0800175c       0x18 c:\Users\fx\Upwork\weather-node\output\core\core.a(usart_f1.c.o)
                0x0800175c                __irq_usart2
 .text.__irq_usart3
                0x08001774       0x18 c:\Users\fx\Upwork\weather-node\output\core\core.a(usart_f1.c.o)
                0x08001774                __irq_usart3
 .text._usart_clock_freq
                0x0800178c       0x24 c:\Users\fx\Upwork\weather-node\output\core\core.a(usart_private.c.o)
                0x0800178c                _usart_clock_freq
 .text.usb_resume
                0x080017b0       0xb4 c:\Users\fx\Upwork\weather-node\output\core\core.a(usb.c.o)
 .text.usb_init_usblib
                0x08001864       0x48 c:\Users\fx\Upwork\weather-node\output\core\core.a(usb.c.o)
                0x08001864                usb_init_usblib
 .text.__irq_usb_lp_can_rx0
                0x080018ac      0x1c8 c:\Users\fx\Upwork\weather-node\output\core\core.a(usb.c.o)
                0x080018ac                __irq_usb_lp_can_rx0
 .text.usb_set_ep_rx_stat
                0x08001a74       0x22 c:\Users\fx\Upwork\weather-node\output\core\core.a(usb_cdcacm.c.o)
 *fill*         0x08001a96        0x2 
 .text.vcomGetSetLineCoding
                0x08001a98       0x18 c:\Users\fx\Upwork\weather-node\output\core\core.a(usb_cdcacm.c.o)
 .text.usbDataSetup
                0x08001ab0       0x54 c:\Users\fx\Upwork\weather-node\output\core\core.a(usb_cdcacm.c.o)
 .text.usbNoDataSetup
                0x08001b04       0x50 c:\Users\fx\Upwork\weather-node\output\core\core.a(usb_cdcacm.c.o)
 .text.usbGetInterfaceSetting
                0x08001b54       0x10 c:\Users\fx\Upwork\weather-node\output\core\core.a(usb_cdcacm.c.o)
 .text.usbSetConfiguration
                0x08001b64       0x1c c:\Users\fx\Upwork\weather-node\output\core\core.a(usb_cdcacm.c.o)
 .text.usbSetDeviceAddress
                0x08001b80       0x10 c:\Users\fx\Upwork\weather-node\output\core\core.a(usb_cdcacm.c.o)
 .text.usbGetStringDescriptor
                0x08001b90       0x20 c:\Users\fx\Upwork\weather-node\output\core\core.a(usb_cdcacm.c.o)
 .text.usbGetConfigDescriptor
                0x08001bb0        0xc c:\Users\fx\Upwork\weather-node\output\core\core.a(usb_cdcacm.c.o)
 .text.usbGetDeviceDescriptor
                0x08001bbc        0xc c:\Users\fx\Upwork\weather-node\output\core\core.a(usb_cdcacm.c.o)
 .text.usbInit  0x08001bc8       0x44 c:\Users\fx\Upwork\weather-node\output\core\core.a(usb_cdcacm.c.o)
 .text.vcomDataTxCb
                0x08001c0c       0xa0 c:\Users\fx\Upwork\weather-node\output\core\core.a(usb_cdcacm.c.o)
 .text.usbReset
                0x08001cac      0x160 c:\Users\fx\Upwork\weather-node\output\core\core.a(usb_cdcacm.c.o)
 .text.vcomDataRxCb
                0x08001e0c       0x7c c:\Users\fx\Upwork\weather-node\output\core\core.a(usb_cdcacm.c.o)
 .text.usb_cdcacm_set_hooks
                0x08001e88       0x1c c:\Users\fx\Upwork\weather-node\output\core\core.a(usb_cdcacm.c.o)
                0x08001e88                usb_cdcacm_set_hooks
 .text.usb_cdcacm_enable
                0x08001ea4       0x38 c:\Users\fx\Upwork\weather-node\output\core\core.a(usb_cdcacm.c.o)
                0x08001ea4                usb_cdcacm_enable
 .text.usb_cdcacm_tx
                0x08001edc       0x60 c:\Users\fx\Upwork\weather-node\output\core\core.a(usb_cdcacm.c.o)
                0x08001edc                usb_cdcacm_tx
 .text.usb_cdcacm_data_available
                0x08001f3c       0x18 c:\Users\fx\Upwork\weather-node\output\core\core.a(usb_cdcacm.c.o)
                0x08001f3c                usb_cdcacm_data_available
 .text.usb_cdcacm_peek
                0x08001f54       0x38 c:\Users\fx\Upwork\weather-node\output\core\core.a(usb_cdcacm.c.o)
                0x08001f54                usb_cdcacm_peek
 .text.usb_cdcacm_rx
                0x08001f8c       0x34 c:\Users\fx\Upwork\weather-node\output\core\core.a(usb_cdcacm.c.o)
                0x08001f8c                usb_cdcacm_rx
 .text.usb_cdcacm_peek_ex
                0x08001fc0       0x40 c:\Users\fx\Upwork\weather-node\output\core\core.a(usb_cdcacm.c.o)
                0x08001fc0                usb_cdcacm_peek_ex
 .text.usb_cdcacm_get_dtr
                0x08002000       0x10 c:\Users\fx\Upwork\weather-node\output\core\core.a(usb_cdcacm.c.o)
                0x08002000                usb_cdcacm_get_dtr
 .text.usb_set_ep_rx_count
                0x08002010       0x4c c:\Users\fx\Upwork\weather-node\output\core\core.a(usb_reg_map.c.o)
                0x08002010                usb_set_ep_rx_count
 .text.Standard_GetConfiguration
                0x0800205c       0x24 c:\Users\fx\Upwork\weather-node\output\core\core.a(usb_core.c.o)
                0x0800205c                Standard_GetConfiguration
 .text.Standard_GetInterface
                0x08002080       0x24 c:\Users\fx\Upwork\weather-node\output\core\core.a(usb_core.c.o)
                0x08002080                Standard_GetInterface
 .text.Standard_GetStatus
                0x080020a4       0x90 c:\Users\fx\Upwork\weather-node\output\core\core.a(usb_core.c.o)
                0x080020a4                Standard_GetStatus
 .text.DataStageIn
                0x08002134       0xa8 c:\Users\fx\Upwork\weather-node\output\core\core.a(usb_core.c.o)
 .text.Standard_SetConfiguration
                0x080021dc       0x38 c:\Users\fx\Upwork\weather-node\output\core\core.a(usb_core.c.o)
                0x080021dc                Standard_SetConfiguration
 .text.Standard_SetInterface
                0x08002214       0x48 c:\Users\fx\Upwork\weather-node\output\core\core.a(usb_core.c.o)
                0x08002214                Standard_SetInterface
 .text.Standard_ClearFeature
                0x0800225c       0xd0 c:\Users\fx\Upwork\weather-node\output\core\core.a(usb_core.c.o)
                0x0800225c                Standard_ClearFeature
 .text.Standard_SetEndPointFeature
                0x0800232c       0x84 c:\Users\fx\Upwork\weather-node\output\core\core.a(usb_core.c.o)
                0x0800232c                Standard_SetEndPointFeature
 .text.Standard_SetDeviceFeature
                0x080023b0       0x24 c:\Users\fx\Upwork\weather-node\output\core\core.a(usb_core.c.o)
                0x080023b0                Standard_SetDeviceFeature
 .text.Standard_GetDescriptorData
                0x080023d4       0x1c c:\Users\fx\Upwork\weather-node\output\core\core.a(usb_core.c.o)
                0x080023d4                Standard_GetDescriptorData
 .text.Post0_Process
                0x080023f0       0x40 c:\Users\fx\Upwork\weather-node\output\core\core.a(usb_core.c.o)
                0x080023f0                Post0_Process
 .text.Setup0_Process
                0x08002430      0x2d0 c:\Users\fx\Upwork\weather-node\output\core\core.a(usb_core.c.o)
                0x08002430                Setup0_Process
 .text.Out0_Process
                0x08002700       0xc8 c:\Users\fx\Upwork\weather-node\output\core\core.a(usb_core.c.o)
                0x08002700                Out0_Process
 .text.SetDeviceAddress
                0x080027c8       0x38 c:\Users\fx\Upwork\weather-node\output\core\core.a(usb_core.c.o)
                0x080027c8                SetDeviceAddress
 .text.In0_Process
                0x08002800       0x5c c:\Users\fx\Upwork\weather-node\output\core\core.a(usb_core.c.o)
                0x08002800                In0_Process
 .text.NOP_Process
                0x0800285c        0x2 c:\Users\fx\Upwork\weather-node\output\core\core.a(usb_core.c.o)
                0x0800285c                NOP_Process
 .text.UserToPMABufferCopy
                0x0800285e       0x30 c:\Users\fx\Upwork\weather-node\output\core\core.a(usb_mem.c.o)
                0x0800285e                UserToPMABufferCopy
 .text.PMAToUserBufferCopy
                0x0800288e       0x32 c:\Users\fx\Upwork\weather-node\output\core\core.a(usb_mem.c.o)
                0x0800288e                PMAToUserBufferCopy
 .text.SetEPTxStatus
                0x080028c0       0x2a c:\Users\fx\Upwork\weather-node\output\core\core.a(usb_regs.c.o)
                0x080028c0                SetEPTxStatus
 .text.ClearDTOG_RX
                0x080028ea       0x20 c:\Users\fx\Upwork\weather-node\output\core\core.a(usb_regs.c.o)
                0x080028ea                ClearDTOG_RX
 .text.ClearDTOG_TX
                0x0800290a       0x20 c:\Users\fx\Upwork\weather-node\output\core\core.a(usb_regs.c.o)
                0x0800290a                ClearDTOG_TX
 *fill*         0x0800292a        0x2 
 .text.GetEPTxAddr
                0x0800292c       0x1c c:\Users\fx\Upwork\weather-node\output\core\core.a(usb_regs.c.o)
                0x0800292c                GetEPTxAddr
 .text.GetEPRxAddr
                0x08002948       0x1c c:\Users\fx\Upwork\weather-node\output\core\core.a(usb_regs.c.o)
                0x08002948                GetEPRxAddr
 .text.SetEPTxCount
                0x08002964       0x1c c:\Users\fx\Upwork\weather-node\output\core\core.a(usb_regs.c.o)
                0x08002964                SetEPTxCount
 .text.SetEPRxCount
                0x08002980       0x40 c:\Users\fx\Upwork\weather-node\output\core\core.a(usb_regs.c.o)
                0x08002980                SetEPRxCount
 .text.throb    0x080029c0       0x4c c:\Users\fx\Upwork\weather-node\output\core\core.a(util.c.o)
                0x080029c0                throb
 .text.__error  0x08002a0c       0x14 c:\Users\fx\Upwork\weather-node\output\core\core.a(util.c.o)
                0x08002a0c                __error
 .text.startup._Z7premainv
                0x08002a20        0x4 c:\Users\fx\Upwork\weather-node\output\core\core.a(main.cpp.o)
                0x08002a20                premain()
 .text.startup.main
                0x08002a24        0xc c:\Users\fx\Upwork\weather-node\output\core\core.a(main.cpp.o)
                0x08002a24                main
 .text._Z7pinModeh13WiringPinMode
                0x08002a30       0x84 c:\Users\fx\Upwork\weather-node\output\core\core.a(wirish_digital_f1.cpp.o)
                0x08002a30                pinMode(unsigned char, WiringPinMode)
 .text._ZN9USBSerial9availableEv
                0x08002ab4        0x4 c:\Users\fx\Upwork\weather-node\output\core\core.a(usb_serial.cpp.o)
                0x08002ab4                USBSerial::available()
 .text._ZN9USBSerial4peekEv
                0x08002ab8       0x1e c:\Users\fx\Upwork\weather-node\output\core\core.a(usb_serial.cpp.o)
                0x08002ab8                USBSerial::peek()
 .text._ZN9USBSerial4readEv
                0x08002ad6       0x1e c:\Users\fx\Upwork\weather-node\output\core\core.a(usb_serial.cpp.o)
                0x08002ad6                USBSerial::read()
 .text._ZL14ifaceSetupHookjPv
                0x08002af4       0x38 c:\Users\fx\Upwork\weather-node\output\core\core.a(usb_serial.cpp.o)
 .text._ZL6rxHookjPv
                0x08002b2c       0x6c c:\Users\fx\Upwork\weather-node\output\core\core.a(usb_serial.cpp.o)
 .text._ZN9USBSerialC2Ev
                0x08002b98       0x14 c:\Users\fx\Upwork\weather-node\output\core\core.a(usb_serial.cpp.o)
                0x08002b98                USBSerial::USBSerial()
                0x08002b98                USBSerial::USBSerial()
 .text._ZN9USBSerial5beginEv
                0x08002bac       0x34 c:\Users\fx\Upwork\weather-node\output\core\core.a(usb_serial.cpp.o)
                0x08002bac                USBSerial::begin()
 .text._ZN9USBSerial5beginEm
                0x08002be0       0x10 c:\Users\fx\Upwork\weather-node\output\core\core.a(usb_serial.cpp.o)
                0x08002be0                USBSerial::begin(unsigned long)
 .text._ZN9USBSerial5writeEPKhm
                0x08002bf0       0x4c c:\Users\fx\Upwork\weather-node\output\core\core.a(usb_serial.cpp.o)
                0x08002bf0                USBSerial::write(unsigned char const*, unsigned long)
 .text._ZN9USBSerial5writeEh
                0x08002c3c       0x16 c:\Users\fx\Upwork\weather-node\output\core\core.a(usb_serial.cpp.o)
                0x08002c3c                USBSerial::write(unsigned char)
 .text._ZN9USBSerial5writeEPKc
                0x08002c52       0x1a c:\Users\fx\Upwork\weather-node\output\core\core.a(usb_serial.cpp.o)
                0x08002c52                USBSerial::write(char const*)
 .text._ZN9USBSerial4readEPhm
                0x08002c6c       0x1c c:\Users\fx\Upwork\weather-node\output\core\core.a(usb_serial.cpp.o)
                0x08002c6c                USBSerial::read(unsigned char*, unsigned long)
 .text._ZN9USBSerial5flushEv
                0x08002c88       0x1c c:\Users\fx\Upwork\weather-node\output\core\core.a(usb_serial.cpp.o)
                0x08002c88                USBSerial::flush()
 .text.startup._GLOBAL__sub_I__ZN9USBSerial9_hasBegunE
                0x08002ca4        0xc c:\Users\fx\Upwork\weather-node\output\core\core.a(usb_serial.cpp.o)
 .text._Z11digitalReadh
                0x08002cb0       0x2c c:\Users\fx\Upwork\weather-node\output\core\core.a(wirish_digital.cpp.o)
                0x08002cb0                digitalRead(unsigned char)
 .text._Z12digitalWritehh
                0x08002cdc       0x2c c:\Users\fx\Upwork\weather-node\output\core\core.a(wirish_digital.cpp.o)
                0x08002cdc                digitalWrite(unsigned char, unsigned char)
 .text._ZL6microsv
                0x08002d08       0x34 c:\Users\fx\Upwork\weather-node\output\core\core.a(wirish_time.cpp.o)
 .text._Z5delaym
                0x08002d3c       0x2a c:\Users\fx\Upwork\weather-node\output\core\core.a(wirish_time.cpp.o)
                0x08002d3c                delay(unsigned long)
 .text._Z17delayMicrosecondsm
                0x08002d66        0xe c:\Users\fx\Upwork\weather-node\output\core\core.a(wirish_time.cpp.o)
                0x08002d66                delayMicroseconds(unsigned long)
 .text.__empty  0x08002d74        0x2 c:\Users\fx\Upwork\weather-node\output\core\core.a(hooks.c.o)
                0x08002d74                yield
 .text.bkp_init
                0x08002d76       0x18 c:\Users\fx\Upwork\weather-node\output\core\core.a(bkp_f1.c.o)
                0x08002d76                bkp_init
 *fill*         0x08002d8e        0x2 
 .text.bkp_enable_writes
                0x08002d90        0xc c:\Users\fx\Upwork\weather-node\output\core\core.a(bkp_f1.c.o)
                0x08002d90                bkp_enable_writes
 .text.bkp_disable_writes
                0x08002d9c        0xc c:\Users\fx\Upwork\weather-node\output\core\core.a(bkp_f1.c.o)
                0x08002d9c                bkp_disable_writes
 .text.bkp_write
                0x08002da8       0x16 c:\Users\fx\Upwork\weather-node\output\core\core.a(bkp_f1.c.o)
                0x08002da8                bkp_write
 .text.gpio_init
                0x08002dbe       0x14 c:\Users\fx\Upwork\weather-node\output\core\core.a(gpio.c.o)
                0x08002dbe                gpio_init
 .text.i2c_disable_irq
                0x08002dd2        0xc c:\Users\fx\Upwork\weather-node\output\core\core.a(i2c.c.o)
 *fill*         0x08002dde        0x2 
 .text._i2c_irq_handler
                0x08002de0      0x3d8 c:\Users\fx\Upwork\weather-node\output\core\core.a(i2c.c.o)
                0x08002de0                _i2c_irq_handler
 .text._i2c_irq_error_handler
                0x080031b8       0x74 c:\Users\fx\Upwork\weather-node\output\core\core.a(i2c.c.o)
                0x080031b8                _i2c_irq_error_handler
 .text.__fpclassifyd
                0x0800322c       0x50 c:/users/fx/appdata/local/arduino15/packages/arduino/tools/arm-none-eabi-gcc/4.8.3-2014q1/bin/../lib/gcc/arm-none-eabi/4.8.3/../../../../arm-none-eabi/lib/armv7-m\libm.a(lib_a-s_fpclassify.o)
                0x0800322c                __fpclassifyd
 .text          0x0800327c      0x370 c:/users/fx/appdata/local/arduino15/packages/arduino/tools/arm-none-eabi-gcc/4.8.3-2014q1/bin/../lib/gcc/arm-none-eabi/4.8.3/armv7-m\libgcc.a(_arm_addsubdf3.o)
                0x0800327c                __aeabi_drsub
                0x08003284                __aeabi_dsub
                0x08003284                __subdf3
                0x08003288                __aeabi_dadd
                0x08003288                __adddf3
                0x08003500                __floatunsidf
                0x08003500                __aeabi_ui2d
                0x08003520                __floatsidf
                0x08003520                __aeabi_i2d
                0x08003544                __aeabi_f2d
                0x08003544                __extendsfdf2
                0x08003580                __floatundidf
                0x08003580                __aeabi_ul2d
                0x08003590                __floatdidf
                0x08003590                __aeabi_l2d
 .text          0x080035ec      0x424 c:/users/fx/appdata/local/arduino15/packages/arduino/tools/arm-none-eabi-gcc/4.8.3-2014q1/bin/../lib/gcc/arm-none-eabi/4.8.3/armv7-m\libgcc.a(_arm_muldivdf3.o)
                0x080035ec                __aeabi_dmul
                0x080035ec                __muldf3
                0x08003840                __divdf3
                0x08003840                __aeabi_ddiv
 .text          0x08003a10      0x110 c:/users/fx/appdata/local/arduino15/packages/arduino/tools/arm-none-eabi-gcc/4.8.3-2014q1/bin/../lib/gcc/arm-none-eabi/4.8.3/armv7-m\libgcc.a(_arm_cmpdf2.o)
                0x08003a10                __gtdf2
                0x08003a10                __gedf2
                0x08003a18                __ltdf2
                0x08003a18                __ledf2
                0x08003a20                __nedf2
                0x08003a20                __eqdf2
                0x08003a20                __cmpdf2
                0x08003a9c                __aeabi_cdrcmple
                0x08003aac                __aeabi_cdcmpeq
                0x08003aac                __aeabi_cdcmple
                0x08003abc                __aeabi_dcmpeq
                0x08003ad0                __aeabi_dcmplt
                0x08003ae4                __aeabi_dcmple
                0x08003af8                __aeabi_dcmpge
                0x08003b0c                __aeabi_dcmpgt
 .text          0x08003b20       0x50 c:/users/fx/appdata/local/arduino15/packages/arduino/tools/arm-none-eabi-gcc/4.8.3-2014q1/bin/../lib/gcc/arm-none-eabi/4.8.3/armv7-m\libgcc.a(_arm_fixdfsi.o)
                0x08003b20                __aeabi_d2iz
                0x08003b20                __fixdfsi
 .text          0x08003b70       0xa0 c:/users/fx/appdata/local/arduino15/packages/arduino/tools/arm-none-eabi-gcc/4.8.3-2014q1/bin/../lib/gcc/arm-none-eabi/4.8.3/armv7-m\libgcc.a(_arm_truncdfsf2.o)
                0x08003b70                __truncdfsf2
                0x08003b70                __aeabi_d2f
 .text          0x08003c10      0x21c c:/users/fx/appdata/local/arduino15/packages/arduino/tools/arm-none-eabi-gcc/4.8.3-2014q1/bin/../lib/gcc/arm-none-eabi/4.8.3/armv7-m\libgcc.a(_arm_addsubsf3.o)
                0x08003c10                __aeabi_frsub
                0x08003c18                __subsf3
                0x08003c18                __aeabi_fsub
                0x08003c1c                __aeabi_fadd
                0x08003c1c                __addsf3
                0x08003d7c                __aeabi_ui2f
                0x08003d7c                __floatunsisf
                0x08003d84                __aeabi_i2f
                0x08003d84                __floatsisf
                0x08003da0                __aeabi_ul2f
                0x08003da0                __floatundisf
                0x08003db0                __aeabi_l2f
                0x08003db0                __floatdisf
 .text          0x08003e2c       0x2c c:/users/fx/appdata/local/arduino15/packages/arduino/tools/arm-none-eabi-gcc/4.8.3-2014q1/bin/../lib/gcc/arm-none-eabi/4.8.3/armv7-m\libgcc.a(_aeabi_uldivmod.o)
                0x08003e2c                __aeabi_uldivmod
 .text          0x08003e58       0x60 c:/users/fx/appdata/local/arduino15/packages/arduino/tools/arm-none-eabi-gcc/4.8.3-2014q1/bin/../lib/gcc/arm-none-eabi/4.8.3/armv7-m\libgcc.a(bpabi.o)
                0x08003e58                __gnu_ldivmod_helper
                0x08003e88                __gnu_uldivmod_helper
 .text          0x08003eb8        0x4 c:/users/fx/appdata/local/arduino15/packages/arduino/tools/arm-none-eabi-gcc/4.8.3-2014q1/bin/../lib/gcc/arm-none-eabi/4.8.3/armv7-m\libgcc.a(_dvmd_tls.o)
                0x08003eb8                __aeabi_idiv0
                0x08003eb8                __aeabi_ldiv0
 .text          0x08003ebc      0x2a0 c:/users/fx/appdata/local/arduino15/packages/arduino/tools/arm-none-eabi-gcc/4.8.3-2014q1/bin/../lib/gcc/arm-none-eabi/4.8.3/armv7-m\libgcc.a(_divdi3.o)
                0x08003ebc                __divdi3
 .text          0x0800415c      0x290 c:/users/fx/appdata/local/arduino15/packages/arduino/tools/arm-none-eabi-gcc/4.8.3-2014q1/bin/../lib/gcc/arm-none-eabi/4.8.3/armv7-m\libgcc.a(_udivdi3.o)
                0x0800415c                __udivdi3
 .text.__errno  0x080043ec        0xc c:/users/fx/appdata/local/arduino15/packages/arduino/tools/arm-none-eabi-gcc/4.8.3-2014q1/bin/../lib/gcc/arm-none-eabi/4.8.3/../../../../arm-none-eabi/lib/armv7-m\libc.a(lib_a-errno.o)
                0x080043ec                __errno
 .text.__libc_init_array
                0x080043f8       0x50 c:/users/fx/appdata/local/arduino15/packages/arduino/tools/arm-none-eabi-gcc/4.8.3-2014q1/bin/../lib/gcc/arm-none-eabi/4.8.3/../../../../arm-none-eabi/lib/armv7-m\libc.a(lib_a-init.o)
                0x080043f8                __libc_init_array
 .text.malloc   0x08004448       0x10 c:/users/fx/appdata/local/arduino15/packages/arduino/tools/arm-none-eabi-gcc/4.8.3-2014q1/bin/../lib/gcc/arm-none-eabi/4.8.3/../../../../arm-none-eabi/lib/armv7-m\libc.a(lib_a-malloc.o)
                0x08004448                malloc
 .text._malloc_r
                0x08004458      0x538 c:/users/fx/appdata/local/arduino15/packages/arduino/tools/arm-none-eabi-gcc/4.8.3-2014q1/bin/../lib/gcc/arm-none-eabi/4.8.3/../../../../arm-none-eabi/lib/armv7-m\libc.a(lib_a-mallocr.o)
                0x08004458                _malloc_r
 .text.memset   0x08004990       0x94 c:/users/fx/appdata/local/arduino15/packages/arduino/tools/arm-none-eabi-gcc/4.8.3-2014q1/bin/../lib/gcc/arm-none-eabi/4.8.3/../../../../arm-none-eabi/lib/armv7-m\libc.a(lib_a-memset.o)
                0x08004990                memset
 .text.__malloc_lock
                0x08004a24        0x4 c:/users/fx/appdata/local/arduino15/packages/arduino/tools/arm-none-eabi-gcc/4.8.3-2014q1/bin/../lib/gcc/arm-none-eabi/4.8.3/../../../../arm-none-eabi/lib/armv7-m\libc.a(lib_a-mlock.o)
                0x08004a24                __malloc_lock
 .text.__malloc_unlock
                0x08004a28        0x4 c:/users/fx/appdata/local/arduino15/packages/arduino/tools/arm-none-eabi-gcc/4.8.3-2014q1/bin/../lib/gcc/arm-none-eabi/4.8.3/../../../../arm-none-eabi/lib/armv7-m\libc.a(lib_a-mlock.o)
                0x08004a28                __malloc_unlock
 .text._sbrk_r  0x08004a2c       0x24 c:/users/fx/appdata/local/arduino15/packages/arduino/tools/arm-none-eabi-gcc/4.8.3-2014q1/bin/../lib/gcc/arm-none-eabi/4.8.3/../../../../arm-none-eabi/lib/armv7-m\libc.a(lib_a-sbrkr.o)
                0x08004a2c                _sbrk_r
 .text.sprintf  0x08004a50       0x4c c:/users/fx/appdata/local/arduino15/packages/arduino/tools/arm-none-eabi-gcc/4.8.3-2014q1/bin/../lib/gcc/arm-none-eabi/4.8.3/../../../../arm-none-eabi/lib/armv7-m\libc.a(lib_a-sprintf.o)
                0x08004a50                sprintf
 .text.strlen   0x08004a9c       0x60 c:/users/fx/appdata/local/arduino15/packages/arduino/tools/arm-none-eabi-gcc/4.8.3-2014q1/bin/../lib/gcc/arm-none-eabi/4.8.3/../../../../arm-none-eabi/lib/armv7-m\libc.a(lib_a-strlen.o)
                0x08004a9c                strlen
 .text._svfprintf_r
                0x08004afc     0x14e0 c:/users/fx/appdata/local/arduino15/packages/arduino/tools/arm-none-eabi-gcc/4.8.3-2014q1/bin/../lib/gcc/arm-none-eabi/4.8.3/../../../../arm-none-eabi/lib/armv7-m\libc.a(lib_a-svfprintf.o)
                0x08004afc                _svfprintf_r
 .text.startup.register_fini
                0x08005fdc       0x14 c:/users/fx/appdata/local/arduino15/packages/arduino/tools/arm-none-eabi-gcc/4.8.3-2014q1/bin/../lib/gcc/arm-none-eabi/4.8.3/../../../../arm-none-eabi/lib/armv7-m\libc.a(lib_a-__call_atexit.o)
 .text.atexit   0x08005ff0        0xc c:/users/fx/appdata/local/arduino15/packages/arduino/tools/arm-none-eabi-gcc/4.8.3-2014q1/bin/../lib/gcc/arm-none-eabi/4.8.3/../../../../arm-none-eabi/lib/armv7-m\libc.a(lib_a-atexit.o)
                0x08005ff0                atexit
 .text.quorem   0x08005ffc      0x134 c:/users/fx/appdata/local/arduino15/packages/arduino/tools/arm-none-eabi-gcc/4.8.3-2014q1/bin/../lib/gcc/arm-none-eabi/4.8.3/../../../../arm-none-eabi/lib/armv7-m\libc.a(lib_a-dtoa.o)
 .text._dtoa_r  0x08006130      0xe38 c:/users/fx/appdata/local/arduino15/packages/arduino/tools/arm-none-eabi-gcc/4.8.3-2014q1/bin/../lib/gcc/arm-none-eabi/4.8.3/../../../../arm-none-eabi/lib/armv7-m\libc.a(lib_a-dtoa.o)
                0x08006130                _dtoa_r
 .text.__libc_fini_array
                0x08006f68       0x30 c:/users/fx/appdata/local/arduino15/packages/arduino/tools/arm-none-eabi-gcc/4.8.3-2014q1/bin/../lib/gcc/arm-none-eabi/4.8.3/../../../../arm-none-eabi/lib/armv7-m\libc.a(lib_a-fini.o)
                0x08006f68                __libc_fini_array
 .text._malloc_trim_r
                0x08006f98       0x9c c:/users/fx/appdata/local/arduino15/packages/arduino/tools/arm-none-eabi-gcc/4.8.3-2014q1/bin/../lib/gcc/arm-none-eabi/4.8.3/../../../../arm-none-eabi/lib/armv7-m\libc.a(lib_a-freer.o)
                0x08006f98                _malloc_trim_r
 .text._free_r  0x08007034      0x198 c:/users/fx/appdata/local/arduino15/packages/arduino/tools/arm-none-eabi-gcc/4.8.3-2014q1/bin/../lib/gcc/arm-none-eabi/4.8.3/../../../../arm-none-eabi/lib/armv7-m\libc.a(lib_a-freer.o)
                0x08007034                _free_r
 .text._localeconv_r
                0x080071cc        0x8 c:/users/fx/appdata/local/arduino15/packages/arduino/tools/arm-none-eabi-gcc/4.8.3-2014q1/bin/../lib/gcc/arm-none-eabi/4.8.3/../../../../arm-none-eabi/lib/armv7-m\libc.a(lib_a-locale.o)
                0x080071cc                _localeconv_r
 .text.memchr   0x080071d4       0x94 c:/users/fx/appdata/local/arduino15/packages/arduino/tools/arm-none-eabi-gcc/4.8.3-2014q1/bin/../lib/gcc/arm-none-eabi/4.8.3/../../../../arm-none-eabi/lib/armv7-m\libc.a(lib_a-memchr-stub.o)
                0x080071d4                memchr
 .text          0x08007268       0xec c:/users/fx/appdata/local/arduino15/packages/arduino/tools/arm-none-eabi-gcc/4.8.3-2014q1/bin/../lib/gcc/arm-none-eabi/4.8.3/../../../../arm-none-eabi/lib/armv7-m\libc.a(lib_a-memcpy.o)
                0x08007268                memcpy
 .text._Balloc  0x08007354       0x4c c:/users/fx/appdata/local/arduino15/packages/arduino/tools/arm-none-eabi-gcc/4.8.3-2014q1/bin/../lib/gcc/arm-none-eabi/4.8.3/../../../../arm-none-eabi/lib/armv7-m\libc.a(lib_a-mprec.o)
                0x08007354                _Balloc
 .text._Bfree   0x080073a0       0x14 c:/users/fx/appdata/local/arduino15/packages/arduino/tools/arm-none-eabi-gcc/4.8.3-2014q1/bin/../lib/gcc/arm-none-eabi/4.8.3/../../../../arm-none-eabi/lib/armv7-m\libc.a(lib_a-mprec.o)
                0x080073a0                _Bfree
 .text.__multadd
                0x080073b4       0x94 c:/users/fx/appdata/local/arduino15/packages/arduino/tools/arm-none-eabi-gcc/4.8.3-2014q1/bin/../lib/gcc/arm-none-eabi/4.8.3/../../../../arm-none-eabi/lib/armv7-m\libc.a(lib_a-mprec.o)
                0x080073b4                __multadd
 .text.__hi0bits
                0x08007448       0x40 c:/users/fx/appdata/local/arduino15/packages/arduino/tools/arm-none-eabi-gcc/4.8.3-2014q1/bin/../lib/gcc/arm-none-eabi/4.8.3/../../../../arm-none-eabi/lib/armv7-m\libc.a(lib_a-mprec.o)
                0x08007448                __hi0bits
 .text.__lo0bits
                0x08007488       0x5c c:/users/fx/appdata/local/arduino15/packages/arduino/tools/arm-none-eabi-gcc/4.8.3-2014q1/bin/../lib/gcc/arm-none-eabi/4.8.3/../../../../arm-none-eabi/lib/armv7-m\libc.a(lib_a-mprec.o)
                0x08007488                __lo0bits
 .text.__i2b    0x080074e4       0x14 c:/users/fx/appdata/local/arduino15/packages/arduino/tools/arm-none-eabi-gcc/4.8.3-2014q1/bin/../lib/gcc/arm-none-eabi/4.8.3/../../../../arm-none-eabi/lib/armv7-m\libc.a(lib_a-mprec.o)
                0x080074e4                __i2b
 .text.__multiply
                0x080074f8      0x13c c:/users/fx/appdata/local/arduino15/packages/arduino/tools/arm-none-eabi-gcc/4.8.3-2014q1/bin/../lib/gcc/arm-none-eabi/4.8.3/../../../../arm-none-eabi/lib/armv7-m\libc.a(lib_a-mprec.o)
                0x080074f8                __multiply
 .text.__pow5mult
                0x08007634       0x9c c:/users/fx/appdata/local/arduino15/packages/arduino/tools/arm-none-eabi-gcc/4.8.3-2014q1/bin/../lib/gcc/arm-none-eabi/4.8.3/../../../../arm-none-eabi/lib/armv7-m\libc.a(lib_a-mprec.o)
                0x08007634                __pow5mult
 .text.__lshift
                0x080076d0       0xbc c:/users/fx/appdata/local/arduino15/packages/arduino/tools/arm-none-eabi-gcc/4.8.3-2014q1/bin/../lib/gcc/arm-none-eabi/4.8.3/../../../../arm-none-eabi/lib/armv7-m\libc.a(lib_a-mprec.o)
                0x080076d0                __lshift
 .text.__mcmp   0x0800778c       0x48 c:/users/fx/appdata/local/arduino15/packages/arduino/tools/arm-none-eabi-gcc/4.8.3-2014q1/bin/../lib/gcc/arm-none-eabi/4.8.3/../../../../arm-none-eabi/lib/armv7-m\libc.a(lib_a-mprec.o)
                0x0800778c                __mcmp
 .text.__mdiff  0x080077d4       0xd8 c:/users/fx/appdata/local/arduino15/packages/arduino/tools/arm-none-eabi-gcc/4.8.3-2014q1/bin/../lib/gcc/arm-none-eabi/4.8.3/../../../../arm-none-eabi/lib/armv7-m\libc.a(lib_a-mprec.o)
                0x080077d4                __mdiff
 .text.__d2b    0x080078ac       0xbc c:/users/fx/appdata/local/arduino15/packages/arduino/tools/arm-none-eabi-gcc/4.8.3-2014q1/bin/../lib/gcc/arm-none-eabi/4.8.3/../../../../arm-none-eabi/lib/armv7-m\libc.a(lib_a-mprec.o)
                0x080078ac                __d2b
 .text.__ssprint_r
                0x08007968      0x100 c:/users/fx/appdata/local/arduino15/packages/arduino/tools/arm-none-eabi-gcc/4.8.3-2014q1/bin/../lib/gcc/arm-none-eabi/4.8.3/../../../../arm-none-eabi/lib/armv7-m\libc.a(lib_a-svfiprintf.o)
                0x08007968                __ssprint_r
 .text.__register_exitproc
                0x08007a68       0xa8 c:/users/fx/appdata/local/arduino15/packages/arduino/tools/arm-none-eabi-gcc/4.8.3-2014q1/bin/../lib/gcc/arm-none-eabi/4.8.3/../../../../arm-none-eabi/lib/armv7-m\libc.a(lib_a-__atexit.o)
                0x08007a68                __register_exitproc
 .text._calloc_r
                0x08007b10       0x60 c:/users/fx/appdata/local/arduino15/packages/arduino/tools/arm-none-eabi-gcc/4.8.3-2014q1/bin/../lib/gcc/arm-none-eabi/4.8.3/../../../../arm-none-eabi/lib/armv7-m\libc.a(lib_a-callocr.o)
                0x08007b10                _calloc_r
 .text.memmove  0x08007b70       0xcc c:/users/fx/appdata/local/arduino15/packages/arduino/tools/arm-none-eabi-gcc/4.8.3-2014q1/bin/../lib/gcc/arm-none-eabi/4.8.3/../../../../arm-none-eabi/lib/armv7-m\libc.a(lib_a-memmove.o)
                0x08007b70                memmove
 .text._realloc_r
                0x08007c3c      0x3c0 c:/users/fx/appdata/local/arduino15/packages/arduino/tools/arm-none-eabi-gcc/4.8.3-2014q1/bin/../lib/gcc/arm-none-eabi/4.8.3/../../../../arm-none-eabi/lib/armv7-m\libc.a(lib_a-reallocr.o)
                0x08007c3c                _realloc_r
 *(.plt)
 *(.gnu.warning)
 *(.glue_7t)
 .glue_7t       0x00000000        0x0 linker stubs
 *(.glue_7)
 .glue_7        0x00000000        0x0 linker stubs
 *(.vfp11_veneer)
 .vfp11_veneer  0x00000000        0x0 linker stubs
 *(.ARM.extab* .gnu.linkonce.armextab.*)
 *(.gcc_except_table)
 *(.eh_frame_hdr)
 *(.eh_frame)
 .eh_frame      0x08007ffc        0x0 c:/users/fx/appdata/local/arduino15/packages/arduino/tools/arm-none-eabi-gcc/4.8.3-2014q1/bin/../lib/gcc/arm-none-eabi/4.8.3/armv7-m/crtbegin.o
                0x08007ffc                . = ALIGN (0x4)
 *(.init)
 .init          0x08007ffc        0x4 c:/users/fx/appdata/local/arduino15/packages/arduino/tools/arm-none-eabi-gcc/4.8.3-2014q1/bin/../lib/gcc/arm-none-eabi/4.8.3/armv7-m/crti.o
                0x08007ffc                _init
 .init          0x08008000        0x8 c:/users/fx/appdata/local/arduino15/packages/arduino/tools/arm-none-eabi-gcc/4.8.3-2014q1/bin/../lib/gcc/arm-none-eabi/4.8.3/armv7-m/crtn.o
                0x08008008                . = ALIGN (0x4)
                0x08008008                __preinit_array_start = .
 *(.preinit_array)
                0x08008008                __preinit_array_end = .
                0x08008008                . = ALIGN (0x4)
                0x08008008                __init_array_start = .
 *(SORT(.init_array.*))
 .init_array.00000
                0x08008008        0x4 c:/users/fx/appdata/local/arduino15/packages/arduino/tools/arm-none-eabi-gcc/4.8.3-2014q1/bin/../lib/gcc/arm-none-eabi/4.8.3/../../../../arm-none-eabi/lib/armv7-m\libc.a(lib_a-__call_atexit.o)
 .init_array.00101
                0x0800800c        0x4 c:\Users\fx\Upwork\weather-node\output\core\core.a(main.cpp.o)
 *(.init_array)
 .init_array    0x08008010        0x4 c:/users/fx/appdata/local/arduino15/packages/arduino/tools/arm-none-eabi-gcc/4.8.3-2014q1/bin/../lib/gcc/arm-none-eabi/4.8.3/armv7-m/crtbegin.o
 .init_array    0x08008014        0x4 c:\Users\fx\Upwork\weather-node\output\sketch\weatherSIM808.ino.cpp.o
 .init_array    0x08008018        0x4 c:\Users\fx\Upwork\weather-node\output\core\board.cpp.o
 .init_array    0x0800801c        0x4 c:\Users\fx\Upwork\weather-node\output\core\core.a(usb_serial.cpp.o)
                0x08008020                __init_array_end = .
                0x08008020                . = ALIGN (0x4)
 *crtbegin.o(.ctors)
 *(EXCLUDE_FILE(*crtend.o) .ctors)
 *(SORT(.ctors.*))
 *crtend.o(.ctors)
                0x08008020                . = ALIGN (0x4)
 *(.fini)
 .fini          0x08008020        0x4 c:/users/fx/appdata/local/arduino15/packages/arduino/tools/arm-none-eabi-gcc/4.8.3-2014q1/bin/../lib/gcc/arm-none-eabi/4.8.3/armv7-m/crti.o
                0x08008020                _fini
 .fini          0x08008024        0x8 c:/users/fx/appdata/local/arduino15/packages/arduino/tools/arm-none-eabi-gcc/4.8.3-2014q1/bin/../lib/gcc/arm-none-eabi/4.8.3/armv7-m/crtn.o
                0x0800802c                . = ALIGN (0x4)
                0x0800802c                __fini_array_start = .
 *(.fini_array)
 .fini_array    0x0800802c        0x4 c:/users/fx/appdata/local/arduino15/packages/arduino/tools/arm-none-eabi-gcc/4.8.3-2014q1/bin/../lib/gcc/arm-none-eabi/4.8.3/armv7-m/crtbegin.o
 *(SORT(.fini_array.*))
                0x08008030                __fini_array_end = .
 *crtbegin.o(.dtors)
 *(EXCLUDE_FILE(*crtend.o) .dtors)
 *(SORT(.dtors.*))
 *crtend.o(.dtors)

.v4_bx          0x08008030        0x0
 .v4_bx         0x00000000        0x0 linker stubs

.iplt           0x08008030        0x0
 .iplt          0x00000000        0x0 c:/users/fx/appdata/local/arduino15/packages/arduino/tools/arm-none-eabi-gcc/4.8.3-2014q1/bin/../lib/gcc/arm-none-eabi/4.8.3/armv7-m/crtbegin.o

.text.align     0x08008030        0x0
                0x08008030                . = ALIGN (0x8)
                0x08008030                __text_end__ = .
                0x08008030                __exidx_start = .

.ARM.exidx      0x08008030        0x8
 *(.ARM.exidx* .gnu.linkonce.armexidx.*)
 .ARM.exidx     0x08008030        0x8 c:\Users\fx\Upwork\weather-node\output\core\wirish\start.S.o
 .ARM.exidx     0x08008038        0x0 c:/users/fx/appdata/local/arduino15/packages/arduino/tools/arm-none-eabi-gcc/4.8.3-2014q1/bin/../lib/gcc/arm-none-eabi/4.8.3/armv7-m\libgcc.a(_divdi3.o)
                                  0x8 (size before relaxing)
 .ARM.exidx     0x08008038        0x0 c:/users/fx/appdata/local/arduino15/packages/arduino/tools/arm-none-eabi-gcc/4.8.3-2014q1/bin/../lib/gcc/arm-none-eabi/4.8.3/armv7-m\libgcc.a(_udivdi3.o)
                                  0x8 (size before relaxing)
                0x08008038                __exidx_end = .

.data           0x20000000      0xd08 load address 0x08008038
                0x20000000                __data_start__ = .
                0x20000000        0x4 LONG 0x0
                0x20000008                . = ALIGN (0x8)
 *fill*         0x20000004        0x4 
 *(.got.plt)
 *(.got)
 *(.data .data.* .gnu.linkonce.d.*)
 .data.timestamp
                0x20000008       0x13 c:\Users\fx\Upwork\weather-node\output\sketch\weatherSIM808.ino.cpp.o
                0x20000008                timestamp
 .data.longitude
                0x2000001b        0xb c:\Users\fx\Upwork\weather-node\output\sketch\weatherSIM808.ino.cpp.o
                0x2000001b                longitude
 .data.latitude
                0x20000026        0xb c:\Users\fx\Upwork\weather-node\output\sketch\weatherSIM808.ino.cpp.o
                0x20000026                latitude
 *fill*         0x20000031        0x3 
 .data._ZN6wirish4privL8pll_dataE
                0x20000034        0x4 c:\Users\fx\Upwork\weather-node\output\core\wirish\boards_setup.cpp.o
 .data._ZN6wirish4priv9w_adc_smpE
                0x20000038        0x1 c:\Users\fx\Upwork\weather-node\output\core\wirish\boards_setup.cpp.o
                0x20000038                wirish::priv::w_adc_smp
 *fill*         0x20000039        0x1 
 .data._ZN6wirish4priv9w_adc_preE
                0x2000003a        0x2 c:\Users\fx\Upwork\weather-node\output\core\wirish\boards_setup.cpp.o
                0x2000003a                wirish::priv::w_adc_pre
 .data._ZN6wirish4priv15w_board_pll_cfgE
                0x2000003c        0x8 c:\Users\fx\Upwork\weather-node\output\core\wirish\boards_setup.cpp.o
                0x2000003c                wirish::priv::w_board_pll_cfg
 .data.adc2     0x20000044        0x8 c:\Users\fx\Upwork\weather-node\output\core\core.a(adc_f1.c.o)
                0x20000044                adc2
 .data.adc1     0x2000004c       0x18 c:\Users\fx\Upwork\weather-node\output\core\core.a(adc_f1.c.o)
                0x2000004c                adc1
 .data.ADC2     0x20000064        0x4 c:\Users\fx\Upwork\weather-node\output\core\core.a(adc_f1.c.o)
                0x20000064                ADC2
 .data.ADC1     0x20000068        0x4 c:\Users\fx\Upwork\weather-node\output\core\core.a(adc_f1.c.o)
                0x20000068                ADC1
 .data.dma1     0x2000006c       0x40 c:\Users\fx\Upwork\weather-node\output\core\core.a(dma_f1.c.o)
 .data.DMA1     0x200000ac        0x4 c:\Users\fx\Upwork\weather-node\output\core\core.a(dma_f1.c.o)
                0x200000ac                DMA1
 .data.gpioa    0x200000b0        0x8 c:\Users\fx\Upwork\weather-node\output\core\core.a(gpio_f1.c.o)
                0x200000b0                gpioa
 .data.gpiob    0x200000b8        0x8 c:\Users\fx\Upwork\weather-node\output\core\core.a(gpio_f1.c.o)
                0x200000b8                gpiob
 .data.gpioc    0x200000c0        0x8 c:\Users\fx\Upwork\weather-node\output\core\core.a(gpio_f1.c.o)
                0x200000c0                gpioc
 .data.gpiod    0x200000c8        0x8 c:\Users\fx\Upwork\weather-node\output\core\core.a(gpio_f1.c.o)
                0x200000c8                gpiod
 .data.i2c1     0x200000d0       0x38 c:\Users\fx\Upwork\weather-node\output\core\core.a(i2c_f1.c.o)
 .data.i2c2     0x20000108       0x38 c:\Users\fx\Upwork\weather-node\output\core\core.a(i2c_f1.c.o)
 .data.enable_regs.4411
                0x20000140        0xc c:\Users\fx\Upwork\weather-node\output\core\core.a(rcc_f1.c.o)
 .data.reset_regs.4415
                0x2000014c        0x8 c:\Users\fx\Upwork\weather-node\output\core\core.a(rcc_f1.c.o)
 .data.enable_regs.4424
                0x20000154        0xc c:\Users\fx\Upwork\weather-node\output\core\core.a(rcc_f1.c.o)
 .data.timer3   0x20000160       0x24 c:\Users\fx\Upwork\weather-node\output\core\core.a(timer.c.o)
                0x20000160                timer3
 .data.timer4   0x20000184       0x24 c:\Users\fx\Upwork\weather-node\output\core\core.a(timer.c.o)
                0x20000184                timer4
 .data.timer1   0x200001a8       0x28 c:\Users\fx\Upwork\weather-node\output\core\core.a(timer.c.o)
                0x200001a8                timer1
 .data.timer2   0x200001d0       0x24 c:\Users\fx\Upwork\weather-node\output\core\core.a(timer.c.o)
                0x200001d0                timer2
 .data.USART1   0x200001f4        0x4 c:\Users\fx\Upwork\weather-node\output\core\core.a(usart_f1.c.o)
                0x200001f4                USART1
 .data.USART2   0x200001f8        0x4 c:\Users\fx\Upwork\weather-node\output\core\core.a(usart_f1.c.o)
                0x200001f8                USART2
 .data.USART3   0x200001fc        0x4 c:\Users\fx\Upwork\weather-node\output\core\core.a(usart_f1.c.o)
                0x200001fc                USART3
 .data.usart1   0x20000200       0x94 c:\Users\fx\Upwork\weather-node\output\core\core.a(usart_f1.c.o)
 .data.usart2   0x20000294       0x94 c:\Users\fx\Upwork\weather-node\output\core\core.a(usart_f1.c.o)
 .data.usart3   0x20000328       0x94 c:\Users\fx\Upwork\weather-node\output\core\core.a(usart_f1.c.o)
 .data.USBLIB   0x200003bc        0x4 c:\Users\fx\Upwork\weather-node\output\core\core.a(usb.c.o)
                0x200003bc                USBLIB
 .data.usblib   0x200003c0       0x10 c:\Users\fx\Upwork\weather-node\output\core\core.a(usb.c.o)
 .data.Config_Descriptor
                0x200003d0        0x8 c:\Users\fx\Upwork\weather-node\output\core\core.a(usb_cdcacm.c.o)
 .data.Device_Property
                0x200003d8       0x30 c:\Users\fx\Upwork\weather-node\output\core\core.a(usb_cdcacm.c.o)
                0x200003d8                Device_Property
 .data.ep_int_in
                0x20000408       0x1c c:\Users\fx\Upwork\weather-node\output\core\core.a(usb_cdcacm.c.o)
 .data.String_Descriptor
                0x20000424       0x18 c:\Users\fx\Upwork\weather-node\output\core\core.a(usb_cdcacm.c.o)
 .data.ep_int_out
                0x2000043c       0x1c c:\Users\fx\Upwork\weather-node\output\core\core.a(usb_cdcacm.c.o)
 .data.line_coding
                0x20000458        0x7 c:\Users\fx\Upwork\weather-node\output\core\core.a(usb_cdcacm.c.o)
 *fill*         0x2000045f        0x1 
 .data.User_Standard_Requests
                0x20000460       0x24 c:\Users\fx\Upwork\weather-node\output\core\core.a(usb_cdcacm.c.o)
                0x20000460                User_Standard_Requests
 .data.Device_Descriptor
                0x20000484        0x8 c:\Users\fx\Upwork\weather-node\output\core\core.a(usb_cdcacm.c.o)
 .data.Device_Table
                0x2000048c        0x2 c:\Users\fx\Upwork\weather-node\output\core\core.a(usb_cdcacm.c.o)
                0x2000048c                Device_Table
 *fill*         0x2000048e        0x2 
 .data.impure_data
                0x20000490      0x428 c:/users/fx/appdata/local/arduino15/packages/arduino/tools/arm-none-eabi-gcc/4.8.3-2014q1/bin/../lib/gcc/arm-none-eabi/4.8.3/../../../../arm-none-eabi/lib/armv7-m\libc.a(lib_a-impure.o)
 .data._impure_ptr
                0x200008b8        0x4 c:/users/fx/appdata/local/arduino15/packages/arduino/tools/arm-none-eabi-gcc/4.8.3-2014q1/bin/../lib/gcc/arm-none-eabi/4.8.3/../../../../arm-none-eabi/lib/armv7-m\libc.a(lib_a-impure.o)
                0x200008b8                _impure_ptr
 .data.__malloc_av_
                0x200008bc      0x408 c:/users/fx/appdata/local/arduino15/packages/arduino/tools/arm-none-eabi-gcc/4.8.3-2014q1/bin/../lib/gcc/arm-none-eabi/4.8.3/../../../../arm-none-eabi/lib/armv7-m\libc.a(lib_a-mallocr.o)
                0x200008bc                __malloc_av_
 .data.__malloc_trim_threshold
                0x20000cc4        0x4 c:/users/fx/appdata/local/arduino15/packages/arduino/tools/arm-none-eabi-gcc/4.8.3-2014q1/bin/../lib/gcc/arm-none-eabi/4.8.3/../../../../arm-none-eabi/lib/armv7-m\libc.a(lib_a-mallocr.o)
                0x20000cc4                __malloc_trim_threshold
 .data.__malloc_sbrk_base
                0x20000cc8        0x4 c:/users/fx/appdata/local/arduino15/packages/arduino/tools/arm-none-eabi-gcc/4.8.3-2014q1/bin/../lib/gcc/arm-none-eabi/4.8.3/../../../../arm-none-eabi/lib/armv7-m\libc.a(lib_a-mallocr.o)
                0x20000cc8                __malloc_sbrk_base
 .data.lconv    0x20000ccc       0x38 c:/users/fx/appdata/local/arduino15/packages/arduino/tools/arm-none-eabi-gcc/4.8.3-2014q1/bin/../lib/gcc/arm-none-eabi/4.8.3/../../../../arm-none-eabi/lib/armv7-m\libc.a(lib_a-locale.o)
                0x20000d08                . = ALIGN (0x8)
 *fill*         0x20000d04        0x4 
                0x20000d08                __data_end__ = .

.jcr            0x20000d08        0x0 load address 0x08008d40
 .jcr           0x20000d08        0x0 c:/users/fx/appdata/local/arduino15/packages/arduino/tools/arm-none-eabi-gcc/4.8.3-2014q1/bin/../lib/gcc/arm-none-eabi/4.8.3/armv7-m/crtbegin.o

.igot.plt       0x20000d08        0x0 load address 0x08008d40
 .igot.plt      0x00000000        0x0 c:/users/fx/appdata/local/arduino15/packages/arduino/tools/arm-none-eabi-gcc/4.8.3-2014q1/bin/../lib/gcc/arm-none-eabi/4.8.3/armv7-m/crtbegin.o

.rodata         0x08008d40      0x5d0
 *(.rodata .rodata.* .gnu.linkonce.r.*)
 .rodata._ZL12key_humidity
                0x08008d40        0x3 c:\Users\fx\Upwork\weather-node\output\sketch\weatherSIM808.ino.cpp.o
 .rodata._ZL13key_timestamp
                0x08008d43        0x3 c:\Users\fx\Upwork\weather-node\output\sketch\weatherSIM808.ino.cpp.o
 .rodata._ZL13key_longitude
                0x08008d46        0x3 c:\Users\fx\Upwork\weather-node\output\sketch\weatherSIM808.ino.cpp.o
 .rodata._ZL13key_pm1_value
                0x08008d49        0x3 c:\Users\fx\Upwork\weather-node\output\sketch\weatherSIM808.ino.cpp.o
 .rodata._ZL12key_latitude
                0x08008d4c        0x3 c:\Users\fx\Upwork\weather-node\output\sketch\weatherSIM808.ino.cpp.o
 .rodata.str1.1
                0x08008d4f       0xc0 c:\Users\fx\Upwork\weather-node\output\sketch\weatherSIM808.ino.cpp.o
                                 0xc3 (size before relaxing)
 .rodata._ZL13key_pm2_value
                0x08008e0f        0x3 c:\Users\fx\Upwork\weather-node\output\sketch\weatherSIM808.ino.cpp.o
 .rodata._ZL15key_temperature
                0x08008e12        0x3 c:\Users\fx\Upwork\weather-node\output\sketch\weatherSIM808.ino.cpp.o
 *fill*         0x08008e15        0x3 
 .rodata.PIN_MAP
                0x08008e18      0x230 c:\Users\fx\Upwork\weather-node\output\core\board.cpp.o
                0x08008e18                PIN_MAP
 .rodata._ZTV14HardwareSerial
                0x08009048       0x28 c:\Users\fx\Upwork\weather-node\output\core\core.a(HardwareSerial.cpp.o)
                0x08009048                vtable for HardwareSerial
 .rodata.GPIOC  0x08009070        0x4 c:\Users\fx\Upwork\weather-node\output\core\core.a(gpio_f1.c.o)
                0x08009070                GPIOC
 .rodata.rcc_dev_table
                0x08009074       0x5c c:\Users\fx\Upwork\weather-node\output\core\core.a(rcc_f1.c.o)
                0x08009074                rcc_dev_table
 .rodata.masks.4420
                0x080090d0       0x14 c:\Users\fx\Upwork\weather-node\output\core\core.a(rcc_f1.c.o)
 .rodata.usbVcomDescriptor_iProduct
                0x080090e4        0xc c:\Users\fx\Upwork\weather-node\output\core\core.a(usb_cdcacm.c.o)
 .rodata.usbVcomDescriptor_iManufacturer
                0x080090f0       0x12 c:\Users\fx\Upwork\weather-node\output\core\core.a(usb_cdcacm.c.o)
 .rodata.usbVcomDescriptor_Device
                0x08009102       0x12 c:\Users\fx\Upwork\weather-node\output\core\core.a(usb_cdcacm.c.o)
 .rodata.usbVcomDescriptor_Config
                0x08009114       0x43 c:\Users\fx\Upwork\weather-node\output\core\core.a(usb_cdcacm.c.o)
 .rodata.usbVcomDescriptor_LangID
                0x08009157        0x4 c:\Users\fx\Upwork\weather-node\output\core\core.a(usb_cdcacm.c.o)
 *fill*         0x0800915b        0x5 
 .rodata._ZTV9USBSerial
                0x08009160       0x28 c:\Users\fx\Upwork\weather-node\output\core\core.a(usb_serial.cpp.o)
                0x08009160                vtable for USBSerial
 .rodata.str1.4
                0x08009188        0x2 c:/users/fx/appdata/local/arduino15/packages/arduino/tools/arm-none-eabi-gcc/4.8.3-2014q1/bin/../lib/gcc/arm-none-eabi/4.8.3/../../../../arm-none-eabi/lib/armv7-m\libc.a(lib_a-impure.o)
                                  0x4 (size before relaxing)
 *fill*         0x0800918a        0x2 
 .rodata._global_impure_ptr
                0x0800918c        0x4 c:/users/fx/appdata/local/arduino15/packages/arduino/tools/arm-none-eabi-gcc/4.8.3-2014q1/bin/../lib/gcc/arm-none-eabi/4.8.3/../../../../arm-none-eabi/lib/armv7-m\libc.a(lib_a-impure.o)
                0x0800918c                _global_impure_ptr
 .rodata.zeroes.6760
                0x08009190       0x10 c:/users/fx/appdata/local/arduino15/packages/arduino/tools/arm-none-eabi-gcc/4.8.3-2014q1/bin/../lib/gcc/arm-none-eabi/4.8.3/../../../../arm-none-eabi/lib/armv7-m\libc.a(lib_a-svfprintf.o)
 .rodata.str1.4
                0x080091a0       0x42 c:/users/fx/appdata/local/arduino15/packages/arduino/tools/arm-none-eabi-gcc/4.8.3-2014q1/bin/../lib/gcc/arm-none-eabi/4.8.3/../../../../arm-none-eabi/lib/armv7-m\libc.a(lib_a-svfprintf.o)
                                 0x44 (size before relaxing)
 *fill*         0x080091e2        0x2 
 .rodata.blanks.6759
                0x080091e4       0x10 c:/users/fx/appdata/local/arduino15/packages/arduino/tools/arm-none-eabi-gcc/4.8.3-2014q1/bin/../lib/gcc/arm-none-eabi/4.8.3/../../../../arm-none-eabi/lib/armv7-m\libc.a(lib_a-svfprintf.o)
 .rodata.str1.4
                0x080091f4       0x10 c:/users/fx/appdata/local/arduino15/packages/arduino/tools/arm-none-eabi-gcc/4.8.3-2014q1/bin/../lib/gcc/arm-none-eabi/4.8.3/../../../../arm-none-eabi/lib/armv7-m\libc.a(lib_a-dtoa.o)
                                 0x14 (size before relaxing)
 .rodata.str1.4
                0x08009204        0xc c:/users/fx/appdata/local/arduino15/packages/arduino/tools/arm-none-eabi-gcc/4.8.3-2014q1/bin/../lib/gcc/arm-none-eabi/4.8.3/../../../../arm-none-eabi/lib/armv7-m\libc.a(lib_a-locale.o)
                                 0x14 (size before relaxing)
 .rodata.__mprec_tens
                0x08009210       0xc8 c:/users/fx/appdata/local/arduino15/packages/arduino/tools/arm-none-eabi-gcc/4.8.3-2014q1/bin/../lib/gcc/arm-none-eabi/4.8.3/../../../../arm-none-eabi/lib/armv7-m\libc.a(lib_a-mprec.o)
                0x08009210                __mprec_tens
 .rodata.__mprec_bigtens
                0x080092d8       0x28 c:/users/fx/appdata/local/arduino15/packages/arduino/tools/arm-none-eabi-gcc/4.8.3-2014q1/bin/../lib/gcc/arm-none-eabi/4.8.3/../../../../arm-none-eabi/lib/armv7-m\libc.a(lib_a-mprec.o)
                0x080092d8                __mprec_bigtens
 .rodata.p05.5266
                0x08009300        0xc c:/users/fx/appdata/local/arduino15/packages/arduino/tools/arm-none-eabi-gcc/4.8.3-2014q1/bin/../lib/gcc/arm-none-eabi/4.8.3/../../../../arm-none-eabi/lib/armv7-m\libc.a(lib_a-mprec.o)
 *(.USER_FLASH)
                0x0800930c                . = ALIGN (0x4)
                0x0800930c                _lm_rom_img_cfgp = .
                0x0800930c        0x4 LONG 0x8008038 LOADADDR (.data)
                0x200011d0                _lm_heap_start = DEFINED (_lm_heap_start)?_lm_heap_start:_end
                0x20005000                _lm_heap_end = DEFINED (_lm_heap_end)?_lm_heap_end:__msp_init

.rel.dyn        0x08009310        0x0
 .rel.iplt      0x00000000        0x0 c:/users/fx/appdata/local/arduino15/packages/arduino/tools/arm-none-eabi-gcc/4.8.3-2014q1/bin/../lib/gcc/arm-none-eabi/4.8.3/armv7-m/crtbegin.o

.bss            0x20000d08      0x4c8
                0x20000d08                . = ALIGN (0x8)
                0x20000d08                __bss_start__ = .
 *(.bss .bss.* .gnu.linkonce.b.*)
 .bss           0x20000d08       0x1c c:/users/fx/appdata/local/arduino15/packages/arduino/tools/arm-none-eabi-gcc/4.8.3-2014q1/bin/../lib/gcc/arm-none-eabi/4.8.3/armv7-m/crtbegin.o
 .bss.pm2_value
                0x20000d24        0x4 c:\Users\fx\Upwork\weather-node\output\sketch\weatherSIM808.ino.cpp.o
                0x20000d24                pm2_value
 .bss.temperature
                0x20000d28        0x4 c:\Users\fx\Upwork\weather-node\output\sketch\weatherSIM808.ino.cpp.o
                0x20000d28                temperature
 .bss.pm2_i     0x20000d2c        0x4 c:\Users\fx\Upwork\weather-node\output\sketch\weatherSIM808.ino.cpp.o
                0x20000d2c                pm2_i
 .bss.post_buffer
                0x20000d30       0x78 c:\Users\fx\Upwork\weather-node\output\sketch\weatherSIM808.ino.cpp.o
                0x20000d30                post_buffer
 .bss.humidity  0x20000da8        0x4 c:\Users\fx\Upwork\weather-node\output\sketch\weatherSIM808.ino.cpp.o
                0x20000da8                humidity
 .bss.pm1_i     0x20000dac        0x4 c:\Users\fx\Upwork\weather-node\output\sketch\weatherSIM808.ino.cpp.o
                0x20000dac                pm1_i
 .bss.pm2_buff  0x20000db0       0x28 c:\Users\fx\Upwork\weather-node\output\sketch\weatherSIM808.ino.cpp.o
                0x20000db0                pm2_buff
 .bss.pm1_value
                0x20000dd8        0x4 c:\Users\fx\Upwork\weather-node\output\sketch\weatherSIM808.ino.cpp.o
                0x20000dd8                pm1_value
 .bss.dht       0x20000ddc       0x14 c:\Users\fx\Upwork\weather-node\output\sketch\weatherSIM808.ino.cpp.o
                0x20000ddc                dht
 .bss.pm1_buff  0x20000df0        0xf c:\Users\fx\Upwork\weather-node\output\sketch\weatherSIM808.ino.cpp.o
                0x20000df0                pm1_buff
 .bss.pm2_ok    0x20000dff        0x1 c:\Users\fx\Upwork\weather-node\output\sketch\weatherSIM808.ino.cpp.o
                0x20000dff                pm2_ok
 .bss.pm1_ok    0x20000e00        0x1 c:\Users\fx\Upwork\weather-node\output\sketch\weatherSIM808.ino.cpp.o
                0x20000e00                pm1_ok
 *fill*         0x20000e01        0x3 
 .bss.Serial1   0x20000e04       0x18 c:\Users\fx\Upwork\weather-node\output\core\board.cpp.o
                0x20000e04                Serial1
 .bss.Serial2   0x20000e1c       0x18 c:\Users\fx\Upwork\weather-node\output\core\board.cpp.o
                0x20000e1c                Serial2
 .bss.Serial3   0x20000e34       0x18 c:\Users\fx\Upwork\weather-node\output\core\board.cpp.o
                0x20000e34                Serial3
 .bss.pbreak.4444
                0x20000e4c        0x4 c:\Users\fx\Upwork\weather-node\output\core\wirish\syscalls.c.o
 .bss.exti_channels
                0x20000e50       0x80 c:\Users\fx\Upwork\weather-node\output\core\core.a(exti.c.o)
                0x20000e50                exti_channels
 .bss.systick_user_callback
                0x20000ed0        0x4 c:\Users\fx\Upwork\weather-node\output\core\core.a(systick.c.o)
 .bss.usart1_wb
                0x20000ed4        0xc c:\Users\fx\Upwork\weather-node\output\core\core.a(usart_f1.c.o)
 .bss.usart1_rb
                0x20000ee0        0xc c:\Users\fx\Upwork\weather-node\output\core\core.a(usart_f1.c.o)
 .bss.usart2_rb
                0x20000eec        0xc c:\Users\fx\Upwork\weather-node\output\core\core.a(usart_f1.c.o)
 .bss.usart3_rb
                0x20000ef8        0xc c:\Users\fx\Upwork\weather-node\output\core\core.a(usart_f1.c.o)
 .bss.usart2_wb
                0x20000f04        0xc c:\Users\fx\Upwork\weather-node\output\core\core.a(usart_f1.c.o)
 .bss.usart3_wb
                0x20000f10        0xc c:\Users\fx\Upwork\weather-node\output\core\core.a(usart_f1.c.o)
 .bss.line_dtr_rts
                0x20000f1c        0x1 c:\Users\fx\Upwork\weather-node\output\core\core.a(usb_cdcacm.c.o)
 .bss.vcomBufferTx
                0x20000f1d      0x100 c:\Users\fx\Upwork\weather-node\output\core\core.a(usb_cdcacm.c.o)
 *fill*         0x2000101d        0x3 
 .bss.tx_head   0x20001020        0x4 c:\Users\fx\Upwork\weather-node\output\core\core.a(usb_cdcacm.c.o)
 .bss.rx_hook   0x20001024        0x4 c:\Users\fx\Upwork\weather-node\output\core\core.a(usb_cdcacm.c.o)
 .bss.vcomBufferRx
                0x20001028      0x100 c:\Users\fx\Upwork\weather-node\output\core\core.a(usb_cdcacm.c.o)
 .bss.transmitting
                0x20001128        0x1 c:\Users\fx\Upwork\weather-node\output\core\core.a(usb_cdcacm.c.o)
 *fill*         0x20001129        0x3 
 .bss.rx_tail   0x2000112c        0x4 c:\Users\fx\Upwork\weather-node\output\core\core.a(usb_cdcacm.c.o)
 .bss.iface_setup_hook
                0x20001130        0x4 c:\Users\fx\Upwork\weather-node\output\core\core.a(usb_cdcacm.c.o)
 .bss.rx_head   0x20001134        0x4 c:\Users\fx\Upwork\weather-node\output\core\core.a(usb_cdcacm.c.o)
 .bss.tx_tail   0x20001138        0x4 c:\Users\fx\Upwork\weather-node\output\core\core.a(usb_cdcacm.c.o)
 .bss.Data_Mul_MaxPacketSize
                0x2000113c        0x1 c:\Users\fx\Upwork\weather-node\output\core\core.a(usb_core.c.o)
                0x2000113c                Data_Mul_MaxPacketSize
 .bss._ZN9USBSerial9_hasBegunE
                0x2000113d        0x1 c:\Users\fx\Upwork\weather-node\output\core\core.a(usb_serial.cpp.o)
                0x2000113d                USBSerial::_hasBegun
 *fill*         0x2000113e        0x2 
 .bss.Serial    0x20001140       0x10 c:\Users\fx\Upwork\weather-node\output\core\core.a(usb_serial.cpp.o)
                0x20001140                Serial
 .bss._ZL11reset_state
                0x20001150        0x1 c:\Users\fx\Upwork\weather-node\output\core\core.a(usb_serial.cpp.o)
 .bss._ZN9USBSerial11_isBlockingE
                0x20001151        0x1 c:\Users\fx\Upwork\weather-node\output\core\core.a(usb_serial.cpp.o)
                0x20001151                USBSerial::_isBlocking
 *fill*         0x20001152        0x2 
 .bss.__malloc_max_total_mem
                0x20001154        0x4 c:/users/fx/appdata/local/arduino15/packages/arduino/tools/arm-none-eabi-gcc/4.8.3-2014q1/bin/../lib/gcc/arm-none-eabi/4.8.3/../../../../arm-none-eabi/lib/armv7-m\libc.a(lib_a-mallocr.o)
                0x20001154                __malloc_max_total_mem
 .bss.__malloc_max_sbrked_mem
                0x20001158        0x4 c:/users/fx/appdata/local/arduino15/packages/arduino/tools/arm-none-eabi-gcc/4.8.3-2014q1/bin/../lib/gcc/arm-none-eabi/4.8.3/../../../../arm-none-eabi/lib/armv7-m\libc.a(lib_a-mallocr.o)
                0x20001158                __malloc_max_sbrked_mem
 .bss.__malloc_top_pad
                0x2000115c        0x4 c:/users/fx/appdata/local/arduino15/packages/arduino/tools/arm-none-eabi-gcc/4.8.3-2014q1/bin/../lib/gcc/arm-none-eabi/4.8.3/../../../../arm-none-eabi/lib/armv7-m\libc.a(lib_a-mallocr.o)
                0x2000115c                __malloc_top_pad
 .bss.__malloc_current_mallinfo
                0x20001160       0x28 c:/users/fx/appdata/local/arduino15/packages/arduino/tools/arm-none-eabi-gcc/4.8.3-2014q1/bin/../lib/gcc/arm-none-eabi/4.8.3/../../../../arm-none-eabi/lib/armv7-m\libc.a(lib_a-mallocr.o)
                0x20001160                __malloc_current_mallinfo
 *(COMMON)
 COMMON         0x20001188        0x4 c:\Users\fx\Upwork\weather-node\output\core\core.a(systick.c.o)
                0x20001188                systick_uptime_millis
 COMMON         0x2000118c        0x6 c:\Users\fx\Upwork\weather-node\output\core\core.a(usb.c.o)
                0x2000118c                SaveRState
                0x2000118e                SaveTState
                0x20001190                ResumeS
 COMMON         0x20001192        0x2 c:\Users\fx\Upwork\weather-node\output\core\core.a(usb_core.c.o)
                0x20001192                StatusInfo
 COMMON         0x20001194       0x32 c:\Users\fx\Upwork\weather-node\output\core\core.a(usb_init.c.o)
                0x20001194                SaveState
                0x20001198                pProperty
                0x2000119c                EPindex
                0x200011a0                Device_Info
                0x200011bc                pUser_Standard_Requests
                0x200011c0                pInformation
                0x200011c4                wInterrupt_Mask
 *fill*         0x200011c6        0x2 
 COMMON         0x200011c8        0x4 c:/users/fx/appdata/local/arduino15/packages/arduino/tools/arm-none-eabi-gcc/4.8.3-2014q1/bin/../lib/gcc/arm-none-eabi/4.8.3/../../../../arm-none-eabi/lib/armv7-m\libc.a(lib_a-reent.o)
                0x200011c8                errno
                0x200011d0                . = ALIGN (0x8)
 *fill*         0x200011cc        0x4 
                0x200011d0                __bss_end__ = .
                0x200011d0                _end = __bss_end__

.stab
 *(.stab)

.stabstr
 *(.stabstr)

.debug
 *(.debug)

.line
 *(.line)

.debug_srcinfo
 *(.debug_srcinfo)

.debug_sfnames
 *(.debug_sfnames)

.debug_aranges  0x00000000     0x1188
 *(.debug_aranges)
 .debug_aranges
                0x00000000       0x80 c:\Users\fx\Upwork\weather-node\output\sketch\weatherSIM808.ino.cpp.o
 .debug_aranges
                0x00000080       0x68 c:\Users\fx\Upwork\weather-node\output\libraries\DHT_sensor_library\DHT.cpp.o
 .debug_aranges
                0x000000e8       0xa0 c:\Users\fx\Upwork\weather-node\output\libraries\DHT_sensor_library\DHT_U.cpp.o
 .debug_aranges
                0x00000188       0x20 c:\Users\fx\Upwork\weather-node\output\libraries\Adafruit_Unified_Sensor\Adafruit_Sensor.cpp.o
 .debug_aranges
                0x000001a8       0x28 c:\Users\fx\Upwork\weather-node\output\core\board.cpp.o
 .debug_aranges
                0x000001d0       0x40 c:\Users\fx\Upwork\weather-node\output\core\wirish\boards.cpp.o
 .debug_aranges
                0x00000210       0x40 c:\Users\fx\Upwork\weather-node\output\core\wirish\boards_setup.cpp.o
 .debug_aranges
                0x00000250       0x20 c:\Users\fx\Upwork\weather-node\output\core\wirish\start.S.o
 .debug_aranges
                0x00000270       0x20 c:\Users\fx\Upwork\weather-node\output\core\wirish\start_c.c.o
 .debug_aranges
                0x00000290       0x88 c:\Users\fx\Upwork\weather-node\output\core\wirish\syscalls.c.o
 .debug_aranges
                0x00000318       0x70 c:\Users\fx\Upwork\weather-node\output\core\core.a(HardwareSerial.cpp.o)
 .debug_aranges
                0x00000388      0x110 c:\Users\fx\Upwork\weather-node\output\core\core.a(Print.cpp.o)
 .debug_aranges
                0x00000498       0x28 c:\Users\fx\Upwork\weather-node\output\core\core.a(cxxabi-compat.cpp.o)
 .debug_aranges
                0x000004c0       0x38 c:\Users\fx\Upwork\weather-node\output\core\core.a(adc.c.o)
 .debug_aranges
                0x000004f8       0x58 c:\Users\fx\Upwork\weather-node\output\core\core.a(adc_f1.c.o)
 .debug_aranges
                0x00000550       0xb0 c:\Users\fx\Upwork\weather-node\output\core\core.a(dma_f1.c.o)
 .debug_aranges
                0x00000600       0x20 c:\Users\fx\Upwork\weather-node\output\core\core.a(exc.S.o)
 .debug_aranges
                0x00000620       0x80 c:\Users\fx\Upwork\weather-node\output\core\core.a(exti.c.o)
 .debug_aranges
                0x000006a0       0x20 c:\Users\fx\Upwork\weather-node\output\core\core.a(exti_f1.c.o)
 .debug_aranges
                0x000006c0       0x20 c:\Users\fx\Upwork\weather-node\output\core\core.a(flash.c.o)
 .debug_aranges
                0x000006e0       0x48 c:\Users\fx\Upwork\weather-node\output\core\core.a(gpio_f1.c.o)
 .debug_aranges
                0x00000728       0x50 c:\Users\fx\Upwork\weather-node\output\core\core.a(i2c_f1.c.o)
 .debug_aranges
                0x00000778       0x38 c:\Users\fx\Upwork\weather-node\output\core\core.a(nvic.c.o)
 .debug_aranges
                0x000007b0       0x48 c:\Users\fx\Upwork\weather-node\output\core\core.a(rcc.c.o)
 .debug_aranges
                0x000007f8       0x48 c:\Users\fx\Upwork\weather-node\output\core\core.a(rcc_f1.c.o)
 .debug_aranges
                0x00000840       0x20 c:\Users\fx\Upwork\weather-node\output\core\core.a(isrs.S.o)
 .debug_aranges
                0x00000860       0x40 c:\Users\fx\Upwork\weather-node\output\core\core.a(systick.c.o)
 .debug_aranges
                0x000008a0       0xb0 c:\Users\fx\Upwork\weather-node\output\core\core.a(timer.c.o)
 .debug_aranges
                0x00000950       0x48 c:\Users\fx\Upwork\weather-node\output\core\core.a(usart.c.o)
 .debug_aranges
                0x00000998       0x50 c:\Users\fx\Upwork\weather-node\output\core\core.a(usart_f1.c.o)
 .debug_aranges
                0x000009e8       0x20 c:\Users\fx\Upwork\weather-node\output\core\core.a(usart_private.c.o)
 .debug_aranges
                0x00000a08       0x38 c:\Users\fx\Upwork\weather-node\output\core\core.a(usb.c.o)
 .debug_aranges
                0x00000a40      0x128 c:\Users\fx\Upwork\weather-node\output\core\core.a(usb_cdcacm.c.o)
 .debug_aranges
                0x00000b68       0x20 c:\Users\fx\Upwork\weather-node\output\core\core.a(usb_reg_map.c.o)
 .debug_aranges
                0x00000b88       0x98 c:\Users\fx\Upwork\weather-node\output\core\core.a(usb_core.c.o)
 .debug_aranges
                0x00000c20       0x20 c:\Users\fx\Upwork\weather-node\output\core\core.a(usb_init.c.o)
 .debug_aranges
                0x00000c40       0x28 c:\Users\fx\Upwork\weather-node\output\core\core.a(usb_mem.c.o)
 .debug_aranges
                0x00000c68      0x1f0 c:\Users\fx\Upwork\weather-node\output\core\core.a(usb_regs.c.o)
 .debug_aranges
                0x00000e58       0x50 c:\Users\fx\Upwork\weather-node\output\core\core.a(util.c.o)
 .debug_aranges
                0x00000ea8       0x28 c:\Users\fx\Upwork\weather-node\output\core\core.a(main.cpp.o)
 .debug_aranges
                0x00000ed0       0x38 c:\Users\fx\Upwork\weather-node\output\core\core.a(new.cpp.o)
 .debug_aranges
                0x00000f08       0x20 c:\Users\fx\Upwork\weather-node\output\core\core.a(wirish_digital_f1.cpp.o)
 .debug_aranges
                0x00000f28       0xd8 c:\Users\fx\Upwork\weather-node\output\core\core.a(usb_serial.cpp.o)
 .debug_aranges
                0x00001000       0x28 c:\Users\fx\Upwork\weather-node\output\core\core.a(wirish_digital.cpp.o)
 .debug_aranges
                0x00001028       0x30 c:\Users\fx\Upwork\weather-node\output\core\core.a(wirish_time.cpp.o)
 .debug_aranges
                0x00001058       0x20 c:\Users\fx\Upwork\weather-node\output\core\core.a(hooks.c.o)
 .debug_aranges
                0x00001078       0x40 c:\Users\fx\Upwork\weather-node\output\core\core.a(bkp_f1.c.o)
 .debug_aranges