Archive member included because of file (symbol)

c:\Users\fx\Upwork\weather-node\output\core\core.a(HardwareSerial.cpp.o)
                              c:\Users\fx\Upwork\weather-node\output\sketch\weatherSIM808.ino.cpp.o (HardwareSerial::read())
c:\Users\fx\Upwork\weather-node\output\core\core.a(Print.cpp.o)
                              c:\Users\fx\Upwork\weather-node\output\core\core.a(HardwareSerial.cpp.o) (Print::write(void const*, unsigned long))
c:\Users\fx\Upwork\weather-node\output\core\core.a(cxxabi-compat.cpp.o)
                              c:\Users\fx\Upwork\weather-node\output\libraries\DHT_sensor_library\DHT_U.cpp.o (__cxa_pure_virtual)
c:\Users\fx\Upwork\weather-node\output\core\core.a(adc.c.o)
                              c:\Users\fx\Upwork\weather-node\output\core\wirish\boards.cpp.o (adc_set_sample_rate)
c:\Users\fx\Upwork\weather-node\output\core\core.a(adc_f1.c.o)
                              (__irq_adc)
c:\Users\fx\Upwork\weather-node\output\core\core.a(dma_f1.c.o)
                              (__irq_dma1_channel1)
c:\Users\fx\Upwork\weather-node\output\core\core.a(exc.S.o)
                              (__exc_nmi)
c:\Users\fx\Upwork\weather-node\output\core\core.a(exti.c.o)
                              (__irq_exti0)
c:\Users\fx\Upwork\weather-node\output\core\core.a(exti_f1.c.o)
                              c:\Users\fx\Upwork\weather-node\output\core\core.a(exti.c.o) (exti_select)
c:\Users\fx\Upwork\weather-node\output\core\core.a(flash.c.o)
                              c:\Users\fx\Upwork\weather-node\output\core\wirish\boards.cpp.o (flash_set_latency)
c:\Users\fx\Upwork\weather-node\output\core\core.a(gpio_f1.c.o)
                              c:\Users\fx\Upwork\weather-node\output\core\wirish\boards_setup.cpp.o (gpio_init_all)
c:\Users\fx\Upwork\weather-node\output\core\core.a(i2c_f1.c.o)
                              (__irq_i2c1_ev)
c:\Users\fx\Upwork\weather-node\output\core\core.a(nvic.c.o)
                              c:\Users\fx\Upwork\weather-node\output\core\core.a(i2c_f1.c.o) (nvic_irq_set_priority)
c:\Users\fx\Upwork\weather-node\output\core\core.a(rcc.c.o)
                              c:\Users\fx\Upwork\weather-node\output\core\wirish\boards.cpp.o (rcc_switch_sysclk)
c:\Users\fx\Upwork\weather-node\output\core\core.a(rcc_f1.c.o)
                              c:\Users\fx\Upwork\weather-node\output\core\wirish\boards.cpp.o (rcc_configure_pll)
c:\Users\fx\Upwork\weather-node\output\core\core.a(isrs.S.o)
                              (__stm32reservedexception7)
c:\Users\fx\Upwork\weather-node\output\core\core.a(vector_table.S.o)
                              (__stm32_vector_table)
c:\Users\fx\Upwork\weather-node\output\core\core.a(systick.c.o)
                              c:\Users\fx\Upwork\weather-node\output\core\wirish\boards.cpp.o (systick_init)
c:\Users\fx\Upwork\weather-node\output\core\core.a(timer.c.o)
                              c:\Users\fx\Upwork\weather-node\output\core\wirish\boards.cpp.o (timer_foreach)
c:\Users\fx\Upwork\weather-node\output\core\core.a(usart.c.o)
                              c:\Users\fx\Upwork\weather-node\output\core\core.a(HardwareSerial.cpp.o) (usart_init)
c:\Users\fx\Upwork\weather-node\output\core\core.a(usart_f1.c.o)
                              c:\Users\fx\Upwork\weather-node\output\core\core.a(HardwareSerial.cpp.o) (usart_config_gpios_async)
c:\Users\fx\Upwork\weather-node\output\core\core.a(usart_private.c.o)
                              c:\Users\fx\Upwork\weather-node\output\core\core.a(usart_f1.c.o) (_usart_clock_freq)
c:\Users\fx\Upwork\weather-node\output\core\core.a(usb.c.o)
                              (__irq_usb_lp_can_rx0)
c:\Users\fx\Upwork\weather-node\output\core\core.a(usb_cdcacm.c.o)
                              c:\Users\fx\Upwork\weather-node\output\core\core.a(usb.c.o) (User_Standard_Requests)
c:\Users\fx\Upwork\weather-node\output\core\core.a(usb_reg_map.c.o)
                              c:\Users\fx\Upwork\weather-node\output\core\core.a(usb_cdcacm.c.o) (usb_set_ep_rx_count)
c:\Users\fx\Upwork\weather-node\output\core\core.a(usb_core.c.o)
                              c:\Users\fx\Upwork\weather-node\output\core\core.a(usb_cdcacm.c.o) (Standard_GetDescriptorData)
c:\Users\fx\Upwork\weather-node\output\core\core.a(usb_init.c.o)
                              c:\Users\fx\Upwork\weather-node\output\core\core.a(usb.c.o) (pInformation)
c:\Users\fx\Upwork\weather-node\output\core\core.a(usb_mem.c.o)
                              c:\Users\fx\Upwork\weather-node\output\core\core.a(usb_core.c.o) (UserToPMABufferCopy)
c:\Users\fx\Upwork\weather-node\output\core\core.a(usb_regs.c.o)
                              c:\Users\fx\Upwork\weather-node\output\core\core.a(usb_core.c.o) (SetEPTxStatus)
c:\Users\fx\Upwork\weather-node\output\core\core.a(util.c.o)
                              c:\Users\fx\Upwork\weather-node\output\core\core.a(exc.S.o) (__error)
c:\Users\fx\Upwork\weather-node\output\core\core.a(main.cpp.o)
[...]
Memory Configuration

Name             Origin             Length             Attributes
ram              0x20000000         0x00005000         xrw
rom              0x08000000         0x00010000         xr
*default*        0x00000000         0xffffffff

Linker script and memory map

LOAD c:/users/fx/appdata/local/arduino15/packages/arduino/tools/arm-none-eabi-gcc/4.8.3-2014q1/bin/../lib/gcc/arm-none-eabi/4.8.3/armv7-m/crti.o
LOAD c:/users/fx/appdata/local/arduino15/packages/arduino/tools/arm-none-eabi-gcc/4.8.3-2014q1/bin/../lib/gcc/arm-none-eabi/4.8.3/armv7-m/crtbegin.o
LOAD c:/users/fx/appdata/local/arduino15/packages/arduino/tools/arm-none-eabi-gcc/4.8.3-2014q1/bin/../lib/gcc/arm-none-eabi/4.8.3/../../../../arm-none-eabi/lib/armv7-m/crt0.o
LOAD c:/users/fx/appdata/local/arduino15/packages/arduino/tools/arm-none-eabi-gcc/4.8.3-2014q1/bin/../lib/gcc/arm-none-eabi/4.8.3/armv7-m\libgcc.a
START GROUP
LOAD c:\Users\fx\Upwork\weather-node\output\sketch\weatherSIM808.ino.cpp.o
LOAD c:\Users\fx\Upwork\weather-node\output\libraries\FreeRTOS821\MapleFreeRTOS821.cpp.o
LOAD c:\Users\fx\Upwork\weather-node\output\libraries\FreeRTOS821\utility\croutine.c.o
LOAD c:\Users\fx\Upwork\weather-node\output\libraries\FreeRTOS821\utility\event_groups.c.o
LOAD c:\Users\fx\Upwork\weather-node\output\libraries\FreeRTOS821\utility\heap_1.c.o
LOAD c:\Users\fx\Upwork\weather-node\output\libraries\FreeRTOS821\utility\list.c.o
LOAD c:\Users\fx\Upwork\weather-node\output\libraries\FreeRTOS821\utility\port.c.o
LOAD c:\Users\fx\Upwork\weather-node\output\libraries\FreeRTOS821\utility\queue.c.o
LOAD c:\Users\fx\Upwork\weather-node\output\libraries\FreeRTOS821\utility\tasks.c.o
LOAD c:\Users\fx\Upwork\weather-node\output\libraries\FreeRTOS821\utility\timers.c.o
LOAD c:\Users\fx\Upwork\weather-node\output\libraries\DHT_sensor_library\DHT.cpp.o
LOAD c:\Users\fx\Upwork\weather-node\output\libraries\DHT_sensor_library\DHT_U.cpp.o
LOAD c:\Users\fx\Upwork\weather-node\output\libraries\Adafruit_Unified_Sensor\Adafruit_Sensor.cpp.o
LOAD c:\Users\fx\Upwork\weather-node\output\core\board.cpp.o
LOAD c:\Users\fx\Upwork\weather-node\output\core\wirish\boards.cpp.o
LOAD c:\Users\fx\Upwork\weather-node\output\core\wirish\boards_setup.cpp.o
LOAD c:\Users\fx\Upwork\weather-node\output\core\wirish\start.S.o
LOAD c:\Users\fx\Upwork\weather-node\output\core\wirish\start_c.c.o
LOAD c:\Users\fx\Upwork\weather-node\output\core\wirish\syscalls.c.o
LOAD c:\Users\fx\Upwork\weather-node\output\core\core.a
END GROUP
LOAD c:/users/fx/appdata/local/arduino15/packages/arduino/tools/arm-none-eabi-gcc/4.8.3-2014q1/bin/../lib/gcc/arm-none-eabi/4.8.3/../../../../arm-none-eabi/lib/armv7-m\libstdc++.a
LOAD c:/users/fx/appdata/local/arduino15/packages/arduino/tools/arm-none-eabi-gcc/4.8.3-2014q1/bin/../lib/gcc/arm-none-eabi/4.8.3/../../../../arm-none-eabi/lib/armv7-m\libm.a
START GROUP
LOAD c:/users/fx/appdata/local/arduino15/packages/arduino/tools/arm-none-eabi-gcc/4.8.3-2014q1/bin/../lib/gcc/arm-none-eabi/4.8.3/armv7-m\libgcc.a
LOAD c:/users/fx/appdata/local/arduino15/packages/arduino/tools/arm-none-eabi-gcc/4.8.3-2014q1/bin/../lib/gcc/arm-none-eabi/4.8.3/../../../../arm-none-eabi/lib/armv7-m\libc.a
END GROUP
LOAD c:/users/fx/appdata/local/arduino15/packages/arduino/tools/arm-none-eabi-gcc/4.8.3-2014q1/bin/../lib/gcc/arm-none-eabi/4.8.3/armv7-m/crtend.o
LOAD c:/users/fx/appdata/local/arduino15/packages/arduino/tools/arm-none-eabi-gcc/4.8.3-2014q1/bin/../lib/gcc/arm-none-eabi/4.8.3/armv7-m/crtn.o
START GROUP
LOAD c:/users/fx/appdata/local/arduino15/packages/arduino/tools/arm-none-eabi-gcc/4.8.3-2014q1/bin/../lib/gcc/arm-none-eabi/4.8.3/armv7-m\libgcc.a
LOAD c:/users/fx/appdata/local/arduino15/packages/arduino/tools/arm-none-eabi-gcc/4.8.3-2014q1/bin/../lib/gcc/arm-none-eabi/4.8.3/../../../../arm-none-eabi/lib/armv7-m\libc.a
LOAD c:/users/fx/appdata/local/arduino15/packages/arduino/tools/arm-none-eabi-gcc/4.8.3-2014q1/bin/../lib/gcc/arm-none-eabi/4.8.3/../../../../arm-none-eabi/lib/armv7-m\libm.a
END GROUP
START GROUP
LOAD c:/users/fx/appdata/local/arduino15/packages/arduino/tools/arm-none-eabi-gcc/4.8.3-2014q1/bin/../lib/gcc/arm-none-eabi/4.8.3/../../../../arm-none-eabi/lib/armv7-m\libnosys.a
END GROUP
                0x20005000                PROVIDE (__msp_init, (ORIGIN (ram) + 0x5000))
                0x08001528                PROVIDE (__exc_reset, __start__)

.text           0x08000000     0x8bc8
                0x08000000                __text_start__ = .
 *(.stm32.interrupt_vector)
 .stm32.interrupt_vector
                0x08000000       0xec c:\Users\fx\Upwork\weather-node\output\core\core.a(vector_table.S.o)
                0x08000000                __stm32_vector_table
 *(.text .text.* .gnu.linkonce.t.*)
 .text          0x080000ec       0x54 c:/users/fx/appdata/local/arduino15/packages/arduino/tools/arm-none-eabi-gcc/4.8.3-2014q1/bin/../lib/gcc/arm-none-eabi/4.8.3/armv7-m/crtbegin.o
 .text._Z11readTempHumv
                0x08000140       0x2c c:\Users\fx\Upwork\weather-node\output\sketch\weatherSIM808.ino.cpp.o
                0x08000140                readTempHum()
 .text._Z17processingPM1Datac
                0x0800016c       0x68 c:\Users\fx\Upwork\weather-node\output\sketch\weatherSIM808.ino.cpp.o
                0x0800016c                processingPM1Data(char)
 .text._Z17processingPM2Datac
                0x080001d4       0x64 c:\Users\fx\Upwork\weather-node\output\sketch\weatherSIM808.ino.cpp.o
                0x080001d4                processingPM2Data(char)
 .text._Z9buildJSONv
                0x08000238       0xa4 c:\Users\fx\Upwork\weather-node\output\sketch\weatherSIM808.ino.cpp.o
                0x08000238                buildJSON()
 .text._Z6mPowerv
                0x080002dc       0x30 c:\Users\fx\Upwork\weather-node\output\sketch\weatherSIM808.ino.cpp.o
                0x080002dc                mPower()
 .text._Z5blinkv
                0x0800030c       0x26 c:\Users\fx\Upwork\weather-node\output\sketch\weatherSIM808.ino.cpp.o
                0x0800030c                blink()
 *fill*         0x08000332        0x2 
 .text._Z7procCGRv
                0x08000334       0x28 c:\Users\fx\Upwork\weather-node\output\sketch\weatherSIM808.ino.cpp.o
                0x08000334                procCGR()
 .text._Z7procCGNv
                0x0800035c       0x74 c:\Users\fx\Upwork\weather-node\output\sketch\weatherSIM808.ino.cpp.o
                0x0800035c                procCGN()
 .text._Z6waitOki
                0x080003d0       0x48 c:\Users\fx\Upwork\weather-node\output\sketch\weatherSIM808.ino.cpp.o
                0x080003d0                waitOk(int)
 .text._Z11sendCommandPKci
                0x08000418       0x38 c:\Users\fx\Upwork\weather-node\output\sketch\weatherSIM808.ino.cpp.o
                0x08000418                sendCommand(char const*, int)
 .text._Z10sim808Initv
                0x08000450       0x28 c:\Users\fx\Upwork\weather-node\output\sketch\weatherSIM808.ino.cpp.o
                0x08000450                sim808Init()
 .text._ZL10task_modemPv
                0x08000478      0x158 c:\Users\fx\Upwork\weather-node\output\sketch\weatherSIM808.ino.cpp.o
 .text._Z5setupv
                0x080005d0       0xc8 c:\Users\fx\Upwork\weather-node\output\sketch\weatherSIM808.ino.cpp.o
                0x080005d0                setup()
 .text._Z4loopv
                0x08000698        0x2 c:\Users\fx\Upwork\weather-node\output\sketch\weatherSIM808.ino.cpp.o
                0x08000698                loop()
 *fill*         0x0800069a        0x2 
 .text.startup._GLOBAL__sub_I_dht
                0x0800069c       0x10 c:\Users\fx\Upwork\weather-node\output\sketch\weatherSIM808.ino.cpp.o
 .text._Z7readPM1v
                0x080006ac       0x20 c:\Users\fx\Upwork\weather-node\output\sketch\weatherSIM808.ino.cpp.o
                0x080006ac                readPM1()
 .text._Z7readPM2v
                0x080006cc       0x20 c:\Users\fx\Upwork\weather-node\output\sketch\weatherSIM808.ino.cpp.o
                0x080006cc                readPM2()
 .text._ZL12task_sensorsPv
                0x080006ec       0x14 c:\Users\fx\Upwork\weather-node\output\sketch\weatherSIM808.ino.cpp.o
 .text._ZL14task_readModemPv
                0x08000700       0xf8 c:\Users\fx\Upwork\weather-node\output\sketch\weatherSIM808.ino.cpp.o
 .text.vApplicationStackOverflowHook
                0x080007f8        0x2 c:\Users\fx\Upwork\weather-node\output\libraries\FreeRTOS821\MapleFreeRTOS821.cpp.o
                0x080007f8                vApplicationStackOverflowHook
 *fill*         0x080007fa        0x2 
 .text.pvPortMalloc
                0x080007fc       0x50 c:\Users\fx\Upwork\weather-node\output\libraries\FreeRTOS821\utility\heap_1.c.o
                0x080007fc                pvPortMalloc
 .text.vPortFree
                0x0800084c        0x2 c:\Users\fx\Upwork\weather-node\output\libraries\FreeRTOS821\utility\heap_1.c.o
                0x0800084c                vPortFree
 .text.vListInitialise
                0x0800084e       0x16 c:\Users\fx\Upwork\weather-node\output\libraries\FreeRTOS821\utility\list.c.o
                0x0800084e                vListInitialise
 .text.vListInitialiseItem
                0x08000864        0x6 c:\Users\fx\Upwork\weather-node\output\libraries\FreeRTOS821\utility\list.c.o
                0x08000864                vListInitialiseItem
 .text.vListInsertEnd
                0x0800086a       0x18 c:\Users\fx\Upwork\weather-node\output\libraries\FreeRTOS821\utility\list.c.o
                0x0800086a                vListInsertEnd
 .text.vListInsert
                0x08000882       0x30 c:\Users\fx\Upwork\weather-node\output\libraries\FreeRTOS821\utility\list.c.o
                0x08000882                vListInsert
 .text.uxListRemove
                0x080008b2       0x20 c:\Users\fx\Upwork\weather-node\output\libraries\FreeRTOS821\utility\list.c.o
                0x080008b2                uxListRemove
 *fill*         0x080008d2        0x2 
 .text.prvPortStartFirstTask
                0x080008d4       0x20 c:\Users\fx\Upwork\weather-node\output\libraries\FreeRTOS821\utility\port.c.o
 .text.pxPortInitialiseStack
                0x080008f4       0x1c c:\Users\fx\Upwork\weather-node\output\libraries\FreeRTOS821\utility\port.c.o
                0x080008f4                pxPortInitialiseStack
 .text.__exc_svc
                0x08000910       0x28 c:\Users\fx\Upwork\weather-node\output\libraries\FreeRTOS821\utility\port.c.o
                0x08000910                __exc_svc
 .text.vPortYield
                0x08000938       0x18 c:\Users\fx\Upwork\weather-node\output\libraries\FreeRTOS821\utility\port.c.o
                0x08000938                vPortYield
 .text.ulPortSetInterruptMask
                0x08000950       0x10 c:\Users\fx\Upwork\weather-node\output\libraries\FreeRTOS821\utility\port.c.o
                0x08000950                ulPortSetInterruptMask
 .text.prvTaskExitError
                0x08000960        0x8 c:\Users\fx\Upwork\weather-node\output\libraries\FreeRTOS821\utility\port.c.o
 .text.xPortStartScheduler
                0x08000968       0x38 c:\Users\fx\Upwork\weather-node\output\libraries\FreeRTOS821\utility\port.c.o
                0x08000968                xPortStartScheduler
 .text.vPortEnterCritical
                0x080009a0       0x1c c:\Users\fx\Upwork\weather-node\output\libraries\FreeRTOS821\utility\port.c.o
                0x080009a0                vPortEnterCritical
 .text.vPortClearInterruptMask
                0x080009bc        0x6 c:\Users\fx\Upwork\weather-node\output\libraries\FreeRTOS821\utility\port.c.o
                0x080009bc                vPortClearInterruptMask
 *fill*         0x080009c2        0x2 
 .text.vPortExitCritical
                0x080009c4       0x14 c:\Users\fx\Upwork\weather-node\output\libraries\FreeRTOS821\utility\port.c.o
                0x080009c4                vPortExitCritical
 .text.xPortSysTickHandler
                0x080009d8       0x24 c:\Users\fx\Upwork\weather-node\output\libraries\FreeRTOS821\utility\port.c.o
                0x080009d8                xPortSysTickHandler
 .text.__exc_pendsv
                0x080009fc       0x48 c:\Users\fx\Upwork\weather-node\output\libraries\FreeRTOS821\utility\port.c.o
                0x080009fc                __exc_pendsv
 .text.prvResetNextTaskUnblockTime
                0x08000a44       0x24 c:\Users\fx\Upwork\weather-node\output\libraries\FreeRTOS821\utility\tasks.c.o
 .text.prvAddCurrentTaskToDelayedList
                0x08000a68       0x50 c:\Users\fx\Upwork\weather-node\output\libraries\FreeRTOS821\utility\tasks.c.o
 .text.xTaskGenericCreate
                0x08000ab8      0x1a4 c:\Users\fx\Upwork\weather-node\output\libraries\FreeRTOS821\utility\tasks.c.o
                0x08000ab8                xTaskGenericCreate
 .text.vTaskStartScheduler
                0x08000c5c       0x4c c:\Users\fx\Upwork\weather-node\output\libraries\FreeRTOS821\utility\tasks.c.o
                0x08000c5c                vTaskStartScheduler
 .text.vTaskSuspendAll
                0x08000ca8       0x10 c:\Users\fx\Upwork\weather-node\output\libraries\FreeRTOS821\utility\tasks.c.o
                0x08000ca8                vTaskSuspendAll
 .text.xTaskIncrementTick
                0x08000cb8       0xfc c:\Users\fx\Upwork\weather-node\output\libraries\FreeRTOS821\utility\tasks.c.o
                0x08000cb8                xTaskIncrementTick
 .text.xTaskResumeAll
                0x08000db4       0xc0 c:\Users\fx\Upwork\weather-node\output\libraries\FreeRTOS821\utility\tasks.c.o
                0x08000db4                xTaskResumeAll
 .text.vTaskDelay
                0x08000e74       0x54 c:\Users\fx\Upwork\weather-node\output\libraries\FreeRTOS821\utility\tasks.c.o
                0x08000e74                vTaskDelay
 .text.prvIdleTask
                0x08000ec8       0x64 c:\Users\fx\Upwork\weather-node\output\libraries\FreeRTOS821\utility\tasks.c.o
 .text.vTaskSwitchContext
                0x08000f2c       0x8c c:\Users\fx\Upwork\weather-node\output\libraries\FreeRTOS821\utility\tasks.c.o
                0x08000f2c                vTaskSwitchContext
 .text._ZN3DHTC2Ehhh
                0x08000fb8        0xc c:\Users\fx\Upwork\weather-node\output\libraries\DHT_sensor_library\DHT.cpp.o
                0x08000fb8                DHT::DHT(unsigned char, unsigned char, unsigned char)
                0x08000fb8                DHT::DHT(unsigned char, unsigned char, unsigned char)
 .text._ZN3DHT5beginEh
                0x08000fc4       0x20 c:\Users\fx\Upwork\weather-node\output\libraries\DHT_sensor_library\DHT.cpp.o
                0x08000fc4                DHT::begin(unsigned char)
 .text._ZN3DHT11expectPulseEb
                0x08000fe4       0x28 c:\Users\fx\Upwork\weather-node\output\libraries\DHT_sensor_library\DHT.cpp.o
                0x08000fe4                DHT::expectPulse(bool)
 .text._ZN3DHT4readEb
                0x0800100c      0x11c c:\Users\fx\Upwork\weather-node\output\libraries\DHT_sensor_library\DHT.cpp.o
                0x0800100c                DHT::read(bool)
 .text._ZN3DHT15readTemperatureEbb
                0x08001128      0x130 c:\Users\fx\Upwork\weather-node\output\libraries\DHT_sensor_library\DHT.cpp.o
                0x08001128                DHT::readTemperature(bool, bool)
 .text._ZN3DHT12readHumidityEb
                0x08001258       0x80 c:\Users\fx\Upwork\weather-node\output\libraries\DHT_sensor_library\DHT.cpp.o
                0x08001258                DHT::readHumidity(bool)
 .text._Z9boardInitv
                0x080012d8        0x2 c:\Users\fx\Upwork\weather-node\output\core\board.cpp.o
                0x080012d8                boardInit()
 *fill*         0x080012da        0x2 
 .text.startup._GLOBAL__sub_I__Z9boardInitv
                0x080012dc       0x48 c:\Users\fx\Upwork\weather-node\output\core\board.cpp.o
 .text._ZL18adc_default_configP7adc_dev
                0x08001324       0x1c c:\Users\fx\Upwork\weather-node\output\core\wirish\boards.cpp.o
 .text._ZL20timer_default_configP9timer_dev
                0x08001340       0x9e c:\Users\fx\Upwork\weather-node\output\core\wirish\boards.cpp.o
 *fill*         0x080013de        0x2 
 .text._Z4initv
                0x080013e0       0xb8 c:\Users\fx\Upwork\weather-node\output\core\wirish\boards.cpp.o
                0x080013e0                init()
 .text._ZN6wirish4priv15board_reset_pllEv
                0x08001498        0x2 c:\Users\fx\Upwork\weather-node\output\core\wirish\boards_setup.cpp.o
                0x08001498                wirish::priv::board_reset_pll()
 .text._ZN6wirish4priv28board_setup_clock_prescalersEv
                0x0800149a       0x30 c:\Users\fx\Upwork\weather-node\output\core\wirish\boards_setup.cpp.o
                0x0800149a                wirish::priv::board_setup_clock_prescalers()
 .text._ZN6wirish4priv16board_setup_gpioEv
                0x080014ca        0x4 c:\Users\fx\Upwork\weather-node\output\core\wirish\boards_setup.cpp.o
                0x080014ca                wirish::priv::board_setup_gpio()
 *fill*         0x080014ce        0x2 
 .text._ZN6wirish4priv15board_setup_usbEv
                0x080014d0       0x54 c:\Users\fx\Upwork\weather-node\output\core\wirish\boards_setup.cpp.o
                0x080014d0                wirish::priv::board_setup_usb()
 .text._ZN6wirish4priv11series_initEv
                0x08001524        0x4 c:\Users\fx\Upwork\weather-node\output\core\wirish\boards_setup.cpp.o
                0x08001524                wirish::priv::series_init()
 .text          0x08001528       0x10 c:\Users\fx\Upwork\weather-node\output\core\wirish\start.S.o
                0x08001528                __start__
 .text.start_c  0x08001538       0x58 c:\Users\fx\Upwork\weather-node\output\core\wirish\start_c.c.o
                0x08001538                start_c
 .text._sbrk    0x08001590       0x44 c:\Users\fx\Upwork\weather-node\output\core\wirish\syscalls.c.o
                0x08001590                _sbrk
 .text.rb_full_count
                0x080015d4       0x22 c:\Users\fx\Upwork\weather-node\output\core\core.a(HardwareSerial.cpp.o)
 .text._ZN14HardwareSerial4readEv
                0x080015f6       0x3a c:\Users\fx\Upwork\weather-node\output\core\core.a(HardwareSerial.cpp.o)
                0x080015f6                HardwareSerial::read()
 .text._ZN14HardwareSerial9availableEv
                0x08001630        0xc c:\Users\fx\Upwork\weather-node\output\core\core.a(HardwareSerial.cpp.o)
                0x08001630                HardwareSerial::available()
 .text._ZN14HardwareSerial4peekEv
                0x0800163c       0x22 c:\Users\fx\Upwork\weather-node\output\core\core.a(HardwareSerial.cpp.o)
                0x0800163c                HardwareSerial::peek()
 .text._ZN14HardwareSerial5flushEv
                0x0800165e       0x1a c:\Users\fx\Upwork\weather-node\output\core\core.a(HardwareSerial.cpp.o)
                0x0800165e                HardwareSerial::flush()
 .text._ZN14HardwareSerial5writeEh
                0x08001678       0x1e c:\Users\fx\Upwork\weather-node\output\core\core.a(HardwareSerial.cpp.o)
                0x08001678                HardwareSerial::write(unsigned char)
 *fill*         0x08001696        0x2 
 .text._ZN14HardwareSerialC2EP9usart_devhh
                0x08001698       0x1c c:\Users\fx\Upwork\weather-node\output\core\core.a(HardwareSerial.cpp.o)
                0x08001698                HardwareSerial::HardwareSerial(usart_dev*, unsigned char, unsigned char)
                0x08001698                HardwareSerial::HardwareSerial(usart_dev*, unsigned char, unsigned char)
 .text._ZN14HardwareSerial5beginEmh
                0x080016b4       0x78 c:\Users\fx\Upwork\weather-node\output\core\core.a(HardwareSerial.cpp.o)
                0x080016b4                HardwareSerial::begin(unsigned long, unsigned char)
 .text._ZN14HardwareSerial5beginEm
                0x0800172c        0x6 c:\Users\fx\Upwork\weather-node\output\core\core.a(HardwareSerial.cpp.o)
                0x0800172c                HardwareSerial::begin(unsigned long)
 .text._ZN5Print5writeEPKvm
                0x08001732       0x20 c:\Users\fx\Upwork\weather-node\output\core\core.a(Print.cpp.o)
                0x08001732                Print::write(void const*, unsigned long)
 .text._ZN5Print5writeEPKc
                0x08001752       0x1e c:\Users\fx\Upwork\weather-node\output\core\core.a(Print.cpp.o)
                0x08001752                Print::write(char const*)
 .text._ZN5Print5printEc
                0x08001770        0xa c:\Users\fx\Upwork\weather-node\output\core\core.a(Print.cpp.o)
                0x08001770                Print::print(char)
 .text._ZN5Print5printEPKc
                0x0800177a        0xa c:\Users\fx\Upwork\weather-node\output\core\core.a(Print.cpp.o)
                0x0800177a                Print::print(char const*)
 .text._ZN5Print7printlnEv
                0x08001784       0x18 c:\Users\fx\Upwork\weather-node\output\core\core.a(Print.cpp.o)
                0x08001784                Print::println()
 .text._ZN5Print7printlnEPKc
                0x0800179c       0x14 c:\Users\fx\Upwork\weather-node\output\core\core.a(Print.cpp.o)
                0x0800179c                Print::println(char const*)
 .text.adc_init
                0x080017b0       0x14 c:\Users\fx\Upwork\weather-node\output\core\core.a(adc.c.o)
                0x080017b0                adc_init
 .text.adc_set_extsel
                0x080017c4       0x12 c:\Users\fx\Upwork\weather-node\output\core\core.a(adc.c.o)
                0x080017c4                adc_set_extsel
 .text.adc_set_sample_rate
                0x080017d6       0x30 c:\Users\fx\Upwork\weather-node\output\core\core.a(adc.c.o)
                0x080017d6                adc_set_sample_rate
 *fill*         0x08001806        0x2 
 .text.__irq_adc
                0x08001808       0x50 c:\Users\fx\Upwork\weather-node\output\core\core.a(adc_f1.c.o)
                0x08001808                __irq_adc
 .text.adc_calibrate
                0x08001858       0x24 c:\Users\fx\Upwork\weather-node\output\core\core.a(adc_f1.c.o)
                0x08001858                adc_calibrate
 .text.adc_set_prescaler
                0x0800187c        0x8 c:\Users\fx\Upwork\weather-node\output\core\core.a(adc_f1.c.o)
                0x0800187c                adc_set_prescaler
 .text.adc_foreach
                0x08001884       0x1c c:\Users\fx\Upwork\weather-node\output\core\core.a(adc_f1.c.o)
                0x08001884                adc_foreach
 .text.adc_enable_single_swstart
                0x080018a0       0x36 c:\Users\fx\Upwork\weather-node\output\core\core.a(adc_f1.c.o)
                0x080018a0                adc_enable_single_swstart
 .text.dma_irq_handler
                0x080018d6       0x1c c:\Users\fx\Upwork\weather-node\output\core\core.a(dma_f1.c.o)
 *fill*         0x080018f2        0x2 
 .text.__irq_dma1_channel1
                0x080018f4       0x10 c:\Users\fx\Upwork\weather-node\output\core\core.a(dma_f1.c.o)
                0x080018f4                __irq_dma1_channel1
 .text.__irq_dma1_channel2
                0x08001904       0x10 c:\Users\fx\Upwork\weather-node\output\core\core.a(dma_f1.c.o)
                0x08001904                __irq_dma1_channel2
 .text.__irq_dma1_channel3
                0x08001914       0x10 c:\Users\fx\Upwork\weather-node\output\core\core.a(dma_f1.c.o)
                0x08001914                __irq_dma1_channel3
 .text.__irq_dma1_channel4
                0x08001924       0x10 c:\Users\fx\Upwork\weather-node\output\core\core.a(dma_f1.c.o)
                0x08001924                __irq_dma1_channel4
 .text.__irq_dma1_channel5
                0x08001934       0x10 c:\Users\fx\Upwork\weather-node\output\core\core.a(dma_f1.c.o)
                0x08001934                __irq_dma1_channel5
 .text.__irq_dma1_channel6
                0x08001944       0x10 c:\Users\fx\Upwork\weather-node\output\core\core.a(dma_f1.c.o)
                0x08001944                __irq_dma1_channel6
 .text.__irq_dma1_channel7
                0x08001954       0x10 c:\Users\fx\Upwork\weather-node\output\core\core.a(dma_f1.c.o)
                0x08001954                __irq_dma1_channel7
 *fill*         0x08001964        0xc 
 .text          0x08001970       0x60 c:\Users\fx\Upwork\weather-node\output\core\core.a(exc.S.o)
                0x08001970                __exc_nmi
                0x08001974                __exc_hardfault
                0x08001978                __exc_memmanage
                0x0800197c                __exc_busfault
                0x08001980                __exc_usagefault
 .text.dispatch_single_exti
                0x080019d0       0x2c c:\Users\fx\Upwork\weather-node\output\core\core.a(exti.c.o)
                0x080019d0                dispatch_single_exti
 .text.dispatch_extis
                0x080019fc       0x4c c:\Users\fx\Upwork\weather-node\output\core\core.a(exti.c.o)
                0x080019fc                dispatch_extis
 .text.__irq_exti0
                0x08001a48        0x6 c:\Users\fx\Upwork\weather-node\output\core\core.a(exti.c.o)
                0x08001a48                __irq_exti0
 .text.__irq_exti1
                0x08001a4e        0x6 c:\Users\fx\Upwork\weather-node\output\core\core.a(exti.c.o)
                0x08001a4e                __irq_exti1
 .text.__irq_exti2
                0x08001a54        0x6 c:\Users\fx\Upwork\weather-node\output\core\core.a(exti.c.o)
                0x08001a54                __irq_exti2
 .text.__irq_exti3
                0x08001a5a        0x6 c:\Users\fx\Upwork\weather-node\output\core\core.a(exti.c.o)
                0x08001a5a                __irq_exti3
 .text.__irq_exti4
                0x08001a60        0x6 c:\Users\fx\Upwork\weather-node\output\core\core.a(exti.c.o)
                0x08001a60                __irq_exti4
 .text.__irq_exti9_5
                0x08001a66        0x8 c:\Users\fx\Upwork\weather-node\output\core\core.a(exti.c.o)
                0x08001a66                __irq_exti9_5
 .text.__irq_exti15_10
                0x08001a6e        0x8 c:\Users\fx\Upwork\weather-node\output\core\core.a(exti.c.o)
                0x08001a6e                __irq_exti15_10
 *fill*         0x08001a76        0x2 
 .text.flash_set_latency
                0x08001a78       0x14 c:\Users\fx\Upwork\weather-node\output\core\core.a(flash.c.o)
                0x08001a78                flash_set_latency
 .text.gpio_init_all
                0x08001a8c       0x30 c:\Users\fx\Upwork\weather-node\output\core\core.a(gpio_f1.c.o)
                0x08001a8c                gpio_init_all
 .text.gpio_set_mode
                0x08001abc       0x50 c:\Users\fx\Upwork\weather-node\output\core\core.a(gpio_f1.c.o)
                0x08001abc                gpio_set_mode
 .text.afio_init
                0x08001b0c       0x12 c:\Users\fx\Upwork\weather-node\output\core\core.a(gpio_f1.c.o)
                0x08001b0c                afio_init
 *fill*         0x08001b1e        0x2 
 .text.__irq_i2c1_ev
                0x08001b20        0xc c:\Users\fx\Upwork\weather-node\output\core\core.a(i2c_f1.c.o)
                0x08001b20                __irq_i2c1_ev
 .text.__irq_i2c2_ev
                0x08001b2c        0xc c:\Users\fx\Upwork\weather-node\output\core\core.a(i2c_f1.c.o)
                0x08001b2c                __irq_i2c2_ev
 .text.__irq_i2c1_er
                0x08001b38        0xc c:\Users\fx\Upwork\weather-node\output\core\core.a(i2c_f1.c.o)
                0x08001b38                __irq_i2c1_er
 .text.__irq_i2c2_er
                0x08001b44        0xc c:\Users\fx\Upwork\weather-node\output\core\core.a(i2c_f1.c.o)
                0x08001b44                __irq_i2c2_er
 .text.nvic_irq_set_priority
                0x08001b50       0x28 c:\Users\fx\Upwork\weather-node\output\core\core.a(nvic.c.o)
                0x08001b50                nvic_irq_set_priority
 .text.nvic_init
                0x08001b78       0x30 c:\Users\fx\Upwork\weather-node\output\core\core.a(nvic.c.o)
                0x08001b78                nvic_init
 .text.nvic_sys_reset
                0x08001ba8       0x1c c:\Users\fx\Upwork\weather-node\output\core\core.a(nvic.c.o)
                0x08001ba8                nvic_sys_reset
 .text.rcc_dev_clk
                0x08001bc4        0xc c:\Users\fx\Upwork\weather-node\output\core\core.a(rcc.c.o)
                0x08001bc4                rcc_dev_clk
 .text.rcc_switch_sysclk
                0x08001bd0       0x20 c:\Users\fx\Upwork\weather-node\output\core\core.a(rcc.c.o)
                0x08001bd0                rcc_switch_sysclk
 .text.rcc_turn_on_clk
                0x08001bf0       0x1a c:\Users\fx\Upwork\weather-node\output\core\core.a(rcc.c.o)
                0x08001bf0                rcc_turn_on_clk
 .text.rcc_turn_off_clk
                0x08001c0a       0x1c c:\Users\fx\Upwork\weather-node\output\core\core.a(rcc.c.o)
                0x08001c0a                rcc_turn_off_clk
 .text.rcc_is_clk_ready
                0x08001c26       0x18 c:\Users\fx\Upwork\weather-node\output\core\core.a(rcc.c.o)
                0x08001c26                rcc_is_clk_ready
 *fill*         0x08001c3e        0x2 
 .text.rcc_configure_pll
                0x08001c40       0x18 c:\Users\fx\Upwork\weather-node\output\core\core.a(rcc_f1.c.o)
                0x08001c40                rcc_configure_pll
 .text.rcc_clk_enable
                0x08001c58       0x30 c:\Users\fx\Upwork\weather-node\output\core\core.a(rcc_f1.c.o)
                0x08001c58                rcc_clk_enable
 .text.rcc_reset_dev
                0x08001c88       0x34 c:\Users\fx\Upwork\weather-node\output\core\core.a(rcc_f1.c.o)
                0x08001c88                rcc_reset_dev
 .text.rcc_set_prescaler
                0x08001cbc       0x20 c:\Users\fx\Upwork\weather-node\output\core\core.a(rcc_f1.c.o)
                0x08001cbc                rcc_set_prescaler
 .text.rcc_clk_disable
                0x08001cdc       0x30 c:\Users\fx\Upwork\weather-node\output\core\core.a(rcc_f1.c.o)
                0x08001cdc                rcc_clk_disable
 .text          0x08001d0c        0x2 c:\Users\fx\Upwork\weather-node\output\core\core.a(isrs.S.o)
                0x08001d0c                __stm32reservedexception9
                0x08001d0c                __exc_debug_monitor
                0x08001d0c                __irq_can_rx1
                0x08001d0c                __irq_spi2
                0x08001d0c                __irq_can_sce
                0x08001d0c                __irq_pvd
                0x08001d0c                __irq_tamper
                0x08001d0c                __default_handler
                0x08001d0c                __irq_wwdg
                0x08001d0c                __stm32reservedexception10
                0x08001d0c                __irq_flash
                0x08001d0c                __stm32reservedexception13
                0x08001d0c                __irq_rtc
                0x08001d0c                __irq_spi1
                0x08001d0c                __stm32reservedexception7
                0x08001d0c                __irq_usb_hp_can_tx
                0x08001d0c                __irq_rtcalarm
                0x08001d0c                __stm32reservedexception8
                0x08001d0c                __irq_usbwakeup
                0x08001d0c                __irq_rcc
 *fill*         0x08001d0e        0x2 
 .text.systick_init
                0x08001d10       0x10 c:\Users\fx\Upwork\weather-node\output\core\core.a(systick.c.o)
                0x08001d10                systick_init
 .text.systick_attach_callback
                0x08001d20        0xc c:\Users\fx\Upwork\weather-node\output\core\core.a(systick.c.o)
                0x08001d20                systick_attach_callback
 .text.__exc_systick
                0x08001d2c       0x1c c:\Users\fx\Upwork\weather-node\output\core\core.a(systick.c.o)
                0x08001d2c                __exc_systick
 .text.timer_oc_set_mode
                0x08001d48       0x3a c:\Users\fx\Upwork\weather-node\output\core\core.a(timer.c.o)
 .text.dispatch_general
                0x08001d82       0x66 c:\Users\fx\Upwork\weather-node\output\core\core.a(timer.c.o)
 .text.timer_cc_enable
                0x08001de8       0x1c c:\Users\fx\Upwork\weather-node\output\core\core.a(timer.c.o)
 .text.timer_foreach
                0x08001e04       0x28 c:\Users\fx\Upwork\weather-node\output\core\core.a(timer.c.o)
                0x08001e04                timer_foreach
 .text.timer_init
                0x08001e2c       0x14 c:\Users\fx\Upwork\weather-node\output\core\core.a(timer.c.o)
                0x08001e2c                timer_init
 .text.timer_has_cc_channel
                0x08001e40       0x30 c:\Users\fx\Upwork\weather-node\output\core\core.a(timer.c.o)
                0x08001e40                timer_has_cc_channel
 .text.timer_detach_interrupt
                0x08001e70       0x1e c:\Users\fx\Upwork\weather-node\output\core\core.a(timer.c.o)
                0x08001e70                timer_detach_interrupt
 .text.input_capture_mode
                0x08001e8e       0x1a c:\Users\fx\Upwork\weather-node\output\core\core.a(timer.c.o)
                0x08001e8e                input_capture_mode
 .text.timer_set_mode
                0x08001ea8       0x8c c:\Users\fx\Upwork\weather-node\output\core\core.a(timer.c.o)
                0x08001ea8                timer_set_mode
 .text.__irq_tim1_brk
                0x08001f34       0x24 c:\Users\fx\Upwork\weather-node\output\core\core.a(timer.c.o)
                0x08001f34                __irq_tim1_brk
 .text.__irq_tim1_up
                0x08001f58       0x24 c:\Users\fx\Upwork\weather-node\output\core\core.a(timer.c.o)
                0x08001f58                __irq_tim1_up
 .text.__irq_tim1_trg_com
                0x08001f7c       0x34 c:\Users\fx\Upwork\weather-node\output\core\core.a(timer.c.o)
                0x08001f7c                __irq_tim1_trg_com
 .text.__irq_tim1_cc
                0x08001fb0       0x50 c:\Users\fx\Upwork\weather-node\output\core\core.a(timer.c.o)
                0x08001fb0                __irq_tim1_cc
 .text.__irq_tim2
                0x08002000        0xc c:\Users\fx\Upwork\weather-node\output\core\core.a(timer.c.o)
                0x08002000                __irq_tim2
 .text.__irq_tim3
                0x0800200c        0xc c:\Users\fx\Upwork\weather-node\output\core\core.a(timer.c.o)
                0x0800200c                __irq_tim3
 .text.__irq_tim4
                0x08002018        0xc c:\Users\fx\Upwork\weather-node\output\core\core.a(timer.c.o)
                0x08002018                __irq_tim4
 .text.usart_init
                0x08002024       0x4c c:\Users\fx\Upwork\weather-node\output\core\core.a(usart.c.o)
                0x08002024                usart_init
 .text.usart_enable
                0x08002070       0x14 c:\Users\fx\Upwork\weather-node\output\core\core.a(usart.c.o)
                0x08002070                usart_enable
 .text.usart_tx
                0x08002084       0x9c c:\Users\fx\Upwork\weather-node\output\core\core.a(usart.c.o)
                0x08002084                usart_tx
 .text.usart_irq
                0x08002120       0xc8 c:\Users\fx\Upwork\weather-node\output\core\core.a(usart_f1.c.o)
 .text.usart_config_gpios_async
                0x080021e8       0x4a c:\Users\fx\Upwork\weather-node\output\core\core.a(usart_f1.c.o)
                0x080021e8                usart_config_gpios_async
 .text.usart_set_baud_rate
                0x08002232       0x3c c:\Users\fx\Upwork\weather-node\output\core\core.a(usart_f1.c.o)
                0x08002232                usart_set_baud_rate
 *fill*         0x0800226e        0x2 
 .text.__irq_usart1
                0x08002270       0x18 c:\Users\fx\Upwork\weather-node\output\core\core.a(usart_f1.c.o)
                0x08002270                __irq_usart1
 .text.__irq_usart2
                0x08002288       0x18 c:\Users\fx\Upwork\weather-node\output\core\core.a(usart_f1.c.o)
                0x08002288                __irq_usart2
 .text.__irq_usart3
                0x080022a0       0x18 c:\Users\fx\Upwork\weather-node\output\core\core.a(usart_f1.c.o)
                0x080022a0                __irq_usart3
 .text._usart_clock_freq
                0x080022b8       0x24 c:\Users\fx\Upwork\weather-node\output\core\core.a(usart_private.c.o)
                0x080022b8                _usart_clock_freq
 .text.usb_resume
                0x080022dc       0xb4 c:\Users\fx\Upwork\weather-node\output\core\core.a(usb.c.o)
 .text.usb_init_usblib
                0x08002390       0x48 c:\Users\fx\Upwork\weather-node\output\core\core.a(usb.c.o)
                0x08002390                usb_init_usblib
 .text.__irq_usb_lp_can_rx0
                0x080023d8      0x1c8 c:\Users\fx\Upwork\weather-node\output\core\core.a(usb.c.o)
                0x080023d8                __irq_usb_lp_can_rx0
 .text.usb_set_ep_rx_stat
                0x080025a0       0x22 c:\Users\fx\Upwork\weather-node\output\core\core.a(usb_cdcacm.c.o)
 *fill*         0x080025c2        0x2 
 .text.vcomGetSetLineCoding
                0x080025c4       0x18 c:\Users\fx\Upwork\weather-node\output\core\core.a(usb_cdcacm.c.o)
 .text.usbDataSetup
                0x080025dc       0x54 c:\Users\fx\Upwork\weather-node\output\core\core.a(usb_cdcacm.c.o)
 .text.usbNoDataSetup
                0x08002630       0x50 c:\Users\fx\Upwork\weather-node\output\core\core.a(usb_cdcacm.c.o)
 .text.usbGetInterfaceSetting
                0x08002680       0x10 c:\Users\fx\Upwork\weather-node\output\core\core.a(usb_cdcacm.c.o)
 .text.usbSetConfiguration
                0x08002690       0x1c c:\Users\fx\Upwork\weather-node\output\core\core.a(usb_cdcacm.c.o)
 .text.usbSetDeviceAddress
                0x080026ac       0x10 c:\Users\fx\Upwork\weather-node\output\core\core.a(usb_cdcacm.c.o)
 .text.usbGetStringDescriptor
                0x080026bc       0x20 c:\Users\fx\Upwork\weather-node\output\core\core.a(usb_cdcacm.c.o)
 .text.usbGetConfigDescriptor
                0x080026dc        0xc c:\Users\fx\Upwork\weather-node\output\core\core.a(usb_cdcacm.c.o)
 .text.usbGetDeviceDescriptor
                0x080026e8        0xc c:\Users\fx\Upwork\weather-node\output\core\core.a(usb_cdcacm.c.o)
 .text.usbInit  0x080026f4       0x44 c:\Users\fx\Upwork\weather-node\output\core\core.a(usb_cdcacm.c.o)
 .text.vcomDataTxCb
                0x08002738       0xa0 c:\Users\fx\Upwork\weather-node\output\core\core.a(usb_cdcacm.c.o)
 .text.usbReset
                0x080027d8      0x160 c:\Users\fx\Upwork\weather-node\output\core\core.a(usb_cdcacm.c.o)
 .text.vcomDataRxCb
                0x08002938       0x7c c:\Users\fx\Upwork\weather-node\output\core\core.a(usb_cdcacm.c.o)
 .text.usb_cdcacm_set_hooks
                0x080029b4       0x1c c:\Users\fx\Upwork\weather-node\output\core\core.a(usb_cdcacm.c.o)
                0x080029b4                usb_cdcacm_set_hooks
 .text.usb_cdcacm_enable
                0x080029d0       0x38 c:\Users\fx\Upwork\weather-node\output\core\core.a(usb_cdcacm.c.o)
                0x080029d0                usb_cdcacm_enable
 .text.usb_cdcacm_tx
                0x08002a08       0x60 c:\Users\fx\Upwork\weather-node\output\core\core.a(usb_cdcacm.c.o)
                0x08002a08                usb_cdcacm_tx
 .text.usb_cdcacm_data_available
                0x08002a68       0x18 c:\Users\fx\Upwork\weather-node\output\core\core.a(usb_cdcacm.c.o)
                0x08002a68                usb_cdcacm_data_available
 .text.usb_cdcacm_peek
                0x08002a80       0x38 c:\Users\fx\Upwork\weather-node\output\core\core.a(usb_cdcacm.c.o)
                0x08002a80                usb_cdcacm_peek
 .text.usb_cdcacm_rx
                0x08002ab8       0x34 c:\Users\fx\Upwork\weather-node\output\core\core.a(usb_cdcacm.c.o)
                0x08002ab8                usb_cdcacm_rx
 .text.usb_cdcacm_peek_ex
                0x08002aec       0x40 c:\Users\fx\Upwork\weather-node\output\core\core.a(usb_cdcacm.c.o)
                0x08002aec                usb_cdcacm_peek_ex
 .text.usb_cdcacm_get_dtr
                0x08002b2c       0x10 c:\Users\fx\Upwork\weather-node\output\core\core.a(usb_cdcacm.c.o)
                0x08002b2c                usb_cdcacm_get_dtr
 .text.usb_set_ep_rx_count
                0x08002b3c       0x4c c:\Users\fx\Upwork\weather-node\output\core\core.a(usb_reg_map.c.o)
                0x08002b3c                usb_set_ep_rx_count
 .text.Standard_GetConfiguration
                0x08002b88       0x24 c:\Users\fx\Upwork\weather-node\output\core\core.a(usb_core.c.o)
                0x08002b88                Standard_GetConfiguration
 .text.Standard_GetInterface
                0x08002bac       0x24 c:\Users\fx\Upwork\weather-node\output\core\core.a(usb_core.c.o)
                0x08002bac                Standard_GetInterface
 .text.Standard_GetStatus
                0x08002bd0       0x90 c:\Users\fx\Upwork\weather-node\output\core\core.a(usb_core.c.o)
                0x08002bd0                Standard_GetStatus
 .text.DataStageIn
                0x08002c60       0xa8 c:\Users\fx\Upwork\weather-node\output\core\core.a(usb_core.c.o)
 .text.Standard_SetConfiguration
                0x08002d08       0x38 c:\Users\fx\Upwork\weather-node\output\core\core.a(usb_core.c.o)
                0x08002d08                Standard_SetConfiguration
 .text.Standard_SetInterface
                0x08002d40       0x48 c:\Users\fx\Upwork\weather-node\output\core\core.a(usb_core.c.o)
                0x08002d40                Standard_SetInterface
 .text.Standard_ClearFeature
                0x08002d88       0xd0 c:\Users\fx\Upwork\weather-node\output\core\core.a(usb_core.c.o)
                0x08002d88                Standard_ClearFeature
 .text.Standard_SetEndPointFeature
                0x08002e58       0x84 c:\Users\fx\Upwork\weather-node\output\core\core.a(usb_core.c.o)
                0x08002e58                Standard_SetEndPointFeature
 .text.Standard_SetDeviceFeature
                0x08002edc       0x24 c:\Users\fx\Upwork\weather-node\output\core\core.a(usb_core.c.o)
                0x08002edc                Standard_SetDeviceFeature
 .text.Standard_GetDescriptorData
                0x08002f00       0x1c c:\Users\fx\Upwork\weather-node\output\core\core.a(usb_core.c.o)
                0x08002f00                Standard_GetDescriptorData
 .text.Post0_Process
                0x08002f1c       0x40 c:\Users\fx\Upwork\weather-node\output\core\core.a(usb_core.c.o)
                0x08002f1c                Post0_Process
 .text.Setup0_Process
                0x08002f5c      0x2d0 c:\Users\fx\Upwork\weather-node\output\core\core.a(usb_core.c.o)
                0x08002f5c                Setup0_Process
 .text.Out0_Process
                0x0800322c       0xc8 c:\Users\fx\Upwork\weather-node\output\core\core.a(usb_core.c.o)
                0x0800322c                Out0_Process
 .text.SetDeviceAddress
                0x080032f4       0x38 c:\Users\fx\Upwork\weather-node\output\core\core.a(usb_core.c.o)
                0x080032f4                SetDeviceAddress
 .text.In0_Process
                0x0800332c       0x5c c:\Users\fx\Upwork\weather-node\output\core\core.a(usb_core.c.o)
                0x0800332c                In0_Process
 .text.NOP_Process
                0x08003388        0x2 c:\Users\fx\Upwork\weather-node\output\core\core.a(usb_core.c.o)
                0x08003388                NOP_Process
 .text.UserToPMABufferCopy
                0x0800338a       0x30 c:\Users\fx\Upwork\weather-node\output\core\core.a(usb_mem.c.o)
                0x0800338a                UserToPMABufferCopy
 .text.PMAToUserBufferCopy
                0x080033ba       0x32 c:\Users\fx\Upwork\weather-node\output\core\core.a(usb_mem.c.o)
                0x080033ba                PMAToUserBufferCopy
 .text.SetEPTxStatus
                0x080033ec       0x2a c:\Users\fx\Upwork\weather-node\output\core\core.a(usb_regs.c.o)
                0x080033ec                SetEPTxStatus
 .text.ClearDTOG_RX
                0x08003416       0x20 c:\Users\fx\Upwork\weather-node\output\core\core.a(usb_regs.c.o)
                0x08003416                ClearDTOG_RX
 .text.ClearDTOG_TX
                0x08003436       0x20 c:\Users\fx\Upwork\weather-node\output\core\core.a(usb_regs.c.o)
                0x08003436                ClearDTOG_TX
 *fill*         0x08003456        0x2 
 .text.GetEPTxAddr
                0x08003458       0x1c c:\Users\fx\Upwork\weather-node\output\core\core.a(usb_regs.c.o)
                0x08003458                GetEPTxAddr
 .text.GetEPRxAddr
                0x08003474       0x1c c:\Users\fx\Upwork\weather-node\output\core\core.a(usb_regs.c.o)
                0x08003474                GetEPRxAddr
 .text.SetEPTxCount
                0x08003490       0x1c c:\Users\fx\Upwork\weather-node\output\core\core.a(usb_regs.c.o)
                0x08003490                SetEPTxCount
 .text.SetEPRxCount
                0x080034ac       0x40 c:\Users\fx\Upwork\weather-node\output\core\core.a(usb_regs.c.o)
                0x080034ac                SetEPRxCount
 .text.throb    0x080034ec       0x4c c:\Users\fx\Upwork\weather-node\output\core\core.a(util.c.o)
                0x080034ec                throb
 .text.__error  0x08003538       0x14 c:\Users\fx\Upwork\weather-node\output\core\core.a(util.c.o)
                0x08003538                __error
 .text.startup._Z7premainv
                0x0800354c        0x4 c:\Users\fx\Upwork\weather-node\output\core\core.a(main.cpp.o)
                0x0800354c                premain()
 .text.startup.main
                0x08003550        0xc c:\Users\fx\Upwork\weather-node\output\core\core.a(main.cpp.o)
                0x08003550                main
 .text._Z7pinModeh13WiringPinMode
                0x0800355c       0x84 c:\Users\fx\Upwork\weather-node\output\core\core.a(wirish_digital_f1.cpp.o)
                0x0800355c                pinMode(unsigned char, WiringPinMode)
 .text._ZN9USBSerial9availableEv
                0x080035e0        0x4 c:\Users\fx\Upwork\weather-node\output\core\core.a(usb_serial.cpp.o)
                0x080035e0                USBSerial::available()
 .text._ZN9USBSerial4peekEv
                0x080035e4       0x1e c:\Users\fx\Upwork\weather-node\output\core\core.a(usb_serial.cpp.o)
                0x080035e4                USBSerial::peek()
 .text._ZN9USBSerial4readEv
                0x08003602       0x1e c:\Users\fx\Upwork\weather-node\output\core\core.a(usb_serial.cpp.o)
                0x08003602                USBSerial::read()
 .text._ZL14ifaceSetupHookjPv
                0x08003620       0x38 c:\Users\fx\Upwork\weather-node\output\core\core.a(usb_serial.cpp.o)
 .text._ZL6rxHookjPv
                0x08003658       0x6c c:\Users\fx\Upwork\weather-node\output\core\core.a(usb_serial.cpp.o)
 .text._ZN9USBSerialC2Ev
                0x080036c4       0x14 c:\Users\fx\Upwork\weather-node\output\core\core.a(usb_serial.cpp.o)
                0x080036c4                USBSerial::USBSerial()
                0x080036c4                USBSerial::USBSerial()
 .text._ZN9USBSerial5beginEv
                0x080036d8       0x34 c:\Users\fx\Upwork\weather-node\output\core\core.a(usb_serial.cpp.o)
                0x080036d8                USBSerial::begin()
 .text._ZN9USBSerial5beginEm
                0x0800370c       0x10 c:\Users\fx\Upwork\weather-node\output\core\core.a(usb_serial.cpp.o)
                0x0800370c                USBSerial::begin(unsigned long)
 .text._ZN9USBSerial5writeEPKhm
                0x0800371c       0x4c c:\Users\fx\Upwork\weather-node\output\core\core.a(usb_serial.cpp.o)
                0x0800371c                USBSerial::write(unsigned char const*, unsigned long)
 .text._ZN9USBSerial5writeEh
                0x08003768       0x16 c:\Users\fx\Upwork\weather-node\output\core\core.a(usb_serial.cpp.o)
                0x08003768                USBSerial::write(unsigned char)
 .text._ZN9USBSerial5writeEPKc
                0x0800377e       0x1a c:\Users\fx\Upwork\weather-node\output\core\core.a(usb_serial.cpp.o)
                0x0800377e                USBSerial::write(char const*)
 .text._ZN9USBSerial4readEPhm
                0x08003798       0x1c c:\Users\fx\Upwork\weather-node\output\core\core.a(usb_serial.cpp.o)
                0x08003798                USBSerial::read(unsigned char*, unsigned long)
 .text._ZN9USBSerial5flushEv
                0x080037b4       0x1c c:\Users\fx\Upwork\weather-node\output\core\core.a(usb_serial.cpp.o)
                0x080037b4                USBSerial::flush()
 .text.startup._GLOBAL__sub_I__ZN9USBSerial9_hasBegunE
                0x080037d0        0xc c:\Users\fx\Upwork\weather-node\output\core\core.a(usb_serial.cpp.o)
 .text._Z11digitalReadh
                0x080037dc       0x2c c:\Users\fx\Upwork\weather-node\output\core\core.a(wirish_digital.cpp.o)
                0x080037dc                digitalRead(unsigned char)
 .text._Z12digitalWritehh
                0x08003808       0x2c c:\Users\fx\Upwork\weather-node\output\core\core.a(wirish_digital.cpp.o)
                0x08003808                digitalWrite(unsigned char, unsigned char)
 .text._ZL6microsv
                0x08003834       0x34 c:\Users\fx\Upwork\weather-node\output\core\core.a(wirish_time.cpp.o)
 .text._Z5delaym
                0x08003868       0x2a c:\Users\fx\Upwork\weather-node\output\core\core.a(wirish_time.cpp.o)
                0x08003868                delay(unsigned long)
 .text._Z17delayMicrosecondsm
                0x08003892        0xe c:\Users\fx\Upwork\weather-node\output\core\core.a(wirish_time.cpp.o)
                0x08003892                delayMicroseconds(unsigned long)
 .text.__empty  0x080038a0        0x2 c:\Users\fx\Upwork\weather-node\output\core\core.a(hooks.c.o)
                0x080038a0                yield
 .text.bkp_init
                0x080038a2       0x18 c:\Users\fx\Upwork\weather-node\output\core\core.a(bkp_f1.c.o)
                0x080038a2                bkp_init
 *fill*         0x080038ba        0x2 
 .text.bkp_enable_writes
                0x080038bc        0xc c:\Users\fx\Upwork\weather-node\output\core\core.a(bkp_f1.c.o)
                0x080038bc                bkp_enable_writes
 .text.bkp_disable_writes
                0x080038c8        0xc c:\Users\fx\Upwork\weather-node\output\core\core.a(bkp_f1.c.o)
                0x080038c8                bkp_disable_writes
 .text.bkp_write
                0x080038d4       0x16 c:\Users\fx\Upwork\weather-node\output\core\core.a(bkp_f1.c.o)
                0x080038d4                bkp_write
 .text.gpio_init
                0x080038ea       0x14 c:\Users\fx\Upwork\weather-node\output\core\core.a(gpio.c.o)
                0x080038ea                gpio_init
 .text.i2c_disable_irq
                0x080038fe        0xc c:\Users\fx\Upwork\weather-node\output\core\core.a(i2c.c.o)
 *fill*         0x0800390a        0x2 
 .text._i2c_irq_handler
                0x0800390c      0x3d8 c:\Users\fx\Upwork\weather-node\output\core\core.a(i2c.c.o)
                0x0800390c                _i2c_irq_handler
 .text._i2c_irq_error_handler
                0x08003ce4       0x74 c:\Users\fx\Upwork\weather-node\output\core\core.a(i2c.c.o)
                0x08003ce4                _i2c_irq_error_handler
 .text.__fpclassifyd
                0x08003d58       0x50 c:/users/fx/appdata/local/arduino15/packages/arduino/tools/arm-none-eabi-gcc/4.8.3-2014q1/bin/../lib/gcc/arm-none-eabi/4.8.3/../../../../arm-none-eabi/lib/armv7-m\libm.a(lib_a-s_fpclassify.o)
                0x08003d58                __fpclassifyd
 .text          0x08003da8      0x370 c:/users/fx/appdata/local/arduino15/packages/arduino/tools/arm-none-eabi-gcc/4.8.3-2014q1/bin/../lib/gcc/arm-none-eabi/4.8.3/armv7-m\libgcc.a(_arm_addsubdf3.o)
                0x08003da8                __aeabi_drsub
                0x08003db0                __aeabi_dsub
                0x08003db0                __subdf3
                0x08003db4                __aeabi_dadd
                0x08003db4                __adddf3
                0x0800402c                __floatunsidf
                0x0800402c                __aeabi_ui2d
                0x0800404c                __floatsidf
                0x0800404c                __aeabi_i2d
                0x08004070                __aeabi_f2d
                0x08004070                __extendsfdf2
                0x080040ac                __floatundidf
                0x080040ac                __aeabi_ul2d
                0x080040bc                __floatdidf
                0x080040bc                __aeabi_l2d
 .text          0x08004118      0x424 c:/users/fx/appdata/local/arduino15/packages/arduino/tools/arm-none-eabi-gcc/4.8.3-2014q1/bin/../lib/gcc/arm-none-eabi/4.8.3/armv7-m\libgcc.a(_arm_muldivdf3.o)
                0x08004118                __aeabi_dmul
                0x08004118                __muldf3
                0x0800436c                __divdf3
                0x0800436c                __aeabi_ddiv
 .text          0x0800453c      0x110 c:/users/fx/appdata/local/arduino15/packages/arduino/tools/arm-none-eabi-gcc/4.8.3-2014q1/bin/../lib/gcc/arm-none-eabi/4.8.3/armv7-m\libgcc.a(_arm_cmpdf2.o)
                0x0800453c                __gtdf2
                0x0800453c                __gedf2
                0x08004544                __ltdf2
                0x08004544                __ledf2
                0x0800454c                __nedf2
                0x0800454c                __eqdf2
                0x0800454c                __cmpdf2
                0x080045c8                __aeabi_cdrcmple
                0x080045d8                __aeabi_cdcmpeq
                0x080045d8                __aeabi_cdcmple
                0x080045e8                __aeabi_dcmpeq
                0x080045fc                __aeabi_dcmplt
                0x08004610                __aeabi_dcmple
                0x08004624                __aeabi_dcmpge
                0x08004638                __aeabi_dcmpgt
 .text          0x0800464c       0x50 c:/users/fx/appdata/local/arduino15/packages/arduino/tools/arm-none-eabi-gcc/4.8.3-2014q1/bin/../lib/gcc/arm-none-eabi/4.8.3/armv7-m\libgcc.a(_arm_fixdfsi.o)
                0x0800464c                __aeabi_d2iz
                0x0800464c                __fixdfsi
 .text          0x0800469c       0xa0 c:/users/fx/appdata/local/arduino15/packages/arduino/tools/arm-none-eabi-gcc/4.8.3-2014q1/bin/../lib/gcc/arm-none-eabi/4.8.3/armv7-m\libgcc.a(_arm_truncdfsf2.o)
                0x0800469c                __truncdfsf2
                0x0800469c                __aeabi_d2f
 .text          0x0800473c      0x21c c:/users/fx/appdata/local/arduino15/packages/arduino/tools/arm-none-eabi-gcc/4.8.3-2014q1/bin/../lib/gcc/arm-none-eabi/4.8.3/armv7-m\libgcc.a(_arm_addsubsf3.o)
                0x0800473c                __aeabi_frsub
                0x08004744                __subsf3
                0x08004744                __aeabi_fsub
                0x08004748                __aeabi_fadd
                0x08004748                __addsf3
                0x080048a8                __aeabi_ui2f
                0x080048a8                __floatunsisf
                0x080048b0                __aeabi_i2f
                0x080048b0                __floatsisf
                0x080048cc                __aeabi_ul2f
                0x080048cc                __floatundisf
                0x080048dc                __aeabi_l2f
                0x080048dc                __floatdisf
 .text          0x08004958       0x2c c:/users/fx/appdata/local/arduino15/packages/arduino/tools/arm-none-eabi-gcc/4.8.3-2014q1/bin/../lib/gcc/arm-none-eabi/4.8.3/armv7-m\libgcc.a(_aeabi_uldivmod.o)
                0x08004958                __aeabi_uldivmod
 .text          0x08004984       0x60 c:/users/fx/appdata/local/arduino15/packages/arduino/tools/arm-none-eabi-gcc/4.8.3-2014q1/bin/../lib/gcc/arm-none-eabi/4.8.3/armv7-m\libgcc.a(bpabi.o)
                0x08004984                __gnu_ldivmod_helper
                0x080049b4                __gnu_uldivmod_helper
 .text          0x080049e4        0x4 c:/users/fx/appdata/local/arduino15/packages/arduino/tools/arm-none-eabi-gcc/4.8.3-2014q1/bin/../lib/gcc/arm-none-eabi/4.8.3/armv7-m\libgcc.a(_dvmd_tls.o)
                0x080049e4                __aeabi_idiv0
                0x080049e4                __aeabi_ldiv0
 .text          0x080049e8      0x2a0 c:/users/fx/appdata/local/arduino15/packages/arduino/tools/arm-none-eabi-gcc/4.8.3-2014q1/bin/../lib/gcc/arm-none-eabi/4.8.3/armv7-m\libgcc.a(_divdi3.o)
                0x080049e8                __divdi3
 .text          0x08004c88      0x290 c:/users/fx/appdata/local/arduino15/packages/arduino/tools/arm-none-eabi-gcc/4.8.3-2014q1/bin/../lib/gcc/arm-none-eabi/4.8.3/armv7-m\libgcc.a(_udivdi3.o)
                0x08004c88                __udivdi3
 .text.__errno  0x08004f18        0xc c:/users/fx/appdata/local/arduino15/packages/arduino/tools/arm-none-eabi-gcc/4.8.3-2014q1/bin/../lib/gcc/arm-none-eabi/4.8.3/../../../../arm-none-eabi/lib/armv7-m\libc.a(lib_a-errno.o)
                0x08004f18                __errno
 .text.__libc_init_array
                0x08004f24       0x50 c:/users/fx/appdata/local/arduino15/packages/arduino/tools/arm-none-eabi-gcc/4.8.3-2014q1/bin/../lib/gcc/arm-none-eabi/4.8.3/../../../../arm-none-eabi/lib/armv7-m\libc.a(lib_a-init.o)
                0x08004f24                __libc_init_array
 .text.malloc   0x08004f74       0x10 c:/users/fx/appdata/local/arduino15/packages/arduino/tools/arm-none-eabi-gcc/4.8.3-2014q1/bin/../lib/gcc/arm-none-eabi/4.8.3/../../../../arm-none-eabi/lib/armv7-m\libc.a(lib_a-malloc.o)
                0x08004f74                malloc
 .text._malloc_r
                0x08004f84      0x538 c:/users/fx/appdata/local/arduino15/packages/arduino/tools/arm-none-eabi-gcc/4.8.3-2014q1/bin/../lib/gcc/arm-none-eabi/4.8.3/../../../../arm-none-eabi/lib/armv7-m\libc.a(lib_a-mallocr.o)
                0x08004f84                _malloc_r
 .text.memchr   0x080054bc       0x94 c:/users/fx/appdata/local/arduino15/packages/arduino/tools/arm-none-eabi-gcc/4.8.3-2014q1/bin/../lib/gcc/arm-none-eabi/4.8.3/../../../../arm-none-eabi/lib/armv7-m\libc.a(lib_a-memchr-stub.o)
                0x080054bc                memchr
 .text.memcmp   0x08005550       0x68 c:/users/fx/appdata/local/arduino15/packages/arduino/tools/arm-none-eabi-gcc/4.8.3-2014q1/bin/../lib/gcc/arm-none-eabi/4.8.3/../../../../arm-none-eabi/lib/armv7-m\libc.a(lib_a-memcmp.o)
                0x08005550                memcmp
 .text          0x080055b8       0xec c:/users/fx/appdata/local/arduino15/packages/arduino/tools/arm-none-eabi-gcc/4.8.3-2014q1/bin/../lib/gcc/arm-none-eabi/4.8.3/../../../../arm-none-eabi/lib/armv7-m\libc.a(lib_a-memcpy.o)
                0x080055b8                memcpy
 .text.memset   0x080056a4       0x94 c:/users/fx/appdata/local/arduino15/packages/arduino/tools/arm-none-eabi-gcc/4.8.3-2014q1/bin/../lib/gcc/arm-none-eabi/4.8.3/../../../../arm-none-eabi/lib/armv7-m\libc.a(lib_a-memset.o)
                0x080056a4                memset
 .text.__malloc_lock
                0x08005738        0x4 c:/users/fx/appdata/local/arduino15/packages/arduino/tools/arm-none-eabi-gcc/4.8.3-2014q1/bin/../lib/gcc/arm-none-eabi/4.8.3/../../../../arm-none-eabi/lib/armv7-m\libc.a(lib_a-mlock.o)
                0x08005738                __malloc_lock
 .text.__malloc_unlock
                0x0800573c        0x4 c:/users/fx/appdata/local/arduino15/packages/arduino/tools/arm-none-eabi-gcc/4.8.3-2014q1/bin/../lib/gcc/arm-none-eabi/4.8.3/../../../../arm-none-eabi/lib/armv7-m\libc.a(lib_a-mlock.o)
                0x0800573c                __malloc_unlock
 .text._sbrk_r  0x08005740       0x24 c:/users/fx/appdata/local/arduino15/packages/arduino/tools/arm-none-eabi-gcc/4.8.3-2014q1/bin/../lib/gcc/arm-none-eabi/4.8.3/../../../../arm-none-eabi/lib/armv7-m\libc.a(lib_a-sbrkr.o)
                0x08005740                _sbrk_r
 .text.sprintf  0x08005764       0x4c c:/users/fx/appdata/local/arduino15/packages/arduino/tools/arm-none-eabi-gcc/4.8.3-2014q1/bin/../lib/gcc/arm-none-eabi/4.8.3/../../../../arm-none-eabi/lib/armv7-m\libc.a(lib_a-sprintf.o)
                0x08005764                sprintf
 .text.strlen   0x080057b0       0x60 c:/users/fx/appdata/local/arduino15/packages/arduino/tools/arm-none-eabi-gcc/4.8.3-2014q1/bin/../lib/gcc/arm-none-eabi/4.8.3/../../../../arm-none-eabi/lib/armv7-m\libc.a(lib_a-strlen.o)
                0x080057b0                strlen
 .text._svfprintf_r
                0x08005810     0x14e0 c:/users/fx/appdata/local/arduino15/packages/arduino/tools/arm-none-eabi-gcc/4.8.3-2014q1/bin/../lib/gcc/arm-none-eabi/4.8.3/../../../../arm-none-eabi/lib/armv7-m\libc.a(lib_a-svfprintf.o)
                0x08005810                _svfprintf_r
 .text.startup.register_fini
                0x08006cf0       0x14 c:/users/fx/appdata/local/arduino15/packages/arduino/tools/arm-none-eabi-gcc/4.8.3-2014q1/bin/../lib/gcc/arm-none-eabi/4.8.3/../../../../arm-none-eabi/lib/armv7-m\libc.a(lib_a-__call_atexit.o)
 .text.atexit   0x08006d04        0xc c:/users/fx/appdata/local/arduino15/packages/arduino/tools/arm-none-eabi-gcc/4.8.3-2014q1/bin/../lib/gcc/arm-none-eabi/4.8.3/../../../../arm-none-eabi/lib/armv7-m\libc.a(lib_a-atexit.o)
                0x08006d04                atexit
 .text.quorem   0x08006d10      0x134 c:/users/fx/appdata/local/arduino15/packages/arduino/tools/arm-none-eabi-gcc/4.8.3-2014q1/bin/../lib/gcc/arm-none-eabi/4.8.3/../../../../arm-none-eabi/lib/armv7-m\libc.a(lib_a-dtoa.o)
 *fill*         0x08006e44        0x4 
 .text._dtoa_r  0x08006e48      0xe38 c:/users/fx/appdata/local/arduino15/packages/arduino/tools/arm-none-eabi-gcc/4.8.3-2014q1/bin/../lib/gcc/arm-none-eabi/4.8.3/../../../../arm-none-eabi/lib/armv7-m\libc.a(lib_a-dtoa.o)
                0x08006e48                _dtoa_r
 .text.__libc_fini_array
                0x08007c80       0x30 c:/users/fx/appdata/local/arduino15/packages/arduino/tools/arm-none-eabi-gcc/4.8.3-2014q1/bin/../lib/gcc/arm-none-eabi/4.8.3/../../../../arm-none-eabi/lib/armv7-m\libc.a(lib_a-fini.o)
                0x08007c80                __libc_fini_array
 .text._malloc_trim_r
                0x08007cb0       0x9c c:/users/fx/appdata/local/arduino15/packages/arduino/tools/arm-none-eabi-gcc/4.8.3-2014q1/bin/../lib/gcc/arm-none-eabi/4.8.3/../../../../arm-none-eabi/lib/armv7-m\libc.a(lib_a-freer.o)
                0x08007cb0                _malloc_trim_r
 .text._free_r  0x08007d4c      0x198 c:/users/fx/appdata/local/arduino15/packages/arduino/tools/arm-none-eabi-gcc/4.8.3-2014q1/bin/../lib/gcc/arm-none-eabi/4.8.3/../../../../arm-none-eabi/lib/armv7-m\libc.a(lib_a-freer.o)
                0x08007d4c                _free_r
 .text._localeconv_r
                0x08007ee4        0x8 c:/users/fx/appdata/local/arduino15/packages/arduino/tools/arm-none-eabi-gcc/4.8.3-2014q1/bin/../lib/gcc/arm-none-eabi/4.8.3/../../../../arm-none-eabi/lib/armv7-m\libc.a(lib_a-locale.o)
                0x08007ee4                _localeconv_r
 .text._Balloc  0x08007eec       0x4c c:/users/fx/appdata/local/arduino15/packages/arduino/tools/arm-none-eabi-gcc/4.8.3-2014q1/bin/../lib/gcc/arm-none-eabi/4.8.3/../../../../arm-none-eabi/lib/armv7-m\libc.a(lib_a-mprec.o)
                0x08007eec                _Balloc
 .text._Bfree   0x08007f38       0x14 c:/users/fx/appdata/local/arduino15/packages/arduino/tools/arm-none-eabi-gcc/4.8.3-2014q1/bin/../lib/gcc/arm-none-eabi/4.8.3/../../../../arm-none-eabi/lib/armv7-m\libc.a(lib_a-mprec.o)
                0x08007f38                _Bfree
 .text.__multadd
                0x08007f4c       0x94 c:/users/fx/appdata/local/arduino15/packages/arduino/tools/arm-none-eabi-gcc/4.8.3-2014q1/bin/../lib/gcc/arm-none-eabi/4.8.3/../../../../arm-none-eabi/lib/armv7-m\libc.a(lib_a-mprec.o)
                0x08007f4c                __multadd
 .text.__hi0bits
                0x08007fe0       0x40 c:/users/fx/appdata/local/arduino15/packages/arduino/tools/arm-none-eabi-gcc/4.8.3-2014q1/bin/../lib/gcc/arm-none-eabi/4.8.3/../../../../arm-none-eabi/lib/armv7-m\libc.a(lib_a-mprec.o)
                0x08007fe0                __hi0bits
 .text.__lo0bits
                0x08008020       0x5c c:/users/fx/appdata/local/arduino15/packages/arduino/tools/arm-none-eabi-gcc/4.8.3-2014q1/bin/../lib/gcc/arm-none-eabi/4.8.3/../../../../arm-none-eabi/lib/armv7-m\libc.a(lib_a-mprec.o)
                0x08008020                __lo0bits
 .text.__i2b    0x0800807c       0x14 c:/users/fx/appdata/local/arduino15/packages/arduino/tools/arm-none-eabi-gcc/4.8.3-2014q1/bin/../lib/gcc/arm-none-eabi/4.8.3/../../../../arm-none-eabi/lib/armv7-m\libc.a(lib_a-mprec.o)
                0x0800807c                __i2b
 .text.__multiply
                0x08008090      0x13c c:/users/fx/appdata/local/arduino15/packages/arduino/tools/arm-none-eabi-gcc/4.8.3-2014q1/bin/../lib/gcc/arm-none-eabi/4.8.3/../../../../arm-none-eabi/lib/armv7-m\libc.a(lib_a-mprec.o)
                0x08008090                __multiply
 .text.__pow5mult
                0x080081cc       0x9c c:/users/fx/appdata/local/arduino15/packages/arduino/tools/arm-none-eabi-gcc/4.8.3-2014q1/bin/../lib/gcc/arm-none-eabi/4.8.3/../../../../arm-none-eabi/lib/armv7-m\libc.a(lib_a-mprec.o)
                0x080081cc                __pow5mult
 .text.__lshift
                0x08008268       0xbc c:/users/fx/appdata/local/arduino15/packages/arduino/tools/arm-none-eabi-gcc/4.8.3-2014q1/bin/../lib/gcc/arm-none-eabi/4.8.3/../../../../arm-none-eabi/lib/armv7-m\libc.a(lib_a-mprec.o)
                0x08008268                __lshift
 .text.__mcmp   0x08008324       0x48 c:/users/fx/appdata/local/arduino15/packages/arduino/tools/arm-none-eabi-gcc/4.8.3-2014q1/bin/../lib/gcc/arm-none-eabi/4.8.3/../../../../arm-none-eabi/lib/armv7-m\libc.a(lib_a-mprec.o)
                0x08008324                __mcmp
 .text.__mdiff  0x0800836c       0xd8 c:/users/fx/appdata/local/arduino15/packages/arduino/tools/arm-none-eabi-gcc/4.8.3-2014q1/bin/../lib/gcc/arm-none-eabi/4.8.3/../../../../arm-none-eabi/lib/armv7-m\libc.a(lib_a-mprec.o)
                0x0800836c                __mdiff
 .text.__d2b    0x08008444       0xbc c:/users/fx/appdata/local/arduino15/packages/arduino/tools/arm-none-eabi-gcc/4.8.3-2014q1/bin/../lib/gcc/arm-none-eabi/4.8.3/../../../../arm-none-eabi/lib/armv7-m\libc.a(lib_a-mprec.o)
                0x08008444                __d2b
 .text.__ssprint_r
                0x08008500      0x100 c:/users/fx/appdata/local/arduino15/packages/arduino/tools/arm-none-eabi-gcc/4.8.3-2014q1/bin/../lib/gcc/arm-none-eabi/4.8.3/../../../../arm-none-eabi/lib/armv7-m\libc.a(lib_a-svfiprintf.o)
                0x08008500                __ssprint_r
 .text.__register_exitproc
                0x08008600       0xa8 c:/users/fx/appdata/local/arduino15/packages/arduino/tools/arm-none-eabi-gcc/4.8.3-2014q1/bin/../lib/gcc/arm-none-eabi/4.8.3/../../../../arm-none-eabi/lib/armv7-m\libc.a(lib_a-__atexit.o)
                0x08008600                __register_exitproc
 .text._calloc_r
                0x080086a8       0x60 c:/users/fx/appdata/local/arduino15/packages/arduino/tools/arm-none-eabi-gcc/4.8.3-2014q1/bin/../lib/gcc/arm-none-eabi/4.8.3/../../../../arm-none-eabi/lib/armv7-m\libc.a(lib_a-callocr.o)
                0x080086a8                _calloc_r
 .text.memmove  0x08008708       0xcc c:/users/fx/appdata/local/arduino15/packages/arduino/tools/arm-none-eabi-gcc/4.8.3-2014q1/bin/../lib/gcc/arm-none-eabi/4.8.3/../../../../arm-none-eabi/lib/armv7-m\libc.a(lib_a-memmove.o)
                0x08008708                memmove
 .text._realloc_r
                0x080087d4      0x3c0 c:/users/fx/appdata/local/arduino15/packages/arduino/tools/arm-none-eabi-gcc/4.8.3-2014q1/bin/../lib/gcc/arm-none-eabi/4.8.3/../../../../arm-none-eabi/lib/armv7-m\libc.a(lib_a-reallocr.o)
                0x080087d4                _realloc_r
 *(.plt)
 *(.gnu.warning)
 *(.glue_7t)
 .glue_7t       0x00000000        0x0 linker stubs
 *(.glue_7)
 .glue_7        0x00000000        0x0 linker stubs
 *(.vfp11_veneer)
 .vfp11_veneer  0x00000000        0x0 linker stubs
 *(.ARM.extab* .gnu.linkonce.armextab.*)
 *(.gcc_except_table)
 *(.eh_frame_hdr)
 *(.eh_frame)
 .eh_frame      0x08008b94        0x0 c:/users/fx/appdata/local/arduino15/packages/arduino/tools/arm-none-eabi-gcc/4.8.3-2014q1/bin/../lib/gcc/arm-none-eabi/4.8.3/armv7-m/crtbegin.o
                0x08008b94                . = ALIGN (0x4)
 *(.init)
 .init          0x08008b94        0x4 c:/users/fx/appdata/local/arduino15/packages/arduino/tools/arm-none-eabi-gcc/4.8.3-2014q1/bin/../lib/gcc/arm-none-eabi/4.8.3/armv7-m/crti.o
                0x08008b94                _init
 .init          0x08008b98        0x8 c:/users/fx/appdata/local/arduino15/packages/arduino/tools/arm-none-eabi-gcc/4.8.3-2014q1/bin/../lib/gcc/arm-none-eabi/4.8.3/armv7-m/crtn.o
                0x08008ba0                . = ALIGN (0x4)
                0x08008ba0                __preinit_array_start = .
 *(.preinit_array)
                0x08008ba0                __preinit_array_end = .
                0x08008ba0                . = ALIGN (0x4)
                0x08008ba0                __init_array_start = .
 *(SORT(.init_array.*))
 .init_array.00000
                0x08008ba0        0x4 c:/users/fx/appdata/local/arduino15/packages/arduino/tools/arm-none-eabi-gcc/4.8.3-2014q1/bin/../lib/gcc/arm-none-eabi/4.8.3/../../../../arm-none-eabi/lib/armv7-m\libc.a(lib_a-__call_atexit.o)
 .init_array.00101
                0x08008ba4        0x4 c:\Users\fx\Upwork\weather-node\output\core\core.a(main.cpp.o)
 *(.init_array)
 .init_array    0x08008ba8        0x4 c:/users/fx/appdata/local/arduino15/packages/arduino/tools/arm-none-eabi-gcc/4.8.3-2014q1/bin/../lib/gcc/arm-none-eabi/4.8.3/armv7-m/crtbegin.o
 .init_array    0x08008bac        0x4 c:\Users\fx\Upwork\weather-node\output\sketch\weatherSIM808.ino.cpp.o
 .init_array    0x08008bb0        0x4 c:\Users\fx\Upwork\weather-node\output\core\board.cpp.o
 .init_array    0x08008bb4        0x4 c:\Users\fx\Upwork\weather-node\output\core\core.a(usb_serial.cpp.o)
                0x08008bb8                __init_array_end = .
                0x08008bb8                . = ALIGN (0x4)
 *crtbegin.o(.ctors)
 *(EXCLUDE_FILE(*crtend.o) .ctors)
 *(SORT(.ctors.*))
 *crtend.o(.ctors)
                0x08008bb8                . = ALIGN (0x4)
 *(.fini)
 .fini          0x08008bb8        0x4 c:/users/fx/appdata/local/arduino15/packages/arduino/tools/arm-none-eabi-gcc/4.8.3-2014q1/bin/../lib/gcc/arm-none-eabi/4.8.3/armv7-m/crti.o
                0x08008bb8                _fini
 .fini          0x08008bbc        0x8 c:/users/fx/appdata/local/arduino15/packages/arduino/tools/arm-none-eabi-gcc/4.8.3-2014q1/bin/../lib/gcc/arm-none-eabi/4.8.3/armv7-m/crtn.o
                0x08008bc4                . = ALIGN (0x4)
                0x08008bc4                __fini_array_start = .
 *(.fini_array)
 .fini_array    0x08008bc4        0x4 c:/users/fx/appdata/local/arduino15/packages/arduino/tools/arm-none-eabi-gcc/4.8.3-2014q1/bin/../lib/gcc/arm-none-eabi/4.8.3/armv7-m/crtbegin.o
 *(SORT(.fini_array.*))
                0x08008bc8                __fini_array_end = .
 *crtbegin.o(.dtors)
 *(EXCLUDE_FILE(*crtend.o) .dtors)
 *(SORT(.dtors.*))
 *crtend.o(.dtors)

.v4_bx          0x08008bc8        0x0
 .v4_bx         0x00000000        0x0 linker stubs

.iplt           0x08008bc8        0x0
 .iplt          0x00000000        0x0 c:/users/fx/appdata/local/arduino15/packages/arduino/tools/arm-none-eabi-gcc/4.8.3-2014q1/bin/../lib/gcc/arm-none-eabi/4.8.3/armv7-m/crtbegin.o

.text.align     0x08008bc8        0x0
                0x08008bc8                . = ALIGN (0x8)
                0x08008bc8                __text_end__ = .
                0x08008bc8                __exidx_start = .

.ARM.exidx      0x08008bc8        0x8
 *(.ARM.exidx* .gnu.linkonce.armexidx.*)
 .ARM.exidx     0x08008bc8        0x8 c:\Users\fx\Upwork\weather-node\output\core\wirish\start.S.o
 .ARM.exidx     0x08008bd0        0x0 c:/users/fx/appdata/local/arduino15/packages/arduino/tools/arm-none-eabi-gcc/4.8.3-2014q1/bin/../lib/gcc/arm-none-eabi/4.8.3/armv7-m\libgcc.a(_divdi3.o)
                                  0x8 (size before relaxing)
 .ARM.exidx     0x08008bd0        0x0 c:/users/fx/appdata/local/arduino15/packages/arduino/tools/arm-none-eabi-gcc/4.8.3-2014q1/bin/../lib/gcc/arm-none-eabi/4.8.3/armv7-m\libgcc.a(_udivdi3.o)
                                  0x8 (size before relaxing)
                0x08008bd0                __exidx_end = .

.data           0x20000000      0xd10 load address 0x08008bd0
                0x20000000                __data_start__ = .
                0x20000000        0x4 LONG 0x0
                0x20000008                . = ALIGN (0x8)
 *fill*         0x20000004        0x4 
 *(.got.plt)
 *(.got)
 *(.data .data.* .gnu.linkonce.d.*)
 .data.timestamp
                0x20000008       0x13 c:\Users\fx\Upwork\weather-node\output\sketch\weatherSIM808.ino.cpp.o
                0x20000008                timestamp
 .data.longitude
                0x2000001b        0xb c:\Users\fx\Upwork\weather-node\output\sketch\weatherSIM808.ino.cpp.o
                0x2000001b                longitude
 .data.latitude
                0x20000026        0xb c:\Users\fx\Upwork\weather-node\output\sketch\weatherSIM808.ino.cpp.o
                0x20000026                latitude
 *fill*         0x20000031        0x3 
 .data.uxCriticalNesting
                0x20000034        0x4 c:\Users\fx\Upwork\weather-node\output\libraries\FreeRTOS821\utility\port.c.o
 .data.xNextTaskUnblockTime
                0x20000038        0x4 c:\Users\fx\Upwork\weather-node\output\libraries\FreeRTOS821\utility\tasks.c.o
 .data._ZN6wirish4privL8pll_dataE
                0x2000003c        0x4 c:\Users\fx\Upwork\weather-node\output\core\wirish\boards_setup.cpp.o
 .data._ZN6wirish4priv9w_adc_smpE
                0x20000040        0x1 c:\Users\fx\Upwork\weather-node\output\core\wirish\boards_setup.cpp.o
                0x20000040                wirish::priv::w_adc_smp
 *fill*         0x20000041        0x1 
 .data._ZN6wirish4priv9w_adc_preE
                0x20000042        0x2 c:\Users\fx\Upwork\weather-node\output\core\wirish\boards_setup.cpp.o
                0x20000042                wirish::priv::w_adc_pre
 .data._ZN6wirish4priv15w_board_pll_cfgE
                0x20000044        0x8 c:\Users\fx\Upwork\weather-node\output\core\wirish\boards_setup.cpp.o
                0x20000044                wirish::priv::w_board_pll_cfg
 .data.adc2     0x2000004c        0x8 c:\Users\fx\Upwork\weather-node\output\core\core.a(adc_f1.c.o)
                0x2000004c                adc2
 .data.adc1     0x20000054       0x18 c:\Users\fx\Upwork\weather-node\output\core\core.a(adc_f1.c.o)
                0x20000054                adc1
 .data.ADC2     0x2000006c        0x4 c:\Users\fx\Upwork\weather-node\output\core\core.a(adc_f1.c.o)
                0x2000006c                ADC2
 .data.ADC1     0x20000070        0x4 c:\Users\fx\Upwork\weather-node\output\core\core.a(adc_f1.c.o)
                0x20000070                ADC1
 .data.dma1     0x20000074       0x40 c:\Users\fx\Upwork\weather-node\output\core\core.a(dma_f1.c.o)
 .data.DMA1     0x200000b4        0x4 c:\Users\fx\Upwork\weather-node\output\core\core.a(dma_f1.c.o)
                0x200000b4                DMA1
 .data.gpioa    0x200000b8        0x8 c:\Users\fx\Upwork\weather-node\output\core\core.a(gpio_f1.c.o)
                0x200000b8                gpioa
 .data.gpiob    0x200000c0        0x8 c:\Users\fx\Upwork\weather-node\output\core\core.a(gpio_f1.c.o)
                0x200000c0                gpiob
 .data.gpioc    0x200000c8        0x8 c:\Users\fx\Upwork\weather-node\output\core\core.a(gpio_f1.c.o)
                0x200000c8                gpioc
 .data.gpiod    0x200000d0        0x8 c:\Users\fx\Upwork\weather-node\output\core\core.a(gpio_f1.c.o)
                0x200000d0                gpiod
 .data.i2c1     0x200000d8       0x38 c:\Users\fx\Upwork\weather-node\output\core\core.a(i2c_f1.c.o)
 .data.i2c2     0x20000110       0x38 c:\Users\fx\Upwork\weather-node\output\core\core.a(i2c_f1.c.o)
 .data.enable_regs.4411
                0x20000148        0xc c:\Users\fx\Upwork\weather-node\output\core\core.a(rcc_f1.c.o)
 .data.reset_regs.4415
                0x20000154        0x8 c:\Users\fx\Upwork\weather-node\output\core\core.a(rcc_f1.c.o)
 .data.enable_regs.4424
                0x2000015c        0xc c:\Users\fx\Upwork\weather-node\output\core\core.a(rcc_f1.c.o)
 .data.timer3   0x20000168       0x24 c:\Users\fx\Upwork\weather-node\output\core\core.a(timer.c.o)
                0x20000168                timer3
 .data.timer4   0x2000018c       0x24 c:\Users\fx\Upwork\weather-node\output\core\core.a(timer.c.o)
                0x2000018c                timer4
 .data.timer1   0x200001b0       0x28 c:\Users\fx\Upwork\weather-node\output\core\core.a(timer.c.o)
                0x200001b0                timer1
 .data.timer2   0x200001d8       0x24 c:\Users\fx\Upwork\weather-node\output\core\core.a(timer.c.o)
                0x200001d8                timer2
 .data.USART1   0x200001fc        0x4 c:\Users\fx\Upwork\weather-node\output\core\core.a(usart_f1.c.o)
                0x200001fc                USART1
 .data.USART2   0x20000200        0x4 c:\Users\fx\Upwork\weather-node\output\core\core.a(usart_f1.c.o)
                0x20000200                USART2
 .data.USART3   0x20000204        0x4 c:\Users\fx\Upwork\weather-node\output\core\core.a(usart_f1.c.o)
                0x20000204                USART3
 .data.usart1   0x20000208       0x94 c:\Users\fx\Upwork\weather-node\output\core\core.a(usart_f1.c.o)
 .data.usart2   0x2000029c       0x94 c:\Users\fx\Upwork\weather-node\output\core\core.a(usart_f1.c.o)
 .data.usart3   0x20000330       0x94 c:\Users\fx\Upwork\weather-node\output\core\core.a(usart_f1.c.o)
 .data.USBLIB   0x200003c4        0x4 c:\Users\fx\Upwork\weather-node\output\core\core.a(usb.c.o)
                0x200003c4                USBLIB
 .data.usblib   0x200003c8       0x10 c:\Users\fx\Upwork\weather-node\output\core\core.a(usb.c.o)
 .data.Config_Descriptor
                0x200003d8        0x8 c:\Users\fx\Upwork\weather-node\output\core\core.a(usb_cdcacm.c.o)
 .data.Device_Property
                0x200003e0       0x30 c:\Users\fx\Upwork\weather-node\output\core\core.a(usb_cdcacm.c.o)
                0x200003e0                Device_Property
 .data.ep_int_in
                0x20000410       0x1c c:\Users\fx\Upwork\weather-node\output\core\core.a(usb_cdcacm.c.o)
 .data.String_Descriptor
                0x2000042c       0x18 c:\Users\fx\Upwork\weather-node\output\core\core.a(usb_cdcacm.c.o)
 .data.ep_int_out
                0x20000444       0x1c c:\Users\fx\Upwork\weather-node\output\core\core.a(usb_cdcacm.c.o)
 .data.line_coding
                0x20000460        0x7 c:\Users\fx\Upwork\weather-node\output\core\core.a(usb_cdcacm.c.o)
 *fill*         0x20000467        0x1 
 .data.User_Standard_Requests
                0x20000468       0x24 c:\Users\fx\Upwork\weather-node\output\core\core.a(usb_cdcacm.c.o)
                0x20000468                User_Standard_Requests
 .data.Device_Descriptor
                0x2000048c        0x8 c:\Users\fx\Upwork\weather-node\output\core\core.a(usb_cdcacm.c.o)
 .data.Device_Table
                0x20000494        0x2 c:\Users\fx\Upwork\weather-node\output\core\core.a(usb_cdcacm.c.o)
                0x20000494                Device_Table
 *fill*         0x20000496        0x2 
 .data.impure_data
                0x20000498      0x428 c:/users/fx/appdata/local/arduino15/packages/arduino/tools/arm-none-eabi-gcc/4.8.3-2014q1/bin/../lib/gcc/arm-none-eabi/4.8.3/../../../../arm-none-eabi/lib/armv7-m\libc.a(lib_a-impure.o)
 .data._impure_ptr
                0x200008c0        0x4 c:/users/fx/appdata/local/arduino15/packages/arduino/tools/arm-none-eabi-gcc/4.8.3-2014q1/bin/../lib/gcc/arm-none-eabi/4.8.3/../../../../arm-none-eabi/lib/armv7-m\libc.a(lib_a-impure.o)
                0x200008c0                _impure_ptr
 .data.__malloc_av_
                0x200008c4      0x408 c:/users/fx/appdata/local/arduino15/packages/arduino/tools/arm-none-eabi-gcc/4.8.3-2014q1/bin/../lib/gcc/arm-none-eabi/4.8.3/../../../../arm-none-eabi/lib/armv7-m\libc.a(lib_a-mallocr.o)
                0x200008c4                __malloc_av_
 .data.__malloc_trim_threshold
                0x20000ccc        0x4 c:/users/fx/appdata/local/arduino15/packages/arduino/tools/arm-none-eabi-gcc/4.8.3-2014q1/bin/../lib/gcc/arm-none-eabi/4.8.3/../../../../arm-none-eabi/lib/armv7-m\libc.a(lib_a-mallocr.o)
                0x20000ccc                __malloc_trim_threshold
 .data.__malloc_sbrk_base
                0x20000cd0        0x4 c:/users/fx/appdata/local/arduino15/packages/arduino/tools/arm-none-eabi-gcc/4.8.3-2014q1/bin/../lib/gcc/arm-none-eabi/4.8.3/../../../../arm-none-eabi/lib/armv7-m\libc.a(lib_a-mallocr.o)
                0x20000cd0                __malloc_sbrk_base
 .data.lconv    0x20000cd4       0x38 c:/users/fx/appdata/local/arduino15/packages/arduino/tools/arm-none-eabi-gcc/4.8.3-2014q1/bin/../lib/gcc/arm-none-eabi/4.8.3/../../../../arm-none-eabi/lib/armv7-m\libc.a(lib_a-locale.o)
                0x20000d10                . = ALIGN (0x8)
 *fill*         0x20000d0c        0x4 
                0x20000d10                __data_end__ = .

.jcr            0x20000d10        0x0 load address 0x080098e0
 .jcr           0x20000d10        0x0 c:/users/fx/appdata/local/arduino15/packages/arduino/tools/arm-none-eabi-gcc/4.8.3-2014q1/bin/../lib/gcc/arm-none-eabi/4.8.3/armv7-m/crtbegin.o

.igot.plt       0x20000d10        0x0 load address 0x080098e0
 .igot.plt      0x00000000        0x0 c:/users/fx/appdata/local/arduino15/packages/arduino/tools/arm-none-eabi-gcc/4.8.3-2014q1/bin/../lib/gcc/arm-none-eabi/4.8.3/armv7-m/crtbegin.o

.rodata         0x080098e0      0x730
 *(.rodata .rodata.* .gnu.linkonce.r.*)
 .rodata._ZL13key_pm2_value
                0x080098e0        0x3 c:\Users\fx\Upwork\weather-node\output\sketch\weatherSIM808.ino.cpp.o
 .rodata._ZL12key_humidity
                0x080098e3        0x3 c:\Users\fx\Upwork\weather-node\output\sketch\weatherSIM808.ino.cpp.o
 .rodata._ZL13key_timestamp
                0x080098e6        0x3 c:\Users\fx\Upwork\weather-node\output\sketch\weatherSIM808.ino.cpp.o
 .rodata._ZL12key_latitude
                0x080098e9        0x3 c:\Users\fx\Upwork\weather-node\output\sketch\weatherSIM808.ino.cpp.o
 .rodata._ZL15key_temperature
                0x080098ec        0x3 c:\Users\fx\Upwork\weather-node\output\sketch\weatherSIM808.ino.cpp.o
 .rodata.str1.1
                0x080098ef      0x207 c:\Users\fx\Upwork\weather-node\output\sketch\weatherSIM808.ino.cpp.o
                                0x20c (size before relaxing)
 .rodata._ZL13key_longitude
                0x08009af6        0x3 c:\Users\fx\Upwork\weather-node\output\sketch\weatherSIM808.ino.cpp.o
 .rodata._ZL13key_pm1_value
                0x08009af9        0x3 c:\Users\fx\Upwork\weather-node\output\sketch\weatherSIM808.ino.cpp.o
 .rodata.ucExpectedStackBytes.5340
                0x08009afc       0x14 c:\Users\fx\Upwork\weather-node\output\libraries\FreeRTOS821\utility\tasks.c.o
 .rodata.str1.1
                0x08009b10        0x5 c:\Users\fx\Upwork\weather-node\output\libraries\FreeRTOS821\utility\tasks.c.o
 *fill*         0x08009b15        0x3 
 .rodata.PIN_MAP
                0x08009b18      0x230 c:\Users\fx\Upwork\weather-node\output\core\board.cpp.o
                0x08009b18                PIN_MAP
 .rodata._ZTV14HardwareSerial
                0x08009d48       0x28 c:\Users\fx\Upwork\weather-node\output\core\core.a(HardwareSerial.cpp.o)
                0x08009d48                vtable for HardwareSerial
 .rodata.GPIOC  0x08009d70        0x4 c:\Users\fx\Upwork\weather-node\output\core\core.a(gpio_f1.c.o)
                0x08009d70                GPIOC
 .rodata.rcc_dev_table
                0x08009d74       0x5c c:\Users\fx\Upwork\weather-node\output\core\core.a(rcc_f1.c.o)
                0x08009d74                rcc_dev_table
 .rodata.masks.4420
                0x08009dd0       0x14 c:\Users\fx\Upwork\weather-node\output\core\core.a(rcc_f1.c.o)
 .rodata.usbVcomDescriptor_iProduct
                0x08009de4        0xc c:\Users\fx\Upwork\weather-node\output\core\core.a(usb_cdcacm.c.o)
 .rodata.usbVcomDescriptor_iManufacturer
                0x08009df0       0x12 c:\Users\fx\Upwork\weather-node\output\core\core.a(usb_cdcacm.c.o)
 .rodata.usbVcomDescriptor_Device
                0x08009e02       0x12 c:\Users\fx\Upwork\weather-node\output\core\core.a(usb_cdcacm.c.o)
 .rodata.usbVcomDescriptor_Config
                0x08009e14       0x43 c:\Users\fx\Upwork\weather-node\output\core\core.a(usb_cdcacm.c.o)
 .rodata.usbVcomDescriptor_LangID
                0x08009e57        0x4 c:\Users\fx\Upwork\weather-node\output\core\core.a(usb_cdcacm.c.o)
 *fill*         0x08009e5b        0x5 
 .rodata._ZTV9USBSerial
                0x08009e60       0x28 c:\Users\fx\Upwork\weather-node\output\core\core.a(usb_serial.cpp.o)
                0x08009e60                vtable for USBSerial
 .rodata.str1.4
                0x08009e88        0x2 c:/users/fx/appdata/local/arduino15/packages/arduino/tools/arm-none-eabi-gcc/4.8.3-2014q1/bin/../lib/gcc/arm-none-eabi/4.8.3/../../../../arm-none-eabi/lib/armv7-m\libc.a(lib_a-impure.o)
                                  0x4 (size before relaxing)
 *fill*         0x08009e8a        0x2 
 .rodata._global_impure_ptr
                0x08009e8c        0x4 c:/users/fx/appdata/local/arduino15/packages/arduino/tools/arm-none-eabi-gcc/4.8.3-2014q1/bin/../lib/gcc/arm-none-eabi/4.8.3/../../../../arm-none-eabi/lib/armv7-m\libc.a(lib_a-impure.o)
                0x08009e8c                _global_impure_ptr
 .rodata.zeroes.6760
                0x08009e90       0x10 c:/users/fx/appdata/local/arduino15/packages/arduino/tools/arm-none-eabi-gcc/4.8.3-2014q1/bin/../lib/gcc/arm-none-eabi/4.8.3/../../../../arm-none-eabi/lib/armv7-m\libc.a(lib_a-svfprintf.o)
 .rodata.str1.4
                0x08009ea0       0x42 c:/users/fx/appdata/local/arduino15/packages/arduino/tools/arm-none-eabi-gcc/4.8.3-2014q1/bin/../lib/gcc/arm-none-eabi/4.8.3/../../../../arm-none-eabi/lib/armv7-m\libc.a(lib_a-svfprintf.o)
                                 0x44 (size before relaxing)
 *fill*         0x08009ee2        0x2 
 .rodata.blanks.6759
                0x08009ee4       0x10 c:/users/fx/appdata/local/arduino15/packages/arduino/tools/arm-none-eabi-gcc/4.8.3-2014q1/bin/../lib/gcc/arm-none-eabi/4.8.3/../../../../arm-none-eabi/lib/armv7-m\libc.a(lib_a-svfprintf.o)
 .rodata.str1.4
                0x08009ef4       0x10 c:/users/fx/appdata/local/arduino15/packages/arduino/tools/arm-none-eabi-gcc/4.8.3-2014q1/bin/../lib/gcc/arm-none-eabi/4.8.3/../../../../arm-none-eabi/lib/armv7-m\libc.a(lib_a-dtoa.o)
                                 0x14 (size before relaxing)
 .rodata.str1.4
                0x08009f04        0xc c:/users/fx/appdata/local/arduino15/packages/arduino/tools/arm-none-eabi-gcc/4.8.3-2014q1/bin/../lib/gcc/arm-none-eabi/4.8.3/../../../../arm-none-eabi/lib/armv7-m\libc.a(lib_a-locale.o)
                                 0x14 (size before relaxing)
 .rodata.__mprec_tens
                0x08009f10       0xc8 c:/users/fx/appdata/local/arduino15/packages/arduino/tools/arm-none-eabi-gcc/4.8.3-2014q1/bin/../lib/gcc/arm-none-eabi/4.8.3/../../../../arm-none-eabi/lib/armv7-m\libc.a(lib_a-mprec.o)
                0x08009f10                __mprec_tens
 .rodata.__mprec_bigtens
                0x08009fd8       0x28 c:/users/fx/appdata/local/arduino15/packages/arduino/tools/arm-none-eabi-gcc/4.8.3-2014q1/bin/../lib/gcc/arm-none-eabi/4.8.3/../../../../arm-none-eabi/lib/armv7-m\libc.a(lib_a-mprec.o)
                0x08009fd8                __mprec_bigtens
 .rodata.p05.5266
                0x0800a000        0xc c:/users/fx/appdata/local/arduino15/packages/arduino/tools/arm-none-eabi-gcc/4.8.3-2014q1/bin/../lib/gcc/arm-none-eabi/4.8.3/../../../../arm-none-eabi/lib/armv7-m\libc.a(lib_a-mprec.o)
 *(.USER_FLASH)
                0x0800a00c                . = ALIGN (0x4)
                0x0800a00c                _lm_rom_img_cfgp = .
                0x0800a00c        0x4 LONG 0x8008bd0 LOADADDR (.data)
                0x200033b0                _lm_heap_start = DEFINED (_lm_heap_start)?_lm_heap_start:_end
                0x20005000                _lm_heap_end = DEFINED (_lm_heap_end)?_lm_heap_end:__msp_init

.rel.dyn        0x0800a010        0x0
 .rel.iplt      0x00000000        0x0 c:/users/fx/appdata/local/arduino15/packages/arduino/tools/arm-none-eabi-gcc/4.8.3-2014q1/bin/../lib/gcc/arm-none-eabi/4.8.3/armv7-m/crtbegin.o

.bss            0x20000d10     0x26a0
                0x20000d10                . = ALIGN (0x8)
                0x20000d10                __bss_start__ = .
 *(.bss .bss.* .gnu.linkonce.b.*)
 .bss           0x20000d10       0x1c c:/users/fx/appdata/local/arduino15/packages/arduino/tools/arm-none-eabi-gcc/4.8.3-2014q1/bin/../lib/gcc/arm-none-eabi/4.8.3/armv7-m/crtbegin.o
 .bss.pm1_ok    0x20000d2c        0x1 c:\Users\fx\Upwork\weather-node\output\sketch\weatherSIM808.ino.cpp.o
                0x20000d2c                pm1_ok
 .bss.flagREG   0x20000d2d        0x1 c:\Users\fx\Upwork\weather-node\output\sketch\weatherSIM808.ino.cpp.o
                0x20000d2d                flagREG
 *fill*         0x20000d2e        0x2 
 .bss.pm2_i     0x20000d30        0x4 c:\Users\fx\Upwork\weather-node\output\sketch\weatherSIM808.ino.cpp.o
                0x20000d30                pm2_i
 .bss.flagERROR
                0x20000d34        0x1 c:\Users\fx\Upwork\weather-node\output\sketch\weatherSIM808.ino.cpp.o
                0x20000d34                flagERROR
 .bss.pm1_buff  0x20000d35        0xf c:\Users\fx\Upwork\weather-node\output\sketch\weatherSIM808.ino.cpp.o
                0x20000d35                pm1_buff
 .bss.flagHTTPACT
                0x20000d44        0x1 c:\Users\fx\Upwork\weather-node\output\sketch\weatherSIM808.ino.cpp.o
                0x20000d44                flagHTTPACT
 .bss.flagDOWNLOAD
                0x20000d45        0x1 c:\Users\fx\Upwork\weather-node\output\sketch\weatherSIM808.ino.cpp.o
                0x20000d45                flagDOWNLOAD
 .bss.pm2_buff  0x20000d46       0x28 c:\Users\fx\Upwork\weather-node\output\sketch\weatherSIM808.ino.cpp.o
                0x20000d46                pm2_buff
 *fill*         0x20000d6e        0x2 
 .bss.pm1_value
                0x20000d70        0x4 c:\Users\fx\Upwork\weather-node\output\sketch\weatherSIM808.ino.cpp.o
                0x20000d70                pm1_value
 .bss.pm1_i     0x20000d74        0x4 c:\Users\fx\Upwork\weather-node\output\sketch\weatherSIM808.ino.cpp.o
                0x20000d74                pm1_i
 .bss.humidity  0x20000d78        0x4 c:\Users\fx\Upwork\weather-node\output\sketch\weatherSIM808.ino.cpp.o
                0x20000d78                humidity
 .bss.pm2_ok    0x20000d7c        0x1 c:\Users\fx\Upwork\weather-node\output\sketch\weatherSIM808.ino.cpp.o
                0x20000d7c                pm2_ok
 .bss.flagOK    0x20000d7d        0x1 c:\Users\fx\Upwork\weather-node\output\sketch\weatherSIM808.ino.cpp.o
                0x20000d7d                flagOK
 *fill*         0x20000d7e        0x2 
 .bss.pm2_value
                0x20000d80        0x4 c:\Users\fx\Upwork\weather-node\output\sketch\weatherSIM808.ino.cpp.o
                0x20000d80                pm2_value
 .bss.flagGNS   0x20000d84        0x1 c:\Users\fx\Upwork\weather-node\output\sketch\weatherSIM808.ino.cpp.o
                0x20000d84                flagGNS
 *fill*         0x20000d85        0x3 
 .bss.dht       0x20000d88       0x14 c:\Users\fx\Upwork\weather-node\output\sketch\weatherSIM808.ino.cpp.o
                0x20000d88                dht
 .bss.modem_buffer
                0x20000d9c       0xc8 c:\Users\fx\Upwork\weather-node\output\sketch\weatherSIM808.ino.cpp.o
                0x20000d9c                modem_buffer
 .bss.post_buffer
                0x20000e64       0x78 c:\Users\fx\Upwork\weather-node\output\sketch\weatherSIM808.ino.cpp.o
                0x20000e64                post_buffer
 .bss.temperature
                0x20000edc        0x4 c:\Users\fx\Upwork\weather-node\output\sketch\weatherSIM808.ino.cpp.o
                0x20000edc                temperature
 .bss.modem_i   0x20000ee0        0x4 c:\Users\fx\Upwork\weather-node\output\sketch\weatherSIM808.ino.cpp.o
                0x20000ee0                modem_i
 .bss.xNextFreeByte
                0x20000ee4        0x4 c:\Users\fx\Upwork\weather-node\output\libraries\FreeRTOS821\utility\heap_1.c.o
 .bss.ucHeap    0x20000ee8     0x2000 c:\Users\fx\Upwork\weather-node\output\libraries\FreeRTOS821\utility\heap_1.c.o
 .bss.pucAlignedHeap.4932
                0x20002ee8        0x4 c:\Users\fx\Upwork\weather-node\output\libraries\FreeRTOS821\utility\heap_1.c.o
 .bss.xNumOfOverflows
                0x20002eec        0x4 c:\Users\fx\Upwork\weather-node\output\libraries\FreeRTOS821\utility\tasks.c.o
 .bss.pxDelayedTaskList
                0x20002ef0        0x4 c:\Users\fx\Upwork\weather-node\output\libraries\FreeRTOS821\utility\tasks.c.o
 .bss.xSchedulerRunning
                0x20002ef4        0x4 c:\Users\fx\Upwork\weather-node\output\libraries\FreeRTOS821\utility\tasks.c.o
 .bss.uxTasksDeleted
                0x20002ef8        0x4 c:\Users\fx\Upwork\weather-node\output\libraries\FreeRTOS821\utility\tasks.c.o
 .bss.xDelayedTaskList1
                0x20002efc       0x14 c:\Users\fx\Upwork\weather-node\output\libraries\FreeRTOS821\utility\tasks.c.o
 .bss.xDelayedTaskList2
                0x20002f10       0x14 c:\Users\fx\Upwork\weather-node\output\libraries\FreeRTOS821\utility\tasks.c.o
 .bss.uxPendedTicks
                0x20002f24        0x4 c:\Users\fx\Upwork\weather-node\output\libraries\FreeRTOS821\utility\tasks.c.o
 .bss.pxReadyTasksLists
                0x20002f28       0x64 c:\Users\fx\Upwork\weather-node\output\libraries\FreeRTOS821\utility\tasks.c.o
 .bss.xTasksWaitingTermination
                0x20002f8c       0x14 c:\Users\fx\Upwork\weather-node\output\libraries\FreeRTOS821\utility\tasks.c.o
 .bss.pxCurrentTCB
                0x20002fa0        0x4 c:\Users\fx\Upwork\weather-node\output\libraries\FreeRTOS821\utility\tasks.c.o
                0x20002fa0                pxCurrentTCB
 .bss.xPendingReadyList
                0x20002fa4       0x14 c:\Users\fx\Upwork\weather-node\output\libraries\FreeRTOS821\utility\tasks.c.o
 .bss.uxSchedulerSuspended